33f80000 T _start
33f80020 t _undefined_instruction
33f80024 t _software_interrupt
33f80028 t _prefetch_abort
33f8002c t _data_abort
33f80030 t _not_used
33f80034 t _irq
33f80038 t _fiq
33f80040 t _TEXT_BASE
33f80044 T _armboot_start
33f80048 T _bss_start
33f8004c T _bss_end
33f80050 T IRQ_STACK_START
33f80054 T FIQ_STACK_START
33f80058 t start_code
33f80124 t nand1
33f80130 t nand2
33f80168 t bad_nand_read
33f80168 t loop2
33f8016c t ok_nand_read
33f80178 t go_next
33f80194 t loop3
33f80194 t notmatch
33f80198 t relocate
33f801bc t copy_loop
33f801cc t stack_setup
33f801e0 t clear_bss
33f801ec t clbss_l
33f80220 t _start_armboot
33f80224 t DW_STACK_START
33f80228 t cpu_init_crit
33f80260 t undefined_instruction
33f802c0 t software_interrupt
33f80320 t prefetch_abort
33f80380 t data_abort
33f803e0 t not_used
33f80440 t irq
33f80454 t int_return
33f80460 t fiq
33f804e0 t _TEXT_BASE
33f804e4 T lowlevel_init
33f8051c t SMRDATA
33f80550 t nand_wait
33f80564 t is_bad_block
33f8062c T nand_read_ll
33f80854 T hang
33f80864 t display_dram_config
33f80894 t init_func_i2c
33f808c8 t display_banner
33f80910 t init_baudrate
33f8096c T start_armboot
33f80b1c T enable_interrupts
33f80b2c T disable_interrupts
33f80b48 T show_regs
33f80c88 T bad_mode
33f80ca4 T do_fiq
33f80cc8 T do_not_used
33f80cec T do_data_abort
33f80d10 T do_prefetch_abort
33f80d34 T do_software_interrupt
33f80d58 T do_undefined_instruction
33f80d7c T interrupt_init
33f80db0 W cpu_eth_init
33f80db0 t __def_eth_init
33f80db8 T eth_get_dev
33f80dc8 T eth_get_dev_by_index
33f80e08 T eth_get_dev_index
33f80e54 T eth_halt
33f80e88 T eth_send
33f80ebc T eth_rx
33f80ee8 T eth_get_name
33f80f08 T eth_get_dev_by_name
33f80f5c T eth_set_current
33f81000 T eth_try_another
33f810b0 T eth_register
33f8113c T eth_setenv_enetaddr
33f81174 T eth_parse_enetaddr
33f811d0 T eth_getenv_enetaddr
33f81228 T eth_getenv_enetaddr_by_index
33f81274 T eth_init
33f81330 T eth_initialize
33f81500 t __fswab16
33f81514 t __fswab32
33f81534 t startAgainTimeout
33f81548 t startAgainHandler
33f8154c T NetSetHandler
33f8155c T NetCksum
33f815a4 T NetCksumOk
33f815c8 T copy_filename
33f81620 T string_to_VLAN
33f8166c T getenv_VLAN
33f8167c T string_to_ip
33f816e0 T getenv_IPaddr
33f816f0 T NetEthHdrSize
33f81734 T VLAN_to_string
33f8178c T ip_to_string
33f817cc T random_port
33f817e8 T NetSetTimeout
33f81818 t NetCopyIP
33f81820 T NetSetIP
33f81918 T NetSetEther
33f819cc t NetReadIP
33f819e8 t PingHandler
33f81a10 t NetWriteIP
33f81a2c T NetSendPacket
33f81a30 T NetReceive
33f81f9c T ArpRequest
33f82088 T PingSend
33f821c4 T NetSendUDPPacket
33f82300 t PingTimeout
33f8231c T NetStartAgain
33f82424 T ArpTimeoutCheck
33f82498 T NetLoop
33f828cc t __fswab32
33f828ec t basename
33f82928 t dirname
33f82944 t rpc_add_credentials
33f82a1c t rpc_lookup_reply
33f82abc t nfs_mount_reply
33f82b58 t nfs_umountall_reply
33f82bd8 t nfs_lookup_reply
33f82c6c t rpc_req
33f82d74 t rpc_lookup_req
33f82dd8 t nfs_mount_req
33f82e68 t nfs_umountall_req
33f82ec0 t nfs_lookup_req
33f82f64 t nfs_read_req
33f82fe4 t nfs_readlink_req
33f8303c t NfsSend
33f830d0 T NfsStart
33f832fc t nfs_readlink_reply
33f833ec t nfs_read_reply
33f83528 t NfsHandler
33f83708 t NfsTimeout
33f83764 T RarpRequest
33f8386c t RarpHandler
33f838c8 t RarpTimeout
33f83910 t __fswab16
33f83924 t TftpSend
33f83aa8 T TftpStart
33f83d40 t TftpTimeout
33f83da4 t TftpHandler
33f84050 t __fswab16
33f84064 t __fswab32
33f84084 t truncate_sz
33f840b8 t NetWriteIP
33f840d4 t NetCopyLong
33f840dc t NetCopyIP
33f840e4 t NetReadLong
33f84100 t DhcpOptionsProcess
33f842d0 t DhcpExtended
33f844cc T BootpRequest
33f84694 T DhcpRequest
33f84698 t DhcpHandler
33f849f0 t BootpTimeout
33f84a38 t GetI2CSDA
33f84a4c t SetI2CSCL
33f84a68 t IsACK
33f84a7c t ReadWriteByte
33f84a90 t WaitForXfer
33f84adc t i2c_transfer
33f84dc4 T i2c_write
33f84e6c T i2c_read
33f84f1c T i2c_probe
33f84f58 T i2c_init
33f850b0 T nand_init
33f85168 t generic_ffs
33f851c0 t nand_release_device
33f851d8 t nand_read_byte
33f851e8 t nand_read_byte16
33f851fc t nand_read_word
33f8520c t nand_write_buf
33f85240 t nand_read_buf
33f85268 t nand_verify_buf
33f852b0 t nand_write_buf16
33f852e8 t nand_read_buf16
33f85320 t nand_verify_buf16
33f8536c t nand_check_wp
33f853a8 t nand_get_device
33f853b4 t nand_block_bad
33f854bc t nand_read_page_raw
33f854f4 t nand_read_page_swecc
33f85610 t nand_read_subpage
33f858a0 t nand_read_page_hwecc
33f859dc t nand_read_page_hwecc_oob_first
33f85b1c t nand_read_page_syndrome
33f85c3c t nand_read_oob_std
33f85c7c t nand_read_oob_syndrome
33f85d8c t nand_write_oob_std
33f85dfc t nand_write_oob_syndrome
33f85fb0 t nand_write_page_raw
33f85fe4 t nand_write_page_swecc
33f86088 t nand_write_page_hwecc
33f86154 t nand_write_page_syndrome
33f86244 t nand_write_page
33f86338 t single_erase_cmd
33f86374 t multi_erase_cmd
33f86400 t nand_sync
33f86424 t nand_suspend
33f86434 T nand_release
33f8645c t nand_resume
33f8647c T nand_scan_ident
33f869ec T nand_scan_tail
33f86f4c T nand_scan
33f86f6c t nand_select_chip
33f86fc8 t nand_block_checkbad
33f87044 t nand_block_isbad
33f8708c t nand_block_markbad
33f870c8 t nand_fill_oob
33f871dc t nand_do_write_oob
33f87380 t nand_do_write_ops
33f876b0 t nand_write_oob
33f8777c t nand_transfer_oob
33f87890 t nand_write
33f87a84 t nand_default_block_markbad
33f87b84 T nand_erase_nand
33f87efc t nand_erase
33f87f04 t nand_wait
33f87fdc T nand_wait_ready
33f88024 t nand_do_read_ops
33f88438 t nand_read_oob
33f88710 t nand_read
33f887b8 t nand_command
33f88984 t nand_command_lp
33f88bdc t check_pattern
33f88c94 t scan_read_raw
33f88ce0 T nand_isbad_bbt
33f88d30 t create_bbt
33f88ff4 t search_bbt
33f89200 t read_bbt
33f8943c t read_abs_bbt
33f8951c t write_bbt
33f89b88 T nand_update_bbt
33f89cdc t mark_bbt_region
33f89e58 T nand_scan_bbt
33f8a2c0 T nand_default_bbt
33f8a384 T nand_calculate_ecc
33f8a47c T nand_correct_data
33f8a5a8 t s3c2410_hwcontrol
33f8a61c t s3c2410_dev_ready
33f8a62c T board_nand_init
33f8a698 t s3c24x0_get_base_uart
33f8a6a4 T _serial_getc
33f8a6c0 T serial_getc
33f8a6c8 T serial_putc
33f8a6d0 T _serial_putc
33f8a704 T _serial_tstc
33f8a718 T serial_tstc
33f8a720 T _serial_puts
33f8a750 T serial_puts
33f8a758 T _serial_setbrg
33f8a780 T serial_init
33f8a7c0 T serial_setbrg
33f8a7c8 T udc_disconnect
33f8a7dc T HaltDabort
33f8a7f0 T HaltPabort
33f8a804 T HaltSwi
33f8a818 T HaltUndef
33f8a82c T usb_init_slave
33f8a890 T awaitkey
33f8a900 T usb_receive
33f8ab44 T ClearPending_my
33f8ab54 T Timer_InitEx
33f8ab98 T IsrWatchdog
33f8abc8 T IsrTimer4
33f8abe8 T Isr_Init
33f8ac74 T IRQ_Handle
33f8acc0 T Dummy_isr
33f8ace0 T Timer_StopEx
33f8ad54 T Timer_StartEx
33f8adb0 T ReconfigUsbd
33f8ae88 T ConfigUsbd
33f8aea4 T RdPktEp0
33f8aecc T WrPktEp0
33f8aef4 T WrPktEp1
33f8af1c T WrPktEp2
33f8af44 T RdPktEp3
33f8af6c T RdPktEp4
33f8af94 T ConfigEp3DmaMode
33f8b020 T ConfigEp3IntMode
33f8b05c T _WrDbgStrFifo
33f8b08c T DbgPrintf
33f8b098 T IsrUsbd
33f8b164 T UsbdMain
33f8b178 t RdPktEp3_CheckSum
33f8b1cc T ClearEp3OutPktReady
33f8b1ec T IsrDma2
33f8b374 T Ep3Handler
33f8b514 T InitDescriptorTable
33f8b638 T PrintEp0Pkt
33f8b67c T Ep0Handler
33f8c104 T PrepareEp1Fifo
33f8c168 T Ep1Handler
33f8c1a4 t print_num
33f8c1b8 T do_bdinfo
33f8c290 T gunzip_bmp
33f8c334 T do_bmp
33f8c560 W do_go_exec
33f8c57c T do_go
33f8c5f4 t __fswab32
33f8c614 t image_get_data
33f8c61c T __board_lmb_reserve
33f8c61c W board_lmb_reserve
33f8c620 T __arch_lmb_reserve
33f8c620 W arch_lmb_reserve
33f8c624 T __arch_preboot_os
33f8c624 W arch_preboot_os
33f8c628 t do_imls
33f8c6e0 t image_check_magic
33f8c704 t image_info
33f8c7cc T do_iminfo
33f8c82c t image_get_size
33f8c834 t image_get_data_size
33f8c838 T do_bootd
33f8c85c t do_bootm_rtems
33f8c89c t do_bootm_qnxelf
33f8c900 t do_bootm_vxworks
33f8c964 t do_bootm_netbsd
33f8ca94 t bootm_start
33f8ce2c t bootm_load_os
33f8cf8c T do_bootm_subcommand
33f8d168 T do_bootm
33f8d3fc t on_off
33f8d438 T do_dcache
33f8d4b0 T do_icache
33f8d528 T do_coninfo
33f8d60c t cnvrt2
33f8d650 T mk_date
33f8d820 T do_date
33f8d944 T eeprom_init
33f8d954 T eeprom_probe
33f8d960 T eeprom_write
33f8d9d8 T eeprom_read
33f8da4c T do_eeprom
33f8db60 T load_elf_image
33f8dbf8 T valid_elf_image
33f8dc6c T do_bootvx
33f8def8 W do_bootelf_exec
33f8df38 T do_bootelf
33f8dfd0 T do_fat_fsinfo
33f8e0a8 T do_fat_ls
33f8e1ac T do_fat_fsload
33f8e32c T flash_sect_roundb
33f8e3f4 t flash_fill_sect_ranges
33f8e5a0 T flash_sect_protect
33f8e698 t addr_spec
33f8e758 t abbrev_spec
33f8e8a8 T do_protect
33f8eb54 T flash_sect_erase
33f8ec34 T do_flerase
33f8edb8 T do_flinfo
33f8ee34 t __fswab32
33f8ee54 T __def_i2c_get_bus_speed
33f8ee54 W i2c_get_bus_speed
33f8ee60 T __def_i2c_set_bus_speed
33f8ee60 W i2c_set_bus_speed
33f8ee78 T do_i2c_bus_speed
33f8eee8 t mod_i2c_mem
33f8f114 T do_i2c_loop
33f8f220 T do_i2c_mw
33f8f344 T do_i2c_probe
33f8f390 T do_i2c_md
33f8f570 T do_i2c_crc
33f8f6bc T do_i2c
33f8f8cc t evalstr
33f8f8e8 t evalexp
33f8f934 T binary_test
33f8fb14 T do_itest
33f8fbb0 t INIT_LIST_HEAD
33f8fbbc t jffs2_part_info
33f8fc50 T mtdparts_init
33f90004 T do_jffs2_fsinfo
33f90060 T do_jffs2_ls
33f900b8 T do_jffs2_fsload
33f901f4 T ktrans
33f90214 T chk1
33f90244 t bin_data_init
33f90260 t bin_data_char
33f90280 T k_data_init
33f902a0 T k_data_save
33f902c0 T k_data_restore
33f902e0 T k_data_char
33f90330 T send_pad
33f90360 T s1_sendpacket
33f9038c T handle_send_packet
33f90550 T send_nack
33f905b0 T send_ack
33f90610 t load_serial_xmodem
33f90750 t load_serial_ymodem
33f90890 t getcxmodem
33f908b0 T do_load_serial_bin
33f90d48 t load_serial
33f90f6c T do_load_serial
33f91048 T do_unzip
33f910d4 T do_mem_crc
33f91180 T do_mem_base
33f911c4 T do_mem_mtest
33f9136c T do_mem_loop
33f91464 T do_mem_cmp
33f915fc T do_mem_mw
33f916c4 T do_mem_cp
33f918b0 t mod_mem
33f91a00 T do_mem_nm
33f91a20 T do_mem_mm
33f91a40 T do_mem_md
33f91b18 T do_sleep
33f91b9c T do_mmc
33f91cd8 t str2long
33f91d14 t nand_print_info
33f91d6c t arg_off_size
33f91e54 T do_nandboot
33f92190 t nand_dump
33f923b4 T do_nand
33f92bec T do_ping
33f92c6c t netboot_common
33f92f74 T do_nfs
33f92f80 T do_dhcp
33f92f8c T do_rarpb
33f92f98 T do_tftpb
33f92fa4 T do_bootp
33f92fb0 T get_env_id
33f92fc0 T envmatch
33f93020 T getenv_r
33f930c4 T do_saveenv
33f930f0 T getenv
33f93158 T _do_setenv
33f9359c T do_askenv
33f93714 T do_setenv
33f93740 T setenv
33f9378c T do_editenv
33f937f8 t printenv
33f938dc T do_printenv
33f93970 T do_reginfo
33f93978 t __fswab32
33f93998 T source
33f93ac8 T do_source
33f93b10 T usb_get_class_desc
33f93bb8 T usb_display_ep_desc
33f93c80 T usb_display_class_sub
33f93df4 T do_usbboot
33f941a0 T usb_show_tree_graph
33f943c8 T usb_show_tree
33f943fc T usb_display_desc
33f9452c T usb_display_string
33f94568 T usb_display_if_desc
33f945f0 T usb_display_conf_desc
33f9469c T usb_display_config
33f9472c T do_usb
33f94bd0 T do_usbslave
33f94d1c T do_imgextract
33f94f58 T cmd_get_data_size
33f94fd0 T do_echo
33f9504c T cmd_usage
33f950ac T do_version
33f950cc T var_complete
33f95154 T find_cmd_tbl
33f951ec T find_cmd
33f95214 T cmd_auto_complete
33f9569c t install_auto_complete_handler
33f956b4 T install_auto_complete
33f956f4 T _do_help
33f95870 T do_help
33f958bc T do_exit
33f958ec T do_test
33f95d68 t console_setfile
33f95e14 t console_doenv
33f95e18 T fgetc
33f95e40 T ftstc
33f95e68 T fputc
33f95e90 T fputs
33f95eb8 T disable_ctrlc
33f95ed0 T had_ctrlc
33f95ee0 T clear_ctrlc
33f95ef4 T dbg
33f95f00 T console_init_f
33f95f10 T getc
33f95f28 T tstc
33f95f40 T ctrlc
33f95f90 T putc
33f95fac T puts
33f95fc8 T search_device
33f95ff0 T console_assign
33f96030 T vprintf
33f9605c T printf
33f9609c T stdio_print_current_devices
33f96154 T console_init_r
33f9629c T fprintf
33f962e4 T serial_printf
33f96324 T sbrk
33f96358 T malloc_trim
33f96424 T free
33f96660 T cfree
33f96664 T malloc
33f96c5c T memalign
33f96d6c T pvalloc
33f96d84 T valloc
33f96d90 T malloc_usable_size
33f96dd4 T mallopt
33f96e40 T calloc
33f96f20 T mem_malloc_init
33f96f4c T realloc
33f973bc T env_get_char_memory
33f973dc T env_get_addr
33f973fc T env_get_char
33f9742c T env_complete
33f97560 T env_crc_update
33f9758c T set_default_env
33f975d0 T env_relocate
33f97628 t nand_block_isbad
33f97638 T env_get_char_spec
33f97644 T env_init
33f97660 T writeenv
33f97710 T readenv
33f977c0 t use_default
33f977d8 T env_relocate_spec
33f97824 T saveenv
33f978c4 t dummy
33f978c8 T get_version
33f978d0 T jumptable_init
33f979cc T flash_protect
33f97ac4 T addr2info
33f97b0c T flash_perror
33f97bec T flash_write
33f97d50 t b_reset
33f97d6c T simple_itoa
33f97dc0 t static_get
33f97ddc t static_peek
33f97de8 t file_peek
33f97df4 t setup_string_in_str
33f97e20 t indenter
33f97e30 t is_assignment
33f97e8c T mapset
33f97eb8 t syntax_err
33f97ec4 T do_showvar
33f97fac T u_boot_hush_start
33f97ffc t xmalloc
33f9801c T new_pipe
33f98044 t file_get
33f98214 t free_pipe_list
33f982f8 t b_free
33f9831c T unset_local_var
33f983b8 t xrealloc
33f983d8 t done_command
33f98460 t initialize_context
33f98498 t done_pipe
33f984e0 T reserved_word
33f98618 t b_addchr
33f98690 t done_word
33f98810 t b_addqchr
33f9885c t insert_var_value
33f98a0c T set_local_var
33f98bbc T update_ifs_map
33f98c2c t parse_stream_outer
33f99208 T parse_file_outer
33f9924c T parse_string_outer
33f99314 t run_list_real
33f99abc t __fswab32
33f99adc t image_get_data
33f99ae4 t image_check_type
33f99af8 T image_multi_count
33f99b20 T get_table_entry_name
33f99b48 T genimg_get_os_name
33f99b60 T genimg_get_arch_name
33f99b78 T genimg_get_type_name
33f99b90 T genimg_get_comp_name
33f99ba8 T genimg_get_image
33f99bac T genimg_has_config
33f99bb4 T get_table_entry_id
33f99c00 T genimg_get_comp_id
33f99c18 T genimg_get_type_id
33f99c30 T genimg_get_arch_id
33f99c48 T genimg_get_os_id
33f99c60 t image_check_magic
33f99c84 T genimg_get_format
33f99c98 t image_get_data_size
33f99ca0 t image_get_load
33f99ca8 T image_multi_getimg
33f99d2c T genimg_print_size
33f99d58 T memmove_wd
33f99d5c T getenv_bootm_size
33f99d90 T getenv_bootm_low
33f99dc4 T getenv_yesno
33f99de8 T image_print_contents
33f99fc8 T image_check_dcrc
33f9a010 T image_check_hcrc
33f9a064 T boot_get_ramdisk
33f9a2b0 T __show_boot_progress
33f9a2b0 W show_boot_progress
33f9a2b4 T parse_line
33f9a340 T do_run
33f9a3b0 T run_command
33f9a7a0 t delete_char
33f9a87c t cread_add_char
33f9a968 t cread_add_str
33f9a9b8 T readline_into_buffer
33f9b2e8 T readline
33f9b304 T main_loop
33f9b404 t hex1_bin
33f9b43c t hex2_bin
33f9b470 T srec_decode
33f9b6e0 T nulldev_putc
33f9b6e4 T nulldev_puts
33f9b6e8 T nulldev_input
33f9b6f0 T stdio_get_list
33f9b6fc T stdio_clone
33f9b744 T stdio_register
33f9b784 T stdio_init
33f9b87c T stdio_get_by_name
33f9b8d0 T usb_disable_asynch
33f9b8e8 T usb_maxpacket
33f9b90c t usb_set_maxpacket_ep
33f9b95c T usb_set_maxpacket
33f9b9c0 T usb_get_dev_index
33f9b9f0 T usb_hub_reset
33f9ba04 T usb_hub_allocate
33f9ba48 T usb_alloc_new_device
33f9bae8 T usb_parse_config
33f9bc3c T usb_submit_int_msg
33f9bc40 T usb_stop
33f9bc7c T wait_ms
33f9bca0 T usb_bulk_msg
33f9bd04 T usb_control_msg
33f9bdd4 T usb_get_port_status
33f9be34 T usb_get_hub_status
33f9be88 T usb_set_port_feature
33f9bee8 T usb_clear_port_feature
33f9bf48 T usb_clear_hub_feature
33f9bf9c T usb_get_hub_descriptor
33f9bff8 T usb_get_string
33f9c084 t usb_string_sub
33f9c188 T usb_string
33f9c288 T usb_get_class_descriptor
33f9c2f8 T usb_get_report
33f9c368 T usb_set_idle
33f9c3cc T usb_set_protocol
33f9c42c T usb_set_configuration
33f9c494 T usb_set_interface
33f9c560 T usb_set_address
33f9c5a4 T usb_get_descriptor
33f9c610 T usb_get_configuration_no
33f9c6a8 T usb_clear_halt
33f9c75c t usb_hub_power_on
33f9c7a0 t hub_port_reset
33f9c840 T usb_hub_port_connect_change
33f9c934 T usb_hub_configure
33f9cb3c T usb_hub_probe
33f9cb9c T usb_new_device
33f9ce3c T usb_scan_devices
33f9ceb8 T usb_init
33f9cf34 t __fswab32
33f9cf54 T usb_stor_get_dev
33f9cf74 t usb_stor_irq
33f9cf90 T usb_show_progress
33f9cf9c t usb_request_sense
33f9cff8 t usb_test_unit_ready
33f9d074 T usb_stor_get_info
33f9d320 T usb_storage_probe
33f9d550 T usb_stor_BBB_clear_endpt_stall
33f9d59c t usb_stor_BBB_reset
33f9d684 t usb_stor_CB_reset
33f9d770 T usb_stor_read
33f9d97c T usb_stor_scan
33f9dac4 T usb_stor_CB_comdat
33f9dcf4 T usb_stor_BBB_comdat
33f9ddd0 T usb_stor_BBB_transport
33f9df9c T usb_stor_CBI_get_status
33f9e06c T usb_stor_CB_transport
33f9e260 T usb_stor_info
33f9e2d0 T parse_num
33f9e3f8 T xyzModem_error
33f9e494 T xyzModem_stream_close
33f9e4e0 T CYGACC_COMM_IF_PUTC
33f9e4e8 T CYGACC_COMM_IF_GETC_TIMEOUT
33f9e53c t xyzModem_flush
33f9e564 T xyzModem_stream_terminate
33f9e63c t xyzModem_get_hdr
33f9e8c0 T xyzModem_stream_read
33f9eb4c T xyzModem_stream_open
33f9ecb0 t delay
33f9ecbc T board_video_init
33f9ed10 T dram_init
33f9ed30 T board_eth_init
33f9ed34 T board_init
33f9ee58 t write_hword
33f9eef8 T write_buff
33f9f06c T flash_print_info
33f9f1a4 T flash_erase
33f9f344 T flash_init
33f9f3ec T cyg_crc16
33f9f434 T crc32
33f9f548 T crc32_no_comp
33f9f654 T crc32_wd
33f9f658 T print_size
33f9f720 T display_options
33f9f740 T print_buffer
33f9f8a0 T zunzip
33f9f994 T gunzip
33f9fa5c T zfree
33f9fa64 T zalloc
33f9fa74 T lmb_dump_all
33f9fa78 t lmb_addrs_adjacent
33f9fa9c t lmb_remove_region
33f9fad8 T lmb_init
33f9fb00 t lmb_add_region
33f9fcc8 T lmb_add
33f9fccc T lmb_free
33f9fdcc T lmb_reserve
33f9fdd4 T lmb_overlaps_region
33f9fe30 t lmb_align_down
33f9fe3c T __lmb_alloc_base
33f9ff4c T lmb_is_reserved
33f9ffac T lmb_alloc_base
33f9ffdc T lmb_alloc
33f9ffe4 T strcpy
33fa0000 T strncpy
33fa0028 T strcat
33fa005c T strncat
33fa00c0 T strcmp
33fa00f8 T strncmp
33fa0148 T strchr
33fa0174 T strlen
33fa0194 T strrchr
33fa01cc T strnlen
33fa01f4 T strspn
33fa0238 T strpbrk
33fa0278 T strtok
33fa02f8 T strsep
33fa032c T strswab
33fa0378 T memset
33fa03f4 T bcopy
33fa0420 T memcpy
33fa049c T memmove
33fa04f8 T memcmp
33fa0538 T memscan
33fa0568 T strstr
33fa05cc T memchr
33fa05fc T strdup
33fa062c t pack_hex_byte
33fa0654 T simple_strtoul
33fa070c T simple_strtol
33fa0734 T ustrtoul
33fa07a8 t skip_atoi
33fa07e0 t put_dec_trunc
33fa08bc T panic
33fa090c t string
33fa09bc t put_dec
33fa0aec t number
33fa0d54 T vsprintf
33fa13d0 T sprintf
33fa13f8 T inflate_fast
33fa1978 T inflate_table
33fa1f0c T inflateReset
33fa1fac T inflateInit2_
33fa20b4 T inflateInit_
33fa20c4 T inflateEnd
33fa214c T adler32
33fa2488 T zcfree
33fa2490 T zcalloc
33fa2498 T inflate
33fa3bdc T __div64_32
33fa3cd0 T do_irq
33fa3cdc T arch_interrupt_init
33fa3ce4 t get_PLLCLK
33fa3d5c T get_UCLK
33fa3d64 T get_FCLK
33fa3d6c T get_HCLK
33fa3e10 T get_PCLK
33fa3e38 t READ_TIMER
33fa3e4c T set_timer
33fa3e5c T reset_timer_masked
33fa3e7c T reset_timer
33fa3e80 T get_ticks
33fa3ecc T udelay_masked
33fa3f40 T get_timer_masked
33fa3f70 T get_timer
33fa3f84 T udelay
33fa3fd8 T get_tbclk
33fa3fe0 T reset_cpu
33fa4000 T timer_init
33fa407c t td_alloc
33fa40c4 t roothub_a
33fa4108 t roothub_portstatus
33fa4150 t urb_free_priv
33fa4188 T rh_check_port_status
33fa41dc T submit_int_msg
33fa41e4 t td_fill
33fa4280 t hc_reset
33fa4330 T usb_lowlevel_stop
33fa4368 t hc_release_ohci
33fa4378 T usb_lowlevel_init
33fa4568 T sohci_submit_job
33fa4b14 T submit_common_msg
33fa5010 T submit_bulk_msg
33fa5028 T submit_control_msg
33fa5678 T mmc_get_dev
33fa5684 T mmc_ident
33fa568c T mmc2info
33fa5694 t mmc_block_write
33fa56ac t mmc_cmd
33fa578c T mmc_init
33fa5e10 t mmc_block_read
33fa5f20 T mmc_write
33fa6064 T mmc_read
33fa6170 T mmc_bread
33fa6194 T do_bootm_linux
33fa6360 T flush_cache
33fa6364 t get_cr
33fa636c t set_cr
33fa6374 t cp_delay
33fa63a4 t cache_enable
33fa63c4 t cache_disable
33fa63e4 T icache_enable
33fa63ec T icache_disable
33fa63f4 T icache_status
33fa6408 T dcache_enable
33fa6410 T dcache_disable
33fa6418 T dcache_status
33fa642c T do_reset
33fa645c t downcase
33fa6488 T disk_read
33fa64dc t dirdelim
33fa6510 t get_fatent
33fa6670 t slot2str
33fa6740 t mkcksum
33fa6770 t get_cluster
33fa6818 t get_vfatname
33fa69b0 t get_name
33fa6a6c t read_bootsectandvi
33fa6b64 T file_fat_detectfs
33fa6cc4 T do_fat_read
33fa7620 T file_fat_read
33fa7658 T file_fat_ls
33fa7668 T fat_register_device
33fa7758 T mkmodestr
33fa7874 t EMPTY_SCAN_SIZE
33fa7880 t insert_node
33fa7948 t put_fl_mem
33fa7974 t free_nodes
33fa799c T jffs2_free_cache
33fa79d0 t get_fl_mem_nor
33fa7a24 t get_fl_mem_nand
33fa7be4 t get_fl_mem
33fa7c38 T jffs2_1pass_rescan_needed
33fa7ca8 t jffs2_get_list
33fa8284 T jffs2_1pass_info
33fa83a0 t get_node_mem
33fa84b0 t jffs2_1pass_find_inode
33fa8638 t jffs2_1pass_search_inode
33fa876c T jffs2_1pass_load
33fa8d40 t jffs2_1pass_search_list_inodes
33fa93c0 T jffs2_1pass_ls
33fa9414 T rtime_decompress
33fa94ec T rubin_do_decompress
33fa95e8 T dynrubin_decompress
33fa9628 T zlib_decompress
33fa9640 T cramfs_memset
33fa9664 T pull_bits
33fa96c0 T pull_bit
33fa96f4 t read_symbol
33fa977c t decompress_huffman
33fa98b0 t fill_code_tables
33fa9988 t init_code_tables
33fa99c4 T decompress_block
33fa9f54 T print_part
33faa030 T dev_print
33faa22c T get_partition_info
33faa250 T init_part
33faa26c T get_dev
33faa2c8 t le32_to_int
33faa2f0 t is_extended
33faa310 T test_part_dos
33faa364 t get_partition_info_extended
33faa58c T get_partition_info_dos
33faa5ac t print_partition_extended
33faa764 T print_part_dos
33faa790 t nand_read
33faa7bc t nand_block_isbad
33faa7cc t nand_block_bad_scrub
33faa7d4 t get_len_incl_bad
33faa860 T nand_read_skip_bad
33faaa0c T nand_write_skip_bad
33faac90 T nand_erase_opts
33faafc4 t dm9000_outblk_8bit
33faafec t dm9000_outblk_16bit
33fab024 t dm9000_outblk_32bit
33fab054 t dm9000_inblk_8bit
33fab07c t dm9000_inblk_16bit
33fab0b4 t dm9000_inblk_32bit
33fab0e4 t dm9000_rx_status_32bit
33fab10c t dm9000_rx_status_16bit
33fab130 t dm9000_rx_status_8bit
33fab164 t DM9000_ior
33fab17c t DM9000_iow
33fab194 T dm9000_initialize
33fab1f4 t dm9000_reset
33fab294 t dm9000_rx
33fab3d0 t dm9000_halt
33fab440 t phy_read
33fab498 t dm9000_init
33fab784 t dm9000_send
33fab854 T GregorianDay
33fab948 T to_tm
33faba58 T mktime
33fabaec t bcd2bin
33fabb00 t bin2bcd
33fabb34 t SetRTC_Access
33fabb64 T rtc_get
33fabc68 T rtc_set
33fabd08 T rtc_reset
33fabd2c t video_drawchars
33fac260 t video_putchar
33fac280 t console_newline
33fac370 T video_putc
33fac524 t fill_555rgb_pswap
33fac54c T __board_video_skip
33fac54c W board_video_skip
33fac554 T video_puts
33fac584 T logo_plot
33fac79c T video_display_bitmap
33fad160 T drv_video_init
33fad404 T video_set_lut
33fad408 T video_hw_init
33fad644 t video_get_param_len
33fad66c T video_get_params
33fadad0 T cleanup_before_linux
33fadaf0 T raise
33fadb0c T __aeabi_uidiv
33fadb0c T __udivsi3
33fadb0c t .udivsi3_nodiv0
33fadc00 T __aeabi_uidivmod
33fadc20 T __aeabi_idiv
33fadc20 T __divsi3
33fadc28 t .divsi3_nodiv0
33fadd48 T __aeabi_idivmod
33fadd68 T __aeabi_llsr
33fadd68 T __lshrdi3
33fadd84 T __aeabi_lasr
33fadd84 T __ashrdi3
33fadda0 T __aeabi_llsl
33fadda0 T __ashldi3
33faddbc W __aeabi_idiv0
33faddbc W __aeabi_ldiv0
33faddd0 r C.32.2624
33fade50 r boot_os
33fade9c r baudrate_table
33fadeb0 r crc_table
33fae2b0 r lbase.2975
33fae2ee r lext.2976
33fae32c r dbase.2977
33fae36c r dext.2978
33fae3ac r lenfix
33faebac r distfix
33faec2c r order.3202
33faec54 R z_errmsg
33faec7c r cc_to_error
33faecbc r l.4148
33faecc0 r compr_names
33faecdc r year_lengths.2713
33faece4 r mon_lengths.2712
33faed44 r day_name.2689
33faed59 r mon_name.2690
33faed80 r block_drvr
33faed98 r C.28.2650
33faedc8 r video_font_draw_table8
33faee08 r video_font_draw_table15
33faee18 r video_font_draw_table16
33faee28 r video_font_draw_table32
33faef28 r video_font_draw_table24
33faefe8 R res_mode_init
33faf11c R vesa_modes
33faf20c r crc16_tab
33faf40c R version_string
33faf44a r default_nand_name
33faf44f r __func__.5258
33faf463 r __FUNCTION__.5386
33faf472 r __FUNCTION__.3654
33faf483 r __FUNCTION__.4837
33faf491 r __FUNCTION__.4327
33faf4a3 r C.47.3804
33faf4a5 r nand_ecc_precalc_table
33faf5a5 r descStr0
33faf5a9 r descStr1
33faf5bf r descStr2
33faf5eb r __FUNCTION__.3730
33faf608 R hex_asc
33faf619 r digits.2827
33faf629 r huffman_order
33fb7b50 D init_sequence
33fb7b80 D NetOurVLAN
33fb7b82 D NetOurNativeVLAN
33fb7b84 D NetBcastAddr
33fb7b8c d nfs_offset
33fb7b90 d TftpBlkSizeOption
33fb7b94 D TftpRRQTimeoutMSecs
33fb7b98 d TftpTimeoutMSecs
33fb7b9c d TftpTimeoutCountMax
33fb7ba0 D TftpRRQTimeoutCountMax
33fb7ba4 d TftpBlkSize
33fb7ba8 D nand_curr_device
33fb7bac d nand_oob_8
33fb7cf4 d nand_oob_16
33fb7e3c d nand_oob_64
33fb7f84 d nand_oob_128
33fb80cc d bbt_main_descr
33fb80f0 d bbt_mirror_descr
33fb8114 d agand_flashbased
33fb8138 d smallpage_flashbased
33fb815c d largepage_flashbased
33fb8180 d smallpage_memorybased
33fb81a4 d largepage_memorybased
33fb81c8 d bbt_pattern
33fb81cc d mirror_pattern
33fb81d0 d scan_agand_pattern
33fb81d6 d scan_ff_pattern
33fb81d8 D nand_flash_ids
33fb8628 D nand_manuf_ids
33fb8678 D IO_ADDR_W
33fb867c D Selfpwr
33fb867d D Configuration
33fb8680 D load_addr
33fb8684 D cmd_bootm_sub
33fb872c D weekdays
33fb8748 d i2c_dp_last_length
33fb874c D op_table
33fb87b4 d do_echo
33fb87b8 D dp_last_length
33fb87bc d curr_device
33fb87c0 d env_id
33fb87c4 d usb_stor_curr_dev
33fb87c8 D g_bUSBWait
33fb87cc d av_
33fb8bd4 d sbrk_base
33fb8bd8 d trim_threshold
33fb8bdc d mmap_threshold
33fb8be0 D default_environment
33fb8db4 D env_name_spec
33fb8db8 d blanks.3106
33fb8de0 d reserved_list
33fb8e64 d uimage_os
33fb8ec4 d uimage_arch
33fb8fb4 d uimage_type
33fb9038 d uimage_comp
33fb9074 d erase_seq
33fb9078 d tab_seq
33fb9084 d hist_cur
33fb9088 D stdio_names
33fb9094 D us_direction
33fb90b4 D _ctype
33fb91b4 d root_hub_dev_des
33fb91c6 d root_hub_config_des
33fb91df d root_hub_str_index0
33fb91e3 d root_hub_str_index1
33fb9200 d rca
33fb9204 d cur_part
33fb9208 d nand_cache_off
33fb920c d month_days
33fb923c d video_fontdata
33fba23c d nl.3353
33fba240 D bmp_logo_palette
33fba27e D bmp_logo_bitmap
33fbde80 A __u_boot_cmd_start
33fbde80 D __u_boot_cmd_bdinfo
33fbde9c D __u_boot_cmd_bmp
33fbdeb8 D __u_boot_cmd_go
33fbded4 D __u_boot_cmd_reset
33fbdef0 D __u_boot_cmd_bootm
33fbdf0c D __u_boot_cmd_boot
33fbdf28 D __u_boot_cmd_bootd
33fbdf44 D __u_boot_cmd_iminfo
33fbdf60 D __u_boot_cmd_imls
33fbdf7c D __u_boot_cmd_icache
33fbdf98 D __u_boot_cmd_dcache
33fbdfb4 D __u_boot_cmd_coninfo
33fbdfd0 D __u_boot_cmd_date
33fbdfec D __u_boot_cmd_eeprom
33fbe008 D __u_boot_cmd_bootelf
33fbe024 D __u_boot_cmd_bootvx
33fbe040 D __u_boot_cmd_fatload
33fbe05c D __u_boot_cmd_fatls
33fbe078 D __u_boot_cmd_fatinfo
33fbe094 D __u_boot_cmd_flinfo
33fbe0b0 D __u_boot_cmd_erase
33fbe0cc D __u_boot_cmd_protect
33fbe0e8 D __u_boot_cmd_i2c
33fbe104 D __u_boot_cmd_itest
33fbe120 D __u_boot_cmd_fsload
33fbe13c D __u_boot_cmd_ls
33fbe158 D __u_boot_cmd_fsinfo
33fbe174 D __u_boot_cmd_loads
33fbe190 D __u_boot_cmd_loadb
33fbe1ac D __u_boot_cmd_loadx
33fbe1c8 D __u_boot_cmd_loady
33fbe1e4 D __u_boot_cmd_md
33fbe200 D __u_boot_cmd_mm
33fbe21c D __u_boot_cmd_nm
33fbe238 D __u_boot_cmd_mw
33fbe254 D __u_boot_cmd_cp
33fbe270 D __u_boot_cmd_cmp
33fbe28c D __u_boot_cmd_crc32
33fbe2a8 D __u_boot_cmd_base
33fbe2c4 D __u_boot_cmd_loop
33fbe2e0 D __u_boot_cmd_mtest
33fbe2fc D __u_boot_cmd_unzip
33fbe318 D __u_boot_cmd_sleep
33fbe334 D __u_boot_cmd_mmc
33fbe350 D __u_boot_cmd_nand
33fbe36c D __u_boot_cmd_nboot
33fbe388 D __u_boot_cmd_bootp
33fbe3a4 D __u_boot_cmd_tftpboot
33fbe3c0 D __u_boot_cmd_rarpboot
33fbe3dc D __u_boot_cmd_dhcp
33fbe3f8 D __u_boot_cmd_nfs
33fbe414 D __u_boot_cmd_ping
33fbe430 D __u_boot_cmd_saveenv
33fbe44c D __u_boot_cmd_editenv
33fbe468 D __u_boot_cmd_printenv
33fbe484 D __u_boot_cmd_setenv
33fbe4a0 D __u_boot_cmd_askenv
33fbe4bc D __u_boot_cmd_run
33fbe4d8 D __u_boot_cmd_reginfo
33fbe4f4 D __u_boot_cmd_source
33fbe510 D __u_boot_cmd_usb
33fbe52c D __u_boot_cmd_usbboot
33fbe548 D __u_boot_cmd_usbslave
33fbe564 D __u_boot_cmd_imxtract
33fbe580 D __u_boot_cmd_version
33fbe59c D __u_boot_cmd_echo
33fbe5b8 D __u_boot_cmd_test
33fbe5d4 D __u_boot_cmd_exit
33fbe5f0 D __u_boot_cmd_help
33fbe60c D __u_boot_cmd_question_mark
33fbe628 D __u_boot_cmd_showvar
33fbe644 A __bss_start
33fbe644 A __u_boot_cmd_end
33fbe700 B monitor_flash_len
33fbe704 b eth_current
33fbe708 b eth_devices
33fbe70c b act.3118
33fbe710 b env_changed_id.3119
33fbe714 b first_failed.3102
33fbe718 B NetState
33fbe71c b packetHandler
33fbe720 b timeHandler
33fbe724 b timeStart
33fbe728 b timeDelta
33fbe72c B NetIPID
33fbe730 B NetOurIP
33fbe734 B NetOurEther
33fbe73c B NetPingIP
33fbe740 B NetRxPacket
33fbe744 B NetRxPacketLen
33fbe748 B NetArpWaitPacketIP
33fbe74c B NetArpWaitPacketMAC
33fbe750 B NetArpWaitReplyIP
33fbe754 B NetArpWaitTxPacket
33fbe758 B NetArpWaitTxPacketSize
33fbe75c B NetServerIP
33fbe760 B NetServerEther
33fbe768 B NetTxPacket
33fbe76c B NetOurSubnetMask
33fbe770 B NetOurGatewayIP
33fbe774 b mac.3185
33fbe77a B NetEtherNullAddr
33fbe780 b PingSeqNo
33fbe784 B NetArpWaitTry
33fbe788 B NetArpWaitTimerStart
33fbe78c b NetTryCount
33fbe790 b NetRestarted
33fbe794 B NetRestartWrap
33fbe798 b NetDevExists
33fbe79c B PktBuf
33fc05bc B NetRxPackets
33fc05cc B NetArpWaitPacketBuf
33fc0bec b env_changed_id.3031
33fc0bf0 B NetBootFileXferSize
33fc0bf4 B NetOurDNSIP
33fc0bf8 B NetOurNISDomain
33fc0c18 B NetOurHostName
33fc0c38 B NetOurRootPath
33fc0c78 B NetBootFileSize
33fc0c7a B BootFile
33fc0cfc b rpc_id
33fc0d00 b NfsSrvMountPort
33fc0d04 b NfsSrvNfsPort
33fc0d08 b fs_mounted
33fc0d0c b dirfh
33fc0d2c b filefh
33fc0d4c b NfsServerIP
33fc0d50 b NfsOurPort
33fc0d54 b NfsState
33fc0d58 b nfs_path
33fc0d5c b nfs_filename
33fc0d60 b nfs_len
33fc0d64 b NfsDownloadState
33fc0d68 b nfs_path_buff
33fc1568 b default_filename
33fc15a8 b NfsTimeoutCount
33fc15ac B RarpTry
33fc15b0 b TftpState
33fc15b4 b tftp_filename
33fc1634 b TftpBlock
33fc1638 b TftpServerIP
33fc163c b TftpServerPort
33fc1640 b TftpOurPort
33fc1644 b default_filename
33fc1654 b TftpTimeoutCount
33fc1658 b TftpBlockWrap
33fc165c b TftpBlockWrapOffset
33fc1660 b TftpLastBlock
33fc1664 B dhcp_leasetime
33fc1668 B NetDHCPServerIP
33fc166c B dhcp_state
33fc1670 B BootpTry
33fc1674 B BootpID
33fc1678 B nand_info
33fc1730 b nand_chip
33fc1840 B isUsbdSetConfiguration
33fc1844 B download_run
33fc1848 B dwUSBBufBase
33fc184c B dwUSBBufReadPtr
33fc1850 B dwUSBBufWritePtr
33fc1854 B bDMAPending
33fc1858 B tempDownloadAddress
33fc185c B downloadAddress
33fc1860 B downPt
33fc1864 B downloadFileSize
33fc1868 B dwWillDMACnt
33fc186c B totalDmaCount
33fc1870 B restart
33fc1874 B err
33fc1878 B menuUsed
33fc187c B run
33fc1880 B checkSum
33fc1884 B dwUSBBufSize
33fc1888 B consoleNum
33fc188c b intCount
33fc1890 B g_TimerIntHappen
33fc1894 B isr_handle_array
33fc195c B dbgStrWrPt
33fc1960 B dbgStrFifo
33fc2960 B dbgStrRdPt
33fc2964 B ep3Buf
33fc2984 B descDev
33fc2996 B descConf
33fc299f B descIf
33fc29a8 B descEndpt0
33fc29af B descEndpt1
33fc29b8 B ep0State
33fc29bc B descSetup
33fc29c4 b ep0SubState.3181
33fc29c8 B ConfigSet
33fc29c9 B Rwuen
33fc29ca B StatusGet
33fc29cf B InterfaceGet
33fc29d0 B ep0SubState
33fc29d4 B AlterSetting
33fc29d5 B device_status
33fc29d6 B interface_status
33fc29d7 B endpoint0_status
33fc29d8 B endpoint1_status
33fc29d9 B endpoint3_status
33fc29dc B transferIndex
33fc29e0 B ep1Buf
33fc2a00 b images
33fc2b2c b i2c_mm_last_chip
33fc2b30 b i2c_mm_last_addr
33fc2b34 b i2c_mm_last_alen
33fc2b38 b i2c_dp_last_chip
33fc2b3c b i2c_dp_last_addr
33fc2b40 b i2c_dp_last_alen
33fc2b44 b initialized.3744
33fc2b48 B current_mtd_dev
33fc2b4c B current_mtd_partnum
33fc2b50 b os_data_state
33fc2b54 b os_data_addr
33fc2b58 b bin_start_address
33fc2b5c b k_data_escape
33fc2b60 B os_data_init
33fc2b64 b k_data_escape_saved
33fc2b68 b os_data_state_saved
33fc2b6c b os_data_addr_saved
33fc2b70 B os_data_char
33fc2b74 B his_quote
33fc2b78 B his_pad_count
33fc2b7c B his_pad_char
33fc2b7d B his_eol
33fc2b80 B send_ptr
33fc2b84 B send_parms
33fc2b98 b a_b
33fc2bb0 b base_address
33fc2bb4 B mm_last_addr
33fc2bb8 B mm_last_size
33fc2bbc B dp_last_addr
33fc2bc0 B dp_last_size
33fc2bc4 B g_dwDownloadLen
33fc2bc8 b tmp_buf.2837
33fc2dc8 b tmp_buf
33fc2ec8 b ctrlc_disabled
33fc2ecc b ctrlc_was_pressed
33fc2ed0 B mem_malloc_brk
33fc2ed4 B mem_malloc_start
33fc2ed8 B mem_malloc_end
33fc2edc b current_mallinfo
33fc2f04 b top_pad
33fc2f08 b max_sbrked_mem
33fc2f0c b max_total_mem
33fc2f10 b n_mmaps_max
33fc2f14 B env_ptr
33fc2f18 b local.2892
33fc2f2e b map
33fc3030 b top_vars
33fc3034 b flag_repeat
33fc3038 b do_repeat
33fc303c b the_command.2919
33fc313c b buf.3382
33fc3164 B last_return_code
33fc3168 b ifs
33fc316c B nesting_level
33fc3170 b initted.2889
33fc3174 b hist_max
33fc3178 b hist_add_idx
33fc317c B hist_num
33fc3180 B hist_lines
33fc4580 B hist_list
33fc45d0 B console_buffer
33fc46d0 b devs
33fc470c B stdio_devices
33fc4718 b asynch_allowed
33fc471c b usb_dev
33fd201c b usb_hub_index
33fd2020 b hub_dev
33fd2120 b dev_index
33fd2124 B usb_started
33fd2125 b setup_packet
33fd2130 b running
33fd2134 b usb_dev_desc
33fd2350 b usb_ccb
33fd23e0 b usb_stor_buf
33fd25e0 b usb_max_devs
33fd25e4 b usb_stor
33fd26e8 b CBWTag
33fd26ec b xyz
33fd2b28 B flash_info
33fd2bd4 B ___strtok
33fd2bd8 b timestamp
33fd2bdc b lastdec
33fd2be0 B timer_load_val
33fd2be4 b timer_clk
33fd2c00 B ptd
33fd2c04 b ohci_inited
33fd2c08 b gohci
33fd2cd0 B urb_priv
33fd2da4 B phcca
33fd2e00 B ghcca
33fd2f00 B ohci_dev
33fd30a0 B gtd
33fd40e0 B urb_finished
33fd40e4 B devgone
33fd40e8 B got_rhsc
33fd4100 b mmc_dev
33fd416c b resp.3518
33fd4180 b sdi
33fd4188 b mmc_csd
33fd41a0 b mmc_ready
33fd41a4 b wide
33fd41a8 b mmc_buf
33fd43a8 b params
33fd43ac b part_offset
33fd43b0 b cur_dev
33fd43b4 B get_vfatname_block
33fe43b4 B do_fat_read_block
33ff43b4 B get_dentfromdir_block
340043b4 b current_part
340043b8 b nand_cache
340043bc b dm9000_info
3400449c b pGD
340044a0 b video_fb_address
340044a4 b eorx
340044a8 b bgx
340044ac b console_col
340044b0 b console_row
340044b4 b video_console_address
340044b8 b fgx
340044bc B smi
3400454c A _end
