33f80000 T _start
33f80020 t _undefined_instruction
33f80024 t _software_interrupt
33f80028 t _prefetch_abort
33f8002c t _data_abort
33f80030 t _not_used
33f80034 t _irq
33f80038 t _fiq
33f80040 t _TEXT_BASE
33f80044 T _armboot_start
33f80048 T _bss_start
33f8004c T _bss_end
33f80050 T IRQ_STACK_START
33f80054 T FIQ_STACK_START
33f80058 t start_code
33f80124 t nand1
33f80130 t nand2
33f80168 t bad_nand_read
33f80168 t loop2
33f8016c t ok_nand_read
33f80178 t go_next
33f80194 t loop3
33f80194 t notmatch
33f80198 t relocate
33f801bc t copy_loop
33f801cc t stack_setup
33f801e0 t clear_bss
33f801ec t clbss_l
33f80220 t _start_armboot
33f80224 t DW_STACK_START
33f80228 t cpu_init_crit
33f80260 t undefined_instruction
33f802c0 t software_interrupt
33f80320 t prefetch_abort
33f80380 t data_abort
33f803e0 t not_used
33f80440 t irq
33f80454 t int_return
33f80460 t fiq
33f804e0 t _TEXT_BASE
33f804e4 T lowlevel_init
33f8051c t SMRDATA
33f80550 t is_bad_block
33f80620 T nand_read_ll
33f80840 T hang
33f80850 t display_dram_config
33f80880 t init_func_i2c
33f808b4 t display_banner
33f80910 t init_baudrate
33f8096c T start_armboot
33f80b30 T enable_interrupts
33f80b40 T disable_interrupts
33f80b5c T show_regs
33f80c9c T bad_mode
33f80cb8 T do_fiq
33f80cdc T do_not_used
33f80d00 T do_data_abort
33f80d24 T do_prefetch_abort
33f80d48 T do_software_interrupt
33f80d6c T do_undefined_instruction
33f80d90 T interrupt_init
33f80dc4 W cpu_eth_init
33f80dc4 t __def_eth_init
33f80dcc T eth_get_dev
33f80ddc T eth_get_dev_by_index
33f80e20 T eth_get_dev_index
33f80e6c T eth_halt
33f80ea0 T eth_send
33f80ed4 T eth_rx
33f80f00 T eth_get_name
33f80f20 T eth_get_dev_by_name
33f80f70 T eth_set_current
33f81010 T eth_try_another
33f810c0 T eth_register
33f8114c T eth_setenv_enetaddr
33f81184 T eth_parse_enetaddr
33f811e4 T eth_getenv_enetaddr
33f8123c T eth_getenv_enetaddr_by_index
33f81288 T eth_init
33f81348 T eth_initialize
33f81520 t startAgainTimeout
33f81534 t startAgainHandler
33f81538 T NetSetHandler
33f81548 T NetCksumOk
33f815a0 T NetCksum
33f815e8 T copy_filename
33f81640 T string_to_VLAN
33f81694 T getenv_VLAN
33f816a4 T string_to_ip
33f81720 T getenv_IPaddr
33f81730 T NetEthHdrSize
33f81774 T VLAN_to_string
33f817c0 T ip_to_string
33f81810 T random_port
33f8182c T NetSetTimeout
33f8185c t NetCopyIP
33f81864 T NetSetIP
33f81984 T NetSetEther
33f81a28 t NetReadIP
33f81a44 t PingHandler
33f81a6c T NetSendPacket
33f81a70 T NetReceive
33f82084 T ArpRequest
33f82188 T PingSend
33f82338 T NetSendUDPPacket
33f82478 t PingTimeout
33f82494 T NetStartAgain
33f8259c T ArpTimeoutCheck
33f82610 T NetLoop
33f82a18 t basename
33f82a54 t rpc_add_credentials
33f82b44 t rpc_lookup_reply
33f82c1c t nfs_mount_reply
33f82ccc t nfs_umountall_reply
33f82d60 t nfs_lookup_reply
33f82e08 t rpc_req
33f82f2c t rpc_lookup_req
33f82fac t nfs_mount_req
33f83050 t nfs_umountall_req
33f830a8 t nfs_lookup_req
33f83160 t nfs_read_req
33f83200 t nfs_readlink_req
33f83258 t NfsSend
33f832ec T NfsStart
33f83524 t nfs_readlink_reply
33f8363c t nfs_read_reply
33f837a8 t NfsHandler
33f83990 t NfsTimeout
33f839ec T RarpRequest
33f83ae8 t RarpHandler
33f83b44 t RarpTimeout
33f83b8c t TftpSend
33f83d20 T TftpStart
33f83fb8 t TftpTimeout
33f8401c t TftpHandler
33f842d0 t NetCopyIP
33f842d8 t NetReadLong
33f842f4 t DhcpOptionsProcess
33f844fc t DhcpExtended
33f84714 t T.68
33f84730 t DhcpHandler
33f84a84 T BootpRequest
33f84c50 T DhcpRequest
33f84c54 t BootpTimeout
33f84c9c t WaitForXfer
33f84ce8 t i2c_transfer
33f84fb8 T i2c_write
33f85058 T i2c_read
33f85100 T i2c_probe
33f8513c T i2c_init
33f852ac T nand_init
33f85364 t generic_ffs
33f853b8 t nand_release_device
33f853d0 t nand_read_byte
33f853e0 t nand_read_byte16
33f853f4 t nand_read_word
33f85404 t nand_write_buf
33f85430 t nand_read_buf
33f85458 t nand_verify_buf
33f85498 t nand_write_buf16
33f854cc t nand_read_buf16
33f85500 t nand_verify_buf16
33f85548 t nand_block_bad
33f8563c t nand_check_wp
33f85678 t nand_read_page_raw
33f856b0 t nand_read_page_swecc
33f857c0 t nand_read_subpage
33f85a48 t nand_read_page_hwecc
33f85b80 t nand_read_page_hwecc_oob_first
33f85cbc t nand_read_page_syndrome
33f85ddc t nand_read_oob_std
33f85e1c t nand_read_oob_syndrome
33f85f1c t nand_write_oob_std
33f85f8c t nand_write_oob_syndrome
33f86138 t nand_write_page_raw
33f8616c t nand_write_page_swecc
33f86228 t nand_write_page_hwecc
33f862f0 t nand_write_page_syndrome
33f863e0 t single_erase_cmd
33f8641c t multi_erase_cmd
33f864a8 t nand_sync
33f864b8 t nand_suspend
33f864cc T nand_release
33f864f4 t nand_resume
33f86514 T nand_scan_tail
33f86a68 t nand_select_chip
33f86ac4 t nand_block_checkbad
33f86b40 t nand_block_isbad
33f86b80 t nand_block_markbad
33f86bbc t nand_write_page
33f86cb0 T nand_scan_ident
33f87220 T nand_scan
33f87240 t nand_fill_oob
33f87358 t nand_do_write_oob
33f87528 t nand_do_write_ops
33f87868 t nand_write_oob
33f87914 t nand_transfer_oob
33f87a2c t nand_write
33f87c20 t nand_default_block_markbad
33f87d10 T nand_erase_nand
33f880ac t nand_erase
33f880b4 t nand_wait
33f88184 T nand_wait_ready
33f881cc t nand_do_read_ops
33f885f0 t nand_read_oob
33f888c8 t nand_read
33f8895c t nand_command
33f88b18 t nand_command_lp
33f88d5c t scan_read_raw
33f88da4 T nand_isbad_bbt
33f88df4 t create_bbt
33f89138 t search_bbt
33f89410 t read_bbt
33f8962c t read_abs_bbt
33f89710 t write_bbt
33f89d7c T nand_update_bbt
33f89ecc t mark_bbt_region
33f8a050 T nand_scan_bbt
33f8a4b8 T nand_default_bbt
33f8a57c T nand_calculate_ecc
33f8a670 T nand_correct_data
33f8a790 t s3c2410_hwcontrol
33f8a800 t s3c2410_dev_ready
33f8a810 T board_nand_init
33f8a87c T _serial_getc
33f8a898 T serial_getc
33f8a8b4 T serial_putc
33f8a8bc T _serial_putc
33f8a8e4 T _serial_tstc
33f8a8f8 T serial_tstc
33f8a908 T _serial_puts
33f8a938 T serial_puts
33f8a940 T _serial_setbrg
33f8a968 T serial_init
33f8a9a4 T serial_setbrg
33f8a9ac T udc_disconnect
33f8a9c0 T HaltDabort
33f8a9d4 T HaltPabort
33f8a9e8 T HaltSwi
33f8a9fc T HaltUndef
33f8aa10 T usb_init_slave
33f8aa98 T awaitkey
33f8ab08 T usb_receive
33f8ad54 T ClearPending_my
33f8ad64 T Timer_InitEx
33f8ada8 T IsrWatchdog
33f8add8 T IsrTimer4
33f8adfc T Isr_Init
33f8ae88 T IRQ_Handle
33f8aed4 T Dummy_isr
33f8aef4 T Timer_StopEx
33f8af64 T Timer_StartEx
33f8afbc T ReconfigUsbd
33f8b094 T ConfigUsbd
33f8b0b0 T RdPktEp0
33f8b0d8 T WrPktEp0
33f8b100 T WrPktEp1
33f8b128 T WrPktEp2
33f8b150 T RdPktEp3
33f8b178 T RdPktEp4
33f8b1a0 T ConfigEp3DmaMode
33f8b22c T ConfigEp3IntMode
33f8b268 T _WrDbgStrFifo
33f8b298 T DbgPrintf
33f8b2a4 T IsrUsbd
33f8b370 T UsbdMain
33f8b384 T ClearEp3OutPktReady
33f8b3a4 T IsrDma2
33f8b52c T Ep3Handler
33f8b738 T InitDescriptorTable
33f8b85c T PrintEp0Pkt
33f8b8a0 T Ep0Handler
33f8c2f0 T PrepareEp1Fifo
33f8c358 T Ep1Handler
33f8c394 T do_bdinfo
33f8c484 T gunzip_bmp
33f8c528 T do_bmp
33f8c744 W do_go_exec
33f8c760 T do_go
33f8c7d8 T __board_lmb_reserve
33f8c7d8 W board_lmb_reserve
33f8c7dc T __arch_lmb_reserve
33f8c7dc W arch_lmb_reserve
33f8c7e0 T __arch_preboot_os
33f8c7e0 W arch_preboot_os
33f8c7e4 t do_imls
33f8c898 t image_info
33f8c97c T do_iminfo
33f8c9dc T do_bootd
33f8ca00 t do_bootm_rtems
33f8ca40 t do_bootm_qnxelf
33f8caa4 t do_bootm_vxworks
33f8cb08 t do_bootm_netbsd
33f8cc2c t bootm_load_os
33f8cd80 t bootm_start
33f8d190 T do_bootm_subcommand
33f8d364 T do_bootm
33f8d608 t on_off
33f8d644 T do_dcache
33f8d6bc T do_icache
33f8d734 T do_coninfo
33f8d808 T mk_date
33f8da90 T do_date
33f8dbb0 T eeprom_init
33f8dbc0 T eeprom_probe
33f8dbcc T eeprom_write
33f8dc44 T eeprom_read
33f8dcb8 T do_eeprom
33f8ddcc T load_elf_image
33f8de64 T valid_elf_image
33f8deb8 T do_bootvx
33f8e144 W do_bootelf_exec
33f8e184 T do_bootelf
33f8e21c T do_fat_fsinfo
33f8e2f4 T do_fat_ls
33f8e3f8 T do_fat_fsload
33f8e57c T flash_sect_roundb
33f8e648 t flash_fill_sect_ranges
33f8e818 T flash_sect_protect
33f8e90c t addr_spec
33f8e9d0 t abbrev_spec
33f8eb18 T do_protect
33f8edb4 T flash_sect_erase
33f8ee94 T do_flerase
33f8f028 T do_flinfo
33f8f0a4 T __def_i2c_get_bus_speed
33f8f0a4 W i2c_get_bus_speed
33f8f0b0 T __def_i2c_set_bus_speed
33f8f0b0 W i2c_set_bus_speed
33f8f0c8 T do_i2c_bus_speed
33f8f138 t mod_i2c_mem
33f8f384 T do_i2c_loop
33f8f494 T do_i2c_mw
33f8f5bc T do_i2c_probe
33f8f608 T do_i2c_md
33f8f7e8 T do_i2c_crc
33f8f934 T do_i2c
33f8fb44 t evalexp
33f8fb8c T binary_test
33f8fd94 T do_itest
33f8fe30 t jffs2_part_info
33f8fec4 T mtdparts_init
33f90268 T do_jffs2_fsinfo
33f902c4 T do_jffs2_ls
33f9031c T do_jffs2_fsload
33f90454 T ktrans
33f90474 T chk1
33f904a4 t bin_data_init
33f904bc t bin_data_char
33f904dc T k_data_init
33f904fc T k_data_save
33f90520 T k_data_restore
33f90544 T k_data_char
33f905bc T send_pad
33f905ec T s1_sendpacket
33f90618 T handle_send_packet
33f90814 T send_nack
33f9088c T send_ack
33f90904 t load_serial_xmodem
33f90a38 t load_serial_ymodem
33f90b6c t getcxmodem
33f90b8c T do_load_serial_bin
33f910a4 t load_serial
33f912e4 T do_load_serial
33f913c0 T do_unzip
33f91440 T do_mem_crc
33f914ec T do_mem_base
33f91530 T do_mem_mtest
33f916d8 T do_mem_loop
33f917d0 T do_mem_cmp
33f91960 T do_mem_mw
33f91a1c T do_mem_cp
33f91c04 t mod_mem
33f91d50 T do_mem_nm
33f91d70 T do_mem_mm
33f91d90 T do_mem_md
33f91e64 T do_sleep
33f91ee8 T do_mmc
33f92024 t nand_print_info
33f9207c t arg_off_size
33f921bc T do_nandboot
33f92504 t nand_dump
33f9272c T do_nand
33f92f54 T do_ping
33f92fd4 t netboot_common
33f932d0 T do_nfs
33f932dc T do_dhcp
33f932e8 T do_rarpb
33f932f4 T do_tftpb
33f93300 T do_bootp
33f9330c T get_env_id
33f9331c T envmatch
33f9337c T getenv_r
33f93424 T do_saveenv
33f93450 T getenv
33f934c0 T _do_setenv
33f938ec T do_askenv
33f93a50 T do_setenv
33f93a7c T setenv
33f93ac8 T do_editenv
33f93b30 t printenv
33f93c08 T do_printenv
33f93c98 T do_reginfo
33f93ca0 T source
33f93df0 T do_source
33f93e38 T usb_get_class_desc
33f93ed8 T usb_display_ep_desc
33f93f8c T usb_display_class_sub
33f94108 T do_usbboot
33f944a8 T usb_show_tree_graph
33f946c8 T usb_show_tree
33f946fc T usb_display_desc
33f9482c T usb_display_string
33f94868 T usb_display_if_desc
33f948f0 T usb_display_conf_desc
33f9499c T usb_display_config
33f94a28 T do_usb
33f94ec0 T do_usbslave
33f9500c T do_imgextract
33f95248 T cmd_get_data_size
33f95298 T do_echo
33f95318 T cmd_usage
33f95378 T do_version
33f95398 T var_complete
33f95418 T find_cmd_tbl
33f954ac T find_cmd
33f954d4 T install_auto_complete
33f95528 T _do_help
33f956a0 T do_help
33f956e8 T do_exit
33f95718 T do_test
33f95b80 T cmd_auto_complete
33f9600c t console_setfile
33f960b0 T fgetc
33f960d8 T ftstc
33f96100 T fputc
33f9612c T fputs
33f96158 T disable_ctrlc
33f96170 T had_ctrlc
33f96180 T clear_ctrlc
33f96194 T dbg
33f961a0 T console_init_f
33f961b0 T getc
33f961c8 T tstc
33f961e0 T ctrlc
33f9622c T putc
33f96248 T puts
33f96264 T search_device
33f9628c T console_assign
33f962cc T vprintf
33f962f8 T printf
33f96338 T stdio_print_current_devices
33f963f0 T console_init_r
33f96538 T fprintf
33f96580 T serial_printf
33f965c0 T sbrk
33f965f8 T malloc_trim
33f96708 T free
33f9692c T cfree
33f96930 T malloc
33f96f40 T memalign
33f97050 T pvalloc
33f97068 T valloc
33f97074 T malloc_usable_size
33f970b8 T mallopt
33f97130 T calloc
33f97210 T mem_malloc_init
33f97238 T realloc
33f976a0 T env_get_char_memory
33f976c4 T env_get_addr
33f976e8 T env_get_char
33f97730 T env_complete
33f97870 T env_crc_update
33f9789c T set_default_env
33f978e0 T env_relocate
33f97938 T env_get_char_spec
33f97944 T env_init
33f97960 T writeenv
33f97a14 T readenv
33f97ac8 t use_default
33f97ae0 T env_relocate_spec
33f97b2c T saveenv
33f97bcc t dummy
33f97bd0 T get_version
33f97bd8 T jumptable_init
33f97cdc T flash_protect
33f97dd0 T addr2info
33f97e18 T flash_perror
33f97edc T flash_write
33f9809c T simple_itoa
33f980f0 t static_get
33f9810c t static_peek
33f98118 t file_peek
33f98124 T mapset
33f98150 T do_showvar
33f9823c T u_boot_hush_start
33f9828c t xmalloc
33f982ac T new_pipe
33f982d4 t file_get
33f98480 t free_pipe_list
33f98564 T unset_local_var
33f98600 t xrealloc
33f98620 t done_command
33f986a8 t initialize_context
33f986e0 t done_pipe
33f98728 T reserved_word
33f988b0 t b_addchr
33f98920 t done_word
33f98aa0 t b_addqchr
33f98aec t insert_var_value
33f98c98 T set_local_var
33f98e48 T update_ifs_map
33f98f10 t parse_stream_outer
33f99550 T parse_file_outer
33f99594 T parse_string_outer
33f99684 t run_list_real
33f99ec8 T image_multi_count
33f99eec T get_table_entry_name
33f99f18 T genimg_get_os_name
33f99f50 T genimg_get_arch_name
33f99f88 T genimg_get_type_name
33f99fc0 T genimg_get_comp_name
33f99ff8 T genimg_get_image
33f99ffc T genimg_has_config
33f9a004 T get_table_entry_id
33f9a050 T genimg_get_comp_id
33f9a068 T genimg_get_type_id
33f9a080 T genimg_get_arch_id
33f9a098 T genimg_get_os_id
33f9a0b0 T genimg_get_format
33f9a0e4 t image_get_data_size
33f9a104 T image_multi_getimg
33f9a1ac T genimg_print_size
33f9a1d8 T memmove_wd
33f9a1dc T getenv_bootm_size
33f9a210 T getenv_bootm_low
33f9a244 T getenv_yesno
33f9a268 T image_print_contents
33f9a510 T image_check_dcrc
33f9a55c T image_check_hcrc
33f9a5c4 T boot_get_ramdisk
33f9a838 T __show_boot_progress
33f9a838 W show_boot_progress
33f9a83c T parse_line
33f9a8c8 T do_run
33f9a938 T run_command
33f9ad14 t delete_char
33f9adf0 t cread_add_char
33f9aed8 T readline_into_buffer
33f9b7ec T readline
33f9b808 T main_loop
33f9b900 t hex2_bin
33f9b980 T srec_decode
33f9bbf4 T nulldev_putc
33f9bbf8 T nulldev_puts
33f9bbfc T nulldev_input
33f9bc04 T stdio_get_list
33f9bc10 T stdio_clone
33f9bc58 T stdio_register
33f9bc98 T stdio_init
33f9bd90 T stdio_get_by_name
33f9bddc T usb_disable_asynch
33f9bdf4 T usb_maxpacket
33f9be18 t usb_set_maxpacket_ep
33f9be64 T usb_set_maxpacket
33f9bec8 T usb_get_dev_index
33f9bef8 T usb_hub_reset
33f9bf0c T usb_hub_allocate
33f9bf50 T usb_alloc_new_device
33f9bff0 T usb_parse_config
33f9c140 T usb_submit_int_msg
33f9c144 T usb_stop
33f9c178 T wait_ms
33f9c19c T usb_bulk_msg
33f9c200 T usb_control_msg
33f9c2b4 T usb_get_port_status
33f9c314 T usb_get_hub_status
33f9c368 T usb_set_port_feature
33f9c3c8 T usb_clear_port_feature
33f9c428 T usb_clear_hub_feature
33f9c47c T usb_get_hub_descriptor
33f9c4dc T usb_get_string
33f9c558 t usb_string_sub
33f9c658 T usb_string
33f9c758 T usb_get_class_descriptor
33f9c7cc T usb_get_report
33f9c840 T usb_set_idle
33f9c8a4 T usb_set_protocol
33f9c904 T usb_set_configuration
33f9c970 T usb_set_interface
33f9ca30 T usb_set_address
33f9ca74 T usb_get_descriptor
33f9cae0 T usb_get_configuration_no
33f9cb78 T usb_clear_halt
33f9cc28 t usb_hub_power_on
33f9cc6c t hub_port_reset
33f9cd0c T usb_hub_port_connect_change
33f9cdf8 T usb_hub_configure
33f9d000 T usb_hub_probe
33f9d05c T usb_new_device
33f9d2ec T usb_scan_devices
33f9d364 T usb_init
33f9d3e0 T usb_stor_get_dev
33f9d400 t usb_stor_irq
33f9d41c T usb_show_progress
33f9d428 T usb_storage_probe
33f9d658 T usb_stor_BBB_clear_endpt_stall
33f9d6a8 t usb_stor_BBB_reset
33f9d790 t usb_stor_CB_reset
33f9d878 T usb_stor_CB_comdat
33f9dac4 T usb_stor_BBB_comdat
33f9dbb0 T usb_stor_BBB_transport
33f9dd78 T usb_stor_CBI_get_status
33f9de58 T usb_stor_CB_transport
33f9e044 T usb_stor_info
33f9e0b0 t T.86
33f9e118 t T.85
33f9e19c T usb_stor_get_info
33f9e414 T usb_stor_scan
33f9e560 T usb_stor_read
33f9e748 T parse_num
33f9e874 T xyzModem_error
33f9e894 T xyzModem_stream_close
33f9e8e4 T CYGACC_COMM_IF_PUTC
33f9e8ec T CYGACC_COMM_IF_GETC_TIMEOUT
33f9e940 T xyzModem_stream_terminate
33f9ea34 t xyzModem_get_hdr
33f9ecf0 T xyzModem_stream_read
33f9ef6c T xyzModem_stream_open
33f9f0c0 T board_video_init
33f9f114 T dram_init
33f9f134 T board_eth_init
33f9f138 T board_init
33f9f284 t write_hword
33f9f324 T write_buff
33f9f494 T flash_print_info
33f9f5d0 T flash_erase
33f9f778 T flash_init
33f9f820 T cyg_crc16
33f9f868 T crc32
33f9f974 T crc32_no_comp
33f9fa78 T crc32_wd
33f9fa7c T print_size
33f9fb40 T display_options
33f9fb60 T print_buffer
33f9fcd0 T zunzip
33f9fdc0 T gunzip
33f9fe74 T zfree
33f9fe7c T zalloc
33f9fe8c T lmb_dump_all
33f9fe90 T lmb_init
33f9feb8 t lmb_add_region
33fa0084 T lmb_add
33fa0088 T lmb_free
33fa01a8 T lmb_reserve
33fa01b0 T lmb_overlaps_region
33fa0204 T __lmb_alloc_base
33fa035c T lmb_is_reserved
33fa03bc T lmb_alloc_base
33fa03ec T lmb_alloc
33fa03f4 T strcpy
33fa0410 T strncpy
33fa0438 T strcat
33fa0468 T strncat
33fa04c4 T strcmp
33fa04f4 T strncmp
33fa053c T strchr
33fa0568 T strrchr
33fa05a4 T strlen
33fa05c4 T strnlen
33fa05ec T strspn
33fa0630 T strpbrk
33fa0668 T strtok
33fa0734 T strsep
33fa0798 T strswab
33fa07e0 T memset
33fa0854 T bcopy
33fa087c T memcpy
33fa08e8 T memmove
33fa0944 T memcmp
33fa097c T memscan
33fa09ac T strstr
33fa0a2c T memchr
33fa0a58 T strdup
33fa0ab0 T simple_strtoul
33fa0b60 T simple_strtol
33fa0b88 T ustrtoul
33fa0bf4 t put_dec_trunc
33fa0cd0 T panic
33fa0d20 t string
33fa0dc8 t put_dec
33fa0efc t number
33fa1148 T vsprintf
33fa17a0 T sprintf
33fa17c8 T inflate_fast
33fa1cc8 T inflate_table
33fa2274 T inflateReset
33fa2314 T inflateInit2_
33fa2414 T inflateInit_
33fa2424 T inflateEnd
33fa24a8 T adler32
33fa27b8 T zcfree
33fa27c0 T zcalloc
33fa27c8 T inflate
33fa3f0c T __div64_32
33fa4004 T do_irq
33fa4010 T arch_interrupt_init
33fa4018 t get_PLLCLK
33fa4090 T get_UCLK
33fa4098 T get_FCLK
33fa40a0 T get_HCLK
33fa4144 T get_PCLK
33fa416c T reset_timer
33fa4194 T set_timer
33fa41a4 T udelay
33fa4254 T reset_timer_masked
33fa427c T get_timer_masked
33fa42e0 T get_timer
33fa42f4 T udelay_masked
33fa43d4 T get_ticks
33fa4424 T get_tbclk
33fa442c T reset_cpu
33fa444c T timer_init
33fa44c8 T rh_check_port_status
33fa4574 T submit_int_msg
33fa457c t T.91
33fa4634 T usb_lowlevel_init
33fa4890 T usb_lowlevel_stop
33fa48c4 t T.92
33fa4950 T sohci_submit_job
33fa4f40 T submit_common_msg
33fa5498 T submit_bulk_msg
33fa54b0 T submit_control_msg
33fa5b58 T mmc_get_dev
33fa5b64 T mmc_ident
33fa5b6c T mmc2info
33fa5b74 t mmc_cmd
33fa5c54 T mmc_init
33fa62d8 t T.65
33fa63d8 T mmc_read
33fa64dc T mmc_bread
33fa6500 T mmc_write
33fa65d8 T do_bootm_linux
33fa67a0 T flush_cache
33fa67a4 T icache_enable
33fa67e4 T icache_disable
33fa6824 T icache_status
33fa6834 T dcache_enable
33fa6874 T dcache_disable
33fa68b4 T dcache_status
33fa68c4 T do_reset
33fa68f4 T disk_read
33fa6944 t get_fatent
33fa6aac t get_cluster
33fa6b54 t get_vfatname
33fa6dec t get_name
33fa6ecc t read_bootsectandvi
33fa6fc4 T file_fat_detectfs
33fa7124 T do_fat_read
33fa7b6c T file_fat_read
33fa7ba4 T file_fat_ls
33fa7bb4 T fat_register_device
33fa7ca4 T mkmodestr
33fa7dac t insert_node
33fa7e74 t put_fl_mem
33fa7ea0 T jffs2_free_cache
33fa7efc t get_fl_mem_nor
33fa7f4c t get_fl_mem_nand
33fa8114 t get_fl_mem
33fa8168 T jffs2_1pass_rescan_needed
33fa81dc t jffs2_get_list
33fa87dc T jffs2_1pass_info
33fa88f8 t get_node_mem
33fa8a04 t jffs2_1pass_find_inode
33fa8b8c t jffs2_1pass_search_inode
33fa8cc0 T jffs2_1pass_load
33fa928c t T.131
33fa98d4 T jffs2_1pass_ls
33fa991c T rtime_decompress
33fa99e4 T rubin_do_decompress
33fa9acc T dynrubin_decompress
33fa9b08 T zlib_decompress
33fa9b20 T cramfs_memset
33fa9b44 T pull_bits
33fa9b9c T pull_bit
33fa9bd0 t read_symbol
33fa9c78 t decompress_huffman
33fa9e4c t fill_code_tables
33fa9f20 t init_code_tables
33fa9fa0 T decompress_block
33faa870 T dev_print
33faaa70 T get_partition_info
33faaa94 T init_part
33faaab0 T get_dev
33faab14 T print_part
33faabf0 T test_part_dos
33faac44 t get_partition_info_extended
33faaed0 T get_partition_info_dos
33faaef0 t print_partition_extended
33fab11c T print_part_dos
33fab148 t nand_block_bad_scrub
33fab150 t get_len_incl_bad
33fab1e0 T nand_read_skip_bad
33fab3a0 T nand_write_skip_bad
33fab644 T nand_erase_opts
33fab970 t dm9000_outblk_8bit
33fab998 t dm9000_outblk_16bit
33fab9d0 t dm9000_outblk_32bit
33faba04 t dm9000_inblk_8bit
33faba2c t dm9000_inblk_16bit
33faba68 t dm9000_inblk_32bit
33faba9c t dm9000_rx_status_32bit
33fabac4 t dm9000_rx_status_16bit
33fabae8 t dm9000_rx_status_8bit
33fabb1c T dm9000_initialize
33fabb7c t dm9000_reset
33fabc48 t dm9000_rx
33fabd98 t dm9000_halt
33fabe20 t phy_read
33fabe80 t dm9000_init
33fac1a0 t dm9000_send
33fac280 T GregorianDay
33fac370 T to_tm
33fac484 T mktime
33fac51c t bin2bcd
33fac548 T rtc_get
33fac6a8 T rtc_set
33fac750 T rtc_reset
33fac774 t video_drawchars
33faccf0 t console_newline
33facdf0 T video_putc
33facff8 T __board_video_skip
33facff8 W board_video_skip
33fad000 T video_puts
33fad030 T logo_plot
33fad244 T video_display_bitmap
33fadc20 T drv_video_init
33fadec8 T video_set_lut
33fadecc T video_hw_init
33fae108 T video_get_params
33fae588 T cleanup_before_linux
33fae5a8 T raise
33fae5c4 T __aeabi_uidiv
33fae5c4 T __udivsi3
33fae6c0 T __aeabi_uidivmod
33fae6d8 T __aeabi_idiv
33fae6d8 T __divsi3
33fae804 T __aeabi_idivmod
33fae81c T __aeabi_llsr
33fae81c T __lshrdi3
33fae838 T __aeabi_lasr
33fae838 T __ashrdi3
33fae854 T __aeabi_llsl
33fae854 T __ashldi3
33fae870 T __div0
33fae884 R version_string
33fae8b4 r C.34.2735
33fae934 r default_nand_name
33fae93c r __FUNCTION__.5995
33fae94c r __FUNCTION__.3805
33fae960 r __func__.5824
33fae974 r __FUNCTION__.5230
33fae984 r __FUNCTION__.4591
33fae998 r nand_ecc_precalc_table
33faea98 r descStr0
33faea9c r descStr1
33faeab4 r descStr2
33faeae0 r boot_os
33faeb2c r __FUNCTION__.3930
33faeb4c r CSWTCH.72
33faeba4 r CSWTCH.83
33faebac r CSWTCH.57
33faebcc r crc16_tab
33faedcc r crc_table
33faf1cc r digits.2983
33faf1dc R hex_asc
33faf1f0 r lext.3141
33faf230 r lbase.3140
33faf270 r dext.3143
33faf2b0 r dbase.3142
33faf2f0 r lenfix
33fafaf0 r distfix
33fafb70 r order.3450
33fafb98 R z_errmsg
33fafbc0 r cc_to_error
33fafc00 r l.4399
33fafc04 r compr_names
33fafc20 r year_lengths.2824
33fafc28 r mon_lengths.2823
33fafc88 r day_name.2800
33fafca0 r mon_name.2801
33fafcc4 r huffman_order
33fafcd8 r block_drvr
33fafcf0 r C.30.2761
33fafd20 r video_font_draw_table8
33fafd60 r video_font_draw_table15
33fafd70 r video_font_draw_table16
33fafd80 r video_font_draw_table32
33fafe80 r video_font_draw_table24
33faff40 R res_mode_init
33fb0074 R vesa_modes
33fb8668 D init_sequence
33fb8698 D NetOurVLAN
33fb869a D NetOurNativeVLAN
33fb869c D NetBcastAddr
33fb86a4 d nfs_offset
33fb86a8 d TftpBlkSizeOption
33fb86ac D TftpRRQTimeoutMSecs
33fb86b0 d TftpTimeoutMSecs
33fb86b4 d TftpTimeoutCountMax
33fb86b8 D TftpRRQTimeoutCountMax
33fb86bc d TftpBlkSize
33fb86c0 D nand_curr_device
33fb86c4 d nand_oob_8
33fb880c d nand_oob_16
33fb8954 d nand_oob_64
33fb8a9c d nand_oob_128
33fb8be4 d bbt_main_descr
33fb8c08 d bbt_mirror_descr
33fb8c2c d agand_flashbased
33fb8c50 d smallpage_flashbased
33fb8c74 d largepage_flashbased
33fb8c98 d smallpage_memorybased
33fb8cbc d largepage_memorybased
33fb8ce0 d bbt_pattern
33fb8ce4 d mirror_pattern
33fb8ce8 d scan_agand_pattern
33fb8cf0 d scan_ff_pattern
33fb8cf4 D nand_flash_ids
33fb9144 D nand_manuf_ids
33fb9194 D IO_ADDR_W
33fb9198 D Selfpwr
33fb9199 D Configuration
33fb919c D load_addr
33fb91a0 D cmd_bootm_sub
33fb9248 D weekdays
33fb9264 d i2c_dp_last_length
33fb9268 D op_table
33fb92d0 d do_echo
33fb92d4 D dp_last_length
33fb92d8 d curr_device
33fb92dc d env_id
33fb92e0 d usb_stor_curr_dev
33fb92e4 D g_bUSBWait
33fb92e8 d av_
33fb96f0 d sbrk_base
33fb96f4 d trim_threshold
33fb96f8 d mmap_threshold
33fb96fc D default_environment
33fb98d0 D env_name_spec
33fb98d4 d reserved_list
33fb9958 d uimage_os
33fb99b8 d uimage_arch
33fb9aa8 d uimage_type
33fb9b2c d uimage_comp
33fb9b68 d erase_seq
33fb9b6c d tab_seq
33fb9b78 d hist_cur
33fb9b7c D stdio_names
33fb9b88 D us_direction
33fb9ba8 D _ctype
33fb9ca8 d root_hub_dev_des
33fb9cbc d root_hub_config_des
33fb9cd8 d root_hub_str_index0
33fb9cdc d root_hub_str_index1
33fb9cf8 d rca
33fb9cfc d cur_part
33fb9d00 d nand_cache_off
33fb9d04 d month_days
33fb9d34 d video_fontdata
33fbad34 d nl.3501
33fbad38 D bmp_logo_palette
33fbad78 D bmp_logo_bitmap
33fbe978 A __u_boot_cmd_start
33fbe978 D __u_boot_cmd_bdinfo
33fbe994 D __u_boot_cmd_bmp
33fbe9b0 D __u_boot_cmd_go
33fbe9cc D __u_boot_cmd_reset
33fbe9e8 D __u_boot_cmd_bootm
33fbea04 D __u_boot_cmd_boot
33fbea20 D __u_boot_cmd_bootd
33fbea3c D __u_boot_cmd_iminfo
33fbea58 D __u_boot_cmd_imls
33fbea74 D __u_boot_cmd_icache
33fbea90 D __u_boot_cmd_dcache
33fbeaac D __u_boot_cmd_coninfo
33fbeac8 D __u_boot_cmd_date
33fbeae4 D __u_boot_cmd_eeprom
33fbeb00 D __u_boot_cmd_bootelf
33fbeb1c D __u_boot_cmd_bootvx
33fbeb38 D __u_boot_cmd_fatload
33fbeb54 D __u_boot_cmd_fatls
33fbeb70 D __u_boot_cmd_fatinfo
33fbeb8c D __u_boot_cmd_flinfo
33fbeba8 D __u_boot_cmd_erase
33fbebc4 D __u_boot_cmd_protect
33fbebe0 D __u_boot_cmd_i2c
33fbebfc D __u_boot_cmd_itest
33fbec18 D __u_boot_cmd_fsload
33fbec34 D __u_boot_cmd_ls
33fbec50 D __u_boot_cmd_fsinfo
33fbec6c D __u_boot_cmd_loads
33fbec88 D __u_boot_cmd_loadb
33fbeca4 D __u_boot_cmd_loadx
33fbecc0 D __u_boot_cmd_loady
33fbecdc D __u_boot_cmd_md
33fbecf8 D __u_boot_cmd_mm
33fbed14 D __u_boot_cmd_nm
33fbed30 D __u_boot_cmd_mw
33fbed4c D __u_boot_cmd_cp
33fbed68 D __u_boot_cmd_cmp
33fbed84 D __u_boot_cmd_crc32
33fbeda0 D __u_boot_cmd_base
33fbedbc D __u_boot_cmd_loop
33fbedd8 D __u_boot_cmd_mtest
33fbedf4 D __u_boot_cmd_unzip
33fbee10 D __u_boot_cmd_sleep
33fbee2c D __u_boot_cmd_mmc
33fbee48 D __u_boot_cmd_nand
33fbee64 D __u_boot_cmd_nboot
33fbee80 D __u_boot_cmd_bootp
33fbee9c D __u_boot_cmd_tftpboot
33fbeeb8 D __u_boot_cmd_rarpboot
33fbeed4 D __u_boot_cmd_dhcp
33fbeef0 D __u_boot_cmd_nfs
33fbef0c D __u_boot_cmd_ping
33fbef28 D __u_boot_cmd_saveenv
33fbef44 D __u_boot_cmd_editenv
33fbef60 D __u_boot_cmd_printenv
33fbef7c D __u_boot_cmd_setenv
33fbef98 D __u_boot_cmd_askenv
33fbefb4 D __u_boot_cmd_run
33fbefd0 D __u_boot_cmd_reginfo
33fbefec D __u_boot_cmd_source
33fbf008 D __u_boot_cmd_usb
33fbf024 D __u_boot_cmd_usbboot
33fbf040 D __u_boot_cmd_usbslave
33fbf05c D __u_boot_cmd_imxtract
33fbf078 D __u_boot_cmd_version
33fbf094 D __u_boot_cmd_echo
33fbf0b0 D __u_boot_cmd_test
33fbf0cc D __u_boot_cmd_exit
33fbf0e8 D __u_boot_cmd_help
33fbf104 D __u_boot_cmd_question_mark
33fbf120 D __u_boot_cmd_showvar
33fbf13c A __bss_start
33fbf13c A __u_boot_cmd_end
33fbf200 B monitor_flash_len
33fbf204 b eth_current
33fbf208 b eth_devices
33fbf20c b act.3304
33fbf210 b env_changed_id.3305
33fbf214 b first_failed.3277
33fbf218 B NetState
33fbf21c b packetHandler
33fbf220 b timeHandler
33fbf224 b timeStart
33fbf228 b timeDelta
33fbf22c B NetIPID
33fbf230 B NetOurIP
33fbf234 B NetOurEther
33fbf23c B NetPingIP
33fbf240 B NetRxPacket
33fbf244 B NetRxPacketLen
33fbf248 B NetArpWaitPacketIP
33fbf24c B NetArpWaitPacketMAC
33fbf250 B NetArpWaitReplyIP
33fbf254 B NetArpWaitTxPacket
33fbf258 B NetArpWaitTxPacketSize
33fbf25c B NetServerIP
33fbf260 B NetServerEther
33fbf268 B NetTxPacket
33fbf26c B NetOurSubnetMask
33fbf270 B NetOurGatewayIP
33fbf274 b mac.3358
33fbf27c B NetEtherNullAddr
33fbf282 b PingSeqNo
33fbf284 B NetArpWaitTry
33fbf288 B NetArpWaitTimerStart
33fbf28c b NetTryCount
33fbf290 b NetRestarted
33fbf294 B NetRestartWrap
33fbf298 b NetDevExists
33fbf29c B PktBuf
33fc10bc B NetRxPackets
33fc10cc B NetArpWaitPacketBuf
33fc16ec b env_changed_id.3157
33fc16f0 B NetBootFileXferSize
33fc16f4 B NetOurDNSIP
33fc16f8 B NetOurNISDomain
33fc1718 B NetOurHostName
33fc1738 B NetOurRootPath
33fc1778 B NetBootFileSize
33fc177c B BootFile
33fc17fc b rpc_id
33fc1800 b NfsSrvMountPort
33fc1804 b NfsSrvNfsPort
33fc1808 b fs_mounted
33fc180c b dirfh
33fc182c b filefh
33fc184c b NfsServerIP
33fc1850 b NfsOurPort
33fc1854 b NfsState
33fc1858 b nfs_path
33fc185c b nfs_filename
33fc1860 b nfs_len
33fc1864 b NfsDownloadState
33fc1868 b nfs_path_buff
33fc2068 b default_filename
33fc20a8 b NfsTimeoutCount
33fc20ac B RarpTry
33fc20b0 b TftpState
33fc20b4 b tftp_filename
33fc2134 b TftpBlock
33fc2138 b TftpServerIP
33fc213c b TftpServerPort
33fc2140 b TftpOurPort
33fc2144 b default_filename
33fc2154 b TftpTimeoutCount
33fc2158 b TftpBlockWrap
33fc215c b TftpBlockWrapOffset
33fc2160 b TftpLastBlock
33fc2164 B dhcp_leasetime
33fc2168 B NetDHCPServerIP
33fc216c B BootpID
33fc2170 B dhcp_state
33fc2174 B BootpTry
33fc2178 B nand_info
33fc2230 b nand_chip
33fc2340 B isUsbdSetConfiguration
33fc2344 B download_run
33fc2348 B dwUSBBufBase
33fc234c B dwUSBBufReadPtr
33fc2350 B dwUSBBufWritePtr
33fc2354 B bDMAPending
33fc2358 B tempDownloadAddress
33fc235c B downloadAddress
33fc2360 B downPt
33fc2364 B downloadFileSize
33fc2368 B dwWillDMACnt
33fc236c B totalDmaCount
33fc2370 B restart
33fc2374 B err
33fc2378 B menuUsed
33fc237c B run
33fc2380 B checkSum
33fc2384 B dwUSBBufSize
33fc2388 B consoleNum
33fc238c b intCount
33fc2390 B g_TimerIntHappen
33fc2394 B isr_handle_array
33fc245c B dbgStrWrPt
33fc2460 B dbgStrFifo
33fc3460 B dbgStrRdPt
33fc3464 B ep3Buf
33fc3484 B descDev
33fc3498 B descConf
33fc34a4 B descIf
33fc34b0 B descEndpt0
33fc34b8 B descEndpt1
33fc34c0 B ep0State
33fc34c4 B descSetup
33fc34cc b ep0SubState.3292
33fc34d0 B ConfigSet
33fc34d1 B Rwuen
33fc34d4 B StatusGet
33fc34dc B InterfaceGet
33fc34e0 B ep0SubState
33fc34e4 B AlterSetting
33fc34e5 B device_status
33fc34e6 B interface_status
33fc34e7 B endpoint0_status
33fc34e8 B endpoint1_status
33fc34e9 B endpoint3_status
33fc34ec B transferIndex
33fc34f0 B ep1Buf
33fc3510 b images
33fc363c b i2c_mm_last_chip
33fc3640 b i2c_mm_last_addr
33fc3644 b i2c_mm_last_alen
33fc3648 b i2c_dp_last_chip
33fc364c b i2c_dp_last_addr
33fc3650 b i2c_dp_last_alen
33fc3654 b initialized.3950
33fc3658 B current_mtd_dev
33fc365c B current_mtd_partnum
33fc3660 b os_data_state
33fc3664 b os_data_addr
33fc3668 b bin_start_address
33fc366c b k_data_escape
33fc3670 B os_data_init
33fc3674 b k_data_escape_saved
33fc3678 b os_data_state_saved
33fc367c b os_data_addr_saved
33fc3680 B os_data_char
33fc3684 B his_quote
33fc3688 B his_pad_count
33fc368c B his_pad_char
33fc368d B his_eol
33fc3690 B send_ptr
33fc3694 B send_parms
33fc36a8 b a_b
33fc36c0 b base_address
33fc36c4 B mm_last_addr
33fc36c8 B mm_last_size
33fc36cc B dp_last_addr
33fc36d0 B dp_last_size
33fc36d4 B g_dwDownloadLen
33fc36d8 b tmp_buf.3047
33fc38d8 b tmp_buf
33fc39d8 b ctrlc_disabled
33fc39dc b ctrlc_was_pressed
33fc39e0 B mem_malloc_brk
33fc39e4 B mem_malloc_start
33fc39e8 B mem_malloc_end
33fc39ec b current_mallinfo
33fc3a14 b top_pad
33fc3a18 b max_sbrked_mem
33fc3a1c b max_total_mem
33fc3a20 b n_mmaps_max
33fc3a24 B env_ptr
33fc3a28 b local.3021
33fc3a40 b map
33fc3b40 b top_vars
33fc3b44 b flag_repeat
33fc3b48 b do_repeat
33fc3b4c b the_command.3050
33fc3c4c b buf.3733
33fc3c74 B last_return_code
33fc3c78 b ifs
33fc3c7c B nesting_level
33fc3c80 b initted.3082
33fc3c84 b hist_max
33fc3c88 b hist_add_idx
33fc3c8c B hist_num
33fc3c90 B hist_lines
33fc5090 B hist_list
33fc50e0 B console_buffer
33fc51e0 b devs
33fc521c B stdio_devices
33fc5228 b asynch_allowed
33fc522c b usb_dev
33fd2b2c b usb_hub_index
33fd2b30 b hub_dev
33fd2c30 b dev_index
33fd2c34 B usb_started
33fd2c38 b setup_packet
33fd2c40 b running
33fd2c44 b usb_dev_desc
33fd2e60 b CBWTag
33fd2e64 b usb_max_devs
33fd2e68 b usb_ccb
33fd2ef8 b usb_stor_buf
33fd30f8 b usb_stor
33fd31fc b xyz
33fd3638 B flash_info
33fd36e4 B ___strtok
33fd36e8 b lastdec
33fd36ec b timestamp
33fd36f0 B timer_load_val
33fd36f4 b timer_clk
33fd3700 b gohci
33fd37c8 B urb_priv
33fd389c B phcca
33fd3900 B ghcca
33fd3a00 B ohci_dev
33fd3ba0 B gtd
33fd4be0 B ptd
33fd4be4 b ohci_inited
33fd4be8 B urb_finished
33fd4bec B devgone
33fd4bf0 B got_rhsc
33fd4c00 b mmc_dev
33fd4c6c b resp.3658
33fd4c80 b sdi
33fd4c88 b mmc_csd
33fd4ca0 b mmc_ready
33fd4ca4 b wide
33fd4ca8 b mmc_buf
33fd4ea8 b params
33fd4eac b part_offset
33fd4eb0 b cur_dev
33fd4eb4 B get_vfatname_block
33fe4eb4 B do_fat_read_block
33ff4eb4 B get_dentfromdir_block
34004eb4 b current_part
34004eb8 b nand_cache
34004ebc b dm9000_info
34004f9c b pGD
34004fa0 b video_fb_address
34004fa4 b eorx
34004fa8 b bgx
34004fac b console_col
34004fb0 b console_row
34004fb4 b video_console_address
34004fb8 b fgx
34004fbc B smi
3400504c A _end
