33f80000 T _start
33f80020 t _undefined_instruction
33f80024 t _software_interrupt
33f80028 t _prefetch_abort
33f8002c t _data_abort
33f80030 t _not_used
33f80034 t _irq
33f80038 t _fiq
33f80040 t _TEXT_BASE
33f80044 T _armboot_start
33f80048 T _bss_start
33f8004c T _bss_end
33f80050 T IRQ_STACK_START
33f80054 T FIQ_STACK_START
33f80058 t start_code
33f80124 t nand1
33f80130 t nand2
33f80168 t bad_nand_read
33f80168 t loop2
33f8016c t ok_nand_read
33f80178 t go_next
33f80194 t loop3
33f80194 t notmatch
33f80198 t relocate
33f801bc t copy_loop
33f801cc t stack_setup
33f801e0 t clear_bss
33f801ec t clbss_l
33f80220 t _start_armboot
33f80224 t DW_STACK_START
33f80228 t cpu_init_crit
33f80260 t undefined_instruction
33f802c0 t software_interrupt
33f80320 t prefetch_abort
33f80380 t data_abort
33f803e0 t not_used
33f80440 t irq
33f80454 t int_return
33f80460 t fiq
33f804e0 t _TEXT_BASE
33f804e4 T lowlevel_init
33f8051c t SMRDATA
33f80550 t nand_wait
33f80564 t is_bad_block
33f8062c T nand_read_ll
33f80854 T hang
33f80864 t display_dram_config
33f80894 t init_func_i2c
33f808c8 t display_banner
33f80910 t init_baudrate
33f8096c T start_armboot
33f80b1c T enable_interrupts
33f80b2c T disable_interrupts
33f80b48 T show_regs
33f80c88 T bad_mode
33f80ca4 T do_fiq
33f80cc8 T do_not_used
33f80cec T do_data_abort
33f80d10 T do_prefetch_abort
33f80d34 T do_software_interrupt
33f80d58 T do_undefined_instruction
33f80d7c T interrupt_init
33f80db0 W cpu_eth_init
33f80db0 t __def_eth_init
33f80db8 T eth_get_dev
33f80dc8 T eth_get_dev_by_index
33f80e08 T eth_get_dev_index
33f80e54 T eth_halt
33f80e88 T eth_send
33f80ebc T eth_rx
33f80ee8 T eth_get_name
33f80f08 T eth_get_dev_by_name
33f80f5c T eth_set_current
33f81000 T eth_try_another
33f810b0 T eth_register
33f8113c T eth_setenv_enetaddr
33f81174 T eth_parse_enetaddr
33f811d0 T eth_getenv_enetaddr
33f81228 T eth_getenv_enetaddr_by_index
33f81274 T eth_init
33f81330 T eth_initialize
33f81500 t __fswab16
33f81514 t __fswab32
33f81534 t startAgainTimeout
33f81548 t startAgainHandler
33f8154c T NetSetHandler
33f8155c T NetCksum
33f815a4 T NetCksumOk
33f815c8 T copy_filename
33f81620 T string_to_VLAN
33f8166c T getenv_VLAN
33f8167c T string_to_ip
33f816e0 T getenv_IPaddr
33f816f0 T NetEthHdrSize
33f81734 T VLAN_to_string
33f8178c T ip_to_string
33f817cc T random_port
33f817e8 T NetSetTimeout
33f81818 t NetCopyIP
33f81820 T NetSetIP
33f81918 T NetSetEther
33f819cc t NetReadIP
33f819e8 t PingHandler
33f81a10 t NetWriteIP
33f81a2c T NetSendPacket
33f81a30 T NetReceive
33f81f9c T ArpRequest
33f82088 T PingSend
33f821c4 T NetSendUDPPacket
33f82300 t PingTimeout
33f8231c T NetStartAgain
33f82424 T ArpTimeoutCheck
33f82498 T NetLoop
33f828cc t __fswab32
33f828ec t basename
33f82928 t dirname
33f82944 t rpc_add_credentials
33f82a1c t rpc_lookup_reply
33f82abc t nfs_mount_reply
33f82b58 t nfs_umountall_reply
33f82bd8 t nfs_lookup_reply
33f82c6c t rpc_req
33f82d74 t rpc_lookup_req
33f82dd8 t nfs_mount_req
33f82e68 t nfs_umountall_req
33f82ec0 t nfs_lookup_req
33f82f64 t nfs_read_req
33f82fe4 t nfs_readlink_req
33f8303c t NfsSend
33f830d0 T NfsStart
33f832fc t nfs_readlink_reply
33f833ec t nfs_read_reply
33f83528 t NfsHandler
33f83708 t NfsTimeout
33f83764 T RarpRequest
33f8386c t RarpHandler
33f838c8 t RarpTimeout
33f83910 t __fswab16
33f83924 t TftpSend
33f83aa8 T TftpStart
33f83d40 t TftpTimeout
33f83da4 t TftpHandler
33f84050 t __fswab16
33f84064 t __fswab32
33f84084 t truncate_sz
33f840b8 t NetWriteIP
33f840d4 t NetCopyLong
33f840dc t NetCopyIP
33f840e4 t NetReadLong
33f84100 t DhcpOptionsProcess
33f842d0 t DhcpExtended
33f844cc T BootpRequest
33f84694 T DhcpRequest
33f84698 t DhcpHandler
33f849f0 t BootpTimeout
33f84a38 t GetI2CSDA
33f84a4c t SetI2CSCL
33f84a68 t IsACK
33f84a7c t ReadWriteByte
33f84a90 t WaitForXfer
33f84adc t i2c_transfer
33f84dc4 T i2c_write
33f84e6c T i2c_read
33f84f1c T i2c_probe
33f84f58 T i2c_init
33f850b0 T nand_init
33f85168 t generic_ffs
33f851c0 t nand_release_device
33f851d8 t nand_read_byte
33f851e8 t nand_read_byte16
33f851fc t nand_read_word
33f8520c t nand_write_buf
33f85240 t nand_read_buf
33f85268 t nand_verify_buf
33f852b0 t nand_write_buf16
33f852e8 t nand_read_buf16
33f85320 t nand_verify_buf16
33f8536c t nand_check_wp
33f853a8 t nand_get_device
33f853b4 t nand_block_bad
33f854bc t nand_read_page_raw
33f854f4 t nand_read_page_swecc
33f85610 t nand_read_subpage
33f858a0 t nand_read_page_hwecc
33f859dc t nand_read_page_hwecc_oob_first
33f85b1c t nand_read_page_syndrome
33f85c3c t nand_read_oob_std
33f85c7c t nand_read_oob_syndrome
33f85d8c t nand_write_oob_std
33f85dfc t nand_write_oob_syndrome
33f85fb0 t nand_write_page_raw
33f85fe4 t nand_write_page_swecc
33f86088 t nand_write_page_hwecc
33f86154 t nand_write_page_syndrome
33f86244 t nand_write_page
33f86338 t single_erase_cmd
33f86374 t multi_erase_cmd
33f86400 t nand_sync
33f86424 t nand_suspend
33f86434 T nand_release
33f8645c t nand_resume
33f8647c T nand_scan_ident
33f869ec T nand_scan_tail
33f86f4c T nand_scan
33f86f6c t nand_select_chip
33f86fc8 t nand_block_checkbad
33f87044 t nand_block_isbad
33f8708c t nand_block_markbad
33f870c8 t nand_fill_oob
33f871dc t nand_do_write_oob
33f87380 t nand_do_write_ops
33f876b0 t nand_write_oob
33f8777c t nand_transfer_oob
33f87890 t nand_write
33f87a84 t nand_default_block_markbad
33f87b84 T nand_erase_nand
33f87efc t nand_erase
33f87f04 t nand_wait
33f87fdc T nand_wait_ready
33f88024 t nand_do_read_ops
33f88438 t nand_read_oob
33f88710 t nand_read
33f887b8 t nand_command
33f88984 t nand_command_lp
33f88bdc t check_pattern
33f88c94 t scan_read_raw
33f88ce0 T nand_isbad_bbt
33f88d30 t create_bbt
33f88ff4 t search_bbt
33f89200 t read_bbt
33f8943c t read_abs_bbt
33f8951c t write_bbt
33f89b88 T nand_update_bbt
33f89cdc t mark_bbt_region
33f89e58 T nand_scan_bbt
33f8a2c0 T nand_default_bbt
33f8a384 T nand_calculate_ecc
33f8a47c T nand_correct_data
33f8a5a8 t s3c2410_hwcontrol
33f8a61c t s3c2410_dev_ready
33f8a62c T board_nand_init
33f8a698 t s3c24x0_get_base_uart
33f8a6a4 T _serial_getc
33f8a6c0 T serial_getc
33f8a6c8 T serial_putc
33f8a6d0 T _serial_putc
33f8a704 T _serial_tstc
33f8a718 T serial_tstc
33f8a720 T _serial_puts
33f8a750 T serial_puts
33f8a758 T _serial_setbrg
33f8a780 T serial_init
33f8a7c0 T serial_setbrg
33f8a7c8 T udc_disconnect
33f8a7dc T HaltDabort
33f8a7f0 T HaltPabort
33f8a804 T HaltSwi
33f8a818 T HaltUndef
33f8a82c T usb_init_slave
33f8a890 T awaitkey
33f8a900 T usb_receive
33f8ab44 T ClearPending_my
33f8ab54 T Timer_InitEx
33f8ab98 T IsrWatchdog
33f8abc8 T IsrTimer4
33f8abe8 T Isr_Init
33f8ac74 T IRQ_Handle
33f8acc0 T Dummy_isr
33f8ace0 T Timer_StopEx
33f8ad54 T Timer_StartEx
33f8adb0 T ReconfigUsbd
33f8ae88 T ConfigUsbd
33f8aea4 T RdPktEp0
33f8aecc T WrPktEp0
33f8aef4 T WrPktEp1
33f8af1c T WrPktEp2
33f8af44 T RdPktEp3
33f8af6c T RdPktEp4
33f8af94 T ConfigEp3DmaMode
33f8b020 T ConfigEp3IntMode
33f8b05c T _WrDbgStrFifo
33f8b08c T DbgPrintf
33f8b098 T IsrUsbd
33f8b164 T UsbdMain
33f8b178 t RdPktEp3_CheckSum
33f8b1cc T ClearEp3OutPktReady
33f8b1ec T IsrDma2
33f8b374 T Ep3Handler
33f8b514 T InitDescriptorTable
33f8b638 T PrintEp0Pkt
33f8b67c T Ep0Handler
33f8c104 T PrepareEp1Fifo
33f8c168 T Ep1Handler
33f8c1a4 t print_num
33f8c1b8 T do_bdinfo
33f8c290 T gunzip_bmp
33f8c334 T do_bmp
33f8c560 W do_go_exec
33f8c57c T do_go
33f8c5f4 t __fswab32
33f8c614 t image_get_data
33f8c61c T __board_lmb_reserve
33f8c61c W board_lmb_reserve
33f8c620 T __arch_lmb_reserve
33f8c620 W arch_lmb_reserve
33f8c624 T __arch_preboot_os
33f8c624 W arch_preboot_os
33f8c628 t do_imls
33f8c6e0 t image_check_magic
33f8c704 t image_info
33f8c7cc T do_iminfo
33f8c82c t image_get_size
33f8c834 t image_get_data_size
33f8c838 T do_bootd
33f8c85c t do_bootm_rtems
33f8c89c t do_bootm_qnxelf
33f8c900 t do_bootm_vxworks
33f8c964 t do_bootm_netbsd
33f8ca94 t bootm_start
33f8ce2c t bootm_load_os
33f8cf8c T do_bootm_subcommand
33f8d168 T do_bootm
33f8d3fc t on_off
33f8d438 T do_dcache
33f8d4b0 T do_icache
33f8d528 T do_coninfo
33f8d60c t cnvrt2
33f8d650 T mk_date
33f8d820 T do_date
33f8d944 T eeprom_init
33f8d954 T eeprom_probe
33f8d960 T eeprom_write
33f8d9d8 T eeprom_read
33f8da4c T do_eeprom
33f8db60 T load_elf_image
33f8dbf8 T valid_elf_image
33f8dc6c T do_bootvx
33f8def8 W do_bootelf_exec
33f8df38 T do_bootelf
33f8dfd0 T do_fat_fsinfo
33f8e0a8 T do_fat_ls
33f8e1ac T do_fat_fsload
33f8e32c T flash_sect_roundb
33f8e3f4 t flash_fill_sect_ranges
33f8e5a0 T flash_sect_protect
33f8e698 t addr_spec
33f8e758 t abbrev_spec
33f8e8a8 T do_protect
33f8eb54 T flash_sect_erase
33f8ec34 T do_flerase
33f8edb8 T do_flinfo
33f8ee34 t __fswab32
33f8ee54 T __def_i2c_get_bus_speed
33f8ee54 W i2c_get_bus_speed
33f8ee60 T __def_i2c_set_bus_speed
33f8ee60 W i2c_set_bus_speed
33f8ee78 T do_i2c_bus_speed
33f8eee8 t mod_i2c_mem
33f8f114 T do_i2c_loop
33f8f220 T do_i2c_mw
33f8f344 T do_i2c_probe
33f8f390 T do_i2c_md
33f8f570 T do_i2c_crc
33f8f6bc T do_i2c
33f8f8cc t evalstr
33f8f8e8 t evalexp
33f8f934 T binary_test
33f8fb14 T do_itest
33f8fbb0 t INIT_LIST_HEAD
33f8fbbc t jffs2_part_info
33f8fc50 T mtdparts_init
33f90004 T do_jffs2_fsinfo
33f90060 T do_jffs2_ls
33f900b8 T do_jffs2_fsload
33f901f4 T ktrans
33f90214 T chk1
33f90244 t bin_data_init
33f90260 t bin_data_char
33f90280 T k_data_init
33f902a0 T k_data_save
33f902c0 T k_data_restore
33f902e0 T k_data_char
33f90330 T send_pad
33f90360 T s1_sendpacket
33f9038c T handle_send_packet
33f90550 T send_nack
33f905b0 T send_ack
33f90610 t load_serial_xmodem
33f90750 t load_serial_ymodem
33f90890 t getcxmodem
33f908b0 T do_load_serial_bin
33f90d48 t load_serial
33f90f6c T do_load_serial
33f91048 T do_unzip
33f910d4 T do_mem_crc
33f91180 T do_mem_base
33f911c4 T do_mem_mtest
33f9136c T do_mem_loop
33f91464 T do_mem_cmp
33f915fc T do_mem_mw
33f916c4 T do_mem_cp
33f918b0 t mod_mem
33f91a00 T do_mem_nm
33f91a20 T do_mem_mm
33f91a40 T do_mem_md
33f91b18 T do_sleep
33f91b9c T do_mmc
33f91cd8 t str2long
33f91d14 t nand_print_info
33f91d6c t arg_off_size
33f91e54 T do_nandboot
33f92190 t nand_dump
33f923b4 T do_nand
33f92bec T do_ping
33f92c6c t netboot_common
33f92f74 T do_nfs
33f92f80 T do_dhcp
33f92f8c T do_rarpb
33f92f98 T do_tftpb
33f92fa4 T do_bootp
33f92fb0 T get_env_id
33f92fc0 T envmatch
33f93020 T getenv_r
33f930c4 T do_saveenv
33f930f0 T getenv
33f93158 T _do_setenv
33f9359c T do_askenv
33f93714 T do_setenv
33f93740 T setenv
33f9378c T do_editenv
33f937f8 t printenv
33f938dc T do_printenv
33f93970 T do_reginfo
33f93978 t __fswab32
33f93998 T source
33f93ac8 T do_source
33f93b10 T usb_get_class_desc
33f93bb8 T usb_display_ep_desc
33f93c80 T usb_display_class_sub
33f93df4 T do_usbboot
33f941a0 T usb_show_tree_graph
33f943c8 T usb_show_tree
33f943fc T usb_display_desc
33f9452c T usb_display_string
33f94568 T usb_display_if_desc
33f945f0 T usb_display_conf_desc
33f9469c T usb_display_config
33f9472c T do_usb
33f94bd0 T do_usbslave
33f94d1c T do_imgextract
33f94f58 T cmd_get_data_size
33f94fd0 T do_echo
33f9504c T cmd_usage
33f950ac T do_version
33f950cc T var_complete
33f95154 T find_cmd_tbl
33f951ec T find_cmd
33f95214 T cmd_auto_complete
33f9569c t install_auto_complete_handler
33f956b4 T install_auto_complete
33f956f4 T _do_help
33f95870 T do_help
33f958bc T do_exit
33f958ec T do_test
33f95d68 t console_setfile
33f95e14 t console_doenv
33f95e18 T fgetc
33f95e40 T ftstc
33f95e68 T fputc
33f95e90 T fputs
33f95eb8 T disable_ctrlc
33f95ed0 T had_ctrlc
33f95ee0 T clear_ctrlc
33f95ef4 T dbg
33f95f00 T console_init_f
33f95f10 T getc
33f95f28 T tstc
33f95f40 T ctrlc
33f95f90 T putc
33f95fac T puts
33f95fc8 T search_device
33f95ff0 T console_assign
33f96030 T vprintf
33f96060 T printf
33f960a4 T stdio_print_current_devices
33f9615c T console_init_r
33f962a4 T fprintf
33f962f0 T serial_printf
33f96334 T sbrk
33f96368 T malloc_trim
33f96434 T free
33f96670 T cfree
33f96674 T malloc
33f96c6c T memalign
33f96d7c T pvalloc
33f96d94 T valloc
33f96da0 T malloc_usable_size
33f96de4 T mallopt
33f96e50 T calloc
33f96f30 T mem_malloc_init
33f96f5c T realloc
33f973cc T env_get_char_memory
33f973ec T env_get_addr
33f9740c T env_get_char
33f9743c T env_complete
33f97570 T env_crc_update
33f9759c T set_default_env
33f975e0 T env_relocate
33f97638 t nand_block_isbad
33f97648 T env_get_char_spec
33f97654 T env_init
33f97670 T writeenv
33f97720 T readenv
33f977d0 t use_default
33f977e8 T env_relocate_spec
33f97834 T saveenv
33f978d4 t dummy
33f978d8 T get_version
33f978e0 T jumptable_init
33f979dc T flash_protect
33f97ad4 T addr2info
33f97b1c T flash_perror
33f97bfc T flash_write
33f97d60 t b_reset
33f97d7c T simple_itoa
33f97dd0 t static_get
33f97dec t static_peek
33f97df8 t file_peek
33f97e04 t setup_string_in_str
33f97e30 t indenter
33f97e40 t is_assignment
33f97e9c T mapset
33f97ec8 t syntax_err
33f97ed4 T do_showvar
33f97fbc T u_boot_hush_start
33f9800c t xmalloc
33f9802c T new_pipe
33f98054 t file_get
33f98224 t free_pipe_list
33f98308 t b_free
33f9832c T unset_local_var
33f983c8 t xrealloc
33f983e8 t done_command
33f98470 t initialize_context
33f984a8 t done_pipe
33f984f0 T reserved_word
33f98628 t b_addchr
33f986a0 t done_word
33f98820 t b_addqchr
33f9886c t insert_var_value
33f98a1c T set_local_var
33f98bcc T update_ifs_map
33f98c3c t parse_stream_outer
33f99218 T parse_file_outer
33f9925c T parse_string_outer
33f99324 t run_list_real
33f99acc t __fswab32
33f99aec t image_get_data
33f99af4 t image_check_type
33f99b08 T image_multi_count
33f99b30 T get_table_entry_name
33f99b58 T genimg_get_os_name
33f99b70 T genimg_get_arch_name
33f99b88 T genimg_get_type_name
33f99ba0 T genimg_get_comp_name
33f99bb8 T genimg_get_image
33f99bbc T genimg_has_config
33f99bc4 T get_table_entry_id
33f99c10 T genimg_get_comp_id
33f99c28 T genimg_get_type_id
33f99c40 T genimg_get_arch_id
33f99c58 T genimg_get_os_id
33f99c70 t image_check_magic
33f99c94 T genimg_get_format
33f99ca8 t image_get_data_size
33f99cb0 t image_get_load
33f99cb8 T image_multi_getimg
33f99d3c T genimg_print_size
33f99d68 T memmove_wd
33f99d6c T getenv_bootm_size
33f99da0 T getenv_bootm_low
33f99dd4 T getenv_yesno
33f99df8 T image_print_contents
33f99fd8 T image_check_dcrc
33f9a020 T image_check_hcrc
33f9a074 T boot_get_ramdisk
33f9a2c0 T __show_boot_progress
33f9a2c0 W show_boot_progress
33f9a2c4 T parse_line
33f9a350 T do_run
33f9a3c0 T run_command
33f9a7b0 t delete_char
33f9a88c t cread_add_char
33f9a978 t cread_add_str
33f9a9c8 T readline_into_buffer
33f9b2f8 T readline
33f9b314 T main_loop
33f9b414 t hex1_bin
33f9b44c t hex2_bin
33f9b480 T srec_decode
33f9b6f0 T nulldev_putc
33f9b6f4 T nulldev_puts
33f9b6f8 T nulldev_input
33f9b700 T stdio_get_list
33f9b70c T stdio_clone
33f9b754 T stdio_register
33f9b794 T stdio_init
33f9b88c T stdio_get_by_name
33f9b8e0 T usb_disable_asynch
33f9b8f8 T usb_maxpacket
33f9b91c t usb_set_maxpacket_ep
33f9b96c T usb_set_maxpacket
33f9b9d0 T usb_get_dev_index
33f9ba00 T usb_hub_reset
33f9ba14 T usb_hub_allocate
33f9ba58 T usb_alloc_new_device
33f9baf8 T usb_parse_config
33f9bc4c T usb_submit_int_msg
33f9bc50 T usb_stop
33f9bc8c T wait_ms
33f9bcb0 T usb_bulk_msg
33f9bd14 T usb_control_msg
33f9bde4 T usb_get_port_status
33f9be44 T usb_get_hub_status
33f9be98 T usb_set_port_feature
33f9bef8 T usb_clear_port_feature
33f9bf58 T usb_clear_hub_feature
33f9bfac T usb_get_hub_descriptor
33f9c008 T usb_get_string
33f9c094 t usb_string_sub
33f9c198 T usb_string
33f9c298 T usb_get_class_descriptor
33f9c308 T usb_get_report
33f9c378 T usb_set_idle
33f9c3dc T usb_set_protocol
33f9c43c T usb_set_configuration
33f9c4a4 T usb_set_interface
33f9c570 T usb_set_address
33f9c5b4 T usb_get_descriptor
33f9c620 T usb_get_configuration_no
33f9c6b8 T usb_clear_halt
33f9c76c t usb_hub_power_on
33f9c7b0 t hub_port_reset
33f9c850 T usb_hub_port_connect_change
33f9c944 T usb_hub_configure
33f9cb4c T usb_hub_probe
33f9cbac T usb_new_device
33f9ce4c T usb_scan_devices
33f9cec8 T usb_init
33f9cf44 t __fswab32
33f9cf64 T usb_stor_get_dev
33f9cf84 t usb_stor_irq
33f9cfa0 T usb_show_progress
33f9cfac t usb_request_sense
33f9d008 t usb_test_unit_ready
33f9d084 T usb_stor_get_info
33f9d330 T usb_storage_probe
33f9d560 T usb_stor_BBB_clear_endpt_stall
33f9d5ac t usb_stor_BBB_reset
33f9d694 t usb_stor_CB_reset
33f9d780 T usb_stor_read
33f9d98c T usb_stor_scan
33f9dad4 T usb_stor_CB_comdat
33f9dd04 T usb_stor_BBB_comdat
33f9dde0 T usb_stor_BBB_transport
33f9dfac T usb_stor_CBI_get_status
33f9e07c T usb_stor_CB_transport
33f9e270 T usb_stor_info
33f9e2e0 T parse_num
33f9e408 T xyzModem_error
33f9e4a4 T xyzModem_stream_close
33f9e4f0 T CYGACC_COMM_IF_PUTC
33f9e4f8 T CYGACC_COMM_IF_GETC_TIMEOUT
33f9e54c t xyzModem_flush
33f9e574 T xyzModem_stream_terminate
33f9e64c t xyzModem_get_hdr
33f9e8d0 T xyzModem_stream_read
33f9eb5c T xyzModem_stream_open
33f9ecc0 t delay
33f9eccc T board_video_init
33f9ed20 T dram_init
33f9ed40 T board_eth_init
33f9ed44 T board_init
33f9ee68 t write_hword
33f9ef08 T write_buff
33f9f07c T flash_print_info
33f9f1b4 T flash_erase
33f9f354 T flash_init
33f9f3fc T cyg_crc16
33f9f444 T crc32
33f9f558 T crc32_no_comp
33f9f664 T crc32_wd
33f9f668 T print_size
33f9f730 T display_options
33f9f750 T print_buffer
33f9f8b0 T zunzip
33f9f9a4 T gunzip
33f9fa6c T zfree
33f9fa74 T zalloc
33f9fa84 T lmb_dump_all
33f9fa88 t lmb_addrs_adjacent
33f9faac t lmb_remove_region
33f9fae8 T lmb_init
33f9fb10 t lmb_add_region
33f9fcd8 T lmb_add
33f9fcdc T lmb_free
33f9fddc T lmb_reserve
33f9fde4 T lmb_overlaps_region
33f9fe40 t lmb_align_down
33f9fe4c T __lmb_alloc_base
33f9ff5c T lmb_is_reserved
33f9ffbc T lmb_alloc_base
33f9ffec T lmb_alloc
33f9fff4 T strcpy
33fa0010 T strncpy
33fa0038 T strcat
33fa006c T strncat
33fa00d0 T strcmp
33fa0108 T strncmp
33fa0158 T strchr
33fa0184 T strlen
33fa01a4 T strrchr
33fa01dc T strnlen
33fa0204 T strspn
33fa0248 T strpbrk
33fa0288 T strtok
33fa0308 T strsep
33fa033c T strswab
33fa0388 T memset
33fa0404 T bcopy
33fa0430 T memcpy
33fa04ac T memmove
33fa0508 T memcmp
33fa0548 T memscan
33fa0578 T strstr
33fa05dc T memchr
33fa060c T strdup
33fa063c t pack_hex_byte
33fa0664 T simple_strtoul
33fa071c T simple_strtol
33fa0744 T ustrtoul
33fa07b8 t skip_atoi
33fa07f0 t put_dec_trunc
33fa08cc T panic
33fa091c t string
33fa09cc t put_dec
33fa0afc t number
33fa0d64 T vsprintf
33fa13e0 T sprintf
33fa1408 T inflate_fast
33fa1988 T inflate_table
33fa1f1c T inflateReset
33fa1fbc T inflateInit2_
33fa20c4 T inflateInit_
33fa20d4 T inflateEnd
33fa215c T adler32
33fa2498 T zcfree
33fa24a0 T zcalloc
33fa24a8 T inflate
33fa3bec T __div64_32
33fa3ce0 T do_irq
33fa3cec T arch_interrupt_init
33fa3cf4 t get_PLLCLK
33fa3d6c T get_UCLK
33fa3d74 T get_FCLK
33fa3d7c T get_HCLK
33fa3e20 T get_PCLK
33fa3e48 t READ_TIMER
33fa3e5c T set_timer
33fa3e6c T reset_timer_masked
33fa3e8c T reset_timer
33fa3e90 T get_ticks
33fa3edc T udelay_masked
33fa3f50 T get_timer_masked
33fa3f80 T get_timer
33fa3f94 T udelay
33fa3fe8 T get_tbclk
33fa3ff0 T reset_cpu
33fa4010 T timer_init
33fa408c t td_alloc
33fa40d4 t roothub_a
33fa4118 t roothub_portstatus
33fa4160 t urb_free_priv
33fa4198 T rh_check_port_status
33fa41ec T submit_int_msg
33fa41f4 t td_fill
33fa4290 t hc_reset
33fa4340 T usb_lowlevel_stop
33fa4378 t hc_release_ohci
33fa4388 T usb_lowlevel_init
33fa4578 T sohci_submit_job
33fa4b24 T submit_common_msg
33fa5020 T submit_bulk_msg
33fa5038 T submit_control_msg
33fa5688 T mmc_get_dev
33fa5694 T mmc_ident
33fa569c T mmc2info
33fa56a4 t mmc_block_write
33fa56bc t mmc_cmd
33fa579c T mmc_init
33fa5e20 t mmc_block_read
33fa5f30 T mmc_write
33fa6074 T mmc_read
33fa6180 T mmc_bread
33fa61a4 T do_bootm_linux
33fa6370 T flush_cache
33fa6374 t get_cr
33fa637c t set_cr
33fa6384 t cp_delay
33fa63b4 t cache_enable
33fa63d4 t cache_disable
33fa63f4 T icache_enable
33fa63fc T icache_disable
33fa6404 T icache_status
33fa6418 T dcache_enable
33fa6420 T dcache_disable
33fa6428 T dcache_status
33fa643c T do_reset
33fa646c t downcase
33fa6498 T disk_read
33fa64ec t dirdelim
33fa6520 t get_fatent
33fa6680 t slot2str
33fa6750 t mkcksum
33fa6780 t get_cluster
33fa6828 t get_vfatname
33fa69c0 t get_name
33fa6a7c t read_bootsectandvi
33fa6b74 T file_fat_detectfs
33fa6cd4 T do_fat_read
33fa7630 T file_fat_read
33fa7668 T file_fat_ls
33fa7678 T fat_register_device
33fa7768 T mkmodestr
33fa7884 t EMPTY_SCAN_SIZE
33fa7890 t insert_node
33fa7958 t put_fl_mem
33fa7984 t free_nodes
33fa79ac T jffs2_free_cache
33fa79e0 t get_fl_mem_nor
33fa7a34 t get_fl_mem_nand
33fa7bf4 t get_fl_mem
33fa7c48 T jffs2_1pass_rescan_needed
33fa7cb8 t jffs2_get_list
33fa8294 T jffs2_1pass_info
33fa83b0 t get_node_mem
33fa84c0 t jffs2_1pass_find_inode
33fa8648 t jffs2_1pass_search_inode
33fa877c T jffs2_1pass_load
33fa8d50 t jffs2_1pass_search_list_inodes
33fa93d0 T jffs2_1pass_ls
33fa9424 T rtime_decompress
33fa94fc T rubin_do_decompress
33fa95f8 T dynrubin_decompress
33fa9638 T zlib_decompress
33fa9650 T cramfs_memset
33fa9674 T pull_bits
33fa96d0 T pull_bit
33fa9704 t read_symbol
33fa978c t decompress_huffman
33fa98c0 t fill_code_tables
33fa9998 t init_code_tables
33fa99d4 T decompress_block
33fa9f64 T print_part
33faa040 T dev_print
33faa23c T get_partition_info
33faa260 T init_part
33faa27c T get_dev
33faa2d8 t le32_to_int
33faa300 t is_extended
33faa320 T test_part_dos
33faa374 t get_partition_info_extended
33faa59c T get_partition_info_dos
33faa5bc t print_partition_extended
33faa774 T print_part_dos
33faa7a0 t nand_read
33faa7cc t nand_block_isbad
33faa7dc t nand_block_bad_scrub
33faa7e4 t get_len_incl_bad
33faa870 T nand_read_skip_bad
33faaa1c T nand_write_skip_bad
33faaca0 T nand_erase_opts
33faafd4 t dm9000_outblk_8bit
33faaffc t dm9000_outblk_16bit
33fab034 t dm9000_outblk_32bit
33fab064 t dm9000_inblk_8bit
33fab08c t dm9000_inblk_16bit
33fab0c4 t dm9000_inblk_32bit
33fab0f4 t dm9000_rx_status_32bit
33fab11c t dm9000_rx_status_16bit
33fab140 t dm9000_rx_status_8bit
33fab174 t DM9000_ior
33fab18c t DM9000_iow
33fab1a4 T dm9000_initialize
33fab204 t dm9000_reset
33fab2a4 t dm9000_rx
33fab3e0 t dm9000_halt
33fab450 t phy_read
33fab4a8 t dm9000_init
33fab794 t dm9000_send
33fab864 T GregorianDay
33fab958 T to_tm
33faba68 T mktime
33fabafc t bcd2bin
33fabb10 t bin2bcd
33fabb44 t SetRTC_Access
33fabb74 T rtc_get
33fabc78 T rtc_set
33fabd18 T rtc_reset
33fabd3c t video_drawchars
33fac270 t video_putchar
33fac290 t console_newline
33fac380 T video_putc
33fac534 t fill_555rgb_pswap
33fac55c T __board_video_skip
33fac55c W board_video_skip
33fac564 T video_puts
33fac594 T logo_plot
33fac7ac T video_display_bitmap
33fad170 T drv_video_init
33fad414 T video_set_lut
33fad418 T video_hw_init
33fad654 t video_get_param_len
33fad67c T video_get_params
33fadae0 T cleanup_before_linux
33fadb00 T raise
33fadb1c T __aeabi_uidiv
33fadb1c T __udivsi3
33fadb1c t .udivsi3_nodiv0
33fadc10 T __aeabi_uidivmod
33fadc30 T __aeabi_idiv
33fadc30 T __divsi3
33fadc38 t .divsi3_nodiv0
33fadd58 T __aeabi_idivmod
33fadd78 T __aeabi_llsr
33fadd78 T __lshrdi3
33fadd94 T __aeabi_lasr
33fadd94 T __ashrdi3
33faddb0 T __aeabi_llsl
33faddb0 T __ashldi3
33faddcc W __aeabi_idiv0
33faddcc W __aeabi_ldiv0
33fadde0 r C.32.2624
33fade60 r boot_os
33fadeac r baudrate_table
33fadec0 r crc_table
33fae2c0 r lbase.2975
33fae2fe r lext.2976
33fae33c r dbase.2977
33fae37c r dext.2978
33fae3bc r lenfix
33faebbc r distfix
33faec3c r order.3202
33faec64 R z_errmsg
33faec8c r cc_to_error
33faeccc r l.4148
33faecd0 r compr_names
33faecec r year_lengths.2713
33faecf4 r mon_lengths.2712
33faed54 r day_name.2689
33faed69 r mon_name.2690
33faed90 r block_drvr
33faeda8 r C.28.2650
33faedd8 r video_font_draw_table8
33faee18 r video_font_draw_table15
33faee28 r video_font_draw_table16
33faee38 r video_font_draw_table32
33faef38 r video_font_draw_table24
33faeff8 R res_mode_init
33faf12c R vesa_modes
33faf21c r crc16_tab
33faf41c R version_string
33faf45a r default_nand_name
33faf45f r __func__.5258
33faf473 r __FUNCTION__.5386
33faf482 r __FUNCTION__.3654
33faf493 r __FUNCTION__.4837
33faf4a1 r __FUNCTION__.4327
33faf4b3 r C.47.3804
33faf4b5 r nand_ecc_precalc_table
33faf5b5 r descStr0
33faf5b9 r descStr1
33faf5cf r descStr2
33faf5fb r __FUNCTION__.3730
33faf618 R hex_asc
33faf629 r digits.2827
33faf639 r huffman_order
33fb7b60 D init_sequence
33fb7b90 D NetOurVLAN
33fb7b92 D NetOurNativeVLAN
33fb7b94 D NetBcastAddr
33fb7b9c d nfs_offset
33fb7ba0 d TftpBlkSizeOption
33fb7ba4 D TftpRRQTimeoutMSecs
33fb7ba8 d TftpTimeoutMSecs
33fb7bac d TftpTimeoutCountMax
33fb7bb0 D TftpRRQTimeoutCountMax
33fb7bb4 d TftpBlkSize
33fb7bb8 D nand_curr_device
33fb7bbc d nand_oob_8
33fb7d04 d nand_oob_16
33fb7e4c d nand_oob_64
33fb7f94 d nand_oob_128
33fb80dc d bbt_main_descr
33fb8100 d bbt_mirror_descr
33fb8124 d agand_flashbased
33fb8148 d smallpage_flashbased
33fb816c d largepage_flashbased
33fb8190 d smallpage_memorybased
33fb81b4 d largepage_memorybased
33fb81d8 d bbt_pattern
33fb81dc d mirror_pattern
33fb81e0 d scan_agand_pattern
33fb81e6 d scan_ff_pattern
33fb81e8 D nand_flash_ids
33fb8638 D nand_manuf_ids
33fb8688 D IO_ADDR_W
33fb868c D Selfpwr
33fb868d D Configuration
33fb8690 D load_addr
33fb8694 D cmd_bootm_sub
33fb873c D weekdays
33fb8758 d i2c_dp_last_length
33fb875c D op_table
33fb87c4 d do_echo
33fb87c8 D dp_last_length
33fb87cc d curr_device
33fb87d0 d env_id
33fb87d4 d usb_stor_curr_dev
33fb87d8 D g_bUSBWait
33fb87dc d av_
33fb8be4 d sbrk_base
33fb8be8 d trim_threshold
33fb8bec d mmap_threshold
33fb8bf0 D default_environment
33fb8dc4 D env_name_spec
33fb8dc8 d blanks.3106
33fb8df0 d reserved_list
33fb8e74 d uimage_os
33fb8ed4 d uimage_arch
33fb8fc4 d uimage_type
33fb9048 d uimage_comp
33fb9084 d erase_seq
33fb9088 d tab_seq
33fb9094 d hist_cur
33fb9098 D stdio_names
33fb90a4 D us_direction
33fb90c4 D _ctype
33fb91c4 d root_hub_dev_des
33fb91d6 d root_hub_config_des
33fb91ef d root_hub_str_index0
33fb91f3 d root_hub_str_index1
33fb9210 d rca
33fb9214 d cur_part
33fb9218 d nand_cache_off
33fb921c d month_days
33fb924c d video_fontdata
33fba24c d nl.3353
33fba250 D bmp_logo_palette
33fba28e D bmp_logo_bitmap
33fbde90 A __u_boot_cmd_start
33fbde90 D __u_boot_cmd_bdinfo
33fbdeac D __u_boot_cmd_bmp
33fbdec8 D __u_boot_cmd_go
33fbdee4 D __u_boot_cmd_reset
33fbdf00 D __u_boot_cmd_bootm
33fbdf1c D __u_boot_cmd_boot
33fbdf38 D __u_boot_cmd_bootd
33fbdf54 D __u_boot_cmd_iminfo
33fbdf70 D __u_boot_cmd_imls
33fbdf8c D __u_boot_cmd_icache
33fbdfa8 D __u_boot_cmd_dcache
33fbdfc4 D __u_boot_cmd_coninfo
33fbdfe0 D __u_boot_cmd_date
33fbdffc D __u_boot_cmd_eeprom
33fbe018 D __u_boot_cmd_bootelf
33fbe034 D __u_boot_cmd_bootvx
33fbe050 D __u_boot_cmd_fatload
33fbe06c D __u_boot_cmd_fatls
33fbe088 D __u_boot_cmd_fatinfo
33fbe0a4 D __u_boot_cmd_flinfo
33fbe0c0 D __u_boot_cmd_erase
33fbe0dc D __u_boot_cmd_protect
33fbe0f8 D __u_boot_cmd_i2c
33fbe114 D __u_boot_cmd_itest
33fbe130 D __u_boot_cmd_fsload
33fbe14c D __u_boot_cmd_ls
33fbe168 D __u_boot_cmd_fsinfo
33fbe184 D __u_boot_cmd_loads
33fbe1a0 D __u_boot_cmd_loadb
33fbe1bc D __u_boot_cmd_loadx
33fbe1d8 D __u_boot_cmd_loady
33fbe1f4 D __u_boot_cmd_md
33fbe210 D __u_boot_cmd_mm
33fbe22c D __u_boot_cmd_nm
33fbe248 D __u_boot_cmd_mw
33fbe264 D __u_boot_cmd_cp
33fbe280 D __u_boot_cmd_cmp
33fbe29c D __u_boot_cmd_crc32
33fbe2b8 D __u_boot_cmd_base
33fbe2d4 D __u_boot_cmd_loop
33fbe2f0 D __u_boot_cmd_mtest
33fbe30c D __u_boot_cmd_unzip
33fbe328 D __u_boot_cmd_sleep
33fbe344 D __u_boot_cmd_mmc
33fbe360 D __u_boot_cmd_nand
33fbe37c D __u_boot_cmd_nboot
33fbe398 D __u_boot_cmd_bootp
33fbe3b4 D __u_boot_cmd_tftpboot
33fbe3d0 D __u_boot_cmd_rarpboot
33fbe3ec D __u_boot_cmd_dhcp
33fbe408 D __u_boot_cmd_nfs
33fbe424 D __u_boot_cmd_ping
33fbe440 D __u_boot_cmd_saveenv
33fbe45c D __u_boot_cmd_editenv
33fbe478 D __u_boot_cmd_printenv
33fbe494 D __u_boot_cmd_setenv
33fbe4b0 D __u_boot_cmd_askenv
33fbe4cc D __u_boot_cmd_run
33fbe4e8 D __u_boot_cmd_reginfo
33fbe504 D __u_boot_cmd_source
33fbe520 D __u_boot_cmd_usb
33fbe53c D __u_boot_cmd_usbboot
33fbe558 D __u_boot_cmd_usbslave
33fbe574 D __u_boot_cmd_imxtract
33fbe590 D __u_boot_cmd_version
33fbe5ac D __u_boot_cmd_echo
33fbe5c8 D __u_boot_cmd_test
33fbe5e4 D __u_boot_cmd_exit
33fbe600 D __u_boot_cmd_help
33fbe61c D __u_boot_cmd_question_mark
33fbe638 D __u_boot_cmd_showvar
33fbe654 A __bss_start
33fbe654 A __u_boot_cmd_end
33fbe700 B monitor_flash_len
33fbe704 b eth_current
33fbe708 b eth_devices
33fbe70c b act.3118
33fbe710 b env_changed_id.3119
33fbe714 b first_failed.3102
33fbe718 B NetState
33fbe71c b packetHandler
33fbe720 b timeHandler
33fbe724 b timeStart
33fbe728 b timeDelta
33fbe72c B NetIPID
33fbe730 B NetOurIP
33fbe734 B NetOurEther
33fbe73c B NetPingIP
33fbe740 B NetRxPacket
33fbe744 B NetRxPacketLen
33fbe748 B NetArpWaitPacketIP
33fbe74c B NetArpWaitPacketMAC
33fbe750 B NetArpWaitReplyIP
33fbe754 B NetArpWaitTxPacket
33fbe758 B NetArpWaitTxPacketSize
33fbe75c B NetServerIP
33fbe760 B NetServerEther
33fbe768 B NetTxPacket
33fbe76c B NetOurSubnetMask
33fbe770 B NetOurGatewayIP
33fbe774 b mac.3185
33fbe77a B NetEtherNullAddr
33fbe780 b PingSeqNo
33fbe784 B NetArpWaitTry
33fbe788 B NetArpWaitTimerStart
33fbe78c b NetTryCount
33fbe790 b NetRestarted
33fbe794 B NetRestartWrap
33fbe798 b NetDevExists
33fbe79c B PktBuf
33fc05bc B NetRxPackets
33fc05cc B NetArpWaitPacketBuf
33fc0bec b env_changed_id.3031
33fc0bf0 B NetBootFileXferSize
33fc0bf4 B NetOurDNSIP
33fc0bf8 B NetOurNISDomain
33fc0c18 B NetOurHostName
33fc0c38 B NetOurRootPath
33fc0c78 B NetBootFileSize
33fc0c7a B BootFile
33fc0cfc b rpc_id
33fc0d00 b NfsSrvMountPort
33fc0d04 b NfsSrvNfsPort
33fc0d08 b fs_mounted
33fc0d0c b dirfh
33fc0d2c b filefh
33fc0d4c b NfsServerIP
33fc0d50 b NfsOurPort
33fc0d54 b NfsState
33fc0d58 b nfs_path
33fc0d5c b nfs_filename
33fc0d60 b nfs_len
33fc0d64 b NfsDownloadState
33fc0d68 b nfs_path_buff
33fc1568 b default_filename
33fc15a8 b NfsTimeoutCount
33fc15ac B RarpTry
33fc15b0 b TftpState
33fc15b4 b tftp_filename
33fc1634 b TftpBlock
33fc1638 b TftpServerIP
33fc163c b TftpServerPort
33fc1640 b TftpOurPort
33fc1644 b default_filename
33fc1654 b TftpTimeoutCount
33fc1658 b TftpBlockWrap
33fc165c b TftpBlockWrapOffset
33fc1660 b TftpLastBlock
33fc1664 B dhcp_leasetime
33fc1668 B NetDHCPServerIP
33fc166c B dhcp_state
33fc1670 B BootpTry
33fc1674 B BootpID
33fc1678 B nand_info
33fc1730 b nand_chip
33fc1840 B isUsbdSetConfiguration
33fc1844 B download_run
33fc1848 B dwUSBBufBase
33fc184c B dwUSBBufReadPtr
33fc1850 B dwUSBBufWritePtr
33fc1854 B bDMAPending
33fc1858 B tempDownloadAddress
33fc185c B downloadAddress
33fc1860 B downPt
33fc1864 B downloadFileSize
33fc1868 B dwWillDMACnt
33fc186c B totalDmaCount
33fc1870 B restart
33fc1874 B err
33fc1878 B menuUsed
33fc187c B run
33fc1880 B checkSum
33fc1884 B dwUSBBufSize
33fc1888 B consoleNum
33fc188c b intCount
33fc1890 B g_TimerIntHappen
33fc1894 B isr_handle_array
33fc195c B dbgStrWrPt
33fc1960 B dbgStrFifo
33fc2960 B dbgStrRdPt
33fc2964 B ep3Buf
33fc2984 B descDev
33fc2996 B descConf
33fc299f B descIf
33fc29a8 B descEndpt0
33fc29af B descEndpt1
33fc29b8 B ep0State
33fc29bc B descSetup
33fc29c4 b ep0SubState.3181
33fc29c8 B ConfigSet
33fc29c9 B Rwuen
33fc29ca B StatusGet
33fc29cf B InterfaceGet
33fc29d0 B ep0SubState
33fc29d4 B AlterSetting
33fc29d5 B device_status
33fc29d6 B interface_status
33fc29d7 B endpoint0_status
33fc29d8 B endpoint1_status
33fc29d9 B endpoint3_status
33fc29dc B transferIndex
33fc29e0 B ep1Buf
33fc2a00 b images
33fc2b2c b i2c_mm_last_chip
33fc2b30 b i2c_mm_last_addr
33fc2b34 b i2c_mm_last_alen
33fc2b38 b i2c_dp_last_chip
33fc2b3c b i2c_dp_last_addr
33fc2b40 b i2c_dp_last_alen
33fc2b44 b initialized.3744
33fc2b48 B current_mtd_dev
33fc2b4c B current_mtd_partnum
33fc2b50 b os_data_state
33fc2b54 b os_data_addr
33fc2b58 b bin_start_address
33fc2b5c b k_data_escape
33fc2b60 B os_data_init
33fc2b64 b k_data_escape_saved
33fc2b68 b os_data_state_saved
33fc2b6c b os_data_addr_saved
33fc2b70 B os_data_char
33fc2b74 B his_quote
33fc2b78 B his_pad_count
33fc2b7c B his_pad_char
33fc2b7d B his_eol
33fc2b80 B send_ptr
33fc2b84 B send_parms
33fc2b98 b a_b
33fc2bb0 b base_address
33fc2bb4 B mm_last_addr
33fc2bb8 B mm_last_size
33fc2bbc B dp_last_addr
33fc2bc0 B dp_last_size
33fc2bc4 B g_dwDownloadLen
33fc2bc8 b tmp_buf.2837
33fc2dc8 b tmp_buf
33fc2ec8 b ctrlc_disabled
33fc2ecc b ctrlc_was_pressed
33fc2ed0 B mem_malloc_brk
33fc2ed4 B mem_malloc_start
33fc2ed8 B mem_malloc_end
33fc2edc b current_mallinfo
33fc2f04 b top_pad
33fc2f08 b max_sbrked_mem
33fc2f0c b max_total_mem
33fc2f10 b n_mmaps_max
33fc2f14 B env_ptr
33fc2f18 b local.2892
33fc2f2e b map
33fc3030 b top_vars
33fc3034 b flag_repeat
33fc3038 b do_repeat
33fc303c b the_command.2919
33fc313c b buf.3382
33fc3164 B last_return_code
33fc3168 b ifs
33fc316c B nesting_level
33fc3170 b initted.2889
33fc3174 b hist_max
33fc3178 b hist_add_idx
33fc317c B hist_num
33fc3180 B hist_lines
33fc4580 B hist_list
33fc45d0 B console_buffer
33fc46d0 b devs
33fc470c B stdio_devices
33fc4718 b asynch_allowed
33fc471c b usb_dev
33fd201c b usb_hub_index
33fd2020 b hub_dev
33fd2120 b dev_index
33fd2124 B usb_started
33fd2125 b setup_packet
33fd2130 b running
33fd2134 b usb_dev_desc
33fd2350 b usb_ccb
33fd23e0 b usb_stor_buf
33fd25e0 b usb_max_devs
33fd25e4 b usb_stor
33fd26e8 b CBWTag
33fd26ec b xyz
33fd2b28 B flash_info
33fd2bd4 B ___strtok
33fd2bd8 b timestamp
33fd2bdc b lastdec
33fd2be0 B timer_load_val
33fd2be4 b timer_clk
33fd2c00 B ptd
33fd2c04 b ohci_inited
33fd2c08 b gohci
33fd2cd0 B urb_priv
33fd2da4 B phcca
33fd2e00 B ghcca
33fd2f00 B ohci_dev
33fd30a0 B gtd
33fd40e0 B urb_finished
33fd40e4 B devgone
33fd40e8 B got_rhsc
33fd4100 b mmc_dev
33fd416c b resp.3518
33fd4180 b sdi
33fd4188 b mmc_csd
33fd41a0 b mmc_ready
33fd41a4 b wide
33fd41a8 b mmc_buf
33fd43a8 b params
33fd43ac b part_offset
33fd43b0 b cur_dev
33fd43b4 B get_vfatname_block
33fe43b4 B do_fat_read_block
33ff43b4 B get_dentfromdir_block
340043b4 b current_part
340043b8 b nand_cache
340043bc b dm9000_info
3400449c b pGD
340044a0 b video_fb_address
340044a4 b eorx
340044a8 b bgx
340044ac b console_col
340044b0 b console_row
340044b4 b video_console_address
340044b8 b fgx
340044bc B smi
3400454c A _end
