Archive member included because of file (symbol)

lib_arm/libarm.a(board.o)     cpu/arm920t/start.o (start_armboot)
lib_arm/libarm.a(interrupts.o)
                              lib_arm/libarm.a(board.o) (enable_interrupts)
net/libnet.a(eth.o)           lib_arm/libarm.a(board.o) (eth_initialize)
net/libnet.a(net.o)           lib_arm/libarm.a(board.o) (copy_filename)
net/libnet.a(nfs.o)           net/libnet.a(net.o) (NfsStart)
net/libnet.a(rarp.o)          net/libnet.a(net.o) (RarpRequest)
net/libnet.a(tftp.o)          net/libnet.a(net.o) (TftpStart)
net/libnet.a(bootp.o)         net/libnet.a(net.o) (BootpRequest)
drivers/i2c/libi2c.a(s3c24x0_i2c.o)
                              lib_arm/libarm.a(board.o) (i2c_init)
drivers/mtd/nand/libnand.a(nand.o)
                              lib_arm/libarm.a(board.o) (nand_init)
drivers/mtd/nand/libnand.a(nand_base.o)
                              drivers/mtd/nand/libnand.a(nand.o) (nand_scan)
drivers/mtd/nand/libnand.a(nand_bbt.o)
                              drivers/mtd/nand/libnand.a(nand_base.o) (nand_isbad_bbt)
drivers/mtd/nand/libnand.a(nand_ecc.o)
                              drivers/mtd/nand/libnand.a(nand_base.o) (nand_calculate_ecc)
drivers/mtd/nand/libnand.a(nand_ids.o)
                              drivers/mtd/nand/libnand.a(nand_base.o) (nand_flash_ids)
drivers/mtd/nand/libnand.a(s3c2410_nand.o)
                              drivers/mtd/nand/libnand.a(nand.o) (board_nand_init)
drivers/serial/libserial.a(serial_s3c24x0.o)
                              lib_arm/libarm.a(board.o) (serial_init)
drivers/usb/slave/libusb_slave.a(usbinit.o)
                              lib_arm/libarm.a(board.o) (usb_init_slave)
drivers/usb/slave/libusb_slave.a(interrupt.o)
                              drivers/usb/slave/libusb_slave.a(usbinit.o) (Timer_InitEx)
drivers/usb/slave/libusb_slave.a(usblib.o)
                              drivers/usb/slave/libusb_slave.a(usbinit.o) (ConfigEp3DmaMode)
drivers/usb/slave/libusb_slave.a(usbmain.o)
                              drivers/usb/slave/libusb_slave.a(interrupt.o) (IsrUsbd)
drivers/usb/slave/libusb_slave.a(usbout.o)
                              drivers/usb/slave/libusb_slave.a(usbinit.o) (ClearEp3OutPktReady)
drivers/usb/slave/libusb_slave.a(usbsetup.o)
                              drivers/usb/slave/libusb_slave.a(usbmain.o) (InitDescriptorTable)
drivers/usb/slave/libusb_slave.a(usbin.o)
                              drivers/usb/slave/libusb_slave.a(usbmain.o) (PrepareEp1Fifo)
common/libcommon.a(cmd_bdinfo.o)
                              (__u_boot_cmd_bdinfo)
common/libcommon.a(cmd_bmp.o)
                              (__u_boot_cmd_bmp)
common/libcommon.a(cmd_boot.o)
                              (__u_boot_cmd_go)
common/libcommon.a(cmd_bootm.o)
                              lib_arm/libarm.a(board.o) (load_addr)
common/libcommon.a(cmd_cache.o)
                              (__u_boot_cmd_icache)
common/libcommon.a(cmd_console.o)
                              (__u_boot_cmd_coninfo)
common/libcommon.a(cmd_date.o)
                              (__u_boot_cmd_date)
common/libcommon.a(cmd_eeprom.o)
                              (__u_boot_cmd_eeprom)
common/libcommon.a(cmd_elf.o)
                              common/libcommon.a(cmd_bootm.o) (do_bootvx)
common/libcommon.a(cmd_fat.o)
                              (__u_boot_cmd_fatload)
common/libcommon.a(cmd_flash.o)
                              (__u_boot_cmd_flinfo)
common/libcommon.a(cmd_i2c.o)
                              (__u_boot_cmd_i2c)
common/libcommon.a(cmd_itest.o)
                              (__u_boot_cmd_itest)
common/libcommon.a(cmd_jffs2.o)
                              (__u_boot_cmd_fsload)
common/libcommon.a(cmd_load.o)
                              (__u_boot_cmd_loads)
common/libcommon.a(cmd_mem.o)
                              (__u_boot_cmd_md)
common/libcommon.a(cmd_misc.o)
                              (__u_boot_cmd_sleep)
common/libcommon.a(cmd_mmc.o)
                              (__u_boot_cmd_mmc)
common/libcommon.a(cmd_nand.o)
                              (__u_boot_cmd_nand)
common/libcommon.a(cmd_net.o)
                              (__u_boot_cmd_bootp)
common/libcommon.a(cmd_nvedit.o)
                              net/libnet.a(eth.o) (get_env_id)
common/libcommon.a(cmd_reginfo.o)
                              (__u_boot_cmd_reginfo)
common/libcommon.a(cmd_source.o)
                              (__u_boot_cmd_source)
common/libcommon.a(cmd_usb.o)
                              (__u_boot_cmd_usb)
common/libcommon.a(cmd_usbslave.o)
                              (__u_boot_cmd_usbslave)
common/libcommon.a(cmd_ximg.o)
                              (__u_boot_cmd_imxtract)
common/libcommon.a(command.o)
                              common/libcommon.a(cmd_i2c.o) (cmd_get_data_size)
common/libcommon.a(console.o)
                              lib_arm/libarm.a(board.o) (printf)
common/libcommon.a(dlmalloc.o)
[...]
Memory Configuration

Name             Origin             Length             Attributes
*default*        0x00000000         0xffffffff

Linker script and memory map

                0x00000000                . = 0x0
                0x00000000                . = ALIGN (0x4)

.text           0x33f80000    0x2e824
 cpu/arm920t/start.o(.text)
 .text          0x33f80000      0x4e0 cpu/arm920t/start.o
                0x33f80000                _start
                0x33f80044                _armboot_start
                0x33f80048                _bss_start
                0x33f8004c                _bss_end
                0x33f80050                IRQ_STACK_START
                0x33f80054                FIQ_STACK_START
 board/tekkamanninja/mini2440/lowlevel_init.o(.text)
 .text          0x33f804e0       0x70 board/tekkamanninja/mini2440/lowlevel_init.o
                0x33f804e4                lowlevel_init
 board/tekkamanninja/mini2440/nand_read.o(.text)
 .text          0x33f80550      0x2f0 board/tekkamanninja/mini2440/nand_read.o
                0x33f80620                nand_read_ll
 *(.text)
 .text          0x33f80840      0x2c8 lib_arm/libarm.a(board.o)
                0x33f80840                hang
                0x33f80958                start_armboot
 .text          0x33f80b08      0x294 lib_arm/libarm.a(interrupts.o)
                0x33f80b08                enable_interrupts
                0x33f80b18                disable_interrupts
                0x33f80b34                show_regs
                0x33f80c74                bad_mode
                0x33f80c90                do_fiq
                0x33f80cb4                do_not_used
                0x33f80cd8                do_data_abort
                0x33f80cfc                do_prefetch_abort
                0x33f80d20                do_software_interrupt
                0x33f80d44                do_undefined_instruction
                0x33f80d68                interrupt_init
 .text          0x33f80d9c      0x75c net/libnet.a(eth.o)
                0x33f80d9c                cpu_eth_init
                0x33f80da4                eth_get_dev
                0x33f80db4                eth_get_dev_by_index
                0x33f80df8                eth_get_dev_index
                0x33f80e44                eth_halt
                0x33f80e78                eth_send
                0x33f80eac                eth_rx
                0x33f80ed8                eth_get_name
                0x33f80ef8                eth_get_dev_by_name
                0x33f80f48                eth_set_current
                0x33f80fe8                eth_try_another
                0x33f81098                eth_register
                0x33f81124                eth_setenv_enetaddr
                0x33f8115c                eth_parse_enetaddr
                0x33f811bc                eth_getenv_enetaddr
                0x33f81214                eth_getenv_enetaddr_by_index
                0x33f81260                eth_init
                0x33f81320                eth_initialize
 .text          0x33f814f8     0x14f8 net/libnet.a(net.o)
                0x33f81510                NetSetHandler
                0x33f81520                NetCksumOk
                0x33f81578                NetCksum
                0x33f815c0                copy_filename
                0x33f81618                string_to_VLAN
                0x33f8166c                getenv_VLAN
                0x33f8167c                string_to_ip
                0x33f816f8                getenv_IPaddr
                0x33f81708                NetEthHdrSize
                0x33f8174c                VLAN_to_string
                0x33f81798                ip_to_string
                0x33f817e8                random_port
                0x33f81804                NetSetTimeout
                0x33f8183c                NetSetIP
                0x33f8195c                NetSetEther
                0x33f81a44                NetSendPacket
                0x33f81a48                NetReceive
                0x33f8205c                ArpRequest
                0x33f82160                PingSend
                0x33f82310                NetSendUDPPacket
                0x33f8246c                NetStartAgain
                0x33f82574                ArpTimeoutCheck
                0x33f825e8                NetLoop
 .text          0x33f829f0      0xfd4 net/libnet.a(nfs.o)
                0x33f832c4                NfsStart
 .text          0x33f839c4      0x1a0 net/libnet.a(rarp.o)
                0x33f839c4                RarpRequest
 .text          0x33f83b64      0x744 net/libnet.a(tftp.o)
                0x33f83cf8                TftpStart
 .text          0x33f842a8      0x9cc net/libnet.a(bootp.o)
                0x33f84a5c                BootpRequest
                0x33f84c28                DhcpRequest
 .text          0x33f84c74      0x610 drivers/i2c/libi2c.a(s3c24x0_i2c.o)
                0x33f84f90                i2c_write
                0x33f85030                i2c_read
                0x33f850d8                i2c_probe
                0x33f85114                i2c_init
 .text          0x33f85284       0xb8 drivers/mtd/nand/libnand.a(nand.o)
                0x33f85284                nand_init
 .text          0x33f8533c     0x39f8 drivers/mtd/nand/libnand.a(nand_base.o)
                0x33f864a4                nand_release
                0x33f864ec                nand_scan_tail
                0x33f86c88                nand_scan_ident
                0x33f871f8                nand_scan
                0x33f87ce8                nand_erase_nand
                0x33f8815c                nand_wait_ready
 .text          0x33f88d34     0x1820 drivers/mtd/nand/libnand.a(nand_bbt.o)
                0x33f88d7c                nand_isbad_bbt
                0x33f89d54                nand_update_bbt
                0x33f8a028                nand_scan_bbt
                0x33f8a490                nand_default_bbt
 .text          0x33f8a554      0x214 drivers/mtd/nand/libnand.a(nand_ecc.o)
                0x33f8a554                nand_calculate_ecc
                0x33f8a648                nand_correct_data
 .text          0x33f8a768        0x0 drivers/mtd/nand/libnand.a(nand_ids.o)
 .text          0x33f8a768       0xec drivers/mtd/nand/libnand.a(s3c2410_nand.o)
                0x33f8a7e8                board_nand_init
 .text          0x33f8a854      0x13c drivers/serial/libserial.a(serial_s3c24x0.o)
                0x33f8a854                _serial_getc
                0x33f8a870                serial_getc
                0x33f8a890                serial_putc
                0x33f8a898                _serial_putc
                0x33f8a8c0                _serial_tstc
                0x33f8a8d4                serial_tstc
                0x33f8a8e8                _serial_puts
                0x33f8a918                serial_puts
                0x33f8a920                _serial_setbrg
                0x33f8a948                serial_init
                0x33f8a988                serial_setbrg
 .text          0x33f8a990      0x384 drivers/usb/slave/libusb_slave.a(usbinit.o)
                0x33f8a990                udc_disconnect
                0x33f8a9a4                HaltDabort
                0x33f8a9b8                HaltPabort
                0x33f8a9cc                HaltSwi
                0x33f8a9e0                HaltUndef
                0x33f8a9f4                usb_init_slave
                0x33f8aa58                awaitkey
                0x33f8aac8                usb_receive
 .text          0x33f8ad14      0x268 drivers/usb/slave/libusb_slave.a(interrupt.o)
                0x33f8ad14                ClearPending_my
                0x33f8ad24                Timer_InitEx
                0x33f8ad68                IsrWatchdog
                0x33f8ad98                IsrTimer4
                0x33f8adbc                Isr_Init
                0x33f8ae48                IRQ_Handle
                0x33f8ae94                Dummy_isr
                0x33f8aeb4                Timer_StopEx
                0x33f8af24                Timer_StartEx
 .text          0x33f8af7c      0x2ac drivers/usb/slave/libusb_slave.a(usblib.o)
                0x33f8af7c                ReconfigUsbd
                0x33f8b054                ConfigUsbd
                0x33f8b070                RdPktEp0
                0x33f8b098                WrPktEp0
                0x33f8b0c0                WrPktEp1
                0x33f8b0e8                WrPktEp2
                0x33f8b110                RdPktEp3
                0x33f8b138                RdPktEp4
                0x33f8b160                ConfigEp3DmaMode
                0x33f8b1ec                ConfigEp3IntMode
 .text          0x33f8b228      0x11c drivers/usb/slave/libusb_slave.a(usbmain.o)
                0x33f8b228                _WrDbgStrFifo
                0x33f8b258                DbgPrintf
                0x33f8b264                IsrUsbd
                0x33f8b330                UsbdMain
 .text          0x33f8b344      0x3b4 drivers/usb/slave/libusb_slave.a(usbout.o)
                0x33f8b344                ClearEp3OutPktReady
                0x33f8b364                IsrDma2
                0x33f8b4ec                Ep3Handler
 .text          0x33f8b6f8      0xbb8 drivers/usb/slave/libusb_slave.a(usbsetup.o)
                0x33f8b6f8                InitDescriptorTable
                0x33f8b81c                PrintEp0Pkt
                0x33f8b860                Ep0Handler
 .text          0x33f8c2b0       0xa4 drivers/usb/slave/libusb_slave.a(usbin.o)
                0x33f8c2b0                PrepareEp1Fifo
                0x33f8c318                Ep1Handler
 .text          0x33f8c354       0xf0 common/libcommon.a(cmd_bdinfo.o)
                0x33f8c354                do_bdinfo
 .text          0x33f8c444      0x2c0 common/libcommon.a(cmd_bmp.o)
                0x33f8c444                gunzip_bmp
                0x33f8c4e8                do_bmp
 .text          0x33f8c704       0x94 common/libcommon.a(cmd_boot.o)
                0x33f8c704                do_go_exec
                0x33f8c720                do_go
 .text          0x33f8c798      0xe30 common/libcommon.a(cmd_bootm.o)
                0x33f8c798                board_lmb_reserve
                0x33f8c798                __board_lmb_reserve
                0x33f8c79c                arch_lmb_reserve
                0x33f8c79c                __arch_lmb_reserve
                0x33f8c7a0                arch_preboot_os
                0x33f8c7a0                __arch_preboot_os
                0x33f8c93c                do_iminfo
                0x33f8c99c                do_bootd
                0x33f8d150                do_bootm_subcommand
                0x33f8d324                do_bootm
 .text          0x33f8d5c8      0x12c common/libcommon.a(cmd_cache.o)
                0x33f8d604                do_dcache
                0x33f8d67c                do_icache
 .text          0x33f8d6f4       0xd4 common/libcommon.a(cmd_console.o)
                0x33f8d6f4                do_coninfo
 .text          0x33f8d7c8      0x3a8 common/libcommon.a(cmd_date.o)
                0x33f8d7c8                mk_date
                0x33f8da50                do_date
 .text          0x33f8db70      0x21c common/libcommon.a(cmd_eeprom.o)
                0x33f8db70                eeprom_init
                0x33f8db80                eeprom_probe
                0x33f8db8c                eeprom_write
                0x33f8dc04                eeprom_read
                0x33f8dc78                do_eeprom
 .text          0x33f8dd8c      0x450 common/libcommon.a(cmd_elf.o)
                0x33f8dd8c                load_elf_image
                0x33f8de24                valid_elf_image
                0x33f8de78                do_bootvx
                0x33f8e104                do_bootelf_exec
                0x33f8e144                do_bootelf
 .text          0x33f8e1dc      0x360 common/libcommon.a(cmd_fat.o)
                0x33f8e1dc                do_fat_fsinfo
                0x33f8e2b4                do_fat_ls
                0x33f8e3b8                do_fat_fsload
 .text          0x33f8e53c      0xb28 common/libcommon.a(cmd_flash.o)
                0x33f8e53c                flash_sect_roundb
                0x33f8e7d8                flash_sect_protect
                0x33f8ead8                do_protect
                0x33f8ed74                flash_sect_erase
                0x33f8ee54                do_flerase
                0x33f8efe8                do_flinfo
 .text          0x33f8f064      0xaa0 common/libcommon.a(cmd_i2c.o)
                0x33f8f064                __def_i2c_get_bus_speed
                0x33f8f064                i2c_get_bus_speed
                0x33f8f070                __def_i2c_set_bus_speed
                0x33f8f070                i2c_set_bus_speed
                0x33f8f088                do_i2c_bus_speed
                0x33f8f344                do_i2c_loop
                0x33f8f454                do_i2c_mw
                0x33f8f57c                do_i2c_probe
                0x33f8f5c8                do_i2c_md
                0x33f8f7a8                do_i2c_crc
                0x33f8f8f4                do_i2c
 .text          0x33f8fb04      0x2ec common/libcommon.a(cmd_itest.o)
                0x33f8fb4c                binary_test
                0x33f8fd54                do_itest
 .text          0x33f8fdf0      0x624 common/libcommon.a(cmd_jffs2.o)
                0x33f8fe84                mtdparts_init
                0x33f90228                do_jffs2_fsinfo
                0x33f90284                do_jffs2_ls
                0x33f902dc                do_jffs2_fsload
 .text          0x33f90414      0xf6c common/libcommon.a(cmd_load.o)
                0x33f90414                ktrans
                0x33f90434                chk1
                0x33f9049c                k_data_init
                0x33f904bc                k_data_save
                0x33f904e0                k_data_restore
                0x33f90504                k_data_char
                0x33f9057c                send_pad
                0x33f905ac                s1_sendpacket
                0x33f905d8                handle_send_packet
                0x33f907d4                send_nack
                0x33f9084c                send_ack
                0x33f90b4c                do_load_serial_bin
                0x33f912a4                do_load_serial
 .text          0x33f91380      0xaa4 common/libcommon.a(cmd_mem.o)
                0x33f91380                do_unzip
                0x33f91400                do_mem_crc
                0x33f914ac                do_mem_base
                0x33f914f0                do_mem_mtest
                0x33f91698                do_mem_loop
                0x33f91790                do_mem_cmp
                0x33f91920                do_mem_mw
                0x33f919dc                do_mem_cp
                0x33f91d10                do_mem_nm
                0x33f91d30                do_mem_mm
                0x33f91d50                do_mem_md
 .text          0x33f91e24       0x84 common/libcommon.a(cmd_misc.o)
                0x33f91e24                do_sleep
 .text          0x33f91ea8      0x13c common/libcommon.a(cmd_mmc.o)
                0x33f91ea8                do_mmc
 .text          0x33f91fe4      0xf30 common/libcommon.a(cmd_nand.o)
                0x33f9217c                do_nandboot
                0x33f926ec                do_nand
 .text          0x33f92f14      0x3b8 common/libcommon.a(cmd_net.o)
                0x33f92f14                do_ping
                0x33f93290                do_nfs
                0x33f9329c                do_dhcp
                0x33f932a8                do_rarpb
                0x33f932b4                do_tftpb
                0x33f932c0                do_bootp
 .text          0x33f932cc      0x98c common/libcommon.a(cmd_nvedit.o)
                0x33f932cc                get_env_id
                0x33f932dc                envmatch
                0x33f9333c                getenv_r
                0x33f933e4                do_saveenv
                0x33f93410                getenv
                0x33f93480                _do_setenv
                0x33f938ac                do_askenv
                0x33f93a10                do_setenv
                0x33f93a3c                setenv
                0x33f93a88                do_editenv
                0x33f93bc8                do_printenv
 .text          0x33f93c58        0x8 common/libcommon.a(cmd_reginfo.o)
                0x33f93c58                do_reginfo
 .text          0x33f93c60      0x198 common/libcommon.a(cmd_source.o)
                0x33f93c60                source
                0x33f93db0                do_source
 .text          0x33f93df8     0x1088 common/libcommon.a(cmd_usb.o)
                0x33f93df8                usb_get_class_desc
                0x33f93e98                usb_display_ep_desc
                0x33f93f4c                usb_display_class_sub
                0x33f940c8                do_usbboot
                0x33f94468                usb_show_tree_graph
                0x33f94688                usb_show_tree
                0x33f946bc                usb_display_desc
                0x33f947ec                usb_display_string
                0x33f94828                usb_display_if_desc
                0x33f948b0                usb_display_conf_desc
                0x33f9495c                usb_display_config
                0x33f949e8                do_usb
 .text          0x33f94e80      0x14c common/libcommon.a(cmd_usbslave.o)
                0x33f94e80                do_usbslave
 .text          0x33f94fcc      0x23c common/libcommon.a(cmd_ximg.o)
                0x33f94fcc                do_imgextract
 .text          0x33f95208      0xdc4 common/libcommon.a(command.o)
                0x33f95208                cmd_get_data_size
                0x33f95258                do_echo
                0x33f952d8                cmd_usage
                0x33f95338                do_version
                0x33f95358                var_complete
                0x33f953d8                find_cmd_tbl
                0x33f9546c                find_cmd
                0x33f95494                install_auto_complete
                0x33f954e8                _do_help
                0x33f95660                do_help
                0x33f956a8                do_exit
                0x33f956d8                do_test
                0x33f95b40                cmd_auto_complete
 .text          0x33f95fcc      0x5b4 common/libcommon.a(console.o)
                0x33f96070                fgetc
                0x33f96098                ftstc
                0x33f960c0                fputc
                0x33f960ec                fputs
                0x33f96118                disable_ctrlc
                0x33f96130                had_ctrlc
                0x33f96140                clear_ctrlc
                0x33f96154                dbg
                0x33f96160                console_init_f
                0x33f96170                getc
                0x33f96188                tstc
                0x33f961a0                ctrlc
                0x33f961ec                putc
                0x33f96208                puts
                0x33f96224                search_device
                0x33f9624c                console_assign
                0x33f9628c                vprintf
                0x33f962b8                printf
                0x33f962f8                stdio_print_current_devices
                0x33f963b0                console_init_r
                0x33f964f8                fprintf
                0x33f96540                serial_printf
 .text          0x33f96580     0x10e0 common/libcommon.a(dlmalloc.o)
                0x33f96580                sbrk
                0x33f965b8                malloc_trim
                0x33f966c8                free
                0x33f968ec                cfree
                0x33f968f0                malloc
                0x33f96f00                memalign
                0x33f97010                pvalloc
                0x33f97028                valloc
                0x33f97034                malloc_usable_size
                0x33f97078                mallopt
                0x33f970f0                calloc
                0x33f971d0                mem_malloc_init
                0x33f971f8                realloc
 .text          0x33f97660      0x298 common/libcommon.a(env_common.o)
                0x33f97660                env_get_char_memory
                0x33f97684                env_get_addr
                0x33f976a8                env_get_char
                0x33f976f0                env_complete
                0x33f97830                env_crc_update
                0x33f9785c                set_default_env
                0x33f978a0                env_relocate
 .text          0x33f978f8      0x294 common/libcommon.a(env_nand.o)
                0x33f978f8                env_get_char_spec
                0x33f97904                env_init
                0x33f97920                writeenv
                0x33f979d4                readenv
                0x33f97aa0                env_relocate_spec
                0x33f97aec                saveenv
 .text          0x33f97b8c      0x110 common/libcommon.a(exports.o)
                0x33f97b90                get_version
                0x33f97b98                jumptable_init
 .text          0x33f97c9c      0x3c0 common/libcommon.a(flash.o)
                0x33f97c9c                flash_protect
                0x33f97d90                addr2info
                0x33f97dd8                flash_perror
                0x33f97e9c                flash_write
 .text          0x33f9805c     0x1e2c common/libcommon.a(hush.o)
                0x33f9805c                simple_itoa
                0x33f980e4                mapset
                0x33f98110                do_showvar
                0x33f981fc                u_boot_hush_start
                0x33f9826c                new_pipe
                0x33f98524                unset_local_var
                0x33f986e8                reserved_word
                0x33f98c58                set_local_var
                0x33f98e08                update_ifs_map
                0x33f99510                parse_file_outer
                0x33f99554                parse_string_outer
 .text          0x33f99e88      0x970 common/libcommon.a(image.o)
                0x33f99e88                image_multi_count
                0x33f99eac                get_table_entry_name
                0x33f99ed8                genimg_get_os_name
                0x33f99f10                genimg_get_arch_name
                0x33f99f48                genimg_get_type_name
                0x33f99f80                genimg_get_comp_name
                0x33f99fb8                genimg_get_image
                0x33f99fbc                genimg_has_config
                0x33f99fc4                get_table_entry_id
                0x33f9a010                genimg_get_comp_id
                0x33f9a028                genimg_get_type_id
                0x33f9a040                genimg_get_arch_id
                0x33f9a058                genimg_get_os_id
                0x33f9a070                genimg_get_format
                0x33f9a0c4                image_multi_getimg
                0x33f9a16c                genimg_print_size
                0x33f9a198                memmove_wd
                0x33f9a19c                getenv_bootm_size
                0x33f9a1d0                getenv_bootm_low
                0x33f9a204                getenv_yesno
                0x33f9a228                image_print_contents
                0x33f9a4d0                image_check_dcrc
                0x33f9a51c                image_check_hcrc
                0x33f9a584                boot_get_ramdisk
 .text          0x33f9a7f8     0x10c8 common/libcommon.a(main.o)
                0x33f9a7f8                __show_boot_progress
                0x33f9a7f8                show_boot_progress
                0x33f9a7fc                parse_line
                0x33f9a888                do_run
                0x33f9a8f8                run_command
                0x33f9ae98                readline_into_buffer
                0x33f9b7ac                readline
                0x33f9b7c8                main_loop
 .text          0x33f9b8c0      0x2f4 common/libcommon.a(s_record.o)
                0x33f9b940                srec_decode
 .text          0x33f9bbb4      0x1e8 common/libcommon.a(stdio.o)
                0x33f9bbb4                nulldev_putc
                0x33f9bbb8                nulldev_puts
                0x33f9bbbc                nulldev_input
                0x33f9bbc4                stdio_get_list
                0x33f9bbd0                stdio_clone
                0x33f9bc18                stdio_register
                0x33f9bc58                stdio_init
                0x33f9bd50                stdio_get_by_name
 .text          0x33f9bd9c     0x1604 common/libcommon.a(usb.o)
                0x33f9bd9c                usb_disable_asynch
                0x33f9bdb4                usb_maxpacket
                0x33f9be24                usb_set_maxpacket
                0x33f9be88                usb_get_dev_index
                0x33f9beb8                usb_hub_reset
                0x33f9becc                usb_hub_allocate
                0x33f9bf10                usb_alloc_new_device
                0x33f9bfb0                usb_parse_config
                0x33f9c100                usb_submit_int_msg
                0x33f9c104                usb_stop
                0x33f9c138                wait_ms
                0x33f9c15c                usb_bulk_msg
                0x33f9c1c0                usb_control_msg
                0x33f9c274                usb_get_port_status
                0x33f9c2d4                usb_get_hub_status
                0x33f9c328                usb_set_port_feature
                0x33f9c388                usb_clear_port_feature
                0x33f9c3e8                usb_clear_hub_feature
                0x33f9c43c                usb_get_hub_descriptor
                0x33f9c49c                usb_get_string
                0x33f9c618                usb_string
                0x33f9c718                usb_get_class_descriptor
                0x33f9c78c                usb_get_report
                0x33f9c800                usb_set_idle
                0x33f9c864                usb_set_protocol
                0x33f9c8c4                usb_set_configuration
                0x33f9c930                usb_set_interface
                0x33f9c9f0                usb_set_address
                0x33f9ca34                usb_get_descriptor
                0x33f9caa0                usb_get_configuration_no
                0x33f9cb38                usb_clear_halt
                0x33f9cccc                usb_hub_port_connect_change
                0x33f9cdb8                usb_hub_configure
                0x33f9cfc0                usb_hub_probe
                0x33f9d01c                usb_new_device
                0x33f9d2ac                usb_scan_devices
                0x33f9d324                usb_init
 .text          0x33f9d3a0     0x1368 common/libcommon.a(usb_storage.o)
                0x33f9d3a0                usb_stor_get_dev
                0x33f9d3dc                usb_show_progress
                0x33f9d3e8                usb_storage_probe
                0x33f9d618                usb_stor_BBB_clear_endpt_stall
                0x33f9d838                usb_stor_CB_comdat
                0x33f9da84                usb_stor_BBB_comdat
                0x33f9db70                usb_stor_BBB_transport
                0x33f9dd38                usb_stor_CBI_get_status
                0x33f9de18                usb_stor_CB_transport
                0x33f9e004                usb_stor_info
                0x33f9e15c                usb_stor_get_info
                0x33f9e3d4                usb_stor_scan
                0x33f9e520                usb_stor_read
 .text          0x33f9e708      0x978 common/libcommon.a(xyzModem.o)
                0x33f9e708                parse_num
                0x33f9e834                xyzModem_error
                0x33f9e854                xyzModem_stream_close
                0x33f9e8a4                CYGACC_COMM_IF_PUTC
                0x33f9e8ac                CYGACC_COMM_IF_GETC_TIMEOUT
                0x33f9e900                xyzModem_stream_terminate
                0x33f9ecb0                xyzModem_stream_read
                0x33f9ef2c                xyzModem_stream_open
 .text          0x33f9f080      0x1a4 board/tekkamanninja/mini2440/libmini2440.a(mini2440.o)
                0x33f9f080                board_video_init
                0x33f9f0d4                dram_init
                0x33f9f0f4                board_eth_init
                0x33f9f0f8                board_init
 .text          0x33f9f224      0x59c board/tekkamanninja/mini2440/libmini2440.a(flash.o)
                0x33f9f2c4                write_buff
                0x33f9f434                flash_print_info
                0x33f9f570                flash_erase
                0x33f9f718                flash_init
 .text          0x33f9f7c0       0x48 lib_generic/libgeneric.a(crc16.o)
                0x33f9f7c0                cyg_crc16
 .text          0x33f9f808      0x214 lib_generic/libgeneric.a(crc32.o)
                0x33f9f808                crc32
                0x33f9f914                crc32_no_comp
                0x33f9fa18                crc32_wd
 .text          0x33f9fa1c        0x0 lib_generic/libgeneric.a(ctype.o)
 .text          0x33f9fa1c      0x254 lib_generic/libgeneric.a(display_options.o)
                0x33f9fa1c                print_size
                0x33f9fae0                display_options
                0x33f9fb00                print_buffer
 .text          0x33f9fc70      0x1bc lib_generic/libgeneric.a(gunzip.o)
                0x33f9fc70                zunzip
                0x33f9fd60                gunzip
                0x33f9fe14                zfree
                0x33f9fe1c                zalloc
 .text          0x33f9fe2c      0x568 lib_generic/libgeneric.a(lmb.o)
                0x33f9fe2c                lmb_dump_all
                0x33f9fe30                lmb_init
                0x33fa0024                lmb_add
                0x33fa0028                lmb_free
                0x33fa0148                lmb_reserve
                0x33fa0150                lmb_overlaps_region
                0x33fa01a4                __lmb_alloc_base
                0x33fa02fc                lmb_is_reserved
                0x33fa035c                lmb_alloc_base
                0x33fa038c                lmb_alloc
 .text          0x33fa0394      0x6bc lib_generic/libgeneric.a(string.o)
                0x33fa0394                strcpy
                0x33fa03b0                strncpy
                0x33fa03d8                strcat
                0x33fa0408                strncat
                0x33fa0464                strcmp
                0x33fa0494                strncmp
                0x33fa04dc                strchr
                0x33fa0508                strrchr
                0x33fa0544                strlen
                0x33fa0564                strnlen
                0x33fa058c                strspn
                0x33fa05d0                strpbrk
                0x33fa0608                strtok
                0x33fa06d4                strsep
                0x33fa0738                strswab
                0x33fa0780                memset
                0x33fa07f4                bcopy
                0x33fa081c                memcpy
                0x33fa0888                memmove
                0x33fa08e4                memcmp
                0x33fa091c                memscan
                0x33fa094c                strstr
                0x33fa09cc                memchr
                0x33fa09f8                strdup
 .text          0x33fa0a50      0xd18 lib_generic/libgeneric.a(vsprintf.o)
                0x33fa0a50                simple_strtoul
                0x33fa0b00                simple_strtol
                0x33fa0b28                ustrtoul
                0x33fa0c70                panic
                0x33fa10e8                vsprintf
                0x33fa1740                sprintf
 .text          0x33fa1768     0x2744 lib_generic/libgeneric.a(zlib.o)
                0x33fa1768                inflate_fast
                0x33fa1c68                inflate_table
                0x33fa2214                inflateReset
                0x33fa22b4                inflateInit2_
                0x33fa23b4                inflateInit_
                0x33fa23c4                inflateEnd
                0x33fa2448                adler32
                0x33fa2758                zcfree
                0x33fa2760                zcalloc
                0x33fa2768                inflate
 .text          0x33fa3eac       0xf8 lib_generic/libgeneric.a(div64.o)
                0x33fa3eac                __div64_32
 .text          0x33fa3fa4       0x14 cpu/arm920t/s3c24x0/libs3c24x0.a(interrupts.o)
                0x33fa3fa4                do_irq
                0x33fa3fb0                arch_interrupt_init
 .text          0x33fa3fb8      0x154 cpu/arm920t/s3c24x0/libs3c24x0.a(speed.o)
                0x33fa4030                get_UCLK
                0x33fa4038                get_FCLK
                0x33fa4040                get_HCLK
                0x33fa40e4                get_PCLK
 .text          0x33fa410c      0x35c cpu/arm920t/s3c24x0/libs3c24x0.a(timer.o)
                0x33fa410c                reset_timer
                0x33fa4134                set_timer
                0x33fa4144                udelay
                0x33fa41f4                reset_timer_masked
                0x33fa421c                get_timer_masked
                0x33fa4280                get_timer
                0x33fa4294                udelay_masked
                0x33fa4374                get_ticks
                0x33fa43c4                get_tbclk
                0x33fa43cc                reset_cpu
                0x33fa43ec                timer_init
 .text          0x33fa4468     0x1690 cpu/arm920t/s3c24x0/libs3c24x0.a(usb_ohci.o)
                0x33fa4468                rh_check_port_status
                0x33fa4514                submit_int_msg
                0x33fa45d4                usb_lowlevel_init
                0x33fa4830                usb_lowlevel_stop
                0x33fa48f0                sohci_submit_job
                0x33fa4ee0                submit_common_msg
                0x33fa5438                submit_bulk_msg
                0x33fa5450                submit_control_msg
 .text          0x33fa5af8      0xa80 cpu/arm920t/s3c24x0/libs3c24x0.a(mmc.o)
                0x33fa5af8                mmc_get_dev
                0x33fa5b04                mmc_ident
                0x33fa5b0c                mmc2info
                0x33fa5bf4                mmc_init
                0x33fa6378                mmc_read
                0x33fa647c                mmc_bread
                0x33fa64a0                mmc_write
 .text          0x33fa6578      0x1c8 lib_arm/libarm.a(bootm.o)
                0x33fa6578                do_bootm_linux
 .text          0x33fa6740        0x4 lib_arm/libarm.a(cache.o)
                0x33fa6740                flush_cache
 .text          0x33fa6744      0x120 lib_arm/libarm.a(cache-cp15.o)
                0x33fa6744                icache_enable
                0x33fa6784                icache_disable
                0x33fa67c4                icache_status
                0x33fa67d4                dcache_enable
                0x33fa6814                dcache_disable
                0x33fa6854                dcache_status
 .text          0x33fa6864       0x30 lib_arm/libarm.a(reset.o)
                0x33fa6864                do_reset
 .text          0x33fa6894     0x13b0 fs/fat/libfat.a(fat.o)
                0x33fa6894                disk_read
                0x33fa6f64                file_fat_detectfs
                0x33fa70c4                do_fat_read
                0x33fa7b0c                file_fat_read
                0x33fa7b44                file_fat_ls
                0x33fa7b54                fat_register_device
 .text          0x33fa7c44     0x1c78 fs/jffs2/libjffs2.a(jffs2_1pass.o)
                0x33fa7c44                mkmodestr
                0x33fa7e40                jffs2_free_cache
                0x33fa8108                jffs2_1pass_rescan_needed
                0x33fa877c                jffs2_1pass_info
                0x33fa8c60                jffs2_1pass_load
                0x33fa9874                jffs2_1pass_ls
 .text          0x33fa98bc       0xc8 fs/jffs2/libjffs2.a(compr_rtime.o)
                0x33fa98bc                rtime_decompress
 .text          0x33fa9984      0x124 fs/jffs2/libjffs2.a(compr_rubin.o)
                0x33fa9984                rubin_do_decompress
                0x33fa9a6c                dynrubin_decompress
 .text          0x33fa9aa8       0x18 fs/jffs2/libjffs2.a(compr_zlib.o)
                0x33fa9aa8                zlib_decompress
 .text          0x33fa9ac0      0xd50 fs/jffs2/libjffs2.a(mini_inflate.o)
                0x33fa9ac0                cramfs_memset
                0x33fa9ae4                pull_bits
                0x33fa9b3c                pull_bit
                0x33fa9f40                decompress_block
 .text          0x33faa810      0x380 disk/libdisk.a(part.o)
                0x33faa810                dev_print
                0x33faaa10                get_partition_info
                0x33faaa34                init_part
                0x33faaa50                get_dev
                0x33faaab4                print_part
 .text          0x33faab90      0x558 disk/libdisk.a(part_dos.o)
                0x33faab90                test_part_dos
                0x33faae70                get_partition_info_dos
                0x33fab0bc                print_part_dos
 .text          0x33fab0e8      0x828 drivers/mtd/nand/libnand.a(nand_util.o)
                0x33fab180                nand_read_skip_bad
                0x33fab340                nand_write_skip_bad
                0x33fab5e4                nand_erase_opts
 .text          0x33fab910      0x910 drivers/net/libnet.a(dm9000x.o)
                0x33fababc                dm9000_initialize
 .text          0x33fac220      0x29c drivers/rtc/librtc.a(date.o)
                0x33fac220                GregorianDay
                0x33fac310                to_tm
                0x33fac424                mktime
 .text          0x33fac4bc      0x258 drivers/rtc/librtc.a(s3c24x0_rtc.o)
                0x33fac4e8                rtc_get
                0x33fac648                rtc_set
                0x33fac6f0                rtc_reset
 .text          0x33fac714     0x1754 drivers/video/libvideo.a(cfb_console.o)
                0x33facd90                video_putc
                0x33facf98                __board_video_skip
                0x33facf98                board_video_skip
                0x33facfa0                video_puts
                0x33facfd0                logo_plot
                0x33fad1e4                video_display_bitmap
                0x33fadbc0                drv_video_init
 .text          0x33fade68      0x240 drivers/video/libvideo.a(s3c2410_fb.o)
                0x33fade68                video_set_lut
                0x33fade6c                video_hw_init
 .text          0x33fae0a8      0x480 drivers/video/libvideo.a(videomodes.o)
                0x33fae0a8                video_get_params
 .text          0x33fae528       0x20 cpu/arm920t/libarm920t.a(cpu.o)
                0x33fae528                cleanup_before_linux
 .text          0x33fae548       0x1c /home/bamboo/work/ok2440/u-boot_for_ok2440/lib_arm/eabi_compat.o
                0x33fae548                raise
 .text          0x33fae564      0x114 /home/bamboo/work/ok2440/cross_tools/4.4.3/bin/../lib/gcc/arm-none-linux-gnueabi/4.4.3/libgcc.a(_udivsi3.o)
                0x33fae564                __udivsi3
                0x33fae564                __aeabi_uidiv
                0x33fae660                __aeabi_uidivmod
 .text          0x33fae678      0x144 /home/bamboo/work/ok2440/cross_tools/4.4.3/bin/../lib/gcc/arm-none-linux-gnueabi/4.4.3/libgcc.a(_divsi3.o)
                0x33fae678                __aeabi_idiv
                0x33fae678                __divsi3
                0x33fae7a4                __aeabi_idivmod
 .text          0x33fae7bc       0x1c /home/bamboo/work/ok2440/cross_tools/4.4.3/bin/../lib/gcc/arm-none-linux-gnueabi/4.4.3/libgcc.a(_lshrdi3.o)
                0x33fae7bc                __aeabi_llsr
                0x33fae7bc                __lshrdi3
 .text          0x33fae7d8       0x1c /home/bamboo/work/ok2440/cross_tools/4.4.3/bin/../lib/gcc/arm-none-linux-gnueabi/4.4.3/libgcc.a(_ashrdi3.o)
                0x33fae7d8                __ashrdi3
                0x33fae7d8                __aeabi_lasr
 .text          0x33fae7f4       0x1c /home/bamboo/work/ok2440/cross_tools/4.4.3/bin/../lib/gcc/arm-none-linux-gnueabi/4.4.3/libgcc.a(_ashldi3.o)
                0x33fae7f4                __ashldi3
                0x33fae7f4                __aeabi_llsl
 .text          0x33fae810       0x14 /home/bamboo/work/ok2440/cross_tools/4.4.3/bin/../lib/gcc/arm-none-linux-gnueabi/4.4.3/libgcc.a(_dvmd_lnx.o)
                0x33fae810                __div0

.glue_7         0x33fae824        0x0
 .glue_7        0x00000000        0x0 linker stubs

.glue_7t        0x33fae824        0x0
 .glue_7t       0x00000000        0x0 linker stubs

.vfp11_veneer   0x33fae824        0x0
 .vfp11_veneer  0x00000000        0x0 linker stubs

.v4_bx          0x33fae824        0x0
 .v4_bx         0x00000000        0x0 linker stubs
                0x33fae824                . = ALIGN (0x4)

.rodata         0x33fae824     0x9de5
 *(SORT(.rodata*))
 .rodata        0x33fae824       0x30 lib_arm/libarm.a(board.o)
                0x33fae824                version_string
 .rodata        0x33fae854       0x80 lib_arm/libarm.a(interrupts.o)
 .rodata        0x33fae8d4        0x8 drivers/mtd/nand/libnand.a(nand.o)
 .rodata        0x33fae8dc       0x5c drivers/mtd/nand/libnand.a(nand_base.o)
 .rodata        0x33fae938      0x100 drivers/mtd/nand/libnand.a(nand_ecc.o)
 .rodata        0x33faea38       0x48 drivers/usb/slave/libusb_slave.a(usbsetup.o)
 .rodata        0x33faea80       0x4c common/libcommon.a(cmd_bootm.o)
 .rodata        0x33faeacc       0x20 common/libcommon.a(cmd_jffs2.o)
 .rodata        0x33faeaec       0x58 common/libcommon.a(command.o)
 .rodata        0x33faeb44        0x8 common/libcommon.a(usb_storage.o)
 .rodata        0x33faeb4c       0x20 common/libcommon.a(xyzModem.o)
 .rodata        0x33faeb6c      0x200 lib_generic/libgeneric.a(crc16.o)
 .rodata        0x33faed6c      0x400 lib_generic/libgeneric.a(crc32.o)
 .rodata        0x33faf16c       0x24 lib_generic/libgeneric.a(vsprintf.o)
                0x33faf17c                hex_asc
 .rodata        0x33faf190      0x9d0 lib_generic/libgeneric.a(zlib.o)
                0x33fafb38                z_errmsg
 .rodata        0x33fafb60       0x40 cpu/arm920t/s3c24x0/libs3c24x0.a(usb_ohci.o)
 .rodata        0x33fafba0       0xc4 fs/jffs2/libjffs2.a(jffs2_1pass.o)
 .rodata        0x33fafc64       0x14 fs/jffs2/libjffs2.a(mini_inflate.o)
 .rodata        0x33fafc78       0x18 disk/libdisk.a(part.o)
 .rodata        0x33fafc90       0x30 drivers/rtc/librtc.a(date.o)
 .rodata        0x33fafcc0      0x220 drivers/video/libvideo.a(cfb_console.o)
 .rodata        0x33fafee0      0x224 drivers/video/libvideo.a(videomodes.o)
                0x33fafee0                res_mode_init
                0x33fb0014                vesa_modes
 .rodata        0x33fb0104        0x7 net/libnet.a(eth.o)
 .rodata        0x33fb010b        0x7 net/libnet.a(net.o)
 .rodata.str1.1
                0x33fb0112      0x117 lib_arm/libarm.a(board.o)
                                0x11d (size before relaxing)
 .rodata.str1.1
                0x33fb0229      0x264 lib_arm/libarm.a(interrupts.o)
                                0x268 (size before relaxing)
 .rodata.str1.1
                0x33fb048d       0xad net/libnet.a(eth.o)
                                 0xc7 (size before relaxing)
 .rodata.str1.1
                0x33fb053a      0x20c net/libnet.a(net.o)
                                0x217 (size before relaxing)
 .rodata.str1.1
                0x33fb0746      0x193 net/libnet.a(nfs.o)
                                0x1a9 (size before relaxing)
 .rodata.str1.1
                0x33fb08d9       0x20 net/libnet.a(rarp.o)
                                 0x47 (size before relaxing)
 .rodata.str1.1
                0x33fb08f9      0x117 net/libnet.a(tftp.o)
                                0x1f6 (size before relaxing)
 .rodata.str1.1
                0x33fb0a10      0x100 net/libnet.a(bootp.o)
                                0x13d (size before relaxing)
 .rodata.str1.1
                0x33fb0b10       0x78 drivers/i2c/libi2c.a(s3c24x0_i2c.o)
 .rodata.str1.1
                0x33fb0b88        0x8 drivers/mtd/nand/libnand.a(nand.o)
 .rodata.str1.1
                0x33fb0b90      0x2e3 drivers/mtd/nand/libnand.a(nand_base.o)
 .rodata.str1.1
                0x33fb0e73      0x300 drivers/mtd/nand/libnand.a(nand_bbt.o)
 .rodata.str1.1
                0x33fb1173      0x31f drivers/mtd/nand/libnand.a(nand_ids.o)
                                0x335 (size before relaxing)
 .rodata.str1.1
                0x33fb1492      0x14d drivers/usb/slave/libusb_slave.a(usbinit.o)
 .rodata.str1.1
                0x33fb15df       0x36 drivers/usb/slave/libusb_slave.a(interrupt.o)
 .rodata.str1.1
                0x33fb1615       0x17 drivers/usb/slave/libusb_slave.a(usbout.o)
 .rodata.str1.1
                0x33fb162c      0x102 drivers/usb/slave/libusb_slave.a(usbsetup.o)
                                0x10c (size before relaxing)
 .rodata.str1.1
                0x33fb172e       0xaa common/libcommon.a(cmd_bdinfo.o)
                                 0xb3 (size before relaxing)
 .rodata.str1.1
                0x33fb17d8      0x177 common/libcommon.a(cmd_bmp.o)
                                0x184 (size before relaxing)
 .rodata.str1.1
                0x33fb194f       0xef common/libcommon.a(cmd_boot.o)
                                 0xf0 (size before relaxing)
 .rodata.str1.1
                0x33fb1a3e      0x86b common/libcommon.a(cmd_bootm.o)
                                0x8c8 (size before relaxing)
 .rodata.str1.1
                0x33fb22a9       0xd9 common/libcommon.a(cmd_cache.o)
                                0x107 (size before relaxing)
 .rodata.str1.1
                0x33fb2382       0x5c common/libcommon.a(cmd_console.o)
                                 0x61 (size before relaxing)
 .rodata.str1.1
                0x33fb23de      0x175 common/libcommon.a(cmd_date.o)
                                0x17b (size before relaxing)
 .rodata.str1.1
                0x33fb2553       0xc1 common/libcommon.a(cmd_eeprom.o)
                                 0xc7 (size before relaxing)
 .rodata.str1.1
                0x33fb2614      0x278 common/libcommon.a(cmd_elf.o)
                                0x29a (size before relaxing)
 .rodata.str1.1
                0x33fb288c      0x396 common/libcommon.a(cmd_fat.o)
                                0x3a5 (size before relaxing)
 .rodata.str1.1
                0x33fb2c22      0x723 common/libcommon.a(cmd_flash.o)
                                0x730 (size before relaxing)
 .rodata.str1.1
                0x33fb3345      0x357 common/libcommon.a(cmd_i2c.o)
                                0x387 (size before relaxing)
 .rodata.str1.1
                0x33fb369c       0xb3 common/libcommon.a(cmd_itest.o)
                                 0xb5 (size before relaxing)
 .rodata.str1.1
                0x33fb374f      0x2bd common/libcommon.a(cmd_jffs2.o)
                                0x325 (size before relaxing)
 .rodata.str1.1
                0x33fb3a0c      0x3ae common/libcommon.a(cmd_load.o)
                                0x3c8 (size before relaxing)
 .rodata.str1.1
                0x33fb3dba      0x4f2 common/libcommon.a(cmd_mem.o)
                                0x528 (size before relaxing)
 .rodata.str1.1
                0x33fb42ac       0x5f common/libcommon.a(cmd_misc.o)
 .rodata.str1.1
                0x33fb430b       0xc0 common/libcommon.a(cmd_mmc.o)
                                 0xc7 (size before relaxing)
 .rodata.str1.1
                0x33fb43cb      0x821 common/libcommon.a(cmd_nand.o)
                                0x880 (size before relaxing)
 .rodata.str1.1
                0x33fb4bec      0x1e1 common/libcommon.a(cmd_net.o)
                                0x223 (size before relaxing)
 .rodata.str1.1
                0x33fb4dcd      0x4db common/libcommon.a(cmd_nvedit.o)
                                0x541 (size before relaxing)
 .rodata.str1.1
                0x33fb52a8       0x23 common/libcommon.a(cmd_reginfo.o)
                                 0x24 (size before relaxing)
 .rodata.str1.1
                0x33fb52cb      0x101 common/libcommon.a(cmd_source.o)
                                0x108 (size before relaxing)
 .rodata.str1.1
                0x33fb53cc      0x791 common/libcommon.a(cmd_usb.o)
                                0x8c9 (size before relaxing)
 .rodata.str1.1
                0x33fb5b5d       0xa8 common/libcommon.a(cmd_usbslave.o)
                                 0xb4 (size before relaxing)
 .rodata.str1.1
                0x33fb5c05      0x10e common/libcommon.a(cmd_ximg.o)
                                0x19c (size before relaxing)
 .rodata.str1.1
                0x33fb5d13      0x29f common/libcommon.a(command.o)
                                0x2fe (size before relaxing)
 .rodata.str1.1
                0x33fb5fb2       0x77 common/libcommon.a(console.o)
                                 0x8f (size before relaxing)
 .rodata.str1.1
                0x33fb6029       0x33 common/libcommon.a(env_common.o)
                                 0x37 (size before relaxing)
 .rodata.str1.1
                0x33fb605c       0x6e common/libcommon.a(env_nand.o)
                                 0x74 (size before relaxing)
 .rodata.str1.1
                0x33fb60ca       0xf7 common/libcommon.a(flash.o)
                                0x10c (size before relaxing)
 .rodata.str1.1
                0x33fb61c1      0x237 common/libcommon.a(hush.o)
                                0x274 (size before relaxing)
 .rodata.str1.1
                0x33fb63f8      0x44d common/libcommon.a(image.o)
                                0x4ed (size before relaxing)
 .rodata.str1.1
                0x33fb6845       0x6f common/libcommon.a(main.o)
                                 0xd6 (size before relaxing)
 .rodata.str1.1
                0x33fb68b4        0x8 common/libcommon.a(stdio.o)
                                 0x23 (size before relaxing)
 .rodata.str1.1
                0x33fb68bc      0x28b common/libcommon.a(usb.o)
 .rodata.str1.1
                0x33fb6b47      0x1ed common/libcommon.a(usb_storage.o)
                                0x1ff (size before relaxing)
 .rodata.str1.1
                0x33fb6d34       0xe3 common/libcommon.a(xyzModem.o)
                                 0xe5 (size before relaxing)
 .rodata.str1.1
                0x33fb6e17       0xfd board/tekkamanninja/mini2440/libmini2440.a(flash.o)
                                0x105 (size before relaxing)
 .rodata.str1.1
                0x33fb6f14       0x11 lib_generic/libgeneric.a(display_options.o)
                                 0x36 (size before relaxing)
 .rodata.str1.1
                0x33fb6f25       0x85 lib_generic/libgeneric.a(gunzip.o)
 .rodata.str1.1
                0x33fb6faa       0x34 lib_generic/libgeneric.a(lmb.o)
 .rodata.str1.1
                0x33fb6fde        0xe lib_generic/libgeneric.a(vsprintf.o)
 .rodata.str1.1
                0x33fb6fec      0x21c lib_generic/libgeneric.a(zlib.o)
                                0x21d (size before relaxing)
 .rodata.str1.1
                0x33fb7208      0x238 cpu/arm920t/s3c24x0/libs3c24x0.a(usb_ohci.o)
 .rodata.str1.1
                0x33fb7440      0x334 cpu/arm920t/s3c24x0/libs3c24x0.a(mmc.o)
                                0x343 (size before relaxing)
 .rodata.str1.1
                0x33fb7774       0x42 lib_arm/libarm.a(bootm.o)
                                 0x4b (size before relaxing)
 .rodata.str1.1
                0x33fb77b6        0xf lib_arm/libarm.a(reset.o)
 .rodata.str1.1
                0x33fb77c5      0x15b fs/fat/libfat.a(fat.o)
                                0x16d (size before relaxing)
 .rodata.str1.1
                0x33fb7920      0x40a fs/jffs2/libjffs2.a(jffs2_1pass.o)
                                0x41d (size before relaxing)
 .rodata.str1.1
                0x33fb7d2a      0x1af disk/libdisk.a(part.o)
                                0x1e4 (size before relaxing)
 .rodata.str1.1
                0x33fb7ed9       0xe5 disk/libdisk.a(part_dos.o)
                                 0xf1 (size before relaxing)
 .rodata.str1.1
                0x33fb7fbe      0x2ba drivers/mtd/nand/libnand.a(nand_util.o)
                                0x2bc (size before relaxing)
 .rodata.str1.1
                0x33fb8278      0x1de drivers/net/libnet.a(dm9000x.o)
                                0x1e4 (size before relaxing)
 .rodata.str1.1
                0x33fb8456      0x103 drivers/video/libvideo.a(cfb_console.o)
                                0x16d (size before relaxing)
 .rodata.str1.1
                0x33fb8559       0x54 drivers/video/libvideo.a(s3c2410_fb.o)
                                 0x58 (size before relaxing)
 .rodata.str1.1
                0x33fb85ad       0x41 drivers/video/libvideo.a(videomodes.o)
                                 0x4a (size before relaxing)
 .rodata.str1.1
                0x33fb85ee       0x1b /home/bamboo/work/ok2440/u-boot_for_ok2440/lib_arm/eabi_compat.o
                0x33fb860c                . = ALIGN (0x4)

.data           0x33fb860c     0x6310
 *(.data)
 .data          0x33fb860c        0x0 cpu/arm920t/start.o
 .data          0x33fb860c        0x0 board/tekkamanninja/mini2440/lowlevel_init.o
 .data          0x33fb860c        0x0 board/tekkamanninja/mini2440/nand_read.o
 .data          0x33fb860c       0x30 lib_arm/libarm.a(board.o)
                0x33fb860c                init_sequence
 .data          0x33fb863c        0x0 lib_arm/libarm.a(interrupts.o)
 .data          0x33fb863c        0x0 net/libnet.a(eth.o)
 .data          0x33fb863c        0xc net/libnet.a(net.o)
                0x33fb863c                NetOurVLAN
                0x33fb863e                NetOurNativeVLAN
                0x33fb8640                NetBcastAddr
 .data          0x33fb8648        0x4 net/libnet.a(nfs.o)
 .data          0x33fb864c        0x0 net/libnet.a(rarp.o)
 .data          0x33fb864c       0x18 net/libnet.a(tftp.o)
                0x33fb8650                TftpRRQTimeoutMSecs
                0x33fb865c                TftpRRQTimeoutCountMax
 .data          0x33fb8664        0x0 net/libnet.a(bootp.o)
 .data          0x33fb8664        0x0 drivers/i2c/libi2c.a(s3c24x0_i2c.o)
 .data          0x33fb8664        0x4 drivers/mtd/nand/libnand.a(nand.o)
                0x33fb8664                nand_curr_device
 .data          0x33fb8668      0x520 drivers/mtd/nand/libnand.a(nand_base.o)
 .data          0x33fb8b88      0x110 drivers/mtd/nand/libnand.a(nand_bbt.o)
 .data          0x33fb8c98        0x0 drivers/mtd/nand/libnand.a(nand_ecc.o)
 .data          0x33fb8c98      0x4a0 drivers/mtd/nand/libnand.a(nand_ids.o)
                0x33fb8c98                nand_flash_ids
                0x33fb90e8                nand_manuf_ids
 .data          0x33fb9138        0x4 drivers/mtd/nand/libnand.a(s3c2410_nand.o)
                0x33fb9138                IO_ADDR_W
 .data          0x33fb913c        0x0 drivers/serial/libserial.a(serial_s3c24x0.o)
 .data          0x33fb913c        0x0 drivers/usb/slave/libusb_slave.a(usbinit.o)
 .data          0x33fb913c        0x0 drivers/usb/slave/libusb_slave.a(interrupt.o)
 .data          0x33fb913c        0x0 drivers/usb/slave/libusb_slave.a(usblib.o)
 .data          0x33fb913c        0x0 drivers/usb/slave/libusb_slave.a(usbmain.o)
 .data          0x33fb913c        0x0 drivers/usb/slave/libusb_slave.a(usbout.o)
 .data          0x33fb913c        0x2 drivers/usb/slave/libusb_slave.a(usbsetup.o)
                0x33fb913c                Selfpwr
                0x33fb913d                Configuration
 .data          0x33fb913e        0x0 drivers/usb/slave/libusb_slave.a(usbin.o)
 .data          0x33fb913e        0x0 common/libcommon.a(cmd_bdinfo.o)
 .data          0x33fb913e        0x0 common/libcommon.a(cmd_bmp.o)
 .data          0x33fb913e        0x0 common/libcommon.a(cmd_boot.o)
 *fill*         0x33fb913e        0x2 00
 .data          0x33fb9140       0xac common/libcommon.a(cmd_bootm.o)
                0x33fb9140                load_addr
                0x33fb9144                cmd_bootm_sub
 .data          0x33fb91ec        0x0 common/libcommon.a(cmd_cache.o)
 .data          0x33fb91ec        0x0 common/libcommon.a(cmd_console.o)
 .data          0x33fb91ec       0x1c common/libcommon.a(cmd_date.o)
                0x33fb91ec                weekdays
 .data          0x33fb9208        0x0 common/libcommon.a(cmd_eeprom.o)
 .data          0x33fb9208        0x0 common/libcommon.a(cmd_elf.o)
 .data          0x33fb9208        0x0 common/libcommon.a(cmd_fat.o)
 .data          0x33fb9208        0x0 common/libcommon.a(cmd_flash.o)
 .data          0x33fb9208        0x4 common/libcommon.a(cmd_i2c.o)
 .data          0x33fb920c       0x68 common/libcommon.a(cmd_itest.o)
                0x33fb920c                op_table
 .data          0x33fb9274        0x0 common/libcommon.a(cmd_jffs2.o)
 .data          0x33fb9274        0x4 common/libcommon.a(cmd_load.o)
 .data          0x33fb9278        0x4 common/libcommon.a(cmd_mem.o)
                0x33fb9278                dp_last_length
 .data          0x33fb927c        0x0 common/libcommon.a(cmd_misc.o)
 .data          0x33fb927c        0x4 common/libcommon.a(cmd_mmc.o)
 .data          0x33fb9280        0x0 common/libcommon.a(cmd_nand.o)
 .data          0x33fb9280        0x0 common/libcommon.a(cmd_net.o)
 .data          0x33fb9280        0x4 common/libcommon.a(cmd_nvedit.o)
 .data          0x33fb9284        0x0 common/libcommon.a(cmd_reginfo.o)
 .data          0x33fb9284        0x0 common/libcommon.a(cmd_source.o)
 .data          0x33fb9284        0x4 common/libcommon.a(cmd_usb.o)
 .data          0x33fb9288        0x4 common/libcommon.a(cmd_usbslave.o)
                0x33fb9288                g_bUSBWait
 .data          0x33fb928c        0x0 common/libcommon.a(cmd_ximg.o)
 .data          0x33fb928c        0x0 common/libcommon.a(command.o)
 .data          0x33fb928c        0x0 common/libcommon.a(console.o)
 .data          0x33fb928c      0x414 common/libcommon.a(dlmalloc.o)
 .data          0x33fb96a0      0x1d4 common/libcommon.a(env_common.o)
                0x33fb96a0                default_environment
 .data          0x33fb9874        0x4 common/libcommon.a(env_nand.o)
                0x33fb9874                env_name_spec
 .data          0x33fb9878        0x0 common/libcommon.a(exports.o)
 .data          0x33fb9878        0x0 common/libcommon.a(flash.o)
 .data          0x33fb9878       0x84 common/libcommon.a(hush.o)
 .data          0x33fb98fc      0x210 common/libcommon.a(image.o)
 .data          0x33fb9b0c       0x14 common/libcommon.a(main.o)
 .data          0x33fb9b20        0x0 common/libcommon.a(s_record.o)
 .data          0x33fb9b20        0xc common/libcommon.a(stdio.o)
                0x33fb9b20                stdio_names
 .data          0x33fb9b2c        0x0 common/libcommon.a(usb.o)
 .data          0x33fb9b2c       0x20 common/libcommon.a(usb_storage.o)
                0x33fb9b2c                us_direction
 .data          0x33fb9b4c        0x0 common/libcommon.a(xyzModem.o)
 .data          0x33fb9b4c        0x0 board/tekkamanninja/mini2440/libmini2440.a(mini2440.o)
 .data          0x33fb9b4c        0x0 board/tekkamanninja/mini2440/libmini2440.a(flash.o)
 .data          0x33fb9b4c        0x0 lib_generic/libgeneric.a(crc16.o)
 .data          0x33fb9b4c        0x0 lib_generic/libgeneric.a(crc32.o)
 .data          0x33fb9b4c      0x100 lib_generic/libgeneric.a(ctype.o)
                0x33fb9b4c                _ctype
 .data          0x33fb9c4c        0x0 lib_generic/libgeneric.a(display_options.o)
 .data          0x33fb9c4c        0x0 lib_generic/libgeneric.a(gunzip.o)
 .data          0x33fb9c4c        0x0 lib_generic/libgeneric.a(lmb.o)
 .data          0x33fb9c4c        0x0 lib_generic/libgeneric.a(string.o)
 .data          0x33fb9c4c        0x0 lib_generic/libgeneric.a(vsprintf.o)
 .data          0x33fb9c4c        0x0 lib_generic/libgeneric.a(zlib.o)
 .data          0x33fb9c4c        0x0 lib_generic/libgeneric.a(div64.o)
 .data          0x33fb9c4c        0x0 cpu/arm920t/s3c24x0/libs3c24x0.a(interrupts.o)
 .data          0x33fb9c4c        0x0 cpu/arm920t/s3c24x0/libs3c24x0.a(speed.o)
 .data          0x33fb9c4c        0x0 cpu/arm920t/s3c24x0/libs3c24x0.a(timer.o)
 .data          0x33fb9c4c       0x50 cpu/arm920t/s3c24x0/libs3c24x0.a(usb_ohci.o)
 .data          0x33fb9c9c        0x2 cpu/arm920t/s3c24x0/libs3c24x0.a(mmc.o)
 .data          0x33fb9c9e        0x0 lib_arm/libarm.a(bootm.o)
 .data          0x33fb9c9e        0x0 lib_arm/libarm.a(cache.o)
 .data          0x33fb9c9e        0x0 lib_arm/libarm.a(cache-cp15.o)
 .data          0x33fb9c9e        0x0 lib_arm/libarm.a(reset.o)
 *fill*         0x33fb9c9e        0x2 00
 .data          0x33fb9ca0        0x4 fs/fat/libfat.a(fat.o)
 .data          0x33fb9ca4        0x4 fs/jffs2/libjffs2.a(jffs2_1pass.o)
 .data          0x33fb9ca8        0x0 fs/jffs2/libjffs2.a(compr_rtime.o)
 .data          0x33fb9ca8        0x0 fs/jffs2/libjffs2.a(compr_rubin.o)
 .data          0x33fb9ca8        0x0 fs/jffs2/libjffs2.a(compr_zlib.o)
 .data          0x33fb9ca8        0x0 fs/jffs2/libjffs2.a(mini_inflate.o)
 .data          0x33fb9ca8        0x0 disk/libdisk.a(part.o)
 .data          0x33fb9ca8        0x0 disk/libdisk.a(part_dos.o)
 .data          0x33fb9ca8        0x0 drivers/mtd/nand/libnand.a(nand_util.o)
 .data          0x33fb9ca8        0x0 drivers/net/libnet.a(dm9000x.o)
 .data          0x33fb9ca8       0x30 drivers/rtc/librtc.a(date.o)
 .data          0x33fb9cd8        0x0 drivers/rtc/librtc.a(s3c24x0_rtc.o)
 .data          0x33fb9cd8     0x4c44 drivers/video/libvideo.a(cfb_console.o)
                0x33fbacdc                bmp_logo_palette
                0x33fbad1c                bmp_logo_bitmap
 .data          0x33fbe91c        0x0 drivers/video/libvideo.a(s3c2410_fb.o)
 .data          0x33fbe91c        0x0 drivers/video/libvideo.a(videomodes.o)
 .data          0x33fbe91c        0x0 cpu/arm920t/libarm920t.a(cpu.o)
 .data          0x33fbe91c        0x0 /home/bamboo/work/ok2440/u-boot_for_ok2440/lib_arm/eabi_compat.o
 .data          0x33fbe91c        0x0 /home/bamboo/work/ok2440/cross_tools/4.4.3/bin/../lib/gcc/arm-none-linux-gnueabi/4.4.3/libgcc.a(_udivsi3.o)
 .data          0x33fbe91c        0x0 /home/bamboo/work/ok2440/cross_tools/4.4.3/bin/../lib/gcc/arm-none-linux-gnueabi/4.4.3/libgcc.a(_divsi3.o)
 .data          0x33fbe91c        0x0 /home/bamboo/work/ok2440/cross_tools/4.4.3/bin/../lib/gcc/arm-none-linux-gnueabi/4.4.3/libgcc.a(_lshrdi3.o)
 .data          0x33fbe91c        0x0 /home/bamboo/work/ok2440/cross_tools/4.4.3/bin/../lib/gcc/arm-none-linux-gnueabi/4.4.3/libgcc.a(_ashrdi3.o)
 .data          0x33fbe91c        0x0 /home/bamboo/work/ok2440/cross_tools/4.4.3/bin/../lib/gcc/arm-none-linux-gnueabi/4.4.3/libgcc.a(_ashldi3.o)
 .data          0x33fbe91c        0x0 /home/bamboo/work/ok2440/cross_tools/4.4.3/bin/../lib/gcc/arm-none-linux-gnueabi/4.4.3/libgcc.a(_dvmd_lnx.o)
                0x33fbe91c                . = ALIGN (0x4)

.got
 *(.got)
                0x33fbe91c                . = .
                0x33fbe91c                __u_boot_cmd_start = .

.u_boot_cmd     0x33fbe91c      0x7c4
 *(.u_boot_cmd)
 .u_boot_cmd    0x33fbe91c       0x1c common/libcommon.a(cmd_bdinfo.o)
                0x33fbe91c                __u_boot_cmd_bdinfo
 .u_boot_cmd    0x33fbe938       0x1c common/libcommon.a(cmd_bmp.o)
                0x33fbe938                __u_boot_cmd_bmp
 .u_boot_cmd    0x33fbe954       0x38 common/libcommon.a(cmd_boot.o)
                0x33fbe954                __u_boot_cmd_go
                0x33fbe970                __u_boot_cmd_reset
 .u_boot_cmd    0x33fbe98c       0x8c common/libcommon.a(cmd_bootm.o)
                0x33fbe98c                __u_boot_cmd_bootm
                0x33fbe9a8                __u_boot_cmd_boot
                0x33fbe9c4                __u_boot_cmd_bootd
                0x33fbe9e0                __u_boot_cmd_iminfo
                0x33fbe9fc                __u_boot_cmd_imls
 .u_boot_cmd    0x33fbea18       0x38 common/libcommon.a(cmd_cache.o)
                0x33fbea18                __u_boot_cmd_icache
                0x33fbea34                __u_boot_cmd_dcache
 .u_boot_cmd    0x33fbea50       0x1c common/libcommon.a(cmd_console.o)
                0x33fbea50                __u_boot_cmd_coninfo
 .u_boot_cmd    0x33fbea6c       0x1c common/libcommon.a(cmd_date.o)
                0x33fbea6c                __u_boot_cmd_date
 .u_boot_cmd    0x33fbea88       0x1c common/libcommon.a(cmd_eeprom.o)
                0x33fbea88                __u_boot_cmd_eeprom
 .u_boot_cmd    0x33fbeaa4       0x38 common/libcommon.a(cmd_elf.o)
                0x33fbeaa4                __u_boot_cmd_bootelf
                0x33fbeac0                __u_boot_cmd_bootvx
 .u_boot_cmd    0x33fbeadc       0x54 common/libcommon.a(cmd_fat.o)
                0x33fbeadc                __u_boot_cmd_fatload
                0x33fbeaf8                __u_boot_cmd_fatls
                0x33fbeb14                __u_boot_cmd_fatinfo
 .u_boot_cmd    0x33fbeb30       0x54 common/libcommon.a(cmd_flash.o)
                0x33fbeb30                __u_boot_cmd_flinfo
                0x33fbeb4c                __u_boot_cmd_erase
                0x33fbeb68                __u_boot_cmd_protect
 .u_boot_cmd    0x33fbeb84       0x1c common/libcommon.a(cmd_i2c.o)
                0x33fbeb84                __u_boot_cmd_i2c
 .u_boot_cmd    0x33fbeba0       0x1c common/libcommon.a(cmd_itest.o)
                0x33fbeba0                __u_boot_cmd_itest
 .u_boot_cmd    0x33fbebbc       0x54 common/libcommon.a(cmd_jffs2.o)
                0x33fbebbc                __u_boot_cmd_fsload
                0x33fbebd8                __u_boot_cmd_ls
                0x33fbebf4                __u_boot_cmd_fsinfo
 .u_boot_cmd    0x33fbec10       0x70 common/libcommon.a(cmd_load.o)
                0x33fbec10                __u_boot_cmd_loads
                0x33fbec2c                __u_boot_cmd_loadb
                0x33fbec48                __u_boot_cmd_loadx
                0x33fbec64                __u_boot_cmd_loady
 .u_boot_cmd    0x33fbec80      0x134 common/libcommon.a(cmd_mem.o)
                0x33fbec80                __u_boot_cmd_md
                0x33fbec9c                __u_boot_cmd_mm
                0x33fbecb8                __u_boot_cmd_nm
                0x33fbecd4                __u_boot_cmd_mw
                0x33fbecf0                __u_boot_cmd_cp
                0x33fbed0c                __u_boot_cmd_cmp
                0x33fbed28                __u_boot_cmd_crc32
                0x33fbed44                __u_boot_cmd_base
                0x33fbed60                __u_boot_cmd_loop
                0x33fbed7c                __u_boot_cmd_mtest
                0x33fbed98                __u_boot_cmd_unzip
 .u_boot_cmd    0x33fbedb4       0x1c common/libcommon.a(cmd_misc.o)
                0x33fbedb4                __u_boot_cmd_sleep
 .u_boot_cmd    0x33fbedd0       0x1c common/libcommon.a(cmd_mmc.o)
                0x33fbedd0                __u_boot_cmd_mmc
 .u_boot_cmd    0x33fbedec       0x38 common/libcommon.a(cmd_nand.o)
                0x33fbedec                __u_boot_cmd_nand
                0x33fbee08                __u_boot_cmd_nboot
 .u_boot_cmd    0x33fbee24       0xa8 common/libcommon.a(cmd_net.o)
                0x33fbee24                __u_boot_cmd_bootp
                0x33fbee40                __u_boot_cmd_tftpboot
                0x33fbee5c                __u_boot_cmd_rarpboot
                0x33fbee78                __u_boot_cmd_dhcp
                0x33fbee94                __u_boot_cmd_nfs
                0x33fbeeb0                __u_boot_cmd_ping
 .u_boot_cmd    0x33fbeecc       0xa8 common/libcommon.a(cmd_nvedit.o)
                0x33fbeecc                __u_boot_cmd_saveenv
                0x33fbeee8                __u_boot_cmd_editenv
                0x33fbef04                __u_boot_cmd_printenv
                0x33fbef20                __u_boot_cmd_setenv
                0x33fbef3c                __u_boot_cmd_askenv
                0x33fbef58                __u_boot_cmd_run
 .u_boot_cmd    0x33fbef74       0x1c common/libcommon.a(cmd_reginfo.o)
                0x33fbef74                __u_boot_cmd_reginfo
 .u_boot_cmd    0x33fbef90       0x1c common/libcommon.a(cmd_source.o)
                0x33fbef90                __u_boot_cmd_source
 .u_boot_cmd    0x33fbefac       0x38 common/libcommon.a(cmd_usb.o)
                0x33fbefac                __u_boot_cmd_usb
                0x33fbefc8                __u_boot_cmd_usbboot
 .u_boot_cmd    0x33fbefe4       0x1c common/libcommon.a(cmd_usbslave.o)
                0x33fbefe4                __u_boot_cmd_usbslave
 .u_boot_cmd    0x33fbf000       0x1c common/libcommon.a(cmd_ximg.o)
                0x33fbf000                __u_boot_cmd_imxtract
 .u_boot_cmd    0x33fbf01c       0xa8 common/libcommon.a(command.o)
                0x33fbf01c                __u_boot_cmd_version
                0x33fbf038                __u_boot_cmd_echo
                0x33fbf054                __u_boot_cmd_test
                0x33fbf070                __u_boot_cmd_exit
                0x33fbf08c                __u_boot_cmd_help
                0x33fbf0a8                __u_boot_cmd_question_mark
 .u_boot_cmd    0x33fbf0c4       0x1c common/libcommon.a(hush.o)
                0x33fbf0c4                __u_boot_cmd_showvar
                0x33fbf0e0                __u_boot_cmd_end = .
                0x33fbf0e0                . = ALIGN (0x4)
                0x33fbf0e0                __bss_start = .

.bss            0x33fbf100    0x45e4c
 *(.bss)
 .bss           0x33fbf100        0x0 cpu/arm920t/start.o
 .bss           0x33fbf100        0x0 board/tekkamanninja/mini2440/lowlevel_init.o
 .bss           0x33fbf100        0x0 board/tekkamanninja/mini2440/nand_read.o
 .bss           0x33fbf100        0x4 lib_arm/libarm.a(board.o)
                0x33fbf100                monitor_flash_len
 .bss           0x33fbf104        0x0 lib_arm/libarm.a(interrupts.o)
 .bss           0x33fbf104       0x14 net/libnet.a(eth.o)
 .bss           0x33fbf118     0x25e4 net/libnet.a(net.o)
                0x33fbf118                NetState
                0x33fbf12c                NetIPID
                0x33fbf130                NetOurIP
                0x33fbf134                NetOurEther
                0x33fbf13c                NetPingIP
                0x33fbf140                NetRxPacket
                0x33fbf144                NetRxPacketLen
                0x33fbf148                NetArpWaitPacketIP
                0x33fbf14c                NetArpWaitPacketMAC
                0x33fbf150                NetArpWaitReplyIP
                0x33fbf154                NetArpWaitTxPacket
                0x33fbf158                NetArpWaitTxPacketSize
                0x33fbf15c                NetServerIP
                0x33fbf160                NetServerEther
                0x33fbf168                NetTxPacket
                0x33fbf16c                NetOurSubnetMask
                0x33fbf170                NetOurGatewayIP
                0x33fbf17c                NetEtherNullAddr
                0x33fbf184                NetArpWaitTry
                0x33fbf188                NetArpWaitTimerStart
                0x33fbf194                NetRestartWrap
                0x33fbf19c                PktBuf
                0x33fc0fbc                NetRxPackets
                0x33fc0fcc                NetArpWaitPacketBuf
                0x33fc15f0                NetBootFileXferSize
                0x33fc15f4                NetOurDNSIP
                0x33fc15f8                NetOurNISDomain
                0x33fc1618                NetOurHostName
                0x33fc1638                NetOurRootPath
                0x33fc1678                NetBootFileSize
                0x33fc167c                BootFile
 .bss           0x33fc16fc      0x8b0 net/libnet.a(nfs.o)
 .bss           0x33fc1fac        0x4 net/libnet.a(rarp.o)
                0x33fc1fac                RarpTry
 .bss           0x33fc1fb0       0xb4 net/libnet.a(tftp.o)
 .bss           0x33fc2064       0x14 net/libnet.a(bootp.o)
                0x33fc2064                dhcp_leasetime
                0x33fc2068                NetDHCPServerIP
                0x33fc206c                BootpID
                0x33fc2070                dhcp_state
                0x33fc2074                BootpTry
 .bss           0x33fc2078        0x0 drivers/i2c/libi2c.a(s3c24x0_i2c.o)
 .bss           0x33fc2078      0x1c8 drivers/mtd/nand/libnand.a(nand.o)
                0x33fc2078                nand_info
 .bss           0x33fc2240        0x0 drivers/mtd/nand/libnand.a(nand_base.o)
 .bss           0x33fc2240        0x0 drivers/mtd/nand/libnand.a(nand_bbt.o)
 .bss           0x33fc2240        0x0 drivers/mtd/nand/libnand.a(nand_ecc.o)
 .bss           0x33fc2240        0x0 drivers/mtd/nand/libnand.a(nand_ids.o)
 .bss           0x33fc2240        0x0 drivers/mtd/nand/libnand.a(s3c2410_nand.o)
 .bss           0x33fc2240        0x0 drivers/serial/libserial.a(serial_s3c24x0.o)
 .bss           0x33fc2240       0x4c drivers/usb/slave/libusb_slave.a(usbinit.o)
                0x33fc2240                isUsbdSetConfiguration
                0x33fc2244                download_run
                0x33fc2248                dwUSBBufBase
                0x33fc224c                dwUSBBufReadPtr
                0x33fc2250                dwUSBBufWritePtr
                0x33fc2254                bDMAPending
                0x33fc2258                tempDownloadAddress
                0x33fc225c                downloadAddress
                0x33fc2260                downPt
                0x33fc2264                downloadFileSize
                0x33fc2268                dwWillDMACnt
                0x33fc226c                totalDmaCount
                0x33fc2270                restart
                0x33fc2274                err
                0x33fc2278                menuUsed
                0x33fc227c                run
                0x33fc2280                checkSum
                0x33fc2284                dwUSBBufSize
                0x33fc2288                consoleNum
 .bss           0x33fc228c       0xd0 drivers/usb/slave/libusb_slave.a(interrupt.o)
                0x33fc2290                g_TimerIntHappen
                0x33fc2294                isr_handle_array
 .bss           0x33fc235c        0x0 drivers/usb/slave/libusb_slave.a(usblib.o)
 .bss           0x33fc235c     0x1008 drivers/usb/slave/libusb_slave.a(usbmain.o)
                0x33fc235c                dbgStrWrPt
                0x33fc2360                dbgStrFifo
                0x33fc3360                dbgStrRdPt
 .bss           0x33fc3364       0x20 drivers/usb/slave/libusb_slave.a(usbout.o)
                0x33fc3364                ep3Buf
 .bss           0x33fc3384       0x68 drivers/usb/slave/libusb_slave.a(usbsetup.o)
                0x33fc3384                descDev
                0x33fc3398                descConf
                0x33fc33a4                descIf
                0x33fc33b0                descEndpt0
                0x33fc33b8                descEndpt1
                0x33fc33c0                ep0State
                0x33fc33c4                descSetup
                0x33fc33d0                ConfigSet
                0x33fc33d1                Rwuen
                0x33fc33d4                StatusGet
                0x33fc33dc                InterfaceGet
                0x33fc33e0                ep0SubState
                0x33fc33e4                AlterSetting
                0x33fc33e5                device_status
                0x33fc33e6                interface_status
                0x33fc33e7                endpoint0_status
                0x33fc33e8                endpoint1_status
                0x33fc33e9                endpoint3_status
 .bss           0x33fc33ec       0x24 drivers/usb/slave/libusb_slave.a(usbin.o)
                0x33fc33ec                transferIndex
                0x33fc33f0                ep1Buf
 .bss           0x33fc3410        0x0 common/libcommon.a(cmd_bdinfo.o)
 .bss           0x33fc3410        0x0 common/libcommon.a(cmd_bmp.o)
 .bss           0x33fc3410        0x0 common/libcommon.a(cmd_boot.o)
 .bss           0x33fc3410      0x12c common/libcommon.a(cmd_bootm.o)
 .bss           0x33fc353c        0x0 common/libcommon.a(cmd_cache.o)
 .bss           0x33fc353c        0x0 common/libcommon.a(cmd_console.o)
 .bss           0x33fc353c        0x0 common/libcommon.a(cmd_date.o)
 .bss           0x33fc353c        0x0 common/libcommon.a(cmd_eeprom.o)
 .bss           0x33fc353c        0x0 common/libcommon.a(cmd_elf.o)
 .bss           0x33fc353c        0x0 common/libcommon.a(cmd_fat.o)
 .bss           0x33fc353c        0x0 common/libcommon.a(cmd_flash.o)
 .bss           0x33fc353c       0x18 common/libcommon.a(cmd_i2c.o)
 .bss           0x33fc3554        0x0 common/libcommon.a(cmd_itest.o)
 .bss           0x33fc3554        0xc common/libcommon.a(cmd_jffs2.o)
                0x33fc3558                current_mtd_dev
                0x33fc355c                current_mtd_partnum
 .bss           0x33fc3560       0x60 common/libcommon.a(cmd_load.o)
                0x33fc3570                os_data_init
                0x33fc3580                os_data_char
                0x33fc3584                his_quote
                0x33fc3588                his_pad_count
                0x33fc358c                his_pad_char
                0x33fc358d                his_eol
                0x33fc3590                send_ptr
                0x33fc3594                send_parms
 .bss           0x33fc35c0       0x14 common/libcommon.a(cmd_mem.o)
                0x33fc35c4                mm_last_addr
                0x33fc35c8                mm_last_size
                0x33fc35cc                dp_last_addr
                0x33fc35d0                dp_last_size
 .bss           0x33fc35d4        0x0 common/libcommon.a(cmd_misc.o)
 .bss           0x33fc35d4        0x0 common/libcommon.a(cmd_mmc.o)
 .bss           0x33fc35d4        0x0 common/libcommon.a(cmd_nand.o)
 .bss           0x33fc35d4        0x0 common/libcommon.a(cmd_net.o)
 .bss           0x33fc35d4        0x0 common/libcommon.a(cmd_nvedit.o)
 .bss           0x33fc35d4        0x0 common/libcommon.a(cmd_reginfo.o)
 .bss           0x33fc35d4        0x0 common/libcommon.a(cmd_source.o)
 .bss           0x33fc35d4        0x0 common/libcommon.a(cmd_usb.o)
 .bss           0x33fc35d4        0x4 common/libcommon.a(cmd_usbslave.o)
                0x33fc35d4                g_dwDownloadLen
 .bss           0x33fc35d8        0x0 common/libcommon.a(cmd_ximg.o)
 .bss           0x33fc35d8      0x300 common/libcommon.a(command.o)
 .bss           0x33fc38d8        0x8 common/libcommon.a(console.o)
 .bss           0x33fc38e0       0x44 common/libcommon.a(dlmalloc.o)
                0x33fc38e0                mem_malloc_brk
                0x33fc38e4                mem_malloc_start
                0x33fc38e8                mem_malloc_end
 .bss           0x33fc3924        0x0 common/libcommon.a(env_common.o)
 .bss           0x33fc3924        0x4 common/libcommon.a(env_nand.o)
                0x33fc3924                env_ptr
 .bss           0x33fc3928        0x0 common/libcommon.a(exports.o)
 .bss           0x33fc3928        0x0 common/libcommon.a(flash.o)
 .bss           0x33fc3928      0x258 common/libcommon.a(hush.o)
                0x33fc3b74                last_return_code
                0x33fc3b7c                nesting_level
 .bss           0x33fc3b80        0x0 common/libcommon.a(image.o)
 .bss           0x33fc3b80     0x1560 common/libcommon.a(main.o)
                0x33fc3b8c                hist_num
                0x33fc3b90                hist_lines
                0x33fc4f90                hist_list
                0x33fc4fe0                console_buffer
 .bss           0x33fc50e0        0x0 common/libcommon.a(s_record.o)
 .bss           0x33fc50e0       0x48 common/libcommon.a(stdio.o)
                0x33fc511c                stdio_devices
 .bss           0x33fc5128     0xda1c common/libcommon.a(usb.o)
                0x33fd2b34                usb_started
 .bss           0x33fd2b44      0x5b8 common/libcommon.a(usb_storage.o)
 .bss           0x33fd30fc      0x43c common/libcommon.a(xyzModem.o)
 .bss           0x33fd3538        0x0 board/tekkamanninja/mini2440/libmini2440.a(mini2440.o)
 .bss           0x33fd3538       0xac board/tekkamanninja/mini2440/libmini2440.a(flash.o)
                0x33fd3538                flash_info
 .bss           0x33fd35e4        0x0 lib_generic/libgeneric.a(crc16.o)
 .bss           0x33fd35e4        0x0 lib_generic/libgeneric.a(crc32.o)
 .bss           0x33fd35e4        0x0 lib_generic/libgeneric.a(ctype.o)
 .bss           0x33fd35e4        0x0 lib_generic/libgeneric.a(display_options.o)
 .bss           0x33fd35e4        0x0 lib_generic/libgeneric.a(gunzip.o)
 .bss           0x33fd35e4        0x0 lib_generic/libgeneric.a(lmb.o)
 .bss           0x33fd35e4        0x4 lib_generic/libgeneric.a(string.o)
                0x33fd35e4                ___strtok
 .bss           0x33fd35e8        0x0 lib_generic/libgeneric.a(vsprintf.o)
 .bss           0x33fd35e8        0x0 lib_generic/libgeneric.a(zlib.o)
 .bss           0x33fd35e8        0x0 lib_generic/libgeneric.a(div64.o)
 .bss           0x33fd35e8        0x0 cpu/arm920t/s3c24x0/libs3c24x0.a(interrupts.o)
 .bss           0x33fd35e8        0x0 cpu/arm920t/s3c24x0/libs3c24x0.a(speed.o)
 .bss           0x33fd35e8       0x10 cpu/arm920t/s3c24x0/libs3c24x0.a(timer.o)
                0x33fd35f0                timer_load_val
 *fill*         0x33fd35f8        0x8 00
 .bss           0x33fd3600     0x1500 cpu/arm920t/s3c24x0/libs3c24x0.a(usb_ohci.o)
                0x33fd36c8                urb_priv
                0x33fd379c                phcca
                0x33fd3800                ghcca
                0x33fd3900                ohci_dev
                0x33fd3aa0                gtd
                0x33fd4ae0                ptd
                0x33fd4ae8                urb_finished
                0x33fd4aec                devgone
                0x33fd4af0                got_rhsc
 .bss           0x33fd4b00      0x2a8 cpu/arm920t/s3c24x0/libs3c24x0.a(mmc.o)
 .bss           0x33fd4da8        0x4 lib_arm/libarm.a(bootm.o)
 .bss           0x33fd4dac        0x0 lib_arm/libarm.a(cache.o)
 .bss           0x33fd4dac        0x0 lib_arm/libarm.a(cache-cp15.o)
 .bss           0x33fd4dac        0x0 lib_arm/libarm.a(reset.o)
 .bss           0x33fd4dac    0x30008 fs/fat/libfat.a(fat.o)
                0x33fd4db4                get_vfatname_block
                0x33fe4db4                do_fat_read_block
                0x33ff4db4                get_dentfromdir_block
 .bss           0x34004db4        0x8 fs/jffs2/libjffs2.a(jffs2_1pass.o)
 .bss           0x34004dbc        0x0 fs/jffs2/libjffs2.a(compr_rtime.o)
 .bss           0x34004dbc        0x0 fs/jffs2/libjffs2.a(compr_rubin.o)
 .bss           0x34004dbc        0x0 fs/jffs2/libjffs2.a(compr_zlib.o)
 .bss           0x34004dbc        0x0 fs/jffs2/libjffs2.a(mini_inflate.o)
 .bss           0x34004dbc        0x0 disk/libdisk.a(part.o)
 .bss           0x34004dbc        0x0 disk/libdisk.a(part_dos.o)
 .bss           0x34004dbc        0x0 drivers/mtd/nand/libnand.a(nand_util.o)
 .bss           0x34004dbc       0xe0 drivers/net/libnet.a(dm9000x.o)
 .bss           0x34004e9c        0x0 drivers/rtc/librtc.a(date.o)
 .bss           0x34004e9c        0x0 drivers/rtc/librtc.a(s3c24x0_rtc.o)
 .bss           0x34004e9c       0x20 drivers/video/libvideo.a(cfb_console.o)
 .bss           0x34004ebc       0x90 drivers/video/libvideo.a(s3c2410_fb.o)
                0x34004ebc                smi
 .bss           0x34004f4c        0x0 drivers/video/libvideo.a(videomodes.o)
 .bss           0x34004f4c        0x0 cpu/arm920t/libarm920t.a(cpu.o)
 .bss           0x34004f4c        0x0 /home/bamboo/work/ok2440/u-boot_for_ok2440/lib_arm/eabi_compat.o
 .bss           0x34004f4c        0x0 /home/bamboo/work/ok2440/cross_tools/4.4.3/bin/../lib/gcc/arm-none-linux-gnueabi/4.4.3/libgcc.a(_udivsi3.o)
 .bss           0x34004f4c        0x0 /home/bamboo/work/ok2440/cross_tools/4.4.3/bin/../lib/gcc/arm-none-linux-gnueabi/4.4.3/libgcc.a(_divsi3.o)
 .bss           0x34004f4c        0x0 /home/bamboo/work/ok2440/cross_tools/4.4.3/bin/../lib/gcc/arm-none-linux-gnueabi/4.4.3/libgcc.a(_lshrdi3.o)
 .bss           0x34004f4c        0x0 /home/bamboo/work/ok2440/cross_tools/4.4.3/bin/../lib/gcc/arm-none-linux-gnueabi/4.4.3/libgcc.a(_ashrdi3.o)
 .bss           0x34004f4c        0x0 /home/bamboo/work/ok2440/cross_tools/4.4.3/bin/../lib/gcc/arm-none-linux-gnueabi/4.4.3/libgcc.a(_ashldi3.o)
 .bss           0x34004f4c        0x0 /home/bamboo/work/ok2440/cross_tools/4.4.3/bin/../lib/gcc/arm-none-linux-gnueabi/4.4.3/libgcc.a(_dvmd_lnx.o)
                0x34004f4c                . = ALIGN (0x4)
                0x34004f4c                _end = .
Address of section .text set to 0x33f80000
LOAD cpu/arm920t/start.o
START GROUP
LOAD lib_generic/libgeneric.a
LOAD lib_generic/lzma/liblzma.a
LOAD lib_generic/lzo/liblzo.a
LOAD cpu/arm920t/libarm920t.a
LOAD cpu/arm920t/s3c24x0/libs3c24x0.a
LOAD lib_arm/libarm.a
LOAD fs/cramfs/libcramfs.a
LOAD fs/fat/libfat.a
LOAD fs/fdos/libfdos.a
LOAD fs/jffs2/libjffs2.a
LOAD fs/reiserfs/libreiserfs.a
LOAD fs/ext2/libext2fs.a
LOAD fs/yaffs2/libyaffs2.a
LOAD fs/ubifs/libubifs.a
LOAD net/libnet.a
LOAD disk/libdisk.a
LOAD drivers/bios_emulator/libatibiosemu.a
LOAD drivers/block/libblock.a
LOAD drivers/dma/libdma.a
LOAD drivers/fpga/libfpga.a
LOAD drivers/gpio/libgpio.a
LOAD drivers/hwmon/libhwmon.a
LOAD drivers/i2c/libi2c.a
LOAD drivers/input/libinput.a
LOAD drivers/misc/libmisc.a
LOAD drivers/mmc/libmmc.a
LOAD drivers/mtd/libmtd.a
LOAD drivers/mtd/nand/libnand.a
LOAD drivers/mtd/onenand/libonenand.a
LOAD drivers/mtd/ubi/libubi.a
LOAD drivers/mtd/spi/libspi_flash.a
LOAD drivers/net/libnet.a
LOAD drivers/net/phy/libphy.a
LOAD drivers/net/sk98lin/libsk98lin.a
LOAD drivers/pci/libpci.a
LOAD drivers/pcmcia/libpcmcia.a
LOAD drivers/power/libpower.a
LOAD drivers/spi/libspi.a
LOAD drivers/rtc/librtc.a
LOAD drivers/serial/libserial.a
LOAD drivers/twserial/libtws.a
LOAD drivers/usb/gadget/libusb_gadget.a
LOAD drivers/usb/host/libusb_host.a
LOAD drivers/usb/musb/libusb_musb.a
LOAD drivers/usb/slave/libusb_slave.a
LOAD drivers/video/libvideo.a
LOAD drivers/watchdog/libwatchdog.a
LOAD common/libcommon.a
LOAD libfdt/libfdt.a
LOAD api/libapi.a
LOAD post/libpost.a
LOAD board/tekkamanninja/mini2440/libmini2440.a
END GROUP
LOAD /home/bamboo/work/ok2440/u-boot_for_ok2440/lib_arm/eabi_compat.o
LOAD /home/bamboo/work/ok2440/cross_tools/4.4.3/bin/../lib/gcc/arm-none-linux-gnueabi/4.4.3/libgcc.a
OUTPUT(u-boot elf32-littlearm)

.ARM.attributes
                0x00000000       0x26
 .ARM.attributes
                0x00000000       0x17 cpu/arm920t/start.o
 .ARM.attributes
                0x00000017       0x17 board/tekkamanninja/mini2440/lowlevel_init.o
 .ARM.attributes
                0x0000002e       0x27 board/tekkamanninja/mini2440/nand_read.o
 .ARM.attributes
                0x00000055       0x27 lib_arm/libarm.a(board.o)
 .ARM.attributes
                0x0000007c       0x27 lib_arm/libarm.a(interrupts.o)
 .ARM.attributes
                0x000000a3       0x27 net/libnet.a(eth.o)
 .ARM.attributes
                0x000000ca       0x27 net/libnet.a(net.o)
 .ARM.attributes
                0x000000f1       0x27 net/libnet.a(nfs.o)
 .ARM.attributes
                0x00000118       0x27 net/libnet.a(rarp.o)
 .ARM.attributes
                0x0000013f       0x27 net/libnet.a(tftp.o)
 .ARM.attributes
                0x00000166       0x27 net/libnet.a(bootp.o)
 .ARM.attributes
                0x0000018d       0x27 drivers/i2c/libi2c.a(s3c24x0_i2c.o)
 .ARM.attributes
                0x000001b4       0x27 drivers/mtd/nand/libnand.a(nand.o)
 .ARM.attributes
                0x000001db       0x27 drivers/mtd/nand/libnand.a(nand_base.o)
 .ARM.attributes
                0x00000202       0x27 drivers/mtd/nand/libnand.a(nand_bbt.o)
 .ARM.attributes
                0x00000229       0x27 drivers/mtd/nand/libnand.a(nand_ecc.o)
 .ARM.attributes
                0x00000250       0x27 drivers/mtd/nand/libnand.a(nand_ids.o)
 .ARM.attributes
                0x00000277       0x27 drivers/mtd/nand/libnand.a(s3c2410_nand.o)
 .ARM.attributes
                0x0000029e       0x27 drivers/serial/libserial.a(serial_s3c24x0.o)
 .ARM.attributes
                0x000002c5       0x27 drivers/usb/slave/libusb_slave.a(usbinit.o)
 .ARM.attributes
                0x000002ec       0x27 drivers/usb/slave/libusb_slave.a(interrupt.o)
 .ARM.attributes
                0x00000313       0x27 drivers/usb/slave/libusb_slave.a(usblib.o)
 .ARM.attributes
                0x0000033a       0x27 drivers/usb/slave/libusb_slave.a(usbmain.o)
 .ARM.attributes
                0x00000361       0x27 drivers/usb/slave/libusb_slave.a(usbout.o)
 .ARM.attributes
                0x00000388       0x27 drivers/usb/slave/libusb_slave.a(usbsetup.o)
 .ARM.attributes
                0x000003af       0x27 drivers/usb/slave/libusb_slave.a(usbin.o)
 .ARM.attributes
                0x000003d6       0x27 common/libcommon.a(cmd_bdinfo.o)
 .ARM.attributes
                0x000003fd       0x27 common/libcommon.a(cmd_bmp.o)
 .ARM.attributes
                0x00000424       0x27 common/libcommon.a(cmd_boot.o)
 .ARM.attributes
                0x0000044b       0x27 common/libcommon.a(cmd_bootm.o)
 .ARM.attributes
                0x00000472       0x27 common/libcommon.a(cmd_cache.o)
 .ARM.attributes
                0x00000499       0x27 common/libcommon.a(cmd_console.o)
 .ARM.attributes
                0x000004c0       0x27 common/libcommon.a(cmd_date.o)
 .ARM.attributes
                0x000004e7       0x27 common/libcommon.a(cmd_eeprom.o)
 .ARM.attributes
                0x0000050e       0x27 common/libcommon.a(cmd_elf.o)
 .ARM.attributes
                0x00000535       0x27 common/libcommon.a(cmd_fat.o)
 .ARM.attributes
                0x0000055c       0x27 common/libcommon.a(cmd_flash.o)
 .ARM.attributes
                0x00000583       0x27 common/libcommon.a(cmd_i2c.o)
 .ARM.attributes
                0x000005aa       0x27 common/libcommon.a(cmd_itest.o)
 .ARM.attributes
                0x000005d1       0x27 common/libcommon.a(cmd_jffs2.o)
 .ARM.attributes
                0x000005f8       0x27 common/libcommon.a(cmd_load.o)
 .ARM.attributes
                0x0000061f       0x27 common/libcommon.a(cmd_mem.o)
 .ARM.attributes
                0x00000646       0x27 common/libcommon.a(cmd_misc.o)
 .ARM.attributes
                0x0000066d       0x27 common/libcommon.a(cmd_mmc.o)
 .ARM.attributes
                0x00000694       0x27 common/libcommon.a(cmd_nand.o)
 .ARM.attributes
                0x000006bb       0x27 common/libcommon.a(cmd_net.o)
 .ARM.attributes
                0x000006e2       0x27 common/libcommon.a(cmd_nvedit.o)
 .ARM.attributes
                0x00000709       0x27 common/libcommon.a(cmd_reginfo.o)
 .ARM.attributes
                0x00000730       0x27 common/libcommon.a(cmd_source.o)
 .ARM.attributes
                0x00000757       0x27 common/libcommon.a(cmd_usb.o)
 .ARM.attributes
                0x0000077e       0x27 common/libcommon.a(cmd_usbslave.o)
 .ARM.attributes
                0x000007a5       0x27 common/libcommon.a(cmd_ximg.o)
 .ARM.attributes
                0x000007cc       0x27 common/libcommon.a(command.o)
 .ARM.attributes
                0x000007f3       0x27 common/libcommon.a(console.o)
 .ARM.attributes
                0x0000081a       0x27 common/libcommon.a(dlmalloc.o)
 .ARM.attributes
                0x00000841       0x27 common/libcommon.a(env_common.o)
 .ARM.attributes
                0x00000868       0x27 common/libcommon.a(env_nand.o)
 .ARM.attributes
                0x0000088f       0x27 common/libcommon.a(exports.o)
 .ARM.attributes
                0x000008b6       0x27 common/libcommon.a(flash.o)
 .ARM.attributes
                0x000008dd       0x27 common/libcommon.a(hush.o)
 .ARM.attributes
                0x00000904       0x27 common/libcommon.a(image.o)
 .ARM.attributes
                0x0000092b       0x27 common/libcommon.a(main.o)
 .ARM.attributes
                0x00000952       0x27 common/libcommon.a(s_record.o)
 .ARM.attributes
                0x00000979       0x27 common/libcommon.a(stdio.o)
 .ARM.attributes
                0x000009a0       0x27 common/libcommon.a(usb.o)
 .ARM.attributes
                0x000009c7       0x27 common/libcommon.a(usb_storage.o)
 .ARM.attributes
                0x000009ee       0x27 common/libcommon.a(xyzModem.o)
 .ARM.attributes
                0x00000a15       0x27 board/tekkamanninja/mini2440/libmini2440.a(mini2440.o)
 .ARM.attributes