Archive member included because of file (symbol)

lib_arm/libarm.a(board.o)     cpu/arm920t/start.o (start_armboot)
lib_arm/libarm.a(interrupts.o)
                              lib_arm/libarm.a(board.o) (enable_interrupts)
net/libnet.a(eth.o)           lib_arm/libarm.a(board.o) (eth_initialize)
net/libnet.a(net.o)           lib_arm/libarm.a(board.o) (copy_filename)
net/libnet.a(nfs.o)           net/libnet.a(net.o) (NfsStart)
net/libnet.a(rarp.o)          net/libnet.a(net.o) (RarpRequest)
net/libnet.a(tftp.o)          net/libnet.a(net.o) (TftpStart)
net/libnet.a(bootp.o)         net/libnet.a(net.o) (BootpRequest)
drivers/i2c/libi2c.a(s3c24x0_i2c.o)
                              lib_arm/libarm.a(board.o) (i2c_init)
drivers/mtd/nand/libnand.a(nand.o)
                              lib_arm/libarm.a(board.o) (nand_init)
drivers/mtd/nand/libnand.a(nand_base.o)
                              drivers/mtd/nand/libnand.a(nand.o) (nand_scan)
drivers/mtd/nand/libnand.a(nand_bbt.o)
                              drivers/mtd/nand/libnand.a(nand_base.o) (nand_isbad_bbt)
drivers/mtd/nand/libnand.a(nand_ecc.o)
                              drivers/mtd/nand/libnand.a(nand_base.o) (nand_calculate_ecc)
drivers/mtd/nand/libnand.a(nand_ids.o)
                              drivers/mtd/nand/libnand.a(nand_base.o) (nand_flash_ids)
drivers/mtd/nand/libnand.a(s3c2410_nand.o)
                              drivers/mtd/nand/libnand.a(nand.o) (board_nand_init)
drivers/serial/libserial.a(serial_s3c24x0.o)
                              lib_arm/libarm.a(board.o) (serial_init)
drivers/usb/slave/libusb_slave.a(usbinit.o)
                              lib_arm/libarm.a(board.o) (usb_init_slave)
drivers/usb/slave/libusb_slave.a(interrupt.o)
                              drivers/usb/slave/libusb_slave.a(usbinit.o) (Timer_InitEx)
drivers/usb/slave/libusb_slave.a(usblib.o)
                              drivers/usb/slave/libusb_slave.a(usbinit.o) (ConfigEp3DmaMode)
drivers/usb/slave/libusb_slave.a(usbmain.o)
                              drivers/usb/slave/libusb_slave.a(interrupt.o) (IsrUsbd)
drivers/usb/slave/libusb_slave.a(usbout.o)
                              drivers/usb/slave/libusb_slave.a(usbinit.o) (ClearEp3OutPktReady)
drivers/usb/slave/libusb_slave.a(usbsetup.o)
                              drivers/usb/slave/libusb_slave.a(usbmain.o) (InitDescriptorTable)
drivers/usb/slave/libusb_slave.a(usbin.o)
                              drivers/usb/slave/libusb_slave.a(usbmain.o) (PrepareEp1Fifo)
common/libcommon.a(cmd_bdinfo.o)
                              (__u_boot_cmd_bdinfo)
common/libcommon.a(cmd_bmp.o)
                              (__u_boot_cmd_bmp)
common/libcommon.a(cmd_boot.o)
                              (__u_boot_cmd_go)
common/libcommon.a(cmd_bootm.o)
                              lib_arm/libarm.a(board.o) (load_addr)
common/libcommon.a(cmd_cache.o)
                              (__u_boot_cmd_icache)
common/libcommon.a(cmd_console.o)
                              (__u_boot_cmd_coninfo)
common/libcommon.a(cmd_date.o)
                              (__u_boot_cmd_date)
common/libcommon.a(cmd_eeprom.o)
                              (__u_boot_cmd_eeprom)
common/libcommon.a(cmd_elf.o)
                              common/libcommon.a(cmd_bootm.o) (do_bootvx)
common/libcommon.a(cmd_fat.o)
                              (__u_boot_cmd_fatload)
common/libcommon.a(cmd_flash.o)
                              (__u_boot_cmd_flinfo)
common/libcommon.a(cmd_i2c.o)
                              (__u_boot_cmd_i2c)
common/libcommon.a(cmd_itest.o)
                              (__u_boot_cmd_itest)
common/libcommon.a(cmd_jffs2.o)
                              (__u_boot_cmd_fsload)
common/libcommon.a(cmd_load.o)
                              (__u_boot_cmd_loads)
common/libcommon.a(cmd_mem.o)
                              (__u_boot_cmd_md)
common/libcommon.a(cmd_misc.o)
                              (__u_boot_cmd_sleep)
common/libcommon.a(cmd_mmc.o)
                              (__u_boot_cmd_mmc)
common/libcommon.a(cmd_nand.o)
                              (__u_boot_cmd_nand)
common/libcommon.a(cmd_net.o)
                              (__u_boot_cmd_bootp)
common/libcommon.a(cmd_nvedit.o)
                              net/libnet.a(eth.o) (get_env_id)
common/libcommon.a(cmd_reginfo.o)
                              (__u_boot_cmd_reginfo)
common/libcommon.a(cmd_source.o)
                              (__u_boot_cmd_source)
common/libcommon.a(cmd_usb.o)
                              (__u_boot_cmd_usb)
common/libcommon.a(cmd_usbslave.o)
                              (__u_boot_cmd_usbslave)
common/libcommon.a(cmd_ximg.o)
                              (__u_boot_cmd_imxtract)
common/libcommon.a(command.o)
                              common/libcommon.a(cmd_i2c.o) (cmd_get_data_size)
common/libcommon.a(console.o)
                              lib_arm/libarm.a(board.o) (printf)
common/libcommon.a(dlmalloc.o)
[...]
Memory Configuration

Name             Origin             Length             Attributes
*default*        0x00000000         0xffffffff

Linker script and memory map

                0x00000000                . = 0x0
                0x00000000                . = ALIGN (0x4)

.text           0x33f80000    0x2e818
 cpu/arm920t/start.o(.text)
 .text          0x33f80000      0x4e0 cpu/arm920t/start.o
                0x33f80000                _start
                0x33f80044                _armboot_start
                0x33f80048                _bss_start
                0x33f8004c                _bss_end
                0x33f80050                IRQ_STACK_START
                0x33f80054                FIQ_STACK_START
 board/Embedded/ok2440/lowlevel_init.o(.text)
 .text          0x33f804e0       0x70 board/Embedded/ok2440/lowlevel_init.o
                0x33f804e4                lowlevel_init
 board/Embedded/ok2440/nand_read.o(.text)
 .text          0x33f80550      0x2f0 board/Embedded/ok2440/nand_read.o
                0x33f80620                nand_read_ll
 *(.text)
 .text          0x33f80840      0x2c8 lib_arm/libarm.a(board.o)
                0x33f80840                hang
                0x33f80958                start_armboot
 .text          0x33f80b08      0x294 lib_arm/libarm.a(interrupts.o)
                0x33f80b08                enable_interrupts
                0x33f80b18                disable_interrupts
                0x33f80b34                show_regs
                0x33f80c74                bad_mode
                0x33f80c90                do_fiq
                0x33f80cb4                do_not_used
                0x33f80cd8                do_data_abort
                0x33f80cfc                do_prefetch_abort
                0x33f80d20                do_software_interrupt
                0x33f80d44                do_undefined_instruction
                0x33f80d68                interrupt_init
 .text          0x33f80d9c      0x75c net/libnet.a(eth.o)
                0x33f80d9c                cpu_eth_init
                0x33f80da4                eth_get_dev
                0x33f80db4                eth_get_dev_by_index
                0x33f80df8                eth_get_dev_index
                0x33f80e44                eth_halt
                0x33f80e78                eth_send
                0x33f80eac                eth_rx
                0x33f80ed8                eth_get_name
                0x33f80ef8                eth_get_dev_by_name
                0x33f80f48                eth_set_current
                0x33f80fe8                eth_try_another
                0x33f81098                eth_register
                0x33f81124                eth_setenv_enetaddr
                0x33f8115c                eth_parse_enetaddr
                0x33f811bc                eth_getenv_enetaddr
                0x33f81214                eth_getenv_enetaddr_by_index
                0x33f81260                eth_init
                0x33f81320                eth_initialize
 .text          0x33f814f8     0x14f8 net/libnet.a(net.o)
                0x33f81510                NetSetHandler
                0x33f81520                NetCksumOk
                0x33f81578                NetCksum
                0x33f815c0                copy_filename
                0x33f81618                string_to_VLAN
                0x33f8166c                getenv_VLAN
                0x33f8167c                string_to_ip
                0x33f816f8                getenv_IPaddr
                0x33f81708                NetEthHdrSize
                0x33f8174c                VLAN_to_string
                0x33f81798                ip_to_string
                0x33f817e8                random_port
                0x33f81804                NetSetTimeout
                0x33f8183c                NetSetIP
                0x33f8195c                NetSetEther
                0x33f81a44                NetSendPacket
                0x33f81a48                NetReceive
                0x33f8205c                ArpRequest
                0x33f82160                PingSend
                0x33f82310                NetSendUDPPacket
                0x33f8246c                NetStartAgain
                0x33f82574                ArpTimeoutCheck
                0x33f825e8                NetLoop
 .text          0x33f829f0      0xfd4 net/libnet.a(nfs.o)
                0x33f832c4                NfsStart
 .text          0x33f839c4      0x1a0 net/libnet.a(rarp.o)
                0x33f839c4                RarpRequest
 .text          0x33f83b64      0x744 net/libnet.a(tftp.o)
                0x33f83cf8                TftpStart
 .text          0x33f842a8      0x9cc net/libnet.a(bootp.o)
                0x33f84a5c                BootpRequest
                0x33f84c28                DhcpRequest
 .text          0x33f84c74      0x610 drivers/i2c/libi2c.a(s3c24x0_i2c.o)
                0x33f84f90                i2c_write
                0x33f85030                i2c_read
                0x33f850d8                i2c_probe
                0x33f85114                i2c_init
 .text          0x33f85284       0xb8 drivers/mtd/nand/libnand.a(nand.o)
                0x33f85284                nand_init
 .text          0x33f8533c     0x39f8 drivers/mtd/nand/libnand.a(nand_base.o)
                0x33f864a4                nand_release
                0x33f864ec                nand_scan_tail
                0x33f86c88                nand_scan_ident
                0x33f871f8                nand_scan
                0x33f87ce8                nand_erase_nand
                0x33f8815c                nand_wait_ready
 .text          0x33f88d34     0x1820 drivers/mtd/nand/libnand.a(nand_bbt.o)
                0x33f88d7c                nand_isbad_bbt
                0x33f89d54                nand_update_bbt
                0x33f8a028                nand_scan_bbt
                0x33f8a490                nand_default_bbt
 .text          0x33f8a554      0x214 drivers/mtd/nand/libnand.a(nand_ecc.o)
                0x33f8a554                nand_calculate_ecc
                0x33f8a648                nand_correct_data
 .text          0x33f8a768        0x0 drivers/mtd/nand/libnand.a(nand_ids.o)
 .text          0x33f8a768       0xec drivers/mtd/nand/libnand.a(s3c2410_nand.o)
                0x33f8a7e8                board_nand_init
 .text          0x33f8a854      0x130 drivers/serial/libserial.a(serial_s3c24x0.o)
                0x33f8a854                _serial_getc
                0x33f8a870                serial_getc
                0x33f8a88c                serial_putc
                0x33f8a894                _serial_putc
                0x33f8a8bc                _serial_tstc
                0x33f8a8d0                serial_tstc
                0x33f8a8e0                _serial_puts
                0x33f8a910                serial_puts
                0x33f8a918                _serial_setbrg
                0x33f8a940                serial_init
                0x33f8a97c                serial_setbrg
 .text          0x33f8a984      0x384 drivers/usb/slave/libusb_slave.a(usbinit.o)
                0x33f8a984                udc_disconnect
                0x33f8a998                HaltDabort
                0x33f8a9ac                HaltPabort
                0x33f8a9c0                HaltSwi
                0x33f8a9d4                HaltUndef
                0x33f8a9e8                usb_init_slave
                0x33f8aa4c                awaitkey
                0x33f8aabc                usb_receive
 .text          0x33f8ad08      0x268 drivers/usb/slave/libusb_slave.a(interrupt.o)
                0x33f8ad08                ClearPending_my
                0x33f8ad18                Timer_InitEx
                0x33f8ad5c                IsrWatchdog
                0x33f8ad8c                IsrTimer4
                0x33f8adb0                Isr_Init
                0x33f8ae3c                IRQ_Handle
                0x33f8ae88                Dummy_isr
                0x33f8aea8                Timer_StopEx
                0x33f8af18                Timer_StartEx
 .text          0x33f8af70      0x2ac drivers/usb/slave/libusb_slave.a(usblib.o)
                0x33f8af70                ReconfigUsbd
                0x33f8b048                ConfigUsbd
                0x33f8b064                RdPktEp0
                0x33f8b08c                WrPktEp0
                0x33f8b0b4                WrPktEp1
                0x33f8b0dc                WrPktEp2
                0x33f8b104                RdPktEp3
                0x33f8b12c                RdPktEp4
                0x33f8b154                ConfigEp3DmaMode
                0x33f8b1e0                ConfigEp3IntMode
 .text          0x33f8b21c      0x11c drivers/usb/slave/libusb_slave.a(usbmain.o)
                0x33f8b21c                _WrDbgStrFifo
                0x33f8b24c                DbgPrintf
                0x33f8b258                IsrUsbd
                0x33f8b324                UsbdMain
 .text          0x33f8b338      0x3b4 drivers/usb/slave/libusb_slave.a(usbout.o)
                0x33f8b338                ClearEp3OutPktReady
                0x33f8b358                IsrDma2
                0x33f8b4e0                Ep3Handler
 .text          0x33f8b6ec      0xbb8 drivers/usb/slave/libusb_slave.a(usbsetup.o)
                0x33f8b6ec                InitDescriptorTable
                0x33f8b810                PrintEp0Pkt
                0x33f8b854                Ep0Handler
 .text          0x33f8c2a4       0xa4 drivers/usb/slave/libusb_slave.a(usbin.o)
                0x33f8c2a4                PrepareEp1Fifo
                0x33f8c30c                Ep1Handler
 .text          0x33f8c348       0xf0 common/libcommon.a(cmd_bdinfo.o)
                0x33f8c348                do_bdinfo
 .text          0x33f8c438      0x2c0 common/libcommon.a(cmd_bmp.o)
                0x33f8c438                gunzip_bmp
                0x33f8c4dc                do_bmp
 .text          0x33f8c6f8       0x94 common/libcommon.a(cmd_boot.o)
                0x33f8c6f8                do_go_exec
                0x33f8c714                do_go
 .text          0x33f8c78c      0xe30 common/libcommon.a(cmd_bootm.o)
                0x33f8c78c                board_lmb_reserve
                0x33f8c78c                __board_lmb_reserve
                0x33f8c790                arch_lmb_reserve
                0x33f8c790                __arch_lmb_reserve
                0x33f8c794                arch_preboot_os
                0x33f8c794                __arch_preboot_os
                0x33f8c930                do_iminfo
                0x33f8c990                do_bootd
                0x33f8d144                do_bootm_subcommand
                0x33f8d318                do_bootm
 .text          0x33f8d5bc      0x12c common/libcommon.a(cmd_cache.o)
                0x33f8d5f8                do_dcache
                0x33f8d670                do_icache
 .text          0x33f8d6e8       0xd4 common/libcommon.a(cmd_console.o)
                0x33f8d6e8                do_coninfo
 .text          0x33f8d7bc      0x3a8 common/libcommon.a(cmd_date.o)
                0x33f8d7bc                mk_date
                0x33f8da44                do_date
 .text          0x33f8db64      0x21c common/libcommon.a(cmd_eeprom.o)
                0x33f8db64                eeprom_init
                0x33f8db74                eeprom_probe
                0x33f8db80                eeprom_write
                0x33f8dbf8                eeprom_read
                0x33f8dc6c                do_eeprom
 .text          0x33f8dd80      0x450 common/libcommon.a(cmd_elf.o)
                0x33f8dd80                load_elf_image
                0x33f8de18                valid_elf_image
                0x33f8de6c                do_bootvx
                0x33f8e0f8                do_bootelf_exec
                0x33f8e138                do_bootelf
 .text          0x33f8e1d0      0x360 common/libcommon.a(cmd_fat.o)
                0x33f8e1d0                do_fat_fsinfo
                0x33f8e2a8                do_fat_ls
                0x33f8e3ac                do_fat_fsload
 .text          0x33f8e530      0xb28 common/libcommon.a(cmd_flash.o)
                0x33f8e530                flash_sect_roundb
                0x33f8e7cc                flash_sect_protect
                0x33f8eacc                do_protect
                0x33f8ed68                flash_sect_erase
                0x33f8ee48                do_flerase
                0x33f8efdc                do_flinfo
 .text          0x33f8f058      0xaa0 common/libcommon.a(cmd_i2c.o)
                0x33f8f058                __def_i2c_get_bus_speed
                0x33f8f058                i2c_get_bus_speed
                0x33f8f064                __def_i2c_set_bus_speed
                0x33f8f064                i2c_set_bus_speed
                0x33f8f07c                do_i2c_bus_speed
                0x33f8f338                do_i2c_loop
                0x33f8f448                do_i2c_mw
                0x33f8f570                do_i2c_probe
                0x33f8f5bc                do_i2c_md
                0x33f8f79c                do_i2c_crc
                0x33f8f8e8                do_i2c
 .text          0x33f8faf8      0x2ec common/libcommon.a(cmd_itest.o)
                0x33f8fb40                binary_test
                0x33f8fd48                do_itest
 .text          0x33f8fde4      0x624 common/libcommon.a(cmd_jffs2.o)
                0x33f8fe78                mtdparts_init
                0x33f9021c                do_jffs2_fsinfo
                0x33f90278                do_jffs2_ls
                0x33f902d0                do_jffs2_fsload
 .text          0x33f90408      0xf6c common/libcommon.a(cmd_load.o)
                0x33f90408                ktrans
                0x33f90428                chk1
                0x33f90490                k_data_init
                0x33f904b0                k_data_save
                0x33f904d4                k_data_restore
                0x33f904f8                k_data_char
                0x33f90570                send_pad
                0x33f905a0                s1_sendpacket
                0x33f905cc                handle_send_packet
                0x33f907c8                send_nack
                0x33f90840                send_ack
                0x33f90b40                do_load_serial_bin
                0x33f91298                do_load_serial
 .text          0x33f91374      0xaa4 common/libcommon.a(cmd_mem.o)
                0x33f91374                do_unzip
                0x33f913f4                do_mem_crc
                0x33f914a0                do_mem_base
                0x33f914e4                do_mem_mtest
                0x33f9168c                do_mem_loop
                0x33f91784                do_mem_cmp
                0x33f91914                do_mem_mw
                0x33f919d0                do_mem_cp
                0x33f91d04                do_mem_nm
                0x33f91d24                do_mem_mm
                0x33f91d44                do_mem_md
 .text          0x33f91e18       0x84 common/libcommon.a(cmd_misc.o)
                0x33f91e18                do_sleep
 .text          0x33f91e9c      0x13c common/libcommon.a(cmd_mmc.o)
                0x33f91e9c                do_mmc
 .text          0x33f91fd8      0xf30 common/libcommon.a(cmd_nand.o)
                0x33f92170                do_nandboot
                0x33f926e0                do_nand
 .text          0x33f92f08      0x3b8 common/libcommon.a(cmd_net.o)
                0x33f92f08                do_ping
                0x33f93284                do_nfs
                0x33f93290                do_dhcp
                0x33f9329c                do_rarpb
                0x33f932a8                do_tftpb
                0x33f932b4                do_bootp
 .text          0x33f932c0      0x98c common/libcommon.a(cmd_nvedit.o)
                0x33f932c0                get_env_id
                0x33f932d0                envmatch
                0x33f93330                getenv_r
                0x33f933d8                do_saveenv
                0x33f93404                getenv
                0x33f93474                _do_setenv
                0x33f938a0                do_askenv
                0x33f93a04                do_setenv
                0x33f93a30                setenv
                0x33f93a7c                do_editenv
                0x33f93bbc                do_printenv
 .text          0x33f93c4c        0x8 common/libcommon.a(cmd_reginfo.o)
                0x33f93c4c                do_reginfo
 .text          0x33f93c54      0x198 common/libcommon.a(cmd_source.o)
                0x33f93c54                source
                0x33f93da4                do_source
 .text          0x33f93dec     0x1088 common/libcommon.a(cmd_usb.o)
                0x33f93dec                usb_get_class_desc
                0x33f93e8c                usb_display_ep_desc
                0x33f93f40                usb_display_class_sub
                0x33f940bc                do_usbboot
                0x33f9445c                usb_show_tree_graph
                0x33f9467c                usb_show_tree
                0x33f946b0                usb_display_desc
                0x33f947e0                usb_display_string
                0x33f9481c                usb_display_if_desc
                0x33f948a4                usb_display_conf_desc
                0x33f94950                usb_display_config
                0x33f949dc                do_usb
 .text          0x33f94e74      0x14c common/libcommon.a(cmd_usbslave.o)
                0x33f94e74                do_usbslave
 .text          0x33f94fc0      0x23c common/libcommon.a(cmd_ximg.o)
                0x33f94fc0                do_imgextract
 .text          0x33f951fc      0xdc4 common/libcommon.a(command.o)
                0x33f951fc                cmd_get_data_size
                0x33f9524c                do_echo
                0x33f952cc                cmd_usage
                0x33f9532c                do_version
                0x33f9534c                var_complete
                0x33f953cc                find_cmd_tbl
                0x33f95460                find_cmd
                0x33f95488                install_auto_complete
                0x33f954dc                _do_help
                0x33f95654                do_help
                0x33f9569c                do_exit
                0x33f956cc                do_test
                0x33f95b34                cmd_auto_complete
 .text          0x33f95fc0      0x5b4 common/libcommon.a(console.o)
                0x33f96064                fgetc
                0x33f9608c                ftstc
                0x33f960b4                fputc
                0x33f960e0                fputs
                0x33f9610c                disable_ctrlc
                0x33f96124                had_ctrlc
                0x33f96134                clear_ctrlc
                0x33f96148                dbg
                0x33f96154                console_init_f
                0x33f96164                getc
                0x33f9617c                tstc
                0x33f96194                ctrlc
                0x33f961e0                putc
                0x33f961fc                puts
                0x33f96218                search_device
                0x33f96240                console_assign
                0x33f96280                vprintf
                0x33f962ac                printf
                0x33f962ec                stdio_print_current_devices
                0x33f963a4                console_init_r
                0x33f964ec                fprintf
                0x33f96534                serial_printf
 .text          0x33f96574     0x10e0 common/libcommon.a(dlmalloc.o)
                0x33f96574                sbrk
                0x33f965ac                malloc_trim
                0x33f966bc                free
                0x33f968e0                cfree
                0x33f968e4                malloc
                0x33f96ef4                memalign
                0x33f97004                pvalloc
                0x33f9701c                valloc
                0x33f97028                malloc_usable_size
                0x33f9706c                mallopt
                0x33f970e4                calloc
                0x33f971c4                mem_malloc_init
                0x33f971ec                realloc
 .text          0x33f97654      0x298 common/libcommon.a(env_common.o)
                0x33f97654                env_get_char_memory
                0x33f97678                env_get_addr
                0x33f9769c                env_get_char
                0x33f976e4                env_complete
                0x33f97824                env_crc_update
                0x33f97850                set_default_env
                0x33f97894                env_relocate
 .text          0x33f978ec      0x294 common/libcommon.a(env_nand.o)
                0x33f978ec                env_get_char_spec
                0x33f978f8                env_init
                0x33f97914                writeenv
                0x33f979c8                readenv
                0x33f97a94                env_relocate_spec
                0x33f97ae0                saveenv
 .text          0x33f97b80      0x110 common/libcommon.a(exports.o)
                0x33f97b84                get_version
                0x33f97b8c                jumptable_init
 .text          0x33f97c90      0x3c0 common/libcommon.a(flash.o)
                0x33f97c90                flash_protect
                0x33f97d84                addr2info
                0x33f97dcc                flash_perror
                0x33f97e90                flash_write
 .text          0x33f98050     0x1e2c common/libcommon.a(hush.o)
                0x33f98050                simple_itoa
                0x33f980d8                mapset
                0x33f98104                do_showvar
                0x33f981f0                u_boot_hush_start
                0x33f98260                new_pipe
                0x33f98518                unset_local_var
                0x33f986dc                reserved_word
                0x33f98c4c                set_local_var
                0x33f98dfc                update_ifs_map
                0x33f99504                parse_file_outer
                0x33f99548                parse_string_outer
 .text          0x33f99e7c      0x970 common/libcommon.a(image.o)
                0x33f99e7c                image_multi_count
                0x33f99ea0                get_table_entry_name
                0x33f99ecc                genimg_get_os_name
                0x33f99f04                genimg_get_arch_name
                0x33f99f3c                genimg_get_type_name
                0x33f99f74                genimg_get_comp_name
                0x33f99fac                genimg_get_image
                0x33f99fb0                genimg_has_config
                0x33f99fb8                get_table_entry_id
                0x33f9a004                genimg_get_comp_id
                0x33f9a01c                genimg_get_type_id
                0x33f9a034                genimg_get_arch_id
                0x33f9a04c                genimg_get_os_id
                0x33f9a064                genimg_get_format
                0x33f9a0b8                image_multi_getimg
                0x33f9a160                genimg_print_size
                0x33f9a18c                memmove_wd
                0x33f9a190                getenv_bootm_size
                0x33f9a1c4                getenv_bootm_low
                0x33f9a1f8                getenv_yesno
                0x33f9a21c                image_print_contents
                0x33f9a4c4                image_check_dcrc
                0x33f9a510                image_check_hcrc
                0x33f9a578                boot_get_ramdisk
 .text          0x33f9a7ec     0x10c8 common/libcommon.a(main.o)
                0x33f9a7ec                __show_boot_progress
                0x33f9a7ec                show_boot_progress
                0x33f9a7f0                parse_line
                0x33f9a87c                do_run
                0x33f9a8ec                run_command
                0x33f9ae8c                readline_into_buffer
                0x33f9b7a0                readline
                0x33f9b7bc                main_loop
 .text          0x33f9b8b4      0x2f4 common/libcommon.a(s_record.o)
                0x33f9b934                srec_decode
 .text          0x33f9bba8      0x1e8 common/libcommon.a(stdio.o)
                0x33f9bba8                nulldev_putc
                0x33f9bbac                nulldev_puts
                0x33f9bbb0                nulldev_input
                0x33f9bbb8                stdio_get_list
                0x33f9bbc4                stdio_clone
                0x33f9bc0c                stdio_register
                0x33f9bc4c                stdio_init
                0x33f9bd44                stdio_get_by_name
 .text          0x33f9bd90     0x1604 common/libcommon.a(usb.o)
                0x33f9bd90                usb_disable_asynch
                0x33f9bda8                usb_maxpacket
                0x33f9be18                usb_set_maxpacket
                0x33f9be7c                usb_get_dev_index
                0x33f9beac                usb_hub_reset
                0x33f9bec0                usb_hub_allocate
                0x33f9bf04                usb_alloc_new_device
                0x33f9bfa4                usb_parse_config
                0x33f9c0f4                usb_submit_int_msg
                0x33f9c0f8                usb_stop
                0x33f9c12c                wait_ms
                0x33f9c150                usb_bulk_msg
                0x33f9c1b4                usb_control_msg
                0x33f9c268                usb_get_port_status
                0x33f9c2c8                usb_get_hub_status
                0x33f9c31c                usb_set_port_feature
                0x33f9c37c                usb_clear_port_feature
                0x33f9c3dc                usb_clear_hub_feature
                0x33f9c430                usb_get_hub_descriptor
                0x33f9c490                usb_get_string
                0x33f9c60c                usb_string
                0x33f9c70c                usb_get_class_descriptor
                0x33f9c780                usb_get_report
                0x33f9c7f4                usb_set_idle
                0x33f9c858                usb_set_protocol
                0x33f9c8b8                usb_set_configuration
                0x33f9c924                usb_set_interface
                0x33f9c9e4                usb_set_address
                0x33f9ca28                usb_get_descriptor
                0x33f9ca94                usb_get_configuration_no
                0x33f9cb2c                usb_clear_halt
                0x33f9ccc0                usb_hub_port_connect_change
                0x33f9cdac                usb_hub_configure
                0x33f9cfb4                usb_hub_probe
                0x33f9d010                usb_new_device
                0x33f9d2a0                usb_scan_devices
                0x33f9d318                usb_init
 .text          0x33f9d394     0x1368 common/libcommon.a(usb_storage.o)
                0x33f9d394                usb_stor_get_dev
                0x33f9d3d0                usb_show_progress
                0x33f9d3dc                usb_storage_probe
                0x33f9d60c                usb_stor_BBB_clear_endpt_stall
                0x33f9d82c                usb_stor_CB_comdat
                0x33f9da78                usb_stor_BBB_comdat
                0x33f9db64                usb_stor_BBB_transport
                0x33f9dd2c                usb_stor_CBI_get_status
                0x33f9de0c                usb_stor_CB_transport
                0x33f9dff8                usb_stor_info
                0x33f9e150                usb_stor_get_info
                0x33f9e3c8                usb_stor_scan
                0x33f9e514                usb_stor_read
 .text          0x33f9e6fc      0x978 common/libcommon.a(xyzModem.o)
                0x33f9e6fc                parse_num
                0x33f9e828                xyzModem_error
                0x33f9e848                xyzModem_stream_close
                0x33f9e898                CYGACC_COMM_IF_PUTC
                0x33f9e8a0                CYGACC_COMM_IF_GETC_TIMEOUT
                0x33f9e8f4                xyzModem_stream_terminate
                0x33f9eca4                xyzModem_stream_read
                0x33f9ef20                xyzModem_stream_open
 .text          0x33f9f074      0x1a4 board/Embedded/ok2440/libok2440.a(ok2440.o)
                0x33f9f074                board_video_init
                0x33f9f0c8                dram_init
                0x33f9f0e8                board_eth_init
                0x33f9f0ec                board_init
 .text          0x33f9f218      0x59c board/Embedded/ok2440/libok2440.a(flash.o)
                0x33f9f2b8                write_buff
                0x33f9f428                flash_print_info
                0x33f9f564                flash_erase
                0x33f9f70c                flash_init
 .text          0x33f9f7b4       0x48 lib_generic/libgeneric.a(crc16.o)
                0x33f9f7b4                cyg_crc16
 .text          0x33f9f7fc      0x214 lib_generic/libgeneric.a(crc32.o)
                0x33f9f7fc                crc32
                0x33f9f908                crc32_no_comp
                0x33f9fa0c                crc32_wd
 .text          0x33f9fa10        0x0 lib_generic/libgeneric.a(ctype.o)
 .text          0x33f9fa10      0x254 lib_generic/libgeneric.a(display_options.o)
                0x33f9fa10                print_size
                0x33f9fad4                display_options
                0x33f9faf4                print_buffer
 .text          0x33f9fc64      0x1bc lib_generic/libgeneric.a(gunzip.o)
                0x33f9fc64                zunzip
                0x33f9fd54                gunzip
                0x33f9fe08                zfree
                0x33f9fe10                zalloc
 .text          0x33f9fe20      0x568 lib_generic/libgeneric.a(lmb.o)
                0x33f9fe20                lmb_dump_all
                0x33f9fe24                lmb_init
                0x33fa0018                lmb_add
                0x33fa001c                lmb_free
                0x33fa013c                lmb_reserve
                0x33fa0144                lmb_overlaps_region
                0x33fa0198                __lmb_alloc_base
                0x33fa02f0                lmb_is_reserved
                0x33fa0350                lmb_alloc_base
                0x33fa0380                lmb_alloc
 .text          0x33fa0388      0x6bc lib_generic/libgeneric.a(string.o)
                0x33fa0388                strcpy
                0x33fa03a4                strncpy
                0x33fa03cc                strcat
                0x33fa03fc                strncat
                0x33fa0458                strcmp
                0x33fa0488                strncmp
                0x33fa04d0                strchr
                0x33fa04fc                strrchr
                0x33fa0538                strlen
                0x33fa0558                strnlen
                0x33fa0580                strspn
                0x33fa05c4                strpbrk
                0x33fa05fc                strtok
                0x33fa06c8                strsep
                0x33fa072c                strswab
                0x33fa0774                memset
                0x33fa07e8                bcopy
                0x33fa0810                memcpy
                0x33fa087c                memmove
                0x33fa08d8                memcmp
                0x33fa0910                memscan
                0x33fa0940                strstr
                0x33fa09c0                memchr
                0x33fa09ec                strdup
 .text          0x33fa0a44      0xd18 lib_generic/libgeneric.a(vsprintf.o)
                0x33fa0a44                simple_strtoul
                0x33fa0af4                simple_strtol
                0x33fa0b1c                ustrtoul
                0x33fa0c64                panic
                0x33fa10dc                vsprintf
                0x33fa1734                sprintf
 .text          0x33fa175c     0x2744 lib_generic/libgeneric.a(zlib.o)
                0x33fa175c                inflate_fast
                0x33fa1c5c                inflate_table
                0x33fa2208                inflateReset
                0x33fa22a8                inflateInit2_
                0x33fa23a8                inflateInit_
                0x33fa23b8                inflateEnd
                0x33fa243c                adler32
                0x33fa274c                zcfree
                0x33fa2754                zcalloc
                0x33fa275c                inflate
 .text          0x33fa3ea0       0xf8 lib_generic/libgeneric.a(div64.o)
                0x33fa3ea0                __div64_32
 .text          0x33fa3f98       0x14 cpu/arm920t/s3c24x0/libs3c24x0.a(interrupts.o)
                0x33fa3f98                do_irq
                0x33fa3fa4                arch_interrupt_init
 .text          0x33fa3fac      0x154 cpu/arm920t/s3c24x0/libs3c24x0.a(speed.o)
                0x33fa4024                get_UCLK
                0x33fa402c                get_FCLK
                0x33fa4034                get_HCLK
                0x33fa40d8                get_PCLK
 .text          0x33fa4100      0x35c cpu/arm920t/s3c24x0/libs3c24x0.a(timer.o)
                0x33fa4100                reset_timer
                0x33fa4128                set_timer
                0x33fa4138                udelay
                0x33fa41e8                reset_timer_masked
                0x33fa4210                get_timer_masked
                0x33fa4274                get_timer
                0x33fa4288                udelay_masked
                0x33fa4368                get_ticks
                0x33fa43b8                get_tbclk
                0x33fa43c0                reset_cpu
                0x33fa43e0                timer_init
 .text          0x33fa445c     0x1690 cpu/arm920t/s3c24x0/libs3c24x0.a(usb_ohci.o)
                0x33fa445c                rh_check_port_status
                0x33fa4508                submit_int_msg
                0x33fa45c8                usb_lowlevel_init
                0x33fa4824                usb_lowlevel_stop
                0x33fa48e4                sohci_submit_job
                0x33fa4ed4                submit_common_msg
                0x33fa542c                submit_bulk_msg
                0x33fa5444                submit_control_msg
 .text          0x33fa5aec      0xa80 cpu/arm920t/s3c24x0/libs3c24x0.a(mmc.o)
                0x33fa5aec                mmc_get_dev
                0x33fa5af8                mmc_ident
                0x33fa5b00                mmc2info
                0x33fa5be8                mmc_init
                0x33fa636c                mmc_read
                0x33fa6470                mmc_bread
                0x33fa6494                mmc_write
 .text          0x33fa656c      0x1c8 lib_arm/libarm.a(bootm.o)
                0x33fa656c                do_bootm_linux
 .text          0x33fa6734        0x4 lib_arm/libarm.a(cache.o)
                0x33fa6734                flush_cache
 .text          0x33fa6738      0x120 lib_arm/libarm.a(cache-cp15.o)
                0x33fa6738                icache_enable
                0x33fa6778                icache_disable
                0x33fa67b8                icache_status
                0x33fa67c8                dcache_enable
                0x33fa6808                dcache_disable
                0x33fa6848                dcache_status
 .text          0x33fa6858       0x30 lib_arm/libarm.a(reset.o)
                0x33fa6858                do_reset
 .text          0x33fa6888     0x13b0 fs/fat/libfat.a(fat.o)
                0x33fa6888                disk_read
                0x33fa6f58                file_fat_detectfs
                0x33fa70b8                do_fat_read
                0x33fa7b00                file_fat_read
                0x33fa7b38                file_fat_ls
                0x33fa7b48                fat_register_device
 .text          0x33fa7c38     0x1c78 fs/jffs2/libjffs2.a(jffs2_1pass.o)
                0x33fa7c38                mkmodestr
                0x33fa7e34                jffs2_free_cache
                0x33fa80fc                jffs2_1pass_rescan_needed
                0x33fa8770                jffs2_1pass_info
                0x33fa8c54                jffs2_1pass_load
                0x33fa9868                jffs2_1pass_ls
 .text          0x33fa98b0       0xc8 fs/jffs2/libjffs2.a(compr_rtime.o)
                0x33fa98b0                rtime_decompress
 .text          0x33fa9978      0x124 fs/jffs2/libjffs2.a(compr_rubin.o)
                0x33fa9978                rubin_do_decompress
                0x33fa9a60                dynrubin_decompress
 .text          0x33fa9a9c       0x18 fs/jffs2/libjffs2.a(compr_zlib.o)
                0x33fa9a9c                zlib_decompress
 .text          0x33fa9ab4      0xd50 fs/jffs2/libjffs2.a(mini_inflate.o)
                0x33fa9ab4                cramfs_memset
                0x33fa9ad8                pull_bits
                0x33fa9b30                pull_bit
                0x33fa9f34                decompress_block
 .text          0x33faa804      0x380 disk/libdisk.a(part.o)
                0x33faa804                dev_print
                0x33faaa04                get_partition_info
                0x33faaa28                init_part
                0x33faaa44                get_dev
                0x33faaaa8                print_part
 .text          0x33faab84      0x558 disk/libdisk.a(part_dos.o)
                0x33faab84                test_part_dos
                0x33faae64                get_partition_info_dos
                0x33fab0b0                print_part_dos
 .text          0x33fab0dc      0x828 drivers/mtd/nand/libnand.a(nand_util.o)
                0x33fab174                nand_read_skip_bad
                0x33fab334                nand_write_skip_bad
                0x33fab5d8                nand_erase_opts
 .text          0x33fab904      0x910 drivers/net/libnet.a(dm9000x.o)
                0x33fabab0                dm9000_initialize
 .text          0x33fac214      0x29c drivers/rtc/librtc.a(date.o)
                0x33fac214                GregorianDay
                0x33fac304                to_tm
                0x33fac418                mktime
 .text          0x33fac4b0      0x258 drivers/rtc/librtc.a(s3c24x0_rtc.o)
                0x33fac4dc                rtc_get
                0x33fac63c                rtc_set
                0x33fac6e4                rtc_reset
 .text          0x33fac708     0x1754 drivers/video/libvideo.a(cfb_console.o)
                0x33facd84                video_putc
                0x33facf8c                __board_video_skip
                0x33facf8c                board_video_skip
                0x33facf94                video_puts
                0x33facfc4                logo_plot
                0x33fad1d8                video_display_bitmap
                0x33fadbb4                drv_video_init
 .text          0x33fade5c      0x240 drivers/video/libvideo.a(s3c2410_fb.o)
                0x33fade5c                video_set_lut
                0x33fade60                video_hw_init
 .text          0x33fae09c      0x480 drivers/video/libvideo.a(videomodes.o)
                0x33fae09c                video_get_params
 .text          0x33fae51c       0x20 cpu/arm920t/libarm920t.a(cpu.o)
                0x33fae51c                cleanup_before_linux
 .text          0x33fae53c       0x1c /home/bamboo/work/ok2440/u-boot_for_ok2440/lib_arm/eabi_compat.o
                0x33fae53c                raise
 .text          0x33fae558      0x114 /home/bamboo/work/ok2440/cross_tools/4.4.3/bin/../lib/gcc/arm-none-linux-gnueabi/4.4.3/libgcc.a(_udivsi3.o)
                0x33fae558                __udivsi3
                0x33fae558                __aeabi_uidiv
                0x33fae654                __aeabi_uidivmod
 .text          0x33fae66c      0x144 /home/bamboo/work/ok2440/cross_tools/4.4.3/bin/../lib/gcc/arm-none-linux-gnueabi/4.4.3/libgcc.a(_divsi3.o)
                0x33fae66c                __aeabi_idiv
                0x33fae66c                __divsi3
                0x33fae798                __aeabi_idivmod
 .text          0x33fae7b0       0x1c /home/bamboo/work/ok2440/cross_tools/4.4.3/bin/../lib/gcc/arm-none-linux-gnueabi/4.4.3/libgcc.a(_lshrdi3.o)
                0x33fae7b0                __aeabi_llsr
                0x33fae7b0                __lshrdi3
 .text          0x33fae7cc       0x1c /home/bamboo/work/ok2440/cross_tools/4.4.3/bin/../lib/gcc/arm-none-linux-gnueabi/4.4.3/libgcc.a(_ashrdi3.o)
                0x33fae7cc                __ashrdi3
                0x33fae7cc                __aeabi_lasr
 .text          0x33fae7e8       0x1c /home/bamboo/work/ok2440/cross_tools/4.4.3/bin/../lib/gcc/arm-none-linux-gnueabi/4.4.3/libgcc.a(_ashldi3.o)
                0x33fae7e8                __ashldi3
                0x33fae7e8                __aeabi_llsl
 .text          0x33fae804       0x14 /home/bamboo/work/ok2440/cross_tools/4.4.3/bin/../lib/gcc/arm-none-linux-gnueabi/4.4.3/libgcc.a(_dvmd_lnx.o)
                0x33fae804                __div0

.glue_7         0x33fae818        0x0
 .glue_7        0x00000000        0x0 linker stubs

.glue_7t        0x33fae818        0x0
 .glue_7t       0x00000000        0x0 linker stubs

.vfp11_veneer   0x33fae818        0x0
 .vfp11_veneer  0x00000000        0x0 linker stubs

.v4_bx          0x33fae818        0x0
 .v4_bx         0x00000000        0x0 linker stubs
                0x33fae818                . = ALIGN (0x4)

.rodata         0x33fae818     0x9de5
 *(SORT(.rodata*))
 .rodata        0x33fae818       0x30 lib_arm/libarm.a(board.o)
                0x33fae818                version_string
 .rodata        0x33fae848       0x80 lib_arm/libarm.a(interrupts.o)
 .rodata        0x33fae8c8        0x8 drivers/mtd/nand/libnand.a(nand.o)
 .rodata        0x33fae8d0       0x5c drivers/mtd/nand/libnand.a(nand_base.o)
 .rodata        0x33fae92c      0x100 drivers/mtd/nand/libnand.a(nand_ecc.o)
 .rodata        0x33faea2c       0x48 drivers/usb/slave/libusb_slave.a(usbsetup.o)
 .rodata        0x33faea74       0x4c common/libcommon.a(cmd_bootm.o)
 .rodata        0x33faeac0       0x20 common/libcommon.a(cmd_jffs2.o)
 .rodata        0x33faeae0       0x58 common/libcommon.a(command.o)
 .rodata        0x33faeb38        0x8 common/libcommon.a(usb_storage.o)
 .rodata        0x33faeb40       0x20 common/libcommon.a(xyzModem.o)
 .rodata        0x33faeb60      0x200 lib_generic/libgeneric.a(crc16.o)
 .rodata        0x33faed60      0x400 lib_generic/libgeneric.a(crc32.o)
 .rodata        0x33faf160       0x24 lib_generic/libgeneric.a(vsprintf.o)
                0x33faf170                hex_asc
 .rodata        0x33faf184      0x9d0 lib_generic/libgeneric.a(zlib.o)
                0x33fafb2c                z_errmsg
 .rodata        0x33fafb54       0x40 cpu/arm920t/s3c24x0/libs3c24x0.a(usb_ohci.o)
 .rodata        0x33fafb94       0xc4 fs/jffs2/libjffs2.a(jffs2_1pass.o)
 .rodata        0x33fafc58       0x14 fs/jffs2/libjffs2.a(mini_inflate.o)
 .rodata        0x33fafc6c       0x18 disk/libdisk.a(part.o)
 .rodata        0x33fafc84       0x30 drivers/rtc/librtc.a(date.o)
 .rodata        0x33fafcb4      0x220 drivers/video/libvideo.a(cfb_console.o)
 .rodata        0x33fafed4      0x224 drivers/video/libvideo.a(videomodes.o)
                0x33fafed4                res_mode_init
                0x33fb0008                vesa_modes
 .rodata        0x33fb00f8        0x7 net/libnet.a(eth.o)
 .rodata        0x33fb00ff        0x7 net/libnet.a(net.o)
 .rodata.str1.1
                0x33fb0106      0x117 lib_arm/libarm.a(board.o)
                                0x11d (size before relaxing)
 .rodata.str1.1
                0x33fb021d      0x264 lib_arm/libarm.a(interrupts.o)
                                0x268 (size before relaxing)
 .rodata.str1.1
                0x33fb0481       0xad net/libnet.a(eth.o)
                                 0xc7 (size before relaxing)
 .rodata.str1.1
                0x33fb052e      0x20c net/libnet.a(net.o)
                                0x217 (size before relaxing)
 .rodata.str1.1
                0x33fb073a      0x193 net/libnet.a(nfs.o)
                                0x1a9 (size before relaxing)
 .rodata.str1.1
                0x33fb08cd       0x20 net/libnet.a(rarp.o)
                                 0x47 (size before relaxing)
 .rodata.str1.1
                0x33fb08ed      0x117 net/libnet.a(tftp.o)
                                0x1f6 (size before relaxing)
 .rodata.str1.1
                0x33fb0a04      0x100 net/libnet.a(bootp.o)
                                0x13d (size before relaxing)
 .rodata.str1.1
                0x33fb0b04       0x78 drivers/i2c/libi2c.a(s3c24x0_i2c.o)
 .rodata.str1.1
                0x33fb0b7c        0x8 drivers/mtd/nand/libnand.a(nand.o)
 .rodata.str1.1
                0x33fb0b84      0x2e3 drivers/mtd/nand/libnand.a(nand_base.o)
 .rodata.str1.1
                0x33fb0e67      0x300 drivers/mtd/nand/libnand.a(nand_bbt.o)
 .rodata.str1.1
                0x33fb1167      0x31f drivers/mtd/nand/libnand.a(nand_ids.o)
                                0x335 (size before relaxing)
 .rodata.str1.1
                0x33fb1486      0x14d drivers/usb/slave/libusb_slave.a(usbinit.o)
 .rodata.str1.1
                0x33fb15d3       0x36 drivers/usb/slave/libusb_slave.a(interrupt.o)
 .rodata.str1.1
                0x33fb1609       0x17 drivers/usb/slave/libusb_slave.a(usbout.o)
 .rodata.str1.1
                0x33fb1620      0x102 drivers/usb/slave/libusb_slave.a(usbsetup.o)
                                0x10c (size before relaxing)
 .rodata.str1.1
                0x33fb1722       0xaa common/libcommon.a(cmd_bdinfo.o)
                                 0xb3 (size before relaxing)
 .rodata.str1.1
                0x33fb17cc      0x177 common/libcommon.a(cmd_bmp.o)
                                0x184 (size before relaxing)
 .rodata.str1.1
                0x33fb1943       0xef common/libcommon.a(cmd_boot.o)
                                 0xf0 (size before relaxing)
 .rodata.str1.1
                0x33fb1a32      0x86b common/libcommon.a(cmd_bootm.o)
                                0x8c8 (size before relaxing)
 .rodata.str1.1
                0x33fb229d       0xd9 common/libcommon.a(cmd_cache.o)
                                0x107 (size before relaxing)
 .rodata.str1.1
                0x33fb2376       0x5c common/libcommon.a(cmd_console.o)
                                 0x61 (size before relaxing)
 .rodata.str1.1
                0x33fb23d2      0x175 common/libcommon.a(cmd_date.o)
                                0x17b (size before relaxing)
 .rodata.str1.1
                0x33fb2547       0xc1 common/libcommon.a(cmd_eeprom.o)
                                 0xc7 (size before relaxing)
 .rodata.str1.1
                0x33fb2608      0x278 common/libcommon.a(cmd_elf.o)
                                0x29a (size before relaxing)
 .rodata.str1.1
                0x33fb2880      0x396 common/libcommon.a(cmd_fat.o)
                                0x3a5 (size before relaxing)
 .rodata.str1.1
                0x33fb2c16      0x723 common/libcommon.a(cmd_flash.o)
                                0x730 (size before relaxing)
 .rodata.str1.1
                0x33fb3339      0x357 common/libcommon.a(cmd_i2c.o)
                                0x387 (size before relaxing)
 .rodata.str1.1
                0x33fb3690       0xb3 common/libcommon.a(cmd_itest.o)
                                 0xb5 (size before relaxing)
 .rodata.str1.1
                0x33fb3743      0x2bd common/libcommon.a(cmd_jffs2.o)
                                0x325 (size before relaxing)
 .rodata.str1.1
                0x33fb3a00      0x3ae common/libcommon.a(cmd_load.o)
                                0x3c8 (size before relaxing)
 .rodata.str1.1
                0x33fb3dae      0x4f2 common/libcommon.a(cmd_mem.o)
                                0x528 (size before relaxing)
 .rodata.str1.1
                0x33fb42a0       0x5f common/libcommon.a(cmd_misc.o)
 .rodata.str1.1
                0x33fb42ff       0xc0 common/libcommon.a(cmd_mmc.o)
                                 0xc7 (size before relaxing)
 .rodata.str1.1
                0x33fb43bf      0x821 common/libcommon.a(cmd_nand.o)
                                0x880 (size before relaxing)
 .rodata.str1.1
                0x33fb4be0      0x1e1 common/libcommon.a(cmd_net.o)
                                0x223 (size before relaxing)
 .rodata.str1.1
                0x33fb4dc1      0x4db common/libcommon.a(cmd_nvedit.o)
                                0x541 (size before relaxing)
 .rodata.str1.1
                0x33fb529c       0x23 common/libcommon.a(cmd_reginfo.o)
                                 0x24 (size before relaxing)
 .rodata.str1.1
                0x33fb52bf      0x101 common/libcommon.a(cmd_source.o)
                                0x108 (size before relaxing)
 .rodata.str1.1
                0x33fb53c0      0x791 common/libcommon.a(cmd_usb.o)
                                0x8c9 (size before relaxing)
 .rodata.str1.1
                0x33fb5b51       0xa8 common/libcommon.a(cmd_usbslave.o)
                                 0xb4 (size before relaxing)
 .rodata.str1.1
                0x33fb5bf9      0x10e common/libcommon.a(cmd_ximg.o)
                                0x19c (size before relaxing)
 .rodata.str1.1
                0x33fb5d07      0x29f common/libcommon.a(command.o)
                                0x2fe (size before relaxing)
 .rodata.str1.1
                0x33fb5fa6       0x77 common/libcommon.a(console.o)
                                 0x8f (size before relaxing)
 .rodata.str1.1
                0x33fb601d       0x33 common/libcommon.a(env_common.o)
                                 0x37 (size before relaxing)
 .rodata.str1.1
                0x33fb6050       0x6e common/libcommon.a(env_nand.o)
                                 0x74 (size before relaxing)
 .rodata.str1.1
                0x33fb60be       0xf7 common/libcommon.a(flash.o)
                                0x10c (size before relaxing)
 .rodata.str1.1
                0x33fb61b5      0x237 common/libcommon.a(hush.o)
                                0x274 (size before relaxing)
 .rodata.str1.1
                0x33fb63ec      0x44d common/libcommon.a(image.o)
                                0x4ed (size before relaxing)
 .rodata.str1.1
                0x33fb6839       0x6f common/libcommon.a(main.o)
                                 0xd6 (size before relaxing)
 .rodata.str1.1
                0x33fb68a8        0x8 common/libcommon.a(stdio.o)
                                 0x23 (size before relaxing)
 .rodata.str1.1
                0x33fb68b0      0x28b common/libcommon.a(usb.o)
 .rodata.str1.1
                0x33fb6b3b      0x1ed common/libcommon.a(usb_storage.o)
                                0x1ff (size before relaxing)
 .rodata.str1.1
                0x33fb6d28       0xe3 common/libcommon.a(xyzModem.o)
                                 0xe5 (size before relaxing)
 .rodata.str1.1
                0x33fb6e0b       0xfd board/Embedded/ok2440/libok2440.a(flash.o)
                                0x105 (size before relaxing)
 .rodata.str1.1
                0x33fb6f08       0x11 lib_generic/libgeneric.a(display_options.o)
                                 0x36 (size before relaxing)
 .rodata.str1.1
                0x33fb6f19       0x85 lib_generic/libgeneric.a(gunzip.o)
 .rodata.str1.1
                0x33fb6f9e       0x34 lib_generic/libgeneric.a(lmb.o)
 .rodata.str1.1
                0x33fb6fd2        0xe lib_generic/libgeneric.a(vsprintf.o)
 .rodata.str1.1
                0x33fb6fe0      0x21c lib_generic/libgeneric.a(zlib.o)
                                0x21d (size before relaxing)
 .rodata.str1.1
                0x33fb71fc      0x238 cpu/arm920t/s3c24x0/libs3c24x0.a(usb_ohci.o)
 .rodata.str1.1
                0x33fb7434      0x334 cpu/arm920t/s3c24x0/libs3c24x0.a(mmc.o)
                                0x343 (size before relaxing)
 .rodata.str1.1
                0x33fb7768       0x42 lib_arm/libarm.a(bootm.o)
                                 0x4b (size before relaxing)
 .rodata.str1.1
                0x33fb77aa        0xf lib_arm/libarm.a(reset.o)
 .rodata.str1.1
                0x33fb77b9      0x15b fs/fat/libfat.a(fat.o)
                                0x16d (size before relaxing)
 .rodata.str1.1
                0x33fb7914      0x40a fs/jffs2/libjffs2.a(jffs2_1pass.o)
                                0x41d (size before relaxing)
 .rodata.str1.1
                0x33fb7d1e      0x1af disk/libdisk.a(part.o)
                                0x1e4 (size before relaxing)
 .rodata.str1.1
                0x33fb7ecd       0xe5 disk/libdisk.a(part_dos.o)
                                 0xf1 (size before relaxing)
 .rodata.str1.1
                0x33fb7fb2      0x2ba drivers/mtd/nand/libnand.a(nand_util.o)
                                0x2bc (size before relaxing)
 .rodata.str1.1
                0x33fb826c      0x1de drivers/net/libnet.a(dm9000x.o)
                                0x1e4 (size before relaxing)
 .rodata.str1.1
                0x33fb844a      0x103 drivers/video/libvideo.a(cfb_console.o)
                                0x16d (size before relaxing)
 .rodata.str1.1
                0x33fb854d       0x54 drivers/video/libvideo.a(s3c2410_fb.o)
                                 0x58 (size before relaxing)
 .rodata.str1.1
                0x33fb85a1       0x41 drivers/video/libvideo.a(videomodes.o)
                                 0x4a (size before relaxing)
 .rodata.str1.1
                0x33fb85e2       0x1b /home/bamboo/work/ok2440/u-boot_for_ok2440/lib_arm/eabi_compat.o
                0x33fb8600                . = ALIGN (0x4)

.data           0x33fb8600     0x6310
 *(.data)
 .data          0x33fb8600        0x0 cpu/arm920t/start.o
 .data          0x33fb8600        0x0 board/Embedded/ok2440/lowlevel_init.o
 .data          0x33fb8600        0x0 board/Embedded/ok2440/nand_read.o
 .data          0x33fb8600       0x30 lib_arm/libarm.a(board.o)
                0x33fb8600                init_sequence
 .data          0x33fb8630        0x0 lib_arm/libarm.a(interrupts.o)
 .data          0x33fb8630        0x0 net/libnet.a(eth.o)
 .data          0x33fb8630        0xc net/libnet.a(net.o)
                0x33fb8630                NetOurVLAN
                0x33fb8632                NetOurNativeVLAN
                0x33fb8634                NetBcastAddr
 .data          0x33fb863c        0x4 net/libnet.a(nfs.o)
 .data          0x33fb8640        0x0 net/libnet.a(rarp.o)
 .data          0x33fb8640       0x18 net/libnet.a(tftp.o)
                0x33fb8644                TftpRRQTimeoutMSecs
                0x33fb8650                TftpRRQTimeoutCountMax
 .data          0x33fb8658        0x0 net/libnet.a(bootp.o)
 .data          0x33fb8658        0x0 drivers/i2c/libi2c.a(s3c24x0_i2c.o)
 .data          0x33fb8658        0x4 drivers/mtd/nand/libnand.a(nand.o)
                0x33fb8658                nand_curr_device
 .data          0x33fb865c      0x520 drivers/mtd/nand/libnand.a(nand_base.o)
 .data          0x33fb8b7c      0x110 drivers/mtd/nand/libnand.a(nand_bbt.o)
 .data          0x33fb8c8c        0x0 drivers/mtd/nand/libnand.a(nand_ecc.o)
 .data          0x33fb8c8c      0x4a0 drivers/mtd/nand/libnand.a(nand_ids.o)
                0x33fb8c8c                nand_flash_ids
                0x33fb90dc                nand_manuf_ids
 .data          0x33fb912c        0x4 drivers/mtd/nand/libnand.a(s3c2410_nand.o)
                0x33fb912c                IO_ADDR_W
 .data          0x33fb9130        0x0 drivers/serial/libserial.a(serial_s3c24x0.o)
 .data          0x33fb9130        0x0 drivers/usb/slave/libusb_slave.a(usbinit.o)
 .data          0x33fb9130        0x0 drivers/usb/slave/libusb_slave.a(interrupt.o)
 .data          0x33fb9130        0x0 drivers/usb/slave/libusb_slave.a(usblib.o)
 .data          0x33fb9130        0x0 drivers/usb/slave/libusb_slave.a(usbmain.o)
 .data          0x33fb9130        0x0 drivers/usb/slave/libusb_slave.a(usbout.o)
 .data          0x33fb9130        0x2 drivers/usb/slave/libusb_slave.a(usbsetup.o)
                0x33fb9130                Selfpwr
                0x33fb9131                Configuration
 .data          0x33fb9132        0x0 drivers/usb/slave/libusb_slave.a(usbin.o)
 .data          0x33fb9132        0x0 common/libcommon.a(cmd_bdinfo.o)
 .data          0x33fb9132        0x0 common/libcommon.a(cmd_bmp.o)
 .data          0x33fb9132        0x0 common/libcommon.a(cmd_boot.o)
 *fill*         0x33fb9132        0x2 00
 .data          0x33fb9134       0xac common/libcommon.a(cmd_bootm.o)
                0x33fb9134                load_addr
                0x33fb9138                cmd_bootm_sub
 .data          0x33fb91e0        0x0 common/libcommon.a(cmd_cache.o)
 .data          0x33fb91e0        0x0 common/libcommon.a(cmd_console.o)
 .data          0x33fb91e0       0x1c common/libcommon.a(cmd_date.o)
                0x33fb91e0                weekdays
 .data          0x33fb91fc        0x0 common/libcommon.a(cmd_eeprom.o)
 .data          0x33fb91fc        0x0 common/libcommon.a(cmd_elf.o)
 .data          0x33fb91fc        0x0 common/libcommon.a(cmd_fat.o)
 .data          0x33fb91fc        0x0 common/libcommon.a(cmd_flash.o)
 .data          0x33fb91fc        0x4 common/libcommon.a(cmd_i2c.o)
 .data          0x33fb9200       0x68 common/libcommon.a(cmd_itest.o)
                0x33fb9200                op_table
 .data          0x33fb9268        0x0 common/libcommon.a(cmd_jffs2.o)
 .data          0x33fb9268        0x4 common/libcommon.a(cmd_load.o)
 .data          0x33fb926c        0x4 common/libcommon.a(cmd_mem.o)
                0x33fb926c                dp_last_length
 .data          0x33fb9270        0x0 common/libcommon.a(cmd_misc.o)
 .data          0x33fb9270        0x4 common/libcommon.a(cmd_mmc.o)
 .data          0x33fb9274        0x0 common/libcommon.a(cmd_nand.o)
 .data          0x33fb9274        0x0 common/libcommon.a(cmd_net.o)
 .data          0x33fb9274        0x4 common/libcommon.a(cmd_nvedit.o)
 .data          0x33fb9278        0x0 common/libcommon.a(cmd_reginfo.o)
 .data          0x33fb9278        0x0 common/libcommon.a(cmd_source.o)
 .data          0x33fb9278        0x4 common/libcommon.a(cmd_usb.o)
 .data          0x33fb927c        0x4 common/libcommon.a(cmd_usbslave.o)
                0x33fb927c                g_bUSBWait
 .data          0x33fb9280        0x0 common/libcommon.a(cmd_ximg.o)
 .data          0x33fb9280        0x0 common/libcommon.a(command.o)
 .data          0x33fb9280        0x0 common/libcommon.a(console.o)
 .data          0x33fb9280      0x414 common/libcommon.a(dlmalloc.o)
 .data          0x33fb9694      0x1d4 common/libcommon.a(env_common.o)
                0x33fb9694                default_environment
 .data          0x33fb9868        0x4 common/libcommon.a(env_nand.o)
                0x33fb9868                env_name_spec
 .data          0x33fb986c        0x0 common/libcommon.a(exports.o)
 .data          0x33fb986c        0x0 common/libcommon.a(flash.o)
 .data          0x33fb986c       0x84 common/libcommon.a(hush.o)
 .data          0x33fb98f0      0x210 common/libcommon.a(image.o)
 .data          0x33fb9b00       0x14 common/libcommon.a(main.o)
 .data          0x33fb9b14        0x0 common/libcommon.a(s_record.o)
 .data          0x33fb9b14        0xc common/libcommon.a(stdio.o)
                0x33fb9b14                stdio_names
 .data          0x33fb9b20        0x0 common/libcommon.a(usb.o)
 .data          0x33fb9b20       0x20 common/libcommon.a(usb_storage.o)
                0x33fb9b20                us_direction
 .data          0x33fb9b40        0x0 common/libcommon.a(xyzModem.o)
 .data          0x33fb9b40        0x0 board/Embedded/ok2440/libok2440.a(ok2440.o)
 .data          0x33fb9b40        0x0 board/Embedded/ok2440/libok2440.a(flash.o)
 .data          0x33fb9b40        0x0 lib_generic/libgeneric.a(crc16.o)
 .data          0x33fb9b40        0x0 lib_generic/libgeneric.a(crc32.o)
 .data          0x33fb9b40      0x100 lib_generic/libgeneric.a(ctype.o)
                0x33fb9b40                _ctype
 .data          0x33fb9c40        0x0 lib_generic/libgeneric.a(display_options.o)
 .data          0x33fb9c40        0x0 lib_generic/libgeneric.a(gunzip.o)
 .data          0x33fb9c40        0x0 lib_generic/libgeneric.a(lmb.o)
 .data          0x33fb9c40        0x0 lib_generic/libgeneric.a(string.o)
 .data          0x33fb9c40        0x0 lib_generic/libgeneric.a(vsprintf.o)
 .data          0x33fb9c40        0x0 lib_generic/libgeneric.a(zlib.o)
 .data          0x33fb9c40        0x0 lib_generic/libgeneric.a(div64.o)
 .data          0x33fb9c40        0x0 cpu/arm920t/s3c24x0/libs3c24x0.a(interrupts.o)
 .data          0x33fb9c40        0x0 cpu/arm920t/s3c24x0/libs3c24x0.a(speed.o)
 .data          0x33fb9c40        0x0 cpu/arm920t/s3c24x0/libs3c24x0.a(timer.o)
 .data          0x33fb9c40       0x50 cpu/arm920t/s3c24x0/libs3c24x0.a(usb_ohci.o)
 .data          0x33fb9c90        0x2 cpu/arm920t/s3c24x0/libs3c24x0.a(mmc.o)
 .data          0x33fb9c92        0x0 lib_arm/libarm.a(bootm.o)
 .data          0x33fb9c92        0x0 lib_arm/libarm.a(cache.o)
 .data          0x33fb9c92        0x0 lib_arm/libarm.a(cache-cp15.o)
 .data          0x33fb9c92        0x0 lib_arm/libarm.a(reset.o)
 *fill*         0x33fb9c92        0x2 00
 .data          0x33fb9c94        0x4 fs/fat/libfat.a(fat.o)
 .data          0x33fb9c98        0x4 fs/jffs2/libjffs2.a(jffs2_1pass.o)
 .data          0x33fb9c9c        0x0 fs/jffs2/libjffs2.a(compr_rtime.o)
 .data          0x33fb9c9c        0x0 fs/jffs2/libjffs2.a(compr_rubin.o)
 .data          0x33fb9c9c        0x0 fs/jffs2/libjffs2.a(compr_zlib.o)
 .data          0x33fb9c9c        0x0 fs/jffs2/libjffs2.a(mini_inflate.o)
 .data          0x33fb9c9c        0x0 disk/libdisk.a(part.o)
 .data          0x33fb9c9c        0x0 disk/libdisk.a(part_dos.o)
 .data          0x33fb9c9c        0x0 drivers/mtd/nand/libnand.a(nand_util.o)
 .data          0x33fb9c9c        0x0 drivers/net/libnet.a(dm9000x.o)
 .data          0x33fb9c9c       0x30 drivers/rtc/librtc.a(date.o)
 .data          0x33fb9ccc        0x0 drivers/rtc/librtc.a(s3c24x0_rtc.o)
 .data          0x33fb9ccc     0x4c44 drivers/video/libvideo.a(cfb_console.o)
                0x33fbacd0                bmp_logo_palette
                0x33fbad10                bmp_logo_bitmap
 .data          0x33fbe910        0x0 drivers/video/libvideo.a(s3c2410_fb.o)
 .data          0x33fbe910        0x0 drivers/video/libvideo.a(videomodes.o)
 .data          0x33fbe910        0x0 cpu/arm920t/libarm920t.a(cpu.o)
 .data          0x33fbe910        0x0 /home/bamboo/work/ok2440/u-boot_for_ok2440/lib_arm/eabi_compat.o
 .data          0x33fbe910        0x0 /home/bamboo/work/ok2440/cross_tools/4.4.3/bin/../lib/gcc/arm-none-linux-gnueabi/4.4.3/libgcc.a(_udivsi3.o)
 .data          0x33fbe910        0x0 /home/bamboo/work/ok2440/cross_tools/4.4.3/bin/../lib/gcc/arm-none-linux-gnueabi/4.4.3/libgcc.a(_divsi3.o)
 .data          0x33fbe910        0x0 /home/bamboo/work/ok2440/cross_tools/4.4.3/bin/../lib/gcc/arm-none-linux-gnueabi/4.4.3/libgcc.a(_lshrdi3.o)
 .data          0x33fbe910        0x0 /home/bamboo/work/ok2440/cross_tools/4.4.3/bin/../lib/gcc/arm-none-linux-gnueabi/4.4.3/libgcc.a(_ashrdi3.o)
 .data          0x33fbe910        0x0 /home/bamboo/work/ok2440/cross_tools/4.4.3/bin/../lib/gcc/arm-none-linux-gnueabi/4.4.3/libgcc.a(_ashldi3.o)
 .data          0x33fbe910        0x0 /home/bamboo/work/ok2440/cross_tools/4.4.3/bin/../lib/gcc/arm-none-linux-gnueabi/4.4.3/libgcc.a(_dvmd_lnx.o)
                0x33fbe910                . = ALIGN (0x4)

.got
 *(.got)
                0x33fbe910                . = .
                0x33fbe910                __u_boot_cmd_start = .

.u_boot_cmd     0x33fbe910      0x7c4
 *(.u_boot_cmd)
 .u_boot_cmd    0x33fbe910       0x1c common/libcommon.a(cmd_bdinfo.o)
                0x33fbe910                __u_boot_cmd_bdinfo
 .u_boot_cmd    0x33fbe92c       0x1c common/libcommon.a(cmd_bmp.o)
                0x33fbe92c                __u_boot_cmd_bmp
 .u_boot_cmd    0x33fbe948       0x38 common/libcommon.a(cmd_boot.o)
                0x33fbe948                __u_boot_cmd_go
                0x33fbe964                __u_boot_cmd_reset
 .u_boot_cmd    0x33fbe980       0x8c common/libcommon.a(cmd_bootm.o)
                0x33fbe980                __u_boot_cmd_bootm
                0x33fbe99c                __u_boot_cmd_boot
                0x33fbe9b8                __u_boot_cmd_bootd
                0x33fbe9d4                __u_boot_cmd_iminfo
                0x33fbe9f0                __u_boot_cmd_imls
 .u_boot_cmd    0x33fbea0c       0x38 common/libcommon.a(cmd_cache.o)
                0x33fbea0c                __u_boot_cmd_icache
                0x33fbea28                __u_boot_cmd_dcache
 .u_boot_cmd    0x33fbea44       0x1c common/libcommon.a(cmd_console.o)
                0x33fbea44                __u_boot_cmd_coninfo
 .u_boot_cmd    0x33fbea60       0x1c common/libcommon.a(cmd_date.o)
                0x33fbea60                __u_boot_cmd_date
 .u_boot_cmd    0x33fbea7c       0x1c common/libcommon.a(cmd_eeprom.o)
                0x33fbea7c                __u_boot_cmd_eeprom
 .u_boot_cmd    0x33fbea98       0x38 common/libcommon.a(cmd_elf.o)
                0x33fbea98                __u_boot_cmd_bootelf
                0x33fbeab4                __u_boot_cmd_bootvx
 .u_boot_cmd    0x33fbead0       0x54 common/libcommon.a(cmd_fat.o)
                0x33fbead0                __u_boot_cmd_fatload
                0x33fbeaec                __u_boot_cmd_fatls
                0x33fbeb08                __u_boot_cmd_fatinfo
 .u_boot_cmd    0x33fbeb24       0x54 common/libcommon.a(cmd_flash.o)
                0x33fbeb24                __u_boot_cmd_flinfo
                0x33fbeb40                __u_boot_cmd_erase
                0x33fbeb5c                __u_boot_cmd_protect
 .u_boot_cmd    0x33fbeb78       0x1c common/libcommon.a(cmd_i2c.o)
                0x33fbeb78                __u_boot_cmd_i2c
 .u_boot_cmd    0x33fbeb94       0x1c common/libcommon.a(cmd_itest.o)
                0x33fbeb94                __u_boot_cmd_itest
 .u_boot_cmd    0x33fbebb0       0x54 common/libcommon.a(cmd_jffs2.o)
                0x33fbebb0                __u_boot_cmd_fsload
                0x33fbebcc                __u_boot_cmd_ls
                0x33fbebe8                __u_boot_cmd_fsinfo
 .u_boot_cmd    0x33fbec04       0x70 common/libcommon.a(cmd_load.o)
                0x33fbec04                __u_boot_cmd_loads
                0x33fbec20                __u_boot_cmd_loadb
                0x33fbec3c                __u_boot_cmd_loadx
                0x33fbec58                __u_boot_cmd_loady
 .u_boot_cmd    0x33fbec74      0x134 common/libcommon.a(cmd_mem.o)
                0x33fbec74                __u_boot_cmd_md
                0x33fbec90                __u_boot_cmd_mm
                0x33fbecac                __u_boot_cmd_nm
                0x33fbecc8                __u_boot_cmd_mw
                0x33fbece4                __u_boot_cmd_cp
                0x33fbed00                __u_boot_cmd_cmp
                0x33fbed1c                __u_boot_cmd_crc32
                0x33fbed38                __u_boot_cmd_base
                0x33fbed54                __u_boot_cmd_loop
                0x33fbed70                __u_boot_cmd_mtest
                0x33fbed8c                __u_boot_cmd_unzip
 .u_boot_cmd    0x33fbeda8       0x1c common/libcommon.a(cmd_misc.o)
                0x33fbeda8                __u_boot_cmd_sleep
 .u_boot_cmd    0x33fbedc4       0x1c common/libcommon.a(cmd_mmc.o)
                0x33fbedc4                __u_boot_cmd_mmc
 .u_boot_cmd    0x33fbede0       0x38 common/libcommon.a(cmd_nand.o)
                0x33fbede0                __u_boot_cmd_nand
                0x33fbedfc                __u_boot_cmd_nboot
 .u_boot_cmd    0x33fbee18       0xa8 common/libcommon.a(cmd_net.o)
                0x33fbee18                __u_boot_cmd_bootp
                0x33fbee34                __u_boot_cmd_tftpboot
                0x33fbee50                __u_boot_cmd_rarpboot
                0x33fbee6c                __u_boot_cmd_dhcp
                0x33fbee88                __u_boot_cmd_nfs
                0x33fbeea4                __u_boot_cmd_ping
 .u_boot_cmd    0x33fbeec0       0xa8 common/libcommon.a(cmd_nvedit.o)
                0x33fbeec0                __u_boot_cmd_saveenv
                0x33fbeedc                __u_boot_cmd_editenv
                0x33fbeef8                __u_boot_cmd_printenv
                0x33fbef14                __u_boot_cmd_setenv
                0x33fbef30                __u_boot_cmd_askenv
                0x33fbef4c                __u_boot_cmd_run
 .u_boot_cmd    0x33fbef68       0x1c common/libcommon.a(cmd_reginfo.o)
                0x33fbef68                __u_boot_cmd_reginfo
 .u_boot_cmd    0x33fbef84       0x1c common/libcommon.a(cmd_source.o)
                0x33fbef84                __u_boot_cmd_source
 .u_boot_cmd    0x33fbefa0       0x38 common/libcommon.a(cmd_usb.o)
                0x33fbefa0                __u_boot_cmd_usb
                0x33fbefbc                __u_boot_cmd_usbboot
 .u_boot_cmd    0x33fbefd8       0x1c common/libcommon.a(cmd_usbslave.o)
                0x33fbefd8                __u_boot_cmd_usbslave
 .u_boot_cmd    0x33fbeff4       0x1c common/libcommon.a(cmd_ximg.o)
                0x33fbeff4                __u_boot_cmd_imxtract
 .u_boot_cmd    0x33fbf010       0xa8 common/libcommon.a(command.o)
                0x33fbf010                __u_boot_cmd_version
                0x33fbf02c                __u_boot_cmd_echo
                0x33fbf048                __u_boot_cmd_test
                0x33fbf064                __u_boot_cmd_exit
                0x33fbf080                __u_boot_cmd_help
                0x33fbf09c                __u_boot_cmd_question_mark
 .u_boot_cmd    0x33fbf0b8       0x1c common/libcommon.a(hush.o)
                0x33fbf0b8                __u_boot_cmd_showvar
                0x33fbf0d4                __u_boot_cmd_end = .
                0x33fbf0d4                . = ALIGN (0x4)
                0x33fbf0d4                __bss_start = .

.bss            0x33fbf100    0x45e4c
 *(.bss)
 .bss           0x33fbf100        0x0 cpu/arm920t/start.o
 .bss           0x33fbf100        0x0 board/Embedded/ok2440/lowlevel_init.o
 .bss           0x33fbf100        0x0 board/Embedded/ok2440/nand_read.o
 .bss           0x33fbf100        0x4 lib_arm/libarm.a(board.o)
                0x33fbf100                monitor_flash_len
 .bss           0x33fbf104        0x0 lib_arm/libarm.a(interrupts.o)
 .bss           0x33fbf104       0x14 net/libnet.a(eth.o)
 .bss           0x33fbf118     0x25e4 net/libnet.a(net.o)
                0x33fbf118                NetState
                0x33fbf12c                NetIPID
                0x33fbf130                NetOurIP
                0x33fbf134                NetOurEther
                0x33fbf13c                NetPingIP
                0x33fbf140                NetRxPacket
                0x33fbf144                NetRxPacketLen
                0x33fbf148                NetArpWaitPacketIP
                0x33fbf14c                NetArpWaitPacketMAC
                0x33fbf150                NetArpWaitReplyIP
                0x33fbf154                NetArpWaitTxPacket
                0x33fbf158                NetArpWaitTxPacketSize
                0x33fbf15c                NetServerIP
                0x33fbf160                NetServerEther
                0x33fbf168                NetTxPacket
                0x33fbf16c                NetOurSubnetMask
                0x33fbf170                NetOurGatewayIP
                0x33fbf17c                NetEtherNullAddr
                0x33fbf184                NetArpWaitTry
                0x33fbf188                NetArpWaitTimerStart
                0x33fbf194                NetRestartWrap
                0x33fbf19c                PktBuf
                0x33fc0fbc                NetRxPackets
                0x33fc0fcc                NetArpWaitPacketBuf
                0x33fc15f0                NetBootFileXferSize
                0x33fc15f4                NetOurDNSIP
                0x33fc15f8                NetOurNISDomain
                0x33fc1618                NetOurHostName
                0x33fc1638                NetOurRootPath
                0x33fc1678                NetBootFileSize
                0x33fc167c                BootFile
 .bss           0x33fc16fc      0x8b0 net/libnet.a(nfs.o)
 .bss           0x33fc1fac        0x4 net/libnet.a(rarp.o)
                0x33fc1fac                RarpTry
 .bss           0x33fc1fb0       0xb4 net/libnet.a(tftp.o)
 .bss           0x33fc2064       0x14 net/libnet.a(bootp.o)
                0x33fc2064                dhcp_leasetime
                0x33fc2068                NetDHCPServerIP
                0x33fc206c                BootpID
                0x33fc2070                dhcp_state
                0x33fc2074                BootpTry
 .bss           0x33fc2078        0x0 drivers/i2c/libi2c.a(s3c24x0_i2c.o)
 .bss           0x33fc2078      0x1c8 drivers/mtd/nand/libnand.a(nand.o)
                0x33fc2078                nand_info
 .bss           0x33fc2240        0x0 drivers/mtd/nand/libnand.a(nand_base.o)
 .bss           0x33fc2240        0x0 drivers/mtd/nand/libnand.a(nand_bbt.o)
 .bss           0x33fc2240        0x0 drivers/mtd/nand/libnand.a(nand_ecc.o)
 .bss           0x33fc2240        0x0 drivers/mtd/nand/libnand.a(nand_ids.o)
 .bss           0x33fc2240        0x0 drivers/mtd/nand/libnand.a(s3c2410_nand.o)
 .bss           0x33fc2240        0x0 drivers/serial/libserial.a(serial_s3c24x0.o)
 .bss           0x33fc2240       0x4c drivers/usb/slave/libusb_slave.a(usbinit.o)
                0x33fc2240                isUsbdSetConfiguration
                0x33fc2244                download_run
                0x33fc2248                dwUSBBufBase
                0x33fc224c                dwUSBBufReadPtr
                0x33fc2250                dwUSBBufWritePtr
                0x33fc2254                bDMAPending
                0x33fc2258                tempDownloadAddress
                0x33fc225c                downloadAddress
                0x33fc2260                downPt
                0x33fc2264                downloadFileSize
                0x33fc2268                dwWillDMACnt
                0x33fc226c                totalDmaCount
                0x33fc2270                restart
                0x33fc2274                err
                0x33fc2278                menuUsed
                0x33fc227c                run
                0x33fc2280                checkSum
                0x33fc2284                dwUSBBufSize
                0x33fc2288                consoleNum
 .bss           0x33fc228c       0xd0 drivers/usb/slave/libusb_slave.a(interrupt.o)
                0x33fc2290                g_TimerIntHappen
                0x33fc2294                isr_handle_array
 .bss           0x33fc235c        0x0 drivers/usb/slave/libusb_slave.a(usblib.o)
 .bss           0x33fc235c     0x1008 drivers/usb/slave/libusb_slave.a(usbmain.o)
                0x33fc235c                dbgStrWrPt
                0x33fc2360                dbgStrFifo
                0x33fc3360                dbgStrRdPt
 .bss           0x33fc3364       0x20 drivers/usb/slave/libusb_slave.a(usbout.o)
                0x33fc3364                ep3Buf
 .bss           0x33fc3384       0x68 drivers/usb/slave/libusb_slave.a(usbsetup.o)
                0x33fc3384                descDev
                0x33fc3398                descConf
                0x33fc33a4                descIf
                0x33fc33b0                descEndpt0
                0x33fc33b8                descEndpt1
                0x33fc33c0                ep0State
                0x33fc33c4                descSetup
                0x33fc33d0                ConfigSet
                0x33fc33d1                Rwuen
                0x33fc33d4                StatusGet
                0x33fc33dc                InterfaceGet
                0x33fc33e0                ep0SubState
                0x33fc33e4                AlterSetting
                0x33fc33e5                device_status
                0x33fc33e6                interface_status
                0x33fc33e7                endpoint0_status
                0x33fc33e8                endpoint1_status
                0x33fc33e9                endpoint3_status
 .bss           0x33fc33ec       0x24 drivers/usb/slave/libusb_slave.a(usbin.o)
                0x33fc33ec                transferIndex
                0x33fc33f0                ep1Buf
 .bss           0x33fc3410        0x0 common/libcommon.a(cmd_bdinfo.o)
 .bss           0x33fc3410        0x0 common/libcommon.a(cmd_bmp.o)
 .bss           0x33fc3410        0x0 common/libcommon.a(cmd_boot.o)
 .bss           0x33fc3410      0x12c common/libcommon.a(cmd_bootm.o)
 .bss           0x33fc353c        0x0 common/libcommon.a(cmd_cache.o)
 .bss           0x33fc353c        0x0 common/libcommon.a(cmd_console.o)
 .bss           0x33fc353c        0x0 common/libcommon.a(cmd_date.o)
 .bss           0x33fc353c        0x0 common/libcommon.a(cmd_eeprom.o)
 .bss           0x33fc353c        0x0 common/libcommon.a(cmd_elf.o)
 .bss           0x33fc353c        0x0 common/libcommon.a(cmd_fat.o)
 .bss           0x33fc353c        0x0 common/libcommon.a(cmd_flash.o)
 .bss           0x33fc353c       0x18 common/libcommon.a(cmd_i2c.o)
 .bss           0x33fc3554        0x0 common/libcommon.a(cmd_itest.o)
 .bss           0x33fc3554        0xc common/libcommon.a(cmd_jffs2.o)
                0x33fc3558                current_mtd_dev
                0x33fc355c                current_mtd_partnum
 .bss           0x33fc3560       0x60 common/libcommon.a(cmd_load.o)
                0x33fc3570                os_data_init
                0x33fc3580                os_data_char
                0x33fc3584                his_quote
                0x33fc3588                his_pad_count
                0x33fc358c                his_pad_char
                0x33fc358d                his_eol
                0x33fc3590                send_ptr
                0x33fc3594                send_parms
 .bss           0x33fc35c0       0x14 common/libcommon.a(cmd_mem.o)
                0x33fc35c4                mm_last_addr
                0x33fc35c8                mm_last_size
                0x33fc35cc                dp_last_addr
                0x33fc35d0                dp_last_size
 .bss           0x33fc35d4        0x0 common/libcommon.a(cmd_misc.o)
 .bss           0x33fc35d4        0x0 common/libcommon.a(cmd_mmc.o)
 .bss           0x33fc35d4        0x0 common/libcommon.a(cmd_nand.o)
 .bss           0x33fc35d4        0x0 common/libcommon.a(cmd_net.o)
 .bss           0x33fc35d4        0x0 common/libcommon.a(cmd_nvedit.o)
 .bss           0x33fc35d4        0x0 common/libcommon.a(cmd_reginfo.o)
 .bss           0x33fc35d4        0x0 common/libcommon.a(cmd_source.o)
 .bss           0x33fc35d4        0x0 common/libcommon.a(cmd_usb.o)
 .bss           0x33fc35d4        0x4 common/libcommon.a(cmd_usbslave.o)
                0x33fc35d4                g_dwDownloadLen
 .bss           0x33fc35d8        0x0 common/libcommon.a(cmd_ximg.o)
 .bss           0x33fc35d8      0x300 common/libcommon.a(command.o)
 .bss           0x33fc38d8        0x8 common/libcommon.a(console.o)
 .bss           0x33fc38e0       0x44 common/libcommon.a(dlmalloc.o)
                0x33fc38e0                mem_malloc_brk
                0x33fc38e4                mem_malloc_start
                0x33fc38e8                mem_malloc_end
 .bss           0x33fc3924        0x0 common/libcommon.a(env_common.o)
 .bss           0x33fc3924        0x4 common/libcommon.a(env_nand.o)
                0x33fc3924                env_ptr
 .bss           0x33fc3928        0x0 common/libcommon.a(exports.o)
 .bss           0x33fc3928        0x0 common/libcommon.a(flash.o)
 .bss           0x33fc3928      0x258 common/libcommon.a(hush.o)
                0x33fc3b74                last_return_code
                0x33fc3b7c                nesting_level
 .bss           0x33fc3b80        0x0 common/libcommon.a(image.o)
 .bss           0x33fc3b80     0x1560 common/libcommon.a(main.o)
                0x33fc3b8c                hist_num
                0x33fc3b90                hist_lines
                0x33fc4f90                hist_list
                0x33fc4fe0                console_buffer
 .bss           0x33fc50e0        0x0 common/libcommon.a(s_record.o)
 .bss           0x33fc50e0       0x48 common/libcommon.a(stdio.o)
                0x33fc511c                stdio_devices
 .bss           0x33fc5128     0xda1c common/libcommon.a(usb.o)
                0x33fd2b34                usb_started
 .bss           0x33fd2b44      0x5b8 common/libcommon.a(usb_storage.o)
 .bss           0x33fd30fc      0x43c common/libcommon.a(xyzModem.o)
 .bss           0x33fd3538        0x0 board/Embedded/ok2440/libok2440.a(ok2440.o)
 .bss           0x33fd3538       0xac board/Embedded/ok2440/libok2440.a(flash.o)
                0x33fd3538                flash_info
 .bss           0x33fd35e4        0x0 lib_generic/libgeneric.a(crc16.o)
 .bss           0x33fd35e4        0x0 lib_generic/libgeneric.a(crc32.o)
 .bss           0x33fd35e4        0x0 lib_generic/libgeneric.a(ctype.o)
 .bss           0x33fd35e4        0x0 lib_generic/libgeneric.a(display_options.o)
 .bss           0x33fd35e4        0x0 lib_generic/libgeneric.a(gunzip.o)
 .bss           0x33fd35e4        0x0 lib_generic/libgeneric.a(lmb.o)
 .bss           0x33fd35e4        0x4 lib_generic/libgeneric.a(string.o)
                0x33fd35e4                ___strtok
 .bss           0x33fd35e8        0x0 lib_generic/libgeneric.a(vsprintf.o)
 .bss           0x33fd35e8        0x0 lib_generic/libgeneric.a(zlib.o)
 .bss           0x33fd35e8        0x0 lib_generic/libgeneric.a(div64.o)
 .bss           0x33fd35e8        0x0 cpu/arm920t/s3c24x0/libs3c24x0.a(interrupts.o)
 .bss           0x33fd35e8        0x0 cpu/arm920t/s3c24x0/libs3c24x0.a(speed.o)
 .bss           0x33fd35e8       0x10 cpu/arm920t/s3c24x0/libs3c24x0.a(timer.o)
                0x33fd35f0                timer_load_val
 *fill*         0x33fd35f8        0x8 00
 .bss           0x33fd3600     0x1500 cpu/arm920t/s3c24x0/libs3c24x0.a(usb_ohci.o)
                0x33fd36c8                urb_priv
                0x33fd379c                phcca
                0x33fd3800                ghcca
                0x33fd3900                ohci_dev
                0x33fd3aa0                gtd
                0x33fd4ae0                ptd
                0x33fd4ae8                urb_finished
                0x33fd4aec                devgone
                0x33fd4af0                got_rhsc
 .bss           0x33fd4b00      0x2a8 cpu/arm920t/s3c24x0/libs3c24x0.a(mmc.o)
 .bss           0x33fd4da8        0x4 lib_arm/libarm.a(bootm.o)
 .bss           0x33fd4dac        0x0 lib_arm/libarm.a(cache.o)
 .bss           0x33fd4dac        0x0 lib_arm/libarm.a(cache-cp15.o)
 .bss           0x33fd4dac        0x0 lib_arm/libarm.a(reset.o)
 .bss           0x33fd4dac    0x30008 fs/fat/libfat.a(fat.o)
                0x33fd4db4                get_vfatname_block
                0x33fe4db4                do_fat_read_block
                0x33ff4db4                get_dentfromdir_block
 .bss           0x34004db4        0x8 fs/jffs2/libjffs2.a(jffs2_1pass.o)
 .bss           0x34004dbc        0x0 fs/jffs2/libjffs2.a(compr_rtime.o)
 .bss           0x34004dbc        0x0 fs/jffs2/libjffs2.a(compr_rubin.o)
 .bss           0x34004dbc        0x0 fs/jffs2/libjffs2.a(compr_zlib.o)
 .bss           0x34004dbc        0x0 fs/jffs2/libjffs2.a(mini_inflate.o)
 .bss           0x34004dbc        0x0 disk/libdisk.a(part.o)
 .bss           0x34004dbc        0x0 disk/libdisk.a(part_dos.o)
 .bss           0x34004dbc        0x0 drivers/mtd/nand/libnand.a(nand_util.o)
 .bss           0x34004dbc       0xe0 drivers/net/libnet.a(dm9000x.o)
 .bss           0x34004e9c        0x0 drivers/rtc/librtc.a(date.o)
 .bss           0x34004e9c        0x0 drivers/rtc/librtc.a(s3c24x0_rtc.o)
 .bss           0x34004e9c       0x20 drivers/video/libvideo.a(cfb_console.o)
 .bss           0x34004ebc       0x90 drivers/video/libvideo.a(s3c2410_fb.o)
                0x34004ebc                smi
 .bss           0x34004f4c        0x0 drivers/video/libvideo.a(videomodes.o)
 .bss           0x34004f4c        0x0 cpu/arm920t/libarm920t.a(cpu.o)
 .bss           0x34004f4c        0x0 /home/bamboo/work/ok2440/u-boot_for_ok2440/lib_arm/eabi_compat.o
 .bss           0x34004f4c        0x0 /home/bamboo/work/ok2440/cross_tools/4.4.3/bin/../lib/gcc/arm-none-linux-gnueabi/4.4.3/libgcc.a(_udivsi3.o)
 .bss           0x34004f4c        0x0 /home/bamboo/work/ok2440/cross_tools/4.4.3/bin/../lib/gcc/arm-none-linux-gnueabi/4.4.3/libgcc.a(_divsi3.o)
 .bss           0x34004f4c        0x0 /home/bamboo/work/ok2440/cross_tools/4.4.3/bin/../lib/gcc/arm-none-linux-gnueabi/4.4.3/libgcc.a(_lshrdi3.o)
 .bss           0x34004f4c        0x0 /home/bamboo/work/ok2440/cross_tools/4.4.3/bin/../lib/gcc/arm-none-linux-gnueabi/4.4.3/libgcc.a(_ashrdi3.o)
 .bss           0x34004f4c        0x0 /home/bamboo/work/ok2440/cross_tools/4.4.3/bin/../lib/gcc/arm-none-linux-gnueabi/4.4.3/libgcc.a(_ashldi3.o)
 .bss           0x34004f4c        0x0 /home/bamboo/work/ok2440/cross_tools/4.4.3/bin/../lib/gcc/arm-none-linux-gnueabi/4.4.3/libgcc.a(_dvmd_lnx.o)
                0x34004f4c                . = ALIGN (0x4)
                0x34004f4c                _end = .
Address of section .text set to 0x33f80000
LOAD cpu/arm920t/start.o
START GROUP
LOAD lib_generic/libgeneric.a
LOAD lib_generic/lzma/liblzma.a
LOAD lib_generic/lzo/liblzo.a
LOAD cpu/arm920t/libarm920t.a
LOAD cpu/arm920t/s3c24x0/libs3c24x0.a
LOAD lib_arm/libarm.a
LOAD fs/cramfs/libcramfs.a
LOAD fs/fat/libfat.a
LOAD fs/fdos/libfdos.a
LOAD fs/jffs2/libjffs2.a
LOAD fs/reiserfs/libreiserfs.a
LOAD fs/ext2/libext2fs.a
LOAD fs/yaffs2/libyaffs2.a
LOAD fs/ubifs/libubifs.a
LOAD net/libnet.a
LOAD disk/libdisk.a
LOAD drivers/bios_emulator/libatibiosemu.a
LOAD drivers/block/libblock.a
LOAD drivers/dma/libdma.a
LOAD drivers/fpga/libfpga.a
LOAD drivers/gpio/libgpio.a
LOAD drivers/hwmon/libhwmon.a
LOAD drivers/i2c/libi2c.a
LOAD drivers/input/libinput.a
LOAD drivers/misc/libmisc.a
LOAD drivers/mmc/libmmc.a
LOAD drivers/mtd/libmtd.a
LOAD drivers/mtd/nand/libnand.a
LOAD drivers/mtd/onenand/libonenand.a
LOAD drivers/mtd/ubi/libubi.a
LOAD drivers/mtd/spi/libspi_flash.a
LOAD drivers/net/libnet.a
LOAD drivers/net/phy/libphy.a
LOAD drivers/net/sk98lin/libsk98lin.a
LOAD drivers/pci/libpci.a
LOAD drivers/pcmcia/libpcmcia.a
LOAD drivers/power/libpower.a
LOAD drivers/spi/libspi.a
LOAD drivers/rtc/librtc.a
LOAD drivers/serial/libserial.a
LOAD drivers/twserial/libtws.a
LOAD drivers/usb/gadget/libusb_gadget.a
LOAD drivers/usb/host/libusb_host.a
LOAD drivers/usb/musb/libusb_musb.a
LOAD drivers/usb/slave/libusb_slave.a
LOAD drivers/video/libvideo.a
LOAD drivers/watchdog/libwatchdog.a
LOAD common/libcommon.a
LOAD libfdt/libfdt.a
LOAD api/libapi.a
LOAD post/libpost.a
LOAD board/Embedded/ok2440/libok2440.a
END GROUP
LOAD /home/bamboo/work/ok2440/u-boot_for_ok2440/lib_arm/eabi_compat.o
LOAD /home/bamboo/work/ok2440/cross_tools/4.4.3/bin/../lib/gcc/arm-none-linux-gnueabi/4.4.3/libgcc.a
OUTPUT(u-boot elf32-littlearm)

.ARM.attributes
                0x00000000       0x26
 .ARM.attributes
                0x00000000       0x17 cpu/arm920t/start.o
 .ARM.attributes
                0x00000017       0x17 board/Embedded/ok2440/lowlevel_init.o
 .ARM.attributes
                0x0000002e       0x27 board/Embedded/ok2440/nand_read.o
 .ARM.attributes
                0x00000055       0x27 lib_arm/libarm.a(board.o)
 .ARM.attributes
                0x0000007c       0x27 lib_arm/libarm.a(interrupts.o)
 .ARM.attributes
                0x000000a3       0x27 net/libnet.a(eth.o)
 .ARM.attributes
                0x000000ca       0x27 net/libnet.a(net.o)
 .ARM.attributes
                0x000000f1       0x27 net/libnet.a(nfs.o)
 .ARM.attributes
                0x00000118       0x27 net/libnet.a(rarp.o)
 .ARM.attributes
                0x0000013f       0x27 net/libnet.a(tftp.o)
 .ARM.attributes
                0x00000166       0x27 net/libnet.a(bootp.o)
 .ARM.attributes
                0x0000018d       0x27 drivers/i2c/libi2c.a(s3c24x0_i2c.o)
 .ARM.attributes
                0x000001b4       0x27 drivers/mtd/nand/libnand.a(nand.o)
 .ARM.attributes
                0x000001db       0x27 drivers/mtd/nand/libnand.a(nand_base.o)
 .ARM.attributes
                0x00000202       0x27 drivers/mtd/nand/libnand.a(nand_bbt.o)
 .ARM.attributes
                0x00000229       0x27 drivers/mtd/nand/libnand.a(nand_ecc.o)
 .ARM.attributes
                0x00000250       0x27 drivers/mtd/nand/libnand.a(nand_ids.o)
 .ARM.attributes
                0x00000277       0x27 drivers/mtd/nand/libnand.a(s3c2410_nand.o)
 .ARM.attributes
                0x0000029e       0x27 drivers/serial/libserial.a(serial_s3c24x0.o)
 .ARM.attributes
                0x000002c5       0x27 drivers/usb/slave/libusb_slave.a(usbinit.o)
 .ARM.attributes
                0x000002ec       0x27 drivers/usb/slave/libusb_slave.a(interrupt.o)
 .ARM.attributes
                0x00000313       0x27 drivers/usb/slave/libusb_slave.a(usblib.o)
 .ARM.attributes
                0x0000033a       0x27 drivers/usb/slave/libusb_slave.a(usbmain.o)
 .ARM.attributes
                0x00000361       0x27 drivers/usb/slave/libusb_slave.a(usbout.o)
 .ARM.attributes
                0x00000388       0x27 drivers/usb/slave/libusb_slave.a(usbsetup.o)
 .ARM.attributes
                0x000003af       0x27 drivers/usb/slave/libusb_slave.a(usbin.o)
 .ARM.attributes
                0x000003d6       0x27 common/libcommon.a(cmd_bdinfo.o)
 .ARM.attributes
                0x000003fd       0x27 common/libcommon.a(cmd_bmp.o)
 .ARM.attributes
                0x00000424       0x27 common/libcommon.a(cmd_boot.o)
 .ARM.attributes
                0x0000044b       0x27 common/libcommon.a(cmd_bootm.o)
 .ARM.attributes
                0x00000472       0x27 common/libcommon.a(cmd_cache.o)
 .ARM.attributes
                0x00000499       0x27 common/libcommon.a(cmd_console.o)
 .ARM.attributes
                0x000004c0       0x27 common/libcommon.a(cmd_date.o)
 .ARM.attributes
                0x000004e7       0x27 common/libcommon.a(cmd_eeprom.o)
 .ARM.attributes
                0x0000050e       0x27 common/libcommon.a(cmd_elf.o)
 .ARM.attributes
                0x00000535       0x27 common/libcommon.a(cmd_fat.o)
 .ARM.attributes
                0x0000055c       0x27 common/libcommon.a(cmd_flash.o)
 .ARM.attributes
                0x00000583       0x27 common/libcommon.a(cmd_i2c.o)
 .ARM.attributes
                0x000005aa       0x27 common/libcommon.a(cmd_itest.o)
 .ARM.attributes
                0x000005d1       0x27 common/libcommon.a(cmd_jffs2.o)
 .ARM.attributes
                0x000005f8       0x27 common/libcommon.a(cmd_load.o)
 .ARM.attributes
                0x0000061f       0x27 common/libcommon.a(cmd_mem.o)
 .ARM.attributes
                0x00000646       0x27 common/libcommon.a(cmd_misc.o)
 .ARM.attributes
                0x0000066d       0x27 common/libcommon.a(cmd_mmc.o)
 .ARM.attributes
                0x00000694       0x27 common/libcommon.a(cmd_nand.o)
 .ARM.attributes
                0x000006bb       0x27 common/libcommon.a(cmd_net.o)
 .ARM.attributes
                0x000006e2       0x27 common/libcommon.a(cmd_nvedit.o)
 .ARM.attributes
                0x00000709       0x27 common/libcommon.a(cmd_reginfo.o)
 .ARM.attributes
                0x00000730       0x27 common/libcommon.a(cmd_source.o)
 .ARM.attributes
                0x00000757       0x27 common/libcommon.a(cmd_usb.o)
 .ARM.attributes
                0x0000077e       0x27 common/libcommon.a(cmd_usbslave.o)
 .ARM.attributes
                0x000007a5       0x27 common/libcommon.a(cmd_ximg.o)
 .ARM.attributes
                0x000007cc       0x27 common/libcommon.a(command.o)
 .ARM.attributes
                0x000007f3       0x27 common/libcommon.a(console.o)
 .ARM.attributes
                0x0000081a       0x27 common/libcommon.a(dlmalloc.o)
 .ARM.attributes
                0x00000841       0x27 common/libcommon.a(env_common.o)
 .ARM.attributes
                0x00000868       0x27 common/libcommon.a(env_nand.o)
 .ARM.attributes
                0x0000088f       0x27 common/libcommon.a(exports.o)
 .ARM.attributes
                0x000008b6       0x27 common/libcommon.a(flash.o)
 .ARM.attributes
                0x000008dd       0x27 common/libcommon.a(hush.o)
 .ARM.attributes
                0x00000904       0x27 common/libcommon.a(image.o)
 .ARM.attributes
                0x0000092b       0x27 common/libcommon.a(main.o)
 .ARM.attributes
                0x00000952       0x27 common/libcommon.a(s_record.o)
 .ARM.attributes
                0x00000979       0x27 common/libcommon.a(stdio.o)
 .ARM.attributes
                0x000009a0       0x27 common/libcommon.a(usb.o)
 .ARM.attributes
                0x000009c7       0x27 common/libcommon.a(usb_storage.o)
 .ARM.attributes
                0x000009ee       0x27 common/libcommon.a(xyzModem.o)
 .ARM.attributes
                0x00000a15       0x27 board/Embedded/ok2440/libok2440.a(ok2440.o)
 .ARM.attributes
                0x00000a3c       0x27 board/Embedded/ok2440/libok2440.a(flash.o)
 .ARM.attributes
                0x00000a63       0x27 lib_generic/libgeneric.a(crc16.o)
 .ARM.attributes