Archive member included because of file (symbol)

lib_arm/libarm.a(board.o)     cpu/arm920t/start.o (start_armboot)
lib_arm/libarm.a(interrupts.o)
                              lib_arm/libarm.a(board.o) (enable_interrupts)
net/libnet.a(eth.o)           lib_arm/libarm.a(board.o) (eth_initialize)
net/libnet.a(net.o)           lib_arm/libarm.a(board.o) (copy_filename)
net/libnet.a(nfs.o)           net/libnet.a(net.o) (NfsStart)
net/libnet.a(rarp.o)          net/libnet.a(net.o) (RarpRequest)
net/libnet.a(tftp.o)          net/libnet.a(net.o) (TftpStart)
net/libnet.a(bootp.o)         net/libnet.a(net.o) (BootpRequest)
drivers/i2c/libi2c.a(s3c24x0_i2c.o)
                              lib_arm/libarm.a(board.o) (i2c_init)
drivers/mtd/nand/libnand.a(nand.o)
                              lib_arm/libarm.a(board.o) (nand_init)
drivers/mtd/nand/libnand.a(nand_base.o)
                              drivers/mtd/nand/libnand.a(nand.o) (nand_scan)
drivers/mtd/nand/libnand.a(nand_bbt.o)
                              drivers/mtd/nand/libnand.a(nand_base.o) (nand_isbad_bbt)
drivers/mtd/nand/libnand.a(nand_ecc.o)
                              drivers/mtd/nand/libnand.a(nand_base.o) (nand_calculate_ecc)
drivers/mtd/nand/libnand.a(nand_ids.o)
                              drivers/mtd/nand/libnand.a(nand_base.o) (nand_flash_ids)
drivers/mtd/nand/libnand.a(s3c2410_nand.o)
                              drivers/mtd/nand/libnand.a(nand.o) (board_nand_init)
drivers/serial/libserial.a(serial_s3c24x0.o)
                              lib_arm/libarm.a(board.o) (serial_init)
drivers/usb/slave/libusb_slave.a(usbinit.o)
                              lib_arm/libarm.a(board.o) (usb_init_slave)
drivers/usb/slave/libusb_slave.a(interrupt.o)
                              drivers/usb/slave/libusb_slave.a(usbinit.o) (Timer_InitEx)
drivers/usb/slave/libusb_slave.a(usblib.o)
                              drivers/usb/slave/libusb_slave.a(usbinit.o) (ConfigEp3DmaMode)
drivers/usb/slave/libusb_slave.a(usbmain.o)
                              drivers/usb/slave/libusb_slave.a(interrupt.o) (IsrUsbd)
drivers/usb/slave/libusb_slave.a(usbout.o)
                              drivers/usb/slave/libusb_slave.a(usbinit.o) (ClearEp3OutPktReady)
drivers/usb/slave/libusb_slave.a(usbsetup.o)
                              drivers/usb/slave/libusb_slave.a(usbmain.o) (InitDescriptorTable)
drivers/usb/slave/libusb_slave.a(usbin.o)
                              drivers/usb/slave/libusb_slave.a(usbmain.o) (PrepareEp1Fifo)
common/libcommon.a(cmd_bdinfo.o)
                              (__u_boot_cmd_bdinfo)
common/libcommon.a(cmd_bmp.o)
                              (__u_boot_cmd_bmp)
common/libcommon.a(cmd_boot.o)
                              (__u_boot_cmd_go)
common/libcommon.a(cmd_bootm.o)
                              lib_arm/libarm.a(board.o) (load_addr)
common/libcommon.a(cmd_cache.o)
                              (__u_boot_cmd_icache)
common/libcommon.a(cmd_console.o)
                              (__u_boot_cmd_coninfo)
common/libcommon.a(cmd_date.o)
                              (__u_boot_cmd_date)
common/libcommon.a(cmd_eeprom.o)
                              (__u_boot_cmd_eeprom)
common/libcommon.a(cmd_elf.o)
                              common/libcommon.a(cmd_bootm.o) (do_bootvx)
common/libcommon.a(cmd_fat.o)
                              (__u_boot_cmd_fatload)
common/libcommon.a(cmd_flash.o)
                              (__u_boot_cmd_flinfo)
common/libcommon.a(cmd_i2c.o)
                              (__u_boot_cmd_i2c)
common/libcommon.a(cmd_itest.o)
                              (__u_boot_cmd_itest)
common/libcommon.a(cmd_jffs2.o)
                              (__u_boot_cmd_fsload)
common/libcommon.a(cmd_load.o)
                              (__u_boot_cmd_loads)
common/libcommon.a(cmd_mem.o)
                              (__u_boot_cmd_md)
common/libcommon.a(cmd_misc.o)
                              (__u_boot_cmd_sleep)
common/libcommon.a(cmd_mmc.o)
                              (__u_boot_cmd_mmc)
common/libcommon.a(cmd_mtdparts.o)
                              common/libcommon.a(cmd_flash.o) (mtd_id_parse)
common/libcommon.a(cmd_nand.o)
                              (__u_boot_cmd_nand)
common/libcommon.a(cmd_net.o)
                              (__u_boot_cmd_bootp)
common/libcommon.a(cmd_nvedit.o)
                              net/libnet.a(eth.o) (get_env_id)
common/libcommon.a(cmd_reginfo.o)
                              (__u_boot_cmd_reginfo)
common/libcommon.a(cmd_source.o)
                              (__u_boot_cmd_source)
common/libcommon.a(cmd_usb.o)
                              (__u_boot_cmd_usb)
common/libcommon.a(cmd_usbslave.o)
                              (__u_boot_cmd_usbslave)
common/libcommon.a(cmd_ximg.o)
                              (__u_boot_cmd_imxtract)
common/libcommon.a(command.o)
                              common/libcommon.a(cmd_i2c.o) (cmd_get_data_size)
common/libcommon.a(console.o)
[...]
Memory Configuration

Name             Origin             Length             Attributes
*default*        0x00000000         0xffffffff

Linker script and memory map

                0x00000000                . = 0x0
                0x00000000                . = ALIGN (0x4)

.text           0x33f80000    0x2ff5c
 cpu/arm920t/start.o(.text)
 .text          0x33f80000      0x4e0 cpu/arm920t/start.o
                0x33f80050                IRQ_STACK_START
                0x33f80048                _bss_start
                0x33f8004c                _bss_end
                0x33f80044                _armboot_start
                0x33f80000                _start
                0x33f80054                FIQ_STACK_START
 board/tekkamanninja/mini2440/lowlevel_init.o(.text)
 .text          0x33f804e0       0x70 board/tekkamanninja/mini2440/lowlevel_init.o
                0x33f804e4                lowlevel_init
 board/tekkamanninja/mini2440/nand_read.o(.text)
 .text          0x33f80550      0x304 board/tekkamanninja/mini2440/nand_read.o
                0x33f8062c                nand_read_ll
 *(.text)
 .text          0x33f80854      0x2c8 lib_arm/libarm.a(board.o)
                0x33f80854                hang
                0x33f8096c                start_armboot
 .text          0x33f80b1c      0x294 lib_arm/libarm.a(interrupts.o)
                0x33f80ca4                do_fiq
                0x33f80d7c                interrupt_init
                0x33f80d58                do_undefined_instruction
                0x33f80b48                show_regs
                0x33f80c88                bad_mode
                0x33f80d10                do_prefetch_abort
                0x33f80b2c                disable_interrupts
                0x33f80cc8                do_not_used
                0x33f80cec                do_data_abort
                0x33f80d34                do_software_interrupt
                0x33f80b1c                enable_interrupts
 .text          0x33f80db0      0x750 net/libnet.a(eth.o)
                0x33f80f08                eth_get_dev_by_name
                0x33f80e54                eth_halt
                0x33f80db0                cpu_eth_init
                0x33f810b0                eth_register
                0x33f811d0                eth_getenv_enetaddr
                0x33f80db8                eth_get_dev
                0x33f81174                eth_parse_enetaddr
                0x33f81000                eth_try_another
                0x33f81228                eth_getenv_enetaddr_by_index
                0x33f81330                eth_initialize
                0x33f80f5c                eth_set_current
                0x33f80ebc                eth_rx
                0x33f80e08                eth_get_dev_index
                0x33f81274                eth_init
                0x33f8113c                eth_setenv_enetaddr
                0x33f80ee8                eth_get_name
                0x33f80dc8                eth_get_dev_by_index
                0x33f80e88                eth_send
 .text          0x33f81500     0x13cc net/libnet.a(net.o)
                0x33f816e0                getenv_IPaddr
                0x33f815a4                NetCksumOk
                0x33f817e8                NetSetTimeout
                0x33f815c8                copy_filename
                0x33f816f0                NetEthHdrSize
                0x33f8178c                ip_to_string
                0x33f82424                ArpTimeoutCheck
                0x33f81a30                NetReceive
                0x33f8167c                string_to_ip
                0x33f821c4                NetSendUDPPacket
                0x33f81918                NetSetEther
                0x33f82498                NetLoop
                0x33f81f9c                ArpRequest
                0x33f817cc                random_port
                0x33f81734                VLAN_to_string
                0x33f8166c                getenv_VLAN
                0x33f8155c                NetCksum
                0x33f81820                NetSetIP
                0x33f81620                string_to_VLAN
                0x33f8231c                NetStartAgain
                0x33f8154c                NetSetHandler
                0x33f82088                PingSend
                0x33f81a2c                NetSendPacket
 .text          0x33f828cc      0xe98 net/libnet.a(nfs.o)
                0x33f830d0                NfsStart
 .text          0x33f83764      0x1ac net/libnet.a(rarp.o)
                0x33f83764                RarpRequest
 .text          0x33f83910      0x740 net/libnet.a(tftp.o)
                0x33f83aa8                TftpStart
 .text          0x33f84050      0x9e8 net/libnet.a(bootp.o)
                0x33f84694                DhcpRequest
                0x33f844cc                BootpRequest
 .text          0x33f84a38      0x678 drivers/i2c/libi2c.a(s3c24x0_i2c.o)
                0x33f84dc4                i2c_write
                0x33f84f1c                i2c_probe
                0x33f84e6c                i2c_read
                0x33f84f58                i2c_init
 .text          0x33f850b0       0xe0 drivers/mtd/nand/libnand.a(nand.o)
                0x33f850b0                nand_init
 .text          0x33f85190     0x3a74 drivers/mtd/nand/libnand.a(nand_base.o)
                0x33f88004                nand_wait_ready
                0x33f864a4                nand_scan_ident
                0x33f86f74                nand_scan
                0x33f87bac                nand_erase_nand
                0x33f86a14                nand_scan_tail
                0x33f8645c                nand_release
 .text          0x33f88c04     0x17a8 drivers/mtd/nand/libnand.a(nand_bbt.o)
                0x33f88d08                nand_isbad_bbt
                0x33f8a2e8                nand_default_bbt
                0x33f89bb0                nand_update_bbt
                0x33f89e80                nand_scan_bbt
 .text          0x33f8a3ac      0x224 drivers/mtd/nand/libnand.a(nand_ecc.o)
                0x33f8a4a4                nand_correct_data
                0x33f8a3ac                nand_calculate_ecc
 .text          0x33f8a5d0        0x0 drivers/mtd/nand/libnand.a(nand_ids.o)
 .text          0x33f8a5d0       0xf0 drivers/mtd/nand/libnand.a(s3c2410_nand.o)
                0x33f8a654                board_nand_init
 .text          0x33f8a6c0      0x130 drivers/serial/libserial.a(serial_s3c24x0.o)
                0x33f8a780                _serial_setbrg
                0x33f8a7e8                serial_setbrg
                0x33f8a72c                _serial_tstc
                0x33f8a740                serial_tstc
                0x33f8a6f0                serial_putc
                0x33f8a748                _serial_puts
                0x33f8a7a8                serial_init
                0x33f8a778                serial_puts
                0x33f8a6cc                _serial_getc
                0x33f8a6e8                serial_getc
                0x33f8a6f8                _serial_putc
 .text          0x33f8a7f0      0x37c drivers/usb/slave/libusb_slave.a(usbinit.o)
                0x33f8a804                HaltDabort
                0x33f8a82c                HaltSwi
                0x33f8a840                HaltUndef
                0x33f8a8b8                awaitkey
                0x33f8a7f0                udc_disconnect
                0x33f8a854                usb_init_slave
                0x33f8a818                HaltPabort
                0x33f8a928                usb_receive
 .text          0x33f8ab6c      0x26c drivers/usb/slave/libusb_slave.a(interrupt.o)
                0x33f8ace8                Dummy_isr
                0x33f8ab6c                ClearPending_my
                0x33f8ac10                Isr_Init
                0x33f8abc0                IsrWatchdog
                0x33f8ab7c                Timer_InitEx
                0x33f8ad08                Timer_StopEx
                0x33f8ad7c                Timer_StartEx
                0x33f8ac9c                IRQ_Handle
                0x33f8abf0                IsrTimer4
 .text          0x33f8add8      0x2ac drivers/usb/slave/libusb_slave.a(usblib.o)
                0x33f8aecc                RdPktEp0
                0x33f8af6c                RdPktEp3
                0x33f8afbc                ConfigEp3DmaMode
                0x33f8aeb0                ConfigUsbd
                0x33f8af44                WrPktEp2
                0x33f8b048                ConfigEp3IntMode
                0x33f8af94                RdPktEp4
                0x33f8aef4                WrPktEp0
                0x33f8af1c                WrPktEp1
                0x33f8add8                ReconfigUsbd
 .text          0x33f8b084      0x11c drivers/usb/slave/libusb_slave.a(usbmain.o)
                0x33f8b0b4                DbgPrintf
                0x33f8b18c                UsbdMain
                0x33f8b084                _WrDbgStrFifo
                0x33f8b0c0                IsrUsbd
 .text          0x33f8b1a0      0x39c drivers/usb/slave/libusb_slave.a(usbout.o)
                0x33f8b39c                Ep3Handler
                0x33f8b1f4                ClearEp3OutPktReady
                0x33f8b214                IsrDma2
 .text          0x33f8b53c      0xbf0 drivers/usb/slave/libusb_slave.a(usbsetup.o)
                0x33f8b660                PrintEp0Pkt
                0x33f8b53c                InitDescriptorTable
                0x33f8b6a4                Ep0Handler
 .text          0x33f8c12c       0xa0 drivers/usb/slave/libusb_slave.a(usbin.o)
                0x33f8c12c                PrepareEp1Fifo
                0x33f8c190                Ep1Handler
 .text          0x33f8c1cc       0xec common/libcommon.a(cmd_bdinfo.o)
                0x33f8c1e0                do_bdinfo
 .text          0x33f8c2b8      0x2d0 common/libcommon.a(cmd_bmp.o)
                0x33f8c2b8                gunzip_bmp
                0x33f8c35c                do_bmp
 .text          0x33f8c588       0x94 common/libcommon.a(cmd_boot.o)
                0x33f8c5a4                do_go
                0x33f8c588                do_go_exec
 .text          0x33f8c61c      0xe08 common/libcommon.a(cmd_bootm.o)
                0x33f8c648                arch_lmb_reserve
                0x33f8c860                do_bootd
                0x33f8c648                __arch_lmb_reserve
                0x33f8c64c                arch_preboot_os
                0x33f8d190                do_bootm
                0x33f8cfb4                do_bootm_subcommand
                0x33f8c644                board_lmb_reserve
                0x33f8c644                __board_lmb_reserve
                0x33f8c64c                __arch_preboot_os
                0x33f8c7f4                do_iminfo
 .text          0x33f8d424      0x12c common/libcommon.a(cmd_cache.o)
                0x33f8d460                do_dcache
                0x33f8d4d8                do_icache
 .text          0x33f8d550       0xe4 common/libcommon.a(cmd_console.o)
                0x33f8d550                do_coninfo
 .text          0x33f8d634      0x338 common/libcommon.a(cmd_date.o)
                0x33f8d848                do_date
                0x33f8d678                mk_date
 .text          0x33f8d96c      0x21c common/libcommon.a(cmd_eeprom.o)
                0x33f8da74                do_eeprom
                0x33f8d988                eeprom_write
                0x33f8da00                eeprom_read
                0x33f8d96c                eeprom_init
                0x33f8d97c                eeprom_probe
 .text          0x33f8db88      0x470 common/libcommon.a(cmd_elf.o)
                0x33f8df60                do_bootelf
                0x33f8dc94                do_bootvx
                0x33f8dc20                valid_elf_image
                0x33f8df20                do_bootelf_exec
                0x33f8db88                load_elf_image
 .text          0x33f8dff8      0x35c common/libcommon.a(cmd_fat.o)
                0x33f8e1d4                do_fat_fsload
                0x33f8dff8                do_fat_fsinfo
                0x33f8e0d0                do_fat_ls
 .text          0x33f8e354      0xcc8 common/libcommon.a(cmd_flash.o)
                0x33f8efa0                do_flinfo
                0x33f8ec68                flash_sect_erase
                0x33f8e8d0                do_protect
                0x33f8ed48                do_flerase
                0x33f8e5c8                flash_sect_protect
                0x33f8e354                flash_sect_roundb
 .text          0x33f8f01c      0xa98 common/libcommon.a(cmd_i2c.o)
                0x33f8f8a4                do_i2c
                0x33f8f03c                __def_i2c_get_bus_speed
                0x33f8f048                __def_i2c_set_bus_speed
                0x33f8f758                do_i2c_crc
                0x33f8f408                do_i2c_mw
                0x33f8f048                i2c_set_bus_speed
                0x33f8f52c                do_i2c_probe
                0x33f8f060                do_i2c_bus_speed
                0x33f8f578                do_i2c_md
                0x33f8f03c                i2c_get_bus_speed
                0x33f8f2fc                do_i2c_loop
 .text          0x33f8fab4      0x2e4 common/libcommon.a(cmd_itest.o)
                0x33f8fb1c                binary_test
                0x33f8fcfc                do_itest
 .text          0x33f8fd98      0x29c common/libcommon.a(cmd_jffs2.o)
                0x33f8fe2c                do_jffs2_fsinfo
                0x33f8fe90                do_jffs2_ls
                0x33f8fef0                do_jffs2_fsload
 .text          0x33f90034      0xe54 common/libcommon.a(cmd_load.o)
                0x33f900c0                k_data_init
                0x33f901a0                s1_sendpacket
                0x33f901cc                handle_send_packet
                0x33f90100                k_data_restore
                0x33f90390                send_nack
                0x33f906f0                do_load_serial_bin
                0x33f90120                k_data_char
                0x33f90054                chk1
                0x33f900e0                k_data_save
                0x33f90034                ktrans
                0x33f90170                send_pad
                0x33f903f0                send_ack
                0x33f90dac                do_load_serial
 .text          0x33f90e88      0xad0 common/libcommon.a(cmd_mem.o)
                0x33f90fc0                do_mem_base
                0x33f9143c                do_mem_mw
                0x33f90f14                do_mem_crc
                0x33f91840                do_mem_nm
                0x33f91860                do_mem_mm
                0x33f90e88                do_unzip
                0x33f91504                do_mem_cp
                0x33f91004                do_mem_mtest
                0x33f912a4                do_mem_cmp
                0x33f911ac                do_mem_loop
                0x33f91880                do_mem_md
 .text          0x33f91958       0x84 common/libcommon.a(cmd_misc.o)
                0x33f91958                do_sleep
 .text          0x33f919dc      0x13c common/libcommon.a(cmd_mmc.o)
                0x33f919dc                do_mmc
 .text          0x33f91b18     0x1fa4 common/libcommon.a(cmd_mtdparts.o)
                0x33f920d4                mtd_id_parse
                0x33f92e84                mtdparts_init
                0x33f93460                do_mtdparts
                0x33f921e0                find_dev_and_part
                0x33f939f0                do_chpart
                0x33f92b04                mtd_device_validate
 .text          0x33f93abc     0x110c common/libcommon.a(cmd_nand.o)
                0x33f93f1c                do_nandboot
                0x33f94390                do_nand
 .text          0x33f94bc8      0x3c4 common/libcommon.a(cmd_net.o)
                0x33f94f68                do_rarpb
                0x33f94bc8                do_ping
                0x33f94f74                do_tftpb
                0x33f94f5c                do_dhcp
                0x33f94f80                do_bootp
                0x33f94f50                do_nfs
 .text          0x33f94f8c      0x9c0 common/libcommon.a(cmd_nvedit.o)
                0x33f950cc                getenv
                0x33f95134                _do_setenv
                0x33f95578                do_askenv
                0x33f94ffc                getenv_r
                0x33f958b8                do_printenv
                0x33f9571c                setenv
                0x33f94f8c                get_env_id
                0x33f950a0                do_saveenv
                0x33f956f0                do_setenv
                0x33f95768                do_editenv
                0x33f94f9c                envmatch
 .text          0x33f9594c        0x8 common/libcommon.a(cmd_reginfo.o)
                0x33f9594c                do_reginfo
 .text          0x33f95954      0x198 common/libcommon.a(cmd_source.o)
                0x33f95974                source
                0x33f95aa4                do_source
 .text          0x33f95aec     0x10c0 common/libcommon.a(cmd_usb.o)
                0x33f965cc                usb_display_conf_desc
                0x33f9617c                usb_show_tree_graph
                0x33f95aec                usb_get_class_desc
                0x33f95b94                usb_display_ep_desc
                0x33f963d8                usb_display_desc
                0x33f95c5c                usb_display_class_sub
                0x33f963a4                usb_show_tree
                0x33f96508                usb_display_string
                0x33f96544                usb_display_if_desc
                0x33f96678                usb_display_config
                0x33f95dd0                do_usbboot
                0x33f96708                do_usb
 .text          0x33f96bac      0x14c common/libcommon.a(cmd_usbslave.o)
                0x33f96bac                do_usbslave
 .text          0x33f96cf8      0x23c common/libcommon.a(cmd_ximg.o)
                0x33f96cf8                do_imgextract
 .text          0x33f96f34      0xe10 common/libcommon.a(command.o)
                0x33f97130                find_cmd_tbl
                0x33f96fac                do_echo
                0x33f97028                cmd_usage
                0x33f971f0                cmd_auto_complete
                0x33f97898                do_exit
                0x33f971c8                find_cmd
                0x33f96f34                cmd_get_data_size
                0x33f978c8                do_test
                0x33f976d0                _do_help
                0x33f97690                install_auto_complete
                0x33f9784c                do_help
                0x33f970a8                var_complete
                0x33f97088                do_version
 .text          0x33f97d44      0x5bc common/libcommon.a(console.o)
                0x33f98130                console_init_r
                0x33f98038                printf
                0x33f97fcc                console_assign
                0x33f97eec                getc
                0x33f97fa4                search_device
                0x33f97f88                puts
                0x33f97ed0                dbg
                0x33f982c0                serial_printf
                0x33f97e1c                ftstc
                0x33f98278                fprintf
                0x33f97f04                tstc
                0x33f9800c                vprintf
                0x33f97f1c                ctrlc
                0x33f97f6c                putc
                0x33f97e94                disable_ctrlc
                0x33f97df4                fgetc
                0x33f97eac                had_ctrlc
                0x33f97e44                fputc
                0x33f97edc                console_init_f
                0x33f97ebc                clear_ctrlc
                0x33f98078                stdio_print_current_devices
                0x33f97e6c                fputs
 .text          0x33f98300     0x1098 common/libcommon.a(dlmalloc.o)
                0x33f98640                malloc
                0x33f98d48                pvalloc
                0x33f98e1c                calloc
                0x33f98d6c                malloc_usable_size
                0x33f98efc                mem_malloc_init
                0x33f98f28                realloc
                0x33f98334                malloc_trim
                0x33f98300                sbrk
                0x33f98db0                mallopt
                0x33f98c38                memalign
                0x33f9863c                cfree
                0x33f98d60                valloc
                0x33f98400                free
 .text          0x33f99398      0x270 common/libcommon.a(env_common.o)
                0x33f993d8                env_get_char
                0x33f993b8                env_get_addr
                0x33f99568                set_default_env
                0x33f99408                env_complete
                0x33f995b0                env_relocate
                0x33f9953c                env_crc_update
                0x33f99398                env_get_char_memory
 .text          0x33f99608      0x29c common/libcommon.a(env_nand.o)
                0x33f997b8                env_relocate_spec
                0x33f99804                saveenv
                0x33f99618                env_get_char_spec
                0x33f99624                env_init
                0x33f99640                writeenv
                0x33f996f0                readenv
 .text          0x33f998a4      0x108 common/libcommon.a(exports.o)
                0x33f998b0                jumptable_init
                0x33f998a8                get_version
 .text          0x33f999ac      0x384 common/libcommon.a(flash.o)
                0x33f99bcc                flash_write
                0x33f999ac                flash_protect
                0x33f99aa4                addr2info
                0x33f99aec                flash_perror
 .text          0x33f99d30     0x1d6c common/libcommon.a(hush.o)
                0x33f99ffc                new_pipe
                0x33f99e6c                mapset
                0x33f9b22c                parse_string_outer
                0x33f9ab9c                update_ifs_map
                0x33f9a9ec                set_local_var
                0x33f9b1e8                parse_file_outer
                0x33f99d4c                simple_itoa
                0x33f9a2fc                unset_local_var
                0x33f99ea4                do_showvar
                0x33f9a4c0                reserved_word
                0x33f99f8c                u_boot_hush_start
 .text          0x33f9ba9c      0x7f4 common/libcommon.a(image.o)
                0x33f9bd3c                getenv_bootm_size
                0x33f9bdc8                image_print_contents
                0x33f9bbe0                genimg_get_comp_id
                0x33f9bc28                genimg_get_os_id
                0x33f9bb00                get_table_entry_name
                0x33f9bb8c                genimg_has_config
                0x33f9bc10                genimg_get_arch_id
                0x33f9bb40                genimg_get_arch_name
                0x33f9c044                boot_get_ramdisk
                0x33f9bff0                image_check_hcrc
                0x33f9bb28                genimg_get_os_name
                0x33f9bb58                genimg_get_type_name
                0x33f9bc64                genimg_get_format
                0x33f9bb70                genimg_get_comp_name
                0x33f9bfa8                image_check_dcrc
                0x33f9bd0c                genimg_print_size
                0x33f9bd70                getenv_bootm_low
                0x33f9bb88                genimg_get_image
                0x33f9bbf8                genimg_get_type_id
                0x33f9bad8                image_multi_count
                0x33f9bd38                memmove_wd
                0x33f9bb94                get_table_entry_id
                0x33f9bc88                image_multi_getimg
                0x33f9bda4                getenv_yesno
 .text          0x33f9c290     0x1154 common/libcommon.a(main.o)
                0x33f9c290                __show_boot_progress
                0x33f9c390                run_command
                0x33f9c320                do_run
                0x33f9c294                parse_line
                0x33f9d2c8                readline
                0x33f9c290                show_boot_progress
                0x33f9d2e4                main_loop
                0x33f9c998                readline_into_buffer
 .text          0x33f9d3e4      0x2dc common/libcommon.a(s_record.o)
                0x33f9d450                srec_decode
 .text          0x33f9d6c0      0x1f0 common/libcommon.a(stdio.o)
                0x33f9d6dc                stdio_clone
                0x33f9d6c8                nulldev_input
                0x33f9d6d0                stdio_get_list
                0x33f9d85c                stdio_get_by_name
                0x33f9d6c0                nulldev_putc
                0x33f9d764                stdio_init
                0x33f9d6c4                nulldev_puts
                0x33f9d724                stdio_register
 .text          0x33f9d8b0     0x1664 common/libcommon.a(usb.o)
                0x33f9e348                usb_set_idle
                0x33f9d8c8                usb_maxpacket
                0x33f9eb1c                usb_hub_probe
                0x33f9dc20                usb_stop
                0x33f9ee98                usb_init
                0x33f9d8b0                usb_disable_asynch
                0x33f9e688                usb_clear_halt
                0x33f9dc80                usb_bulk_msg
                0x33f9e268                usb_get_class_descriptor
                0x33f9ee1c                usb_scan_devices
                0x33f9df7c                usb_get_hub_descriptor
                0x33f9ddb4                usb_get_port_status
                0x33f9dc1c                usb_submit_int_msg
                0x33f9dac8                usb_parse_config
                0x33f9dce4                usb_control_msg
                0x33f9e3ac                usb_set_protocol
                0x33f9e820                usb_hub_port_connect_change
                0x33f9e474                usb_set_interface
                0x33f9d9e4                usb_hub_allocate
                0x33f9e168                usb_string
                0x33f9e2d8                usb_get_report
                0x33f9e584                usb_get_descriptor
                0x33f9e914                usb_hub_configure
                0x33f9dfd8                usb_get_string
                0x33f9dc5c                wait_ms
                0x33f9df28                usb_clear_hub_feature
                0x33f9e5f0                usb_get_configuration_no
                0x33f9dec8                usb_clear_port_feature
                0x33f9de68                usb_set_port_feature
                0x33f9eb7c                usb_new_device
                0x33f9de14                usb_get_hub_status
                0x33f9e40c                usb_set_configuration
                0x33f9d93c                usb_set_maxpacket
                0x33f9e540                usb_set_address
                0x33f9da28                usb_alloc_new_device
                0x33f9d9d0                usb_hub_reset
                0x33f9d9a0                usb_get_dev_index
 .text          0x33f9ef14     0x139c common/libcommon.a(usb_storage.o)
                0x33f9f300                usb_storage_probe
                0x33fa004c                usb_stor_CB_transport
                0x33f9faa4                usb_stor_CB_comdat
                0x33f9ef34                usb_stor_get_dev
                0x33f9f750                usb_stor_read
                0x33f9ef70                usb_show_progress
                0x33f9f95c                usb_stor_scan
                0x33f9fcd4                usb_stor_BBB_comdat
                0x33fa0240                usb_stor_info
                0x33f9f054                usb_stor_get_info
                0x33f9f530                usb_stor_BBB_clear_endpt_stall
                0x33f9ff7c                usb_stor_CBI_get_status
                0x33f9fdb0                usb_stor_BBB_transport
 .text          0x33fa02b0      0x9e0 common/libcommon.a(xyzModem.o)
                0x33fa03d8                xyzModem_error
                0x33fa0474                xyzModem_stream_close
                0x33fa04c8                CYGACC_COMM_IF_GETC_TIMEOUT
                0x33fa02b0                parse_num
                0x33fa0544                xyzModem_stream_terminate
                0x33fa0b2c                xyzModem_stream_open
                0x33fa04c0                CYGACC_COMM_IF_PUTC
                0x33fa08a0                xyzModem_stream_read
 .text          0x33fa0c90      0x1a0 board/tekkamanninja/mini2440/libmini2440.a(mini2440.o)
                0x33fa0cf4                dram_init
                0x33fa0c9c                board_video_init
                0x33fa0d14                board_eth_init
                0x33fa0d18                board_init
 .text          0x33fa0e30      0x594 board/tekkamanninja/mini2440/libmini2440.a(flash.o)
                0x33fa117c                flash_erase
                0x33fa131c                flash_init
                0x33fa1044                flash_print_info
                0x33fa0ed0                write_buff
 .text          0x33fa13c4       0x48 lib_generic/libgeneric.a(crc16.o)
                0x33fa13c4                cyg_crc16
 .text          0x33fa140c      0x224 lib_generic/libgeneric.a(crc32.o)
                0x33fa140c                crc32
                0x33fa162c                crc32_wd
                0x33fa1520                crc32_no_comp
 .text          0x33fa1630        0x0 lib_generic/libgeneric.a(ctype.o)
 .text          0x33fa1630      0x248 lib_generic/libgeneric.a(display_options.o)
                0x33fa1718                print_buffer
                0x33fa16f8                display_options
                0x33fa1630                print_size
 .text          0x33fa1878      0x1d4 lib_generic/libgeneric.a(gunzip.o)
                0x33fa196c                gunzip
                0x33fa1a34                zfree
                0x33fa1878                zunzip
                0x33fa1a3c                zalloc
 .text          0x33fa1a4c      0x570 lib_generic/libgeneric.a(lmb.o)
                0x33fa1dac                lmb_overlaps_region
                0x33fa1ca0                lmb_add
                0x33fa1a4c                lmb_dump_all
                0x33fa1ca4                lmb_free
                0x33fa1f84                lmb_alloc_base
                0x33fa1fb4                lmb_alloc
                0x33fa1e14                __lmb_alloc_base
                0x33fa1ab0                lmb_init
                0x33fa1f24                lmb_is_reserved
                0x33fa1da4                lmb_reserve
 .text          0x33fa1fbc      0x648 lib_generic/libgeneric.a(string.o)
                0x33fa1fbc                strcpy
                0x33fa2510                memscan
                0x33fa2474                memmove
                0x33fa23f8                memcpy
                0x33fa2304                strswab
                0x33fa21a4                strnlen
                0x33fa216c                strrchr
                0x33fa2000                strcat
                0x33fa25a4                memchr
                0x33fa2540                strstr
                0x33fa20d0                strncmp
                0x33fa1fd8                strncpy
                0x33fa23cc                bcopy
                0x33fa2250                strtok
                0x33fa24d0                memcmp
                0x33fa2034                strncat
                0x33fa25d4                strdup
                0x33fa2350                memset
                0x33fa2098                strcmp
                0x33fa22d0                strsep
                0x33fa21cc                strspn
                0x33fa214c                strlen
                0x33fa2120                strchr
                0x33fa2210                strpbrk
 .text          0x33fa2604      0xdcc lib_generic/libgeneric.a(vsprintf.o)
                0x33fa2d2c                vsprintf
                0x33fa270c                ustrtoul
                0x33fa26e4                simple_strtol
                0x33fa2894                panic
                0x33fa33a8                sprintf
                0x33fa262c                simple_strtoul
 .text          0x33fa33d0     0x27e4 lib_generic/libgeneric.a(zlib.o)
                0x33fa4470                inflate
                0x33fa33d0                inflate_fast
                0x33fa408c                inflateInit_
                0x33fa4124                adler32
                0x33fa4460                zcfree
                0x33fa3ee4                inflateReset
                0x33fa4468                zcalloc
                0x33fa409c                inflateEnd
                0x33fa3f84                inflateInit2_
                0x33fa3950                inflate_table
 .text          0x33fa5bb4       0xf4 lib_generic/libgeneric.a(div64.o)
                0x33fa5bb4                __div64_32
 .text          0x33fa5ca8       0x14 cpu/arm920t/s3c24x0/libs3c24x0.a(interrupts.o)
                0x33fa5cb4                arch_interrupt_init
                0x33fa5ca8                do_irq
 .text          0x33fa5cbc      0x154 cpu/arm920t/s3c24x0/libs3c24x0.a(speed.o)
                0x33fa5d44                get_HCLK
                0x33fa5de8                get_PCLK
                0x33fa5d3c                get_FCLK
                0x33fa5d34                get_UCLK
 .text          0x33fa5e10      0x244 cpu/arm920t/s3c24x0/libs3c24x0.a(timer.o)
                0x33fa5e24                set_timer
                0x33fa5e54                reset_timer
                0x33fa5fb0                get_tbclk
                0x33fa5f48                get_timer
                0x33fa5e34                reset_timer_masked
                0x33fa5fd8                timer_init
                0x33fa5f18                get_timer_masked
                0x33fa5f5c                udelay
                0x33fa5ea4                udelay_masked
                0x33fa5fb8                reset_cpu
                0x33fa5e58                get_ticks
 .text          0x33fa6054     0x15fc cpu/arm920t/s3c24x0/libs3c24x0.a(usb_ohci.o)
                0x33fa6160                rh_check_port_status
                0x33fa6308                usb_lowlevel_stop
                0x33fa6540                sohci_submit_job
                0x33fa61b4                submit_int_msg
                0x33fa6fe8                submit_bulk_msg
                0x33fa7000                submit_control_msg
                0x33fa6350                usb_lowlevel_init
                0x33fa6aec                submit_common_msg
 .text          0x33fa7650      0xb1c cpu/arm920t/s3c24x0/libs3c24x0.a(mmc.o)
                0x33fa765c                mmc_ident
                0x33fa7ef8                mmc_write
                0x33fa7764                mmc_init
                0x33fa7650                mmc_get_dev
                0x33fa7664                mmc2info
                0x33fa8148                mmc_bread
                0x33fa803c                mmc_read
 .text          0x33fa816c      0x1cc lib_arm/libarm.a(bootm.o)
                0x33fa816c                do_bootm_linux
 .text          0x33fa8338        0x4 lib_arm/libarm.a(cache.o)
                0x33fa8338                flush_cache
 .text          0x33fa833c       0xc8 lib_arm/libarm.a(cache-cp15.o)
                0x33fa83e0                dcache_enable
                0x33fa83bc                icache_enable
                0x33fa83c4                icache_disable
                0x33fa83f0                dcache_status
                0x33fa83cc                icache_status
                0x33fa83e8                dcache_disable
 .text          0x33fa8404       0x30 lib_arm/libarm.a(reset.o)
                0x33fa8404                do_reset
 .text          0x33fa8434     0x12fc fs/fat/libfat.a(fat.o)
                0x33fa95f8                file_fat_read
                0x33fa8c9c                do_fat_read
                0x33fa9630                file_fat_ls
                0x33fa8b3c                file_fat_detectfs
                0x33fa8460                disk_read
                0x33fa9640                fat_register_device
 .text          0x33fa9730     0x1cbc fs/jffs2/libjffs2.a(jffs2_1pass.o)
                0x33faa744                jffs2_1pass_load
                0x33faa25c                jffs2_1pass_info
                0x33fab398                jffs2_1pass_ls
                0x33fa9c10                jffs2_1pass_rescan_needed
                0x33fa9730                mkmodestr
                0x33fa9974                jffs2_free_cache
 .text          0x33fab3ec       0xd8 fs/jffs2/libjffs2.a(compr_rtime.o)
                0x33fab3ec                rtime_decompress
 .text          0x33fab4c4      0x13c fs/jffs2/libjffs2.a(compr_rubin.o)
                0x33fab5c0                dynrubin_decompress
                0x33fab4c4                rubin_do_decompress
 .text          0x33fab600       0x18 fs/jffs2/libjffs2.a(compr_zlib.o)
                0x33fab600                zlib_decompress
 .text          0x33fab618      0x914 fs/jffs2/libjffs2.a(mini_inflate.o)
                0x33fab99c                decompress_block
                0x33fab63c                pull_bits
                0x33fab698                pull_bit
                0x33fab618                cramfs_memset
 .text          0x33fabf2c      0x374 disk/libdisk.a(part.o)
                0x33fac008                dev_print
                0x33fabf2c                print_part
                0x33fac244                get_dev
                0x33fac204                get_partition_info
                0x33fac228                init_part
 .text          0x33fac2a0      0x4c8 disk/libdisk.a(part_dos.o)
                0x33fac564                get_partition_info_dos
                0x33fac73c                print_part_dos
                0x33fac2e8                test_part_dos
 .text          0x33fac768      0x1b4 drivers/mtd/libmtd.a(mtdcore.o)
                0x33fac804                del_mtd_device
                0x33fac8b8                get_mtd_device_nm
                0x33fac768                get_mtd_device
                0x33fac7d8                put_mtd_device
                0x33fac854                add_mtd_device
 .text          0x33fac91c      0x834 drivers/mtd/nand/libnand.a(nand_util.o)
                0x33facb98                nand_write_skip_bad
                0x33fac9ec                nand_read_skip_bad
                0x33face1c                nand_erase_opts
 .text          0x33fad150      0x890 drivers/net/libnet.a(dm9000x.o)
                0x33fad320                dm9000_initialize
 .text          0x33fad9e0      0x298 drivers/rtc/librtc.a(date.o)
                0x33fad9e0                GregorianDay
                0x33fadbe4                mktime
                0x33fadad4                to_tm
 .text          0x33fadc78      0x240 drivers/rtc/librtc.a(s3c24x0_rtc.o)
                0x33faddf4                rtc_set
                0x33fade94                rtc_reset
                0x33fadcf0                rtc_get
 .text          0x33fadeb8     0x16d8 drivers/video/libvideo.a(cfb_console.o)
                0x33fae6e0                video_puts
                0x33fae928                video_display_bitmap
                0x33faf2ec                drv_video_init
                0x33fae710                logo_plot
                0x33fae6d8                __board_video_skip
                0x33fae4fc                video_putc
                0x33fae6d8                board_video_skip
 .text          0x33faf590      0x240 drivers/video/libvideo.a(s3c2410_fb.o)
                0x33faf594                video_hw_init
                0x33faf590                video_set_lut
 .text          0x33faf7d0      0x48c drivers/video/libvideo.a(videomodes.o)
                0x33faf7f8                video_get_params
 .text          0x33fafc5c       0x20 cpu/arm920t/libarm920t.a(cpu.o)
                0x33fafc5c                cleanup_before_linux
 .text          0x33fafc7c       0x1c /home/bamboo/work/ok2440/u-boot_for_ok2440/lib_arm/eabi_compat.o
                0x33fafc7c                raise
 .text          0x33fafc98      0x114 /home/bamboo/work/ok2440/cross_tools/4.3.2/bin/../lib/gcc/arm-none-linux-gnueabi/4.3.2/armv4t/libgcc.a(_udivsi3.o)
                0x33fafc98                __udivsi3
                0x33fafc98                __aeabi_uidiv
                0x33fafd8c                __aeabi_uidivmod
 .text          0x33fafdac      0x148 /home/bamboo/work/ok2440/cross_tools/4.3.2/bin/../lib/gcc/arm-none-linux-gnueabi/4.3.2/armv4t/libgcc.a(_divsi3.o)
                0x33fafdac                __aeabi_idiv
                0x33fafdac                __divsi3
                0x33fafed4                __aeabi_idivmod
 .text          0x33fafef4       0x1c /home/bamboo/work/ok2440/cross_tools/4.3.2/bin/../lib/gcc/arm-none-linux-gnueabi/4.3.2/armv4t/libgcc.a(_lshrdi3.o)
                0x33fafef4                __aeabi_llsr
                0x33fafef4                __lshrdi3
 .text          0x33faff10       0x1c /home/bamboo/work/ok2440/cross_tools/4.3.2/bin/../lib/gcc/arm-none-linux-gnueabi/4.3.2/armv4t/libgcc.a(_ashrdi3.o)
                0x33faff10                __ashrdi3
                0x33faff10                __aeabi_lasr
 .text          0x33faff2c       0x1c /home/bamboo/work/ok2440/cross_tools/4.3.2/bin/../lib/gcc/arm-none-linux-gnueabi/4.3.2/armv4t/libgcc.a(_ashldi3.o)
                0x33faff2c                __ashldi3
                0x33faff2c                __aeabi_llsl
 .text          0x33faff48       0x14 /home/bamboo/work/ok2440/cross_tools/4.3.2/bin/../lib/gcc/arm-none-linux-gnueabi/4.3.2/armv4t/libgcc.a(_dvmd_lnx.o)
                0x33faff48                __aeabi_ldiv0
                0x33faff48                __aeabi_idiv0

.glue_7         0x33faff5c        0x0
 .glue_7        0x33faff5c        0x0 cpu/arm920t/start.o
 .glue_7        0x33faff5c        0x0 board/tekkamanninja/mini2440/lowlevel_init.o
 .glue_7        0x33faff5c        0x0 board/tekkamanninja/mini2440/nand_read.o
 .glue_7        0x33faff5c        0x0 lib_arm/libarm.a(board.o)
 .glue_7        0x33faff5c        0x0 lib_arm/libarm.a(interrupts.o)
 .glue_7        0x33faff5c        0x0 net/libnet.a(eth.o)
 .glue_7        0x33faff5c        0x0 net/libnet.a(net.o)
 .glue_7        0x33faff5c        0x0 net/libnet.a(nfs.o)
 .glue_7        0x33faff5c        0x0 net/libnet.a(rarp.o)
 .glue_7        0x33faff5c        0x0 net/libnet.a(tftp.o)
 .glue_7        0x33faff5c        0x0 net/libnet.a(bootp.o)
 .glue_7        0x33faff5c        0x0 drivers/i2c/libi2c.a(s3c24x0_i2c.o)
 .glue_7        0x33faff5c        0x0 drivers/mtd/nand/libnand.a(nand.o)
 .glue_7        0x33faff5c        0x0 drivers/mtd/nand/libnand.a(nand_base.o)
 .glue_7        0x33faff5c        0x0 drivers/mtd/nand/libnand.a(nand_bbt.o)
 .glue_7        0x33faff5c        0x0 drivers/mtd/nand/libnand.a(nand_ecc.o)
 .glue_7        0x33faff5c        0x0 drivers/mtd/nand/libnand.a(nand_ids.o)
 .glue_7        0x33faff5c        0x0 drivers/mtd/nand/libnand.a(s3c2410_nand.o)
 .glue_7        0x33faff5c        0x0 drivers/serial/libserial.a(serial_s3c24x0.o)
 .glue_7        0x33faff5c        0x0 drivers/usb/slave/libusb_slave.a(usbinit.o)
 .glue_7        0x33faff5c        0x0 drivers/usb/slave/libusb_slave.a(interrupt.o)
 .glue_7        0x33faff5c        0x0 drivers/usb/slave/libusb_slave.a(usblib.o)
 .glue_7        0x33faff5c        0x0 drivers/usb/slave/libusb_slave.a(usbmain.o)
 .glue_7        0x33faff5c        0x0 drivers/usb/slave/libusb_slave.a(usbout.o)
 .glue_7        0x33faff5c        0x0 drivers/usb/slave/libusb_slave.a(usbsetup.o)
 .glue_7        0x33faff5c        0x0 drivers/usb/slave/libusb_slave.a(usbin.o)
 .glue_7        0x33faff5c        0x0 common/libcommon.a(cmd_bdinfo.o)
 .glue_7        0x33faff5c        0x0 common/libcommon.a(cmd_bmp.o)
 .glue_7        0x33faff5c        0x0 common/libcommon.a(cmd_boot.o)
 .glue_7        0x33faff5c        0x0 common/libcommon.a(cmd_bootm.o)
 .glue_7        0x33faff5c        0x0 common/libcommon.a(cmd_cache.o)
 .glue_7        0x33faff5c        0x0 common/libcommon.a(cmd_console.o)
 .glue_7        0x33faff5c        0x0 common/libcommon.a(cmd_date.o)
 .glue_7        0x33faff5c        0x0 common/libcommon.a(cmd_eeprom.o)
 .glue_7        0x33faff5c        0x0 common/libcommon.a(cmd_elf.o)
 .glue_7        0x33faff5c        0x0 common/libcommon.a(cmd_fat.o)
 .glue_7        0x33faff5c        0x0 common/libcommon.a(cmd_flash.o)
 .glue_7        0x33faff5c        0x0 common/libcommon.a(cmd_i2c.o)
 .glue_7        0x33faff5c        0x0 common/libcommon.a(cmd_itest.o)
 .glue_7        0x33faff5c        0x0 common/libcommon.a(cmd_jffs2.o)
 .glue_7        0x33faff5c        0x0 common/libcommon.a(cmd_load.o)
 .glue_7        0x33faff5c        0x0 common/libcommon.a(cmd_mem.o)
 .glue_7        0x33faff5c        0x0 common/libcommon.a(cmd_misc.o)
 .glue_7        0x33faff5c        0x0 common/libcommon.a(cmd_mmc.o)
 .glue_7        0x33faff5c        0x0 common/libcommon.a(cmd_mtdparts.o)
 .glue_7        0x33faff5c        0x0 common/libcommon.a(cmd_nand.o)
 .glue_7        0x33faff5c        0x0 common/libcommon.a(cmd_net.o)
 .glue_7        0x33faff5c        0x0 common/libcommon.a(cmd_nvedit.o)
 .glue_7        0x33faff5c        0x0 common/libcommon.a(cmd_reginfo.o)
 .glue_7        0x33faff5c        0x0 common/libcommon.a(cmd_source.o)
 .glue_7        0x33faff5c        0x0 common/libcommon.a(cmd_usb.o)
 .glue_7        0x33faff5c        0x0 common/libcommon.a(cmd_usbslave.o)
 .glue_7        0x33faff5c        0x0 common/libcommon.a(cmd_ximg.o)
 .glue_7        0x33faff5c        0x0 common/libcommon.a(command.o)
 .glue_7        0x33faff5c        0x0 common/libcommon.a(console.o)
 .glue_7        0x33faff5c        0x0 common/libcommon.a(dlmalloc.o)
 .glue_7        0x33faff5c        0x0 common/libcommon.a(env_common.o)
 .glue_7        0x33faff5c        0x0 common/libcommon.a(env_nand.o)
 .glue_7        0x33faff5c        0x0 common/libcommon.a(exports.o)
 .glue_7        0x33faff5c        0x0 common/libcommon.a(flash.o)
 .glue_7        0x33faff5c        0x0 common/libcommon.a(hush.o)
 .glue_7        0x33faff5c        0x0 common/libcommon.a(image.o)
 .glue_7        0x33faff5c        0x0 common/libcommon.a(main.o)
 .glue_7        0x33faff5c        0x0 common/libcommon.a(s_record.o)
 .glue_7        0x33faff5c        0x0 common/libcommon.a(stdio.o)
 .glue_7        0x33faff5c        0x0 common/libcommon.a(usb.o)
 .glue_7        0x33faff5c        0x0 common/libcommon.a(usb_storage.o)
 .glue_7        0x33faff5c        0x0 common/libcommon.a(xyzModem.o)
 .glue_7        0x33faff5c        0x0 board/tekkamanninja/mini2440/libmini2440.a(mini2440.o)
 .glue_7        0x33faff5c        0x0 board/tekkamanninja/mini2440/libmini2440.a(flash.o)
 .glue_7        0x33faff5c        0x0 lib_generic/libgeneric.a(crc16.o)
 .glue_7        0x33faff5c        0x0 lib_generic/libgeneric.a(crc32.o)
 .glue_7        0x33faff5c        0x0 lib_generic/libgeneric.a(ctype.o)
 .glue_7        0x33faff5c        0x0 lib_generic/libgeneric.a(display_options.o)
 .glue_7        0x33faff5c        0x0 lib_generic/libgeneric.a(gunzip.o)
 .glue_7        0x33faff5c        0x0 lib_generic/libgeneric.a(lmb.o)
 .glue_7        0x33faff5c        0x0 lib_generic/libgeneric.a(string.o)
 .glue_7        0x33faff5c        0x0 lib_generic/libgeneric.a(vsprintf.o)
 .glue_7        0x33faff5c        0x0 lib_generic/libgeneric.a(zlib.o)
 .glue_7        0x33faff5c        0x0 lib_generic/libgeneric.a(div64.o)
 .glue_7        0x33faff5c        0x0 cpu/arm920t/s3c24x0/libs3c24x0.a(interrupts.o)
 .glue_7        0x33faff5c        0x0 cpu/arm920t/s3c24x0/libs3c24x0.a(speed.o)
 .glue_7        0x33faff5c        0x0 cpu/arm920t/s3c24x0/libs3c24x0.a(timer.o)
 .glue_7        0x33faff5c        0x0 cpu/arm920t/s3c24x0/libs3c24x0.a(usb_ohci.o)
 .glue_7        0x33faff5c        0x0 cpu/arm920t/s3c24x0/libs3c24x0.a(mmc.o)
 .glue_7        0x33faff5c        0x0 lib_arm/libarm.a(bootm.o)
 .glue_7        0x33faff5c        0x0 lib_arm/libarm.a(cache.o)
 .glue_7        0x33faff5c        0x0 lib_arm/libarm.a(cache-cp15.o)
 .glue_7        0x33faff5c        0x0 lib_arm/libarm.a(reset.o)
 .glue_7        0x33faff5c        0x0 fs/fat/libfat.a(fat.o)
 .glue_7        0x33faff5c        0x0 fs/jffs2/libjffs2.a(jffs2_1pass.o)
 .glue_7        0x33faff5c        0x0 fs/jffs2/libjffs2.a(compr_rtime.o)
 .glue_7        0x33faff5c        0x0 fs/jffs2/libjffs2.a(compr_rubin.o)
 .glue_7        0x33faff5c        0x0 fs/jffs2/libjffs2.a(compr_zlib.o)
 .glue_7        0x33faff5c        0x0 fs/jffs2/libjffs2.a(mini_inflate.o)
 .glue_7        0x33faff5c        0x0 disk/libdisk.a(part.o)
 .glue_7        0x33faff5c        0x0 disk/libdisk.a(part_dos.o)
 .glue_7        0x33faff5c        0x0 drivers/mtd/libmtd.a(mtdcore.o)
 .glue_7        0x33faff5c        0x0 drivers/mtd/nand/libnand.a(nand_util.o)
 .glue_7        0x33faff5c        0x0 drivers/net/libnet.a(dm9000x.o)
 .glue_7        0x33faff5c        0x0 drivers/rtc/librtc.a(date.o)
 .glue_7        0x33faff5c        0x0 drivers/rtc/librtc.a(s3c24x0_rtc.o)
 .glue_7        0x33faff5c        0x0 drivers/video/libvideo.a(cfb_console.o)
 .glue_7        0x33faff5c        0x0 drivers/video/libvideo.a(s3c2410_fb.o)
 .glue_7        0x33faff5c        0x0 drivers/video/libvideo.a(videomodes.o)
 .glue_7        0x33faff5c        0x0 cpu/arm920t/libarm920t.a(cpu.o)
 .glue_7        0x33faff5c        0x0 /home/bamboo/work/ok2440/u-boot_for_ok2440/lib_arm/eabi_compat.o
 .glue_7        0x33faff5c        0x0 /home/bamboo/work/ok2440/cross_tools/4.3.2/bin/../lib/gcc/arm-none-linux-gnueabi/4.3.2/armv4t/libgcc.a(_udivsi3.o)
 .glue_7        0x33faff5c        0x0 /home/bamboo/work/ok2440/cross_tools/4.3.2/bin/../lib/gcc/arm-none-linux-gnueabi/4.3.2/armv4t/libgcc.a(_divsi3.o)
 .glue_7        0x33faff5c        0x0 /home/bamboo/work/ok2440/cross_tools/4.3.2/bin/../lib/gcc/arm-none-linux-gnueabi/4.3.2/armv4t/libgcc.a(_lshrdi3.o)
 .glue_7        0x33faff5c        0x0 /home/bamboo/work/ok2440/cross_tools/4.3.2/bin/../lib/gcc/arm-none-linux-gnueabi/4.3.2/armv4t/libgcc.a(_ashrdi3.o)
 .glue_7        0x33faff5c        0x0 /home/bamboo/work/ok2440/cross_tools/4.3.2/bin/../lib/gcc/arm-none-linux-gnueabi/4.3.2/armv4t/libgcc.a(_ashldi3.o)
 .glue_7        0x33faff5c        0x0 /home/bamboo/work/ok2440/cross_tools/4.3.2/bin/../lib/gcc/arm-none-linux-gnueabi/4.3.2/armv4t/libgcc.a(_dvmd_lnx.o)

.glue_7t        0x33faff5c        0x0
 .glue_7t       0x33faff5c        0x0 cpu/arm920t/start.o
 .glue_7t       0x33faff5c        0x0 board/tekkamanninja/mini2440/lowlevel_init.o
 .glue_7t       0x33faff5c        0x0 board/tekkamanninja/mini2440/nand_read.o
 .glue_7t       0x33faff5c        0x0 lib_arm/libarm.a(board.o)
 .glue_7t       0x33faff5c        0x0 lib_arm/libarm.a(interrupts.o)
 .glue_7t       0x33faff5c        0x0 net/libnet.a(eth.o)
 .glue_7t       0x33faff5c        0x0 net/libnet.a(net.o)
 .glue_7t       0x33faff5c        0x0 net/libnet.a(nfs.o)
 .glue_7t       0x33faff5c        0x0 net/libnet.a(rarp.o)
 .glue_7t       0x33faff5c        0x0 net/libnet.a(tftp.o)
 .glue_7t       0x33faff5c        0x0 net/libnet.a(bootp.o)
 .glue_7t       0x33faff5c        0x0 drivers/i2c/libi2c.a(s3c24x0_i2c.o)
 .glue_7t       0x33faff5c        0x0 drivers/mtd/nand/libnand.a(nand.o)
 .glue_7t       0x33faff5c        0x0 drivers/mtd/nand/libnand.a(nand_base.o)
 .glue_7t       0x33faff5c        0x0 drivers/mtd/nand/libnand.a(nand_bbt.o)
 .glue_7t       0x33faff5c        0x0 drivers/mtd/nand/libnand.a(nand_ecc.o)
 .glue_7t       0x33faff5c        0x0 drivers/mtd/nand/libnand.a(nand_ids.o)
 .glue_7t       0x33faff5c        0x0 drivers/mtd/nand/libnand.a(s3c2410_nand.o)
 .glue_7t       0x33faff5c        0x0 drivers/serial/libserial.a(serial_s3c24x0.o)
 .glue_7t       0x33faff5c        0x0 drivers/usb/slave/libusb_slave.a(usbinit.o)
 .glue_7t       0x33faff5c        0x0 drivers/usb/slave/libusb_slave.a(interrupt.o)
 .glue_7t       0x33faff5c        0x0 drivers/usb/slave/libusb_slave.a(usblib.o)
 .glue_7t       0x33faff5c        0x0 drivers/usb/slave/libusb_slave.a(usbmain.o)
 .glue_7t       0x33faff5c        0x0 drivers/usb/slave/libusb_slave.a(usbout.o)
 .glue_7t       0x33faff5c        0x0 drivers/usb/slave/libusb_slave.a(usbsetup.o)
 .glue_7t       0x33faff5c        0x0 drivers/usb/slave/libusb_slave.a(usbin.o)
 .glue_7t       0x33faff5c        0x0 common/libcommon.a(cmd_bdinfo.o)
 .glue_7t       0x33faff5c        0x0 common/libcommon.a(cmd_bmp.o)
 .glue_7t       0x33faff5c        0x0 common/libcommon.a(cmd_boot.o)
 .glue_7t       0x33faff5c        0x0 common/libcommon.a(cmd_bootm.o)
 .glue_7t       0x33faff5c        0x0 common/libcommon.a(cmd_cache.o)
 .glue_7t       0x33faff5c        0x0 common/libcommon.a(cmd_console.o)
 .glue_7t       0x33faff5c        0x0 common/libcommon.a(cmd_date.o)
 .glue_7t       0x33faff5c        0x0 common/libcommon.a(cmd_eeprom.o)
 .glue_7t       0x33faff5c        0x0 common/libcommon.a(cmd_elf.o)
 .glue_7t       0x33faff5c        0x0 common/libcommon.a(cmd_fat.o)
 .glue_7t       0x33faff5c        0x0 common/libcommon.a(cmd_flash.o)
 .glue_7t       0x33faff5c        0x0 common/libcommon.a(cmd_i2c.o)
 .glue_7t       0x33faff5c        0x0 common/libcommon.a(cmd_itest.o)
 .glue_7t       0x33faff5c        0x0 common/libcommon.a(cmd_jffs2.o)
 .glue_7t       0x33faff5c        0x0 common/libcommon.a(cmd_load.o)
 .glue_7t       0x33faff5c        0x0 common/libcommon.a(cmd_mem.o)
 .glue_7t       0x33faff5c        0x0 common/libcommon.a(cmd_misc.o)
 .glue_7t       0x33faff5c        0x0 common/libcommon.a(cmd_mmc.o)
 .glue_7t       0x33faff5c        0x0 common/libcommon.a(cmd_mtdparts.o)
 .glue_7t       0x33faff5c        0x0 common/libcommon.a(cmd_nand.o)
 .glue_7t       0x33faff5c        0x0 common/libcommon.a(cmd_net.o)
 .glue_7t       0x33faff5c        0x0 common/libcommon.a(cmd_nvedit.o)
 .glue_7t       0x33faff5c        0x0 common/libcommon.a(cmd_reginfo.o)
 .glue_7t       0x33faff5c        0x0 common/libcommon.a(cmd_source.o)
 .glue_7t       0x33faff5c        0x0 common/libcommon.a(cmd_usb.o)
 .glue_7t       0x33faff5c        0x0 common/libcommon.a(cmd_usbslave.o)
 .glue_7t       0x33faff5c        0x0 common/libcommon.a(cmd_ximg.o)
 .glue_7t       0x33faff5c        0x0 common/libcommon.a(command.o)
 .glue_7t       0x33faff5c        0x0 common/libcommon.a(console.o)
 .glue_7t       0x33faff5c        0x0 common/libcommon.a(dlmalloc.o)
 .glue_7t       0x33faff5c        0x0 common/libcommon.a(env_common.o)
 .glue_7t       0x33faff5c        0x0 common/libcommon.a(env_nand.o)
 .glue_7t       0x33faff5c        0x0 common/libcommon.a(exports.o)
 .glue_7t       0x33faff5c        0x0 common/libcommon.a(flash.o)
 .glue_7t       0x33faff5c        0x0 common/libcommon.a(hush.o)
 .glue_7t       0x33faff5c        0x0 common/libcommon.a(image.o)
 .glue_7t       0x33faff5c        0x0 common/libcommon.a(main.o)
 .glue_7t       0x33faff5c        0x0 common/libcommon.a(s_record.o)
 .glue_7t       0x33faff5c        0x0 common/libcommon.a(stdio.o)
 .glue_7t       0x33faff5c        0x0 common/libcommon.a(usb.o)
 .glue_7t       0x33faff5c        0x0 common/libcommon.a(usb_storage.o)
 .glue_7t       0x33faff5c        0x0 common/libcommon.a(xyzModem.o)
 .glue_7t       0x33faff5c        0x0 board/tekkamanninja/mini2440/libmini2440.a(mini2440.o)
 .glue_7t       0x33faff5c        0x0 board/tekkamanninja/mini2440/libmini2440.a(flash.o)
 .glue_7t       0x33faff5c        0x0 lib_generic/libgeneric.a(crc16.o)
 .glue_7t       0x33faff5c        0x0 lib_generic/libgeneric.a(crc32.o)
 .glue_7t       0x33faff5c        0x0 lib_generic/libgeneric.a(ctype.o)
 .glue_7t       0x33faff5c        0x0 lib_generic/libgeneric.a(display_options.o)
 .glue_7t       0x33faff5c        0x0 lib_generic/libgeneric.a(gunzip.o)
 .glue_7t       0x33faff5c        0x0 lib_generic/libgeneric.a(lmb.o)
 .glue_7t       0x33faff5c        0x0 lib_generic/libgeneric.a(string.o)
 .glue_7t       0x33faff5c        0x0 lib_generic/libgeneric.a(vsprintf.o)
 .glue_7t       0x33faff5c        0x0 lib_generic/libgeneric.a(zlib.o)
 .glue_7t       0x33faff5c        0x0 lib_generic/libgeneric.a(div64.o)
 .glue_7t       0x33faff5c        0x0 cpu/arm920t/s3c24x0/libs3c24x0.a(interrupts.o)
 .glue_7t       0x33faff5c        0x0 cpu/arm920t/s3c24x0/libs3c24x0.a(speed.o)
 .glue_7t       0x33faff5c        0x0 cpu/arm920t/s3c24x0/libs3c24x0.a(timer.o)
 .glue_7t       0x33faff5c        0x0 cpu/arm920t/s3c24x0/libs3c24x0.a(usb_ohci.o)
 .glue_7t       0x33faff5c        0x0 cpu/arm920t/s3c24x0/libs3c24x0.a(mmc.o)
 .glue_7t       0x33faff5c        0x0 lib_arm/libarm.a(bootm.o)
 .glue_7t       0x33faff5c        0x0 lib_arm/libarm.a(cache.o)
 .glue_7t       0x33faff5c        0x0 lib_arm/libarm.a(cache-cp15.o)
 .glue_7t       0x33faff5c        0x0 lib_arm/libarm.a(reset.o)
 .glue_7t       0x33faff5c        0x0 fs/fat/libfat.a(fat.o)
 .glue_7t       0x33faff5c        0x0 fs/jffs2/libjffs2.a(jffs2_1pass.o)
 .glue_7t       0x33faff5c        0x0 fs/jffs2/libjffs2.a(compr_rtime.o)
 .glue_7t       0x33faff5c        0x0 fs/jffs2/libjffs2.a(compr_rubin.o)
 .glue_7t       0x33faff5c        0x0 fs/jffs2/libjffs2.a(compr_zlib.o)
 .glue_7t       0x33faff5c        0x0 fs/jffs2/libjffs2.a(mini_inflate.o)
 .glue_7t       0x33faff5c        0x0 disk/libdisk.a(part.o)
 .glue_7t       0x33faff5c        0x0 disk/libdisk.a(part_dos.o)
 .glue_7t       0x33faff5c        0x0 drivers/mtd/libmtd.a(mtdcore.o)
 .glue_7t       0x33faff5c        0x0 drivers/mtd/nand/libnand.a(nand_util.o)
 .glue_7t       0x33faff5c        0x0 drivers/net/libnet.a(dm9000x.o)
 .glue_7t       0x33faff5c        0x0 drivers/rtc/librtc.a(date.o)
 .glue_7t       0x33faff5c        0x0 drivers/rtc/librtc.a(s3c24x0_rtc.o)
 .glue_7t       0x33faff5c        0x0 drivers/video/libvideo.a(cfb_console.o)
 .glue_7t       0x33faff5c        0x0 drivers/video/libvideo.a(s3c2410_fb.o)
 .glue_7t       0x33faff5c        0x0 drivers/video/libvideo.a(videomodes.o)
 .glue_7t       0x33faff5c        0x0 cpu/arm920t/libarm920t.a(cpu.o)
 .glue_7t       0x33faff5c        0x0 /home/bamboo/work/ok2440/u-boot_for_ok2440/lib_arm/eabi_compat.o
 .glue_7t       0x33faff5c        0x0 /home/bamboo/work/ok2440/cross_tools/4.3.2/bin/../lib/gcc/arm-none-linux-gnueabi/4.3.2/armv4t/libgcc.a(_udivsi3.o)
 .glue_7t       0x33faff5c        0x0 /home/bamboo/work/ok2440/cross_tools/4.3.2/bin/../lib/gcc/arm-none-linux-gnueabi/4.3.2/armv4t/libgcc.a(_divsi3.o)
 .glue_7t       0x33faff5c        0x0 /home/bamboo/work/ok2440/cross_tools/4.3.2/bin/../lib/gcc/arm-none-linux-gnueabi/4.3.2/armv4t/libgcc.a(_lshrdi3.o)
 .glue_7t       0x33faff5c        0x0 /home/bamboo/work/ok2440/cross_tools/4.3.2/bin/../lib/gcc/arm-none-linux-gnueabi/4.3.2/armv4t/libgcc.a(_ashrdi3.o)
 .glue_7t       0x33faff5c        0x0 /home/bamboo/work/ok2440/cross_tools/4.3.2/bin/../lib/gcc/arm-none-linux-gnueabi/4.3.2/armv4t/libgcc.a(_ashldi3.o)
 .glue_7t       0x33faff5c        0x0 /home/bamboo/work/ok2440/cross_tools/4.3.2/bin/../lib/gcc/arm-none-linux-gnueabi/4.3.2/armv4t/libgcc.a(_dvmd_lnx.o)

.vfp11_veneer   0x33faff5c        0x0
 .vfp11_veneer  0x33faff5c        0x0 cpu/arm920t/start.o
 .vfp11_veneer  0x33faff5c        0x0 board/tekkamanninja/mini2440/lowlevel_init.o
 .vfp11_veneer  0x33faff5c        0x0 board/tekkamanninja/mini2440/nand_read.o
 .vfp11_veneer  0x33faff5c        0x0 lib_arm/libarm.a(board.o)
 .vfp11_veneer  0x33faff5c        0x0 lib_arm/libarm.a(interrupts.o)
 .vfp11_veneer  0x33faff5c        0x0 net/libnet.a(eth.o)
 .vfp11_veneer  0x33faff5c        0x0 net/libnet.a(net.o)
 .vfp11_veneer  0x33faff5c        0x0 net/libnet.a(nfs.o)
 .vfp11_veneer  0x33faff5c        0x0 net/libnet.a(rarp.o)
 .vfp11_veneer  0x33faff5c        0x0 net/libnet.a(tftp.o)
 .vfp11_veneer  0x33faff5c        0x0 net/libnet.a(bootp.o)
 .vfp11_veneer  0x33faff5c        0x0 drivers/i2c/libi2c.a(s3c24x0_i2c.o)
 .vfp11_veneer  0x33faff5c        0x0 drivers/mtd/nand/libnand.a(nand.o)
 .vfp11_veneer  0x33faff5c        0x0 drivers/mtd/nand/libnand.a(nand_base.o)
 .vfp11_veneer  0x33faff5c        0x0 drivers/mtd/nand/libnand.a(nand_bbt.o)
 .vfp11_veneer  0x33faff5c        0x0 drivers/mtd/nand/libnand.a(nand_ecc.o)
 .vfp11_veneer  0x33faff5c        0x0 drivers/mtd/nand/libnand.a(nand_ids.o)
 .vfp11_veneer  0x33faff5c        0x0 drivers/mtd/nand/libnand.a(s3c2410_nand.o)
 .vfp11_veneer  0x33faff5c        0x0 drivers/serial/libserial.a(serial_s3c24x0.o)
 .vfp11_veneer  0x33faff5c        0x0 drivers/usb/slave/libusb_slave.a(usbinit.o)
 .vfp11_veneer  0x33faff5c        0x0 drivers/usb/slave/libusb_slave.a(interrupt.o)
 .vfp11_veneer  0x33faff5c        0x0 drivers/usb/slave/libusb_slave.a(usblib.o)
 .vfp11_veneer  0x33faff5c        0x0 drivers/usb/slave/libusb_slave.a(usbmain.o)
 .vfp11_veneer  0x33faff5c        0x0 drivers/usb/slave/libusb_slave.a(usbout.o)
 .vfp11_veneer  0x33faff5c        0x0 drivers/usb/slave/libusb_slave.a(usbsetup.o)
 .vfp11_veneer  0x33faff5c        0x0 drivers/usb/slave/libusb_slave.a(usbin.o)
 .vfp11_veneer  0x33faff5c        0x0 common/libcommon.a(cmd_bdinfo.o)
 .vfp11_veneer  0x33faff5c        0x0 common/libcommon.a(cmd_bmp.o)
 .vfp11_veneer  0x33faff5c        0x0 common/libcommon.a(cmd_boot.o)
 .vfp11_veneer  0x33faff5c        0x0 common/libcommon.a(cmd_bootm.o)
 .vfp11_veneer  0x33faff5c        0x0 common/libcommon.a(cmd_cache.o)
 .vfp11_veneer  0x33faff5c        0x0 common/libcommon.a(cmd_console.o)
 .vfp11_veneer  0x33faff5c        0x0 common/libcommon.a(cmd_date.o)
 .vfp11_veneer  0x33faff5c        0x0 common/libcommon.a(cmd_eeprom.o)
 .vfp11_veneer  0x33faff5c        0x0 common/libcommon.a(cmd_elf.o)
 .vfp11_veneer  0x33faff5c        0x0 common/libcommon.a(cmd_fat.o)
 .vfp11_veneer  0x33faff5c        0x0 common/libcommon.a(cmd_flash.o)
 .vfp11_veneer  0x33faff5c        0x0 common/libcommon.a(cmd_i2c.o)
 .vfp11_veneer  0x33faff5c        0x0 common/libcommon.a(cmd_itest.o)
 .vfp11_veneer  0x33faff5c        0x0 common/libcommon.a(cmd_jffs2.o)
 .vfp11_veneer  0x33faff5c        0x0 common/libcommon.a(cmd_load.o)
 .vfp11_veneer  0x33faff5c        0x0 common/libcommon.a(cmd_mem.o)
 .vfp11_veneer  0x33faff5c        0x0 common/libcommon.a(cmd_misc.o)
 .vfp11_veneer  0x33faff5c        0x0 common/libcommon.a(cmd_mmc.o)
 .vfp11_veneer  0x33faff5c        0x0 common/libcommon.a(cmd_mtdparts.o)
 .vfp11_veneer  0x33faff5c        0x0 common/libcommon.a(cmd_nand.o)
 .vfp11_veneer  0x33faff5c        0x0 common/libcommon.a(cmd_net.o)
 .vfp11_veneer  0x33faff5c        0x0 common/libcommon.a(cmd_nvedit.o)
 .vfp11_veneer  0x33faff5c        0x0 common/libcommon.a(cmd_reginfo.o)
 .vfp11_veneer  0x33faff5c        0x0 common/libcommon.a(cmd_source.o)
 .vfp11_veneer  0x33faff5c        0x0 common/libcommon.a(cmd_usb.o)
 .vfp11_veneer  0x33faff5c        0x0 common/libcommon.a(cmd_usbslave.o)
 .vfp11_veneer  0x33faff5c        0x0 common/libcommon.a(cmd_ximg.o)
 .vfp11_veneer  0x33faff5c        0x0 common/libcommon.a(command.o)
 .vfp11_veneer  0x33faff5c        0x0 common/libcommon.a(console.o)
 .vfp11_veneer  0x33faff5c        0x0 common/libcommon.a(dlmalloc.o)
 .vfp11_veneer  0x33faff5c        0x0 common/libcommon.a(env_common.o)
 .vfp11_veneer  0x33faff5c        0x0 common/libcommon.a(env_nand.o)
 .vfp11_veneer  0x33faff5c        0x0 common/libcommon.a(exports.o)
 .vfp11_veneer  0x33faff5c        0x0 common/libcommon.a(flash.o)
 .vfp11_veneer  0x33faff5c        0x0 common/libcommon.a(hush.o)
 .vfp11_veneer  0x33faff5c        0x0 common/libcommon.a(image.o)
 .vfp11_veneer  0x33faff5c        0x0 common/libcommon.a(main.o)
 .vfp11_veneer  0x33faff5c        0x0 common/libcommon.a(s_record.o)
 .vfp11_veneer  0x33faff5c        0x0 common/libcommon.a(stdio.o)
 .vfp11_veneer  0x33faff5c        0x0 common/libcommon.a(usb.o)
 .vfp11_veneer  0x33faff5c        0x0 common/libcommon.a(usb_storage.o)
 .vfp11_veneer  0x33faff5c        0x0 common/libcommon.a(xyzModem.o)
 .vfp11_veneer  0x33faff5c        0x0 board/tekkamanninja/mini2440/libmini2440.a(mini2440.o)
 .vfp11_veneer  0x33faff5c        0x0 board/tekkamanninja/mini2440/libmini2440.a(flash.o)
 .vfp11_veneer  0x33faff5c        0x0 lib_generic/libgeneric.a(crc16.o)
 .vfp11_veneer  0x33faff5c        0x0 lib_generic/libgeneric.a(crc32.o)
 .vfp11_veneer  0x33faff5c        0x0 lib_generic/libgeneric.a(ctype.o)
 .vfp11_veneer  0x33faff5c        0x0 lib_generic/libgeneric.a(display_options.o)
 .vfp11_veneer  0x33faff5c        0x0 lib_generic/libgeneric.a(gunzip.o)
 .vfp11_veneer  0x33faff5c        0x0 lib_generic/libgeneric.a(lmb.o)
 .vfp11_veneer  0x33faff5c        0x0 lib_generic/libgeneric.a(string.o)
 .vfp11_veneer  0x33faff5c        0x0 lib_generic/libgeneric.a(vsprintf.o)
 .vfp11_veneer  0x33faff5c        0x0 lib_generic/libgeneric.a(zlib.o)
 .vfp11_veneer  0x33faff5c        0x0 lib_generic/libgeneric.a(div64.o)
 .vfp11_veneer  0x33faff5c        0x0 cpu/arm920t/s3c24x0/libs3c24x0.a(interrupts.o)
 .vfp11_veneer  0x33faff5c        0x0 cpu/arm920t/s3c24x0/libs3c24x0.a(speed.o)
 .vfp11_veneer  0x33faff5c        0x0 cpu/arm920t/s3c24x0/libs3c24x0.a(timer.o)
 .vfp11_veneer  0x33faff5c        0x0 cpu/arm920t/s3c24x0/libs3c24x0.a(usb_ohci.o)
 .vfp11_veneer  0x33faff5c        0x0 cpu/arm920t/s3c24x0/libs3c24x0.a(mmc.o)
 .vfp11_veneer  0x33faff5c        0x0 lib_arm/libarm.a(bootm.o)
 .vfp11_veneer  0x33faff5c        0x0 lib_arm/libarm.a(cache.o)
 .vfp11_veneer  0x33faff5c        0x0 lib_arm/libarm.a(cache-cp15.o)
 .vfp11_veneer  0x33faff5c        0x0 lib_arm/libarm.a(reset.o)
 .vfp11_veneer  0x33faff5c        0x0 fs/fat/libfat.a(fat.o)
 .vfp11_veneer  0x33faff5c        0x0 fs/jffs2/libjffs2.a(jffs2_1pass.o)
 .vfp11_veneer  0x33faff5c        0x0 fs/jffs2/libjffs2.a(compr_rtime.o)
 .vfp11_veneer  0x33faff5c        0x0 fs/jffs2/libjffs2.a(compr_rubin.o)
 .vfp11_veneer  0x33faff5c        0x0 fs/jffs2/libjffs2.a(compr_zlib.o)
 .vfp11_veneer  0x33faff5c        0x0 fs/jffs2/libjffs2.a(mini_inflate.o)
 .vfp11_veneer  0x33faff5c        0x0 disk/libdisk.a(part.o)
 .vfp11_veneer  0x33faff5c        0x0 disk/libdisk.a(part_dos.o)
 .vfp11_veneer  0x33faff5c        0x0 drivers/mtd/libmtd.a(mtdcore.o)
 .vfp11_veneer  0x33faff5c        0x0 drivers/mtd/nand/libnand.a(nand_util.o)
 .vfp11_veneer  0x33faff5c        0x0 drivers/net/libnet.a(dm9000x.o)
 .vfp11_veneer  0x33faff5c        0x0 drivers/rtc/librtc.a(date.o)
 .vfp11_veneer  0x33faff5c        0x0 drivers/rtc/librtc.a(s3c24x0_rtc.o)
 .vfp11_veneer  0x33faff5c        0x0 drivers/video/libvideo.a(cfb_console.o)
 .vfp11_veneer  0x33faff5c        0x0 drivers/video/libvideo.a(s3c2410_fb.o)
 .vfp11_veneer  0x33faff5c        0x0 drivers/video/libvideo.a(videomodes.o)
 .vfp11_veneer  0x33faff5c        0x0 cpu/arm920t/libarm920t.a(cpu.o)
 .vfp11_veneer  0x33faff5c        0x0 /home/bamboo/work/ok2440/u-boot_for_ok2440/lib_arm/eabi_compat.o
 .vfp11_veneer  0x33faff5c        0x0 /home/bamboo/work/ok2440/cross_tools/4.3.2/bin/../lib/gcc/arm-none-linux-gnueabi/4.3.2/armv4t/libgcc.a(_udivsi3.o)
 .vfp11_veneer  0x33faff5c        0x0 /home/bamboo/work/ok2440/cross_tools/4.3.2/bin/../lib/gcc/arm-none-linux-gnueabi/4.3.2/armv4t/libgcc.a(_divsi3.o)
 .vfp11_veneer  0x33faff5c        0x0 /home/bamboo/work/ok2440/cross_tools/4.3.2/bin/../lib/gcc/arm-none-linux-gnueabi/4.3.2/armv4t/libgcc.a(_lshrdi3.o)
 .vfp11_veneer  0x33faff5c        0x0 /home/bamboo/work/ok2440/cross_tools/4.3.2/bin/../lib/gcc/arm-none-linux-gnueabi/4.3.2/armv4t/libgcc.a(_ashrdi3.o)
 .vfp11_veneer  0x33faff5c        0x0 /home/bamboo/work/ok2440/cross_tools/4.3.2/bin/../lib/gcc/arm-none-linux-gnueabi/4.3.2/armv4t/libgcc.a(_ashldi3.o)
 .vfp11_veneer  0x33faff5c        0x0 /home/bamboo/work/ok2440/cross_tools/4.3.2/bin/../lib/gcc/arm-none-linux-gnueabi/4.3.2/armv4t/libgcc.a(_dvmd_lnx.o)

.janus_2cc_veneer
                0x33faff5c        0x0
 .janus_2cc_veneer
                0x33faff5c        0x0 cpu/arm920t/start.o
 .janus_2cc_veneer
                0x33faff5c        0x0 board/tekkamanninja/mini2440/lowlevel_init.o
 .janus_2cc_veneer
                0x33faff5c        0x0 board/tekkamanninja/mini2440/nand_read.o
 .janus_2cc_veneer
                0x33faff5c        0x0 lib_arm/libarm.a(board.o)
 .janus_2cc_veneer
                0x33faff5c        0x0 lib_arm/libarm.a(interrupts.o)
 .janus_2cc_veneer
                0x33faff5c        0x0 net/libnet.a(eth.o)
 .janus_2cc_veneer
                0x33faff5c        0x0 net/libnet.a(net.o)
 .janus_2cc_veneer
                0x33faff5c        0x0 net/libnet.a(nfs.o)
 .janus_2cc_veneer
                0x33faff5c        0x0 net/libnet.a(rarp.o)
 .janus_2cc_veneer
                0x33faff5c        0x0 net/libnet.a(tftp.o)
 .janus_2cc_veneer
                0x33faff5c        0x0 net/libnet.a(bootp.o)
 .janus_2cc_veneer
                0x33faff5c        0x0 drivers/i2c/libi2c.a(s3c24x0_i2c.o)
 .janus_2cc_veneer
                0x33faff5c        0x0 drivers/mtd/nand/libnand.a(nand.o)
 .janus_2cc_veneer
                0x33faff5c        0x0 drivers/mtd/nand/libnand.a(nand_base.o)
 .janus_2cc_veneer
                0x33faff5c        0x0 drivers/mtd/nand/libnand.a(nand_bbt.o)
 .janus_2cc_veneer
                0x33faff5c        0x0 drivers/mtd/nand/libnand.a(nand_ecc.o)
 .janus_2cc_veneer
                0x33faff5c        0x0 drivers/mtd/nand/libnand.a(nand_ids.o)
 .janus_2cc_veneer
                0x33faff5c        0x0 drivers/mtd/nand/libnand.a(s3c2410_nand.o)
 .janus_2cc_veneer
                0x33faff5c        0x0 drivers/serial/libserial.a(serial_s3c24x0.o)
 .janus_2cc_veneer
                0x33faff5c        0x0 drivers/usb/slave/libusb_slave.a(usbinit.o)
 .janus_2cc_veneer
                0x33faff5c        0x0 drivers/usb/slave/libusb_slave.a(interrupt.o)
 .janus_2cc_veneer
                0x33faff5c        0x0 drivers/usb/slave/libusb_slave.a(usblib.o)
 .janus_2cc_veneer
                0x33faff5c        0x0 drivers/usb/slave/libusb_slave.a(usbmain.o)
 .janus_2cc_veneer
                0x33faff5c        0x0 drivers/usb/slave/libusb_slave.a(usbout.o)
 .janus_2cc_veneer
                0x33faff5c        0x0 drivers/usb/slave/libusb_slave.a(usbsetup.o)
 .janus_2cc_veneer
                0x33faff5c        0x0 drivers/usb/slave/libusb_slave.a(usbin.o)
 .janus_2cc_veneer
                0x33faff5c        0x0 common/libcommon.a(cmd_bdinfo.o)
 .janus_2cc_veneer
                0x33faff5c        0x0 common/libcommon.a(cmd_bmp.o)
 .janus_2cc_veneer
                0x33faff5c        0x0 common/libcommon.a(cmd_boot.o)
 .janus_2cc_veneer
                0x33faff5c        0x0 common/libcommon.a(cmd_bootm.o)
 .janus_2cc_veneer
                0x33faff5c        0x0 common/libcommon.a(cmd_cache.o)
 .janus_2cc_veneer
                0x33faff5c        0x0 common/libcommon.a(cmd_console.o)
 .janus_2cc_veneer
                0x33faff5c        0x0 common/libcommon.a(cmd_date.o)
 .janus_2cc_veneer
                0x33faff5c        0x0 common/libcommon.a(cmd_eeprom.o)
 .janus_2cc_veneer
                0x33faff5c        0x0 common/libcommon.a(cmd_elf.o)
 .janus_2cc_veneer
                0x33faff5c        0x0 common/libcommon.a(cmd_fat.o)
 .janus_2cc_veneer
                0x33faff5c        0x0 common/libcommon.a(cmd_flash.o)
 .janus_2cc_veneer
                0x33faff5c        0x0 common/libcommon.a(cmd_i2c.o)
 .janus_2cc_veneer
                0x33faff5c        0x0 common/libcommon.a(cmd_itest.o)
 .janus_2cc_veneer
                0x33faff5c        0x0 common/libcommon.a(cmd_jffs2.o)
 .janus_2cc_veneer
                0x33faff5c        0x0 common/libcommon.a(cmd_load.o)
 .janus_2cc_veneer
                0x33faff5c        0x0 common/libcommon.a(cmd_mem.o)
 .janus_2cc_veneer
                0x33faff5c        0x0 common/libcommon.a(cmd_misc.o)
 .janus_2cc_veneer
                0x33faff5c        0x0 common/libcommon.a(cmd_mmc.o)
 .janus_2cc_veneer
                0x33faff5c        0x0 common/libcommon.a(cmd_mtdparts.o)
 .janus_2cc_veneer
                0x33faff5c        0x0 common/libcommon.a(cmd_nand.o)
 .janus_2cc_veneer
                0x33faff5c        0x0 common/libcommon.a(cmd_net.o)
 .janus_2cc_veneer
                0x33faff5c        0x0 common/libcommon.a(cmd_nvedit.o)
 .janus_2cc_veneer
                0x33faff5c        0x0 common/libcommon.a(cmd_reginfo.o)
 .janus_2cc_veneer
                0x33faff5c        0x0 common/libcommon.a(cmd_source.o)
 .janus_2cc_veneer
                0x33faff5c        0x0 common/libcommon.a(cmd_usb.o)
 .janus_2cc_veneer
                0x33faff5c        0x0 common/libcommon.a(cmd_usbslave.o)
 .janus_2cc_veneer
                0x33faff5c        0x0 common/libcommon.a(cmd_ximg.o)
 .janus_2cc_veneer
                0x33faff5c        0x0 common/libcommon.a(command.o)
 .janus_2cc_veneer
                0x33faff5c        0x0 common/libcommon.a(console.o)
 .janus_2cc_veneer
                0x33faff5c        0x0 common/libcommon.a(dlmalloc.o)
 .janus_2cc_veneer
                0x33faff5c        0x0 common/libcommon.a(env_common.o)
 .janus_2cc_veneer
                0x33faff5c        0x0 common/libcommon.a(env_nand.o)
 .janus_2cc_veneer
                0x33faff5c        0x0 common/libcommon.a(exports.o)
 .janus_2cc_veneer
                0x33faff5c        0x0 common/libcommon.a(flash.o)
 .janus_2cc_veneer
                0x33faff5c        0x0 common/libcommon.a(hush.o)
 .janus_2cc_veneer
                0x33faff5c        0x0 common/libcommon.a(image.o)
 .janus_2cc_veneer
                0x33faff5c        0x0 common/libcommon.a(main.o)
 .janus_2cc_veneer
                0x33faff5c        0x0 common/libcommon.a(s_record.o)
 .janus_2cc_veneer
                0x33faff5c        0x0 common/libcommon.a(stdio.o)
 .janus_2cc_veneer
                0x33faff5c        0x0 common/libcommon.a(usb.o)
 .janus_2cc_veneer
                0x33faff5c        0x0 common/libcommon.a(usb_storage.o)
 .janus_2cc_veneer
                0x33faff5c        0x0 common/libcommon.a(xyzModem.o)
 .janus_2cc_veneer
                0x33faff5c        0x0 board/tekkamanninja/mini2440/libmini2440.a(mini2440.o)
 .janus_2cc_veneer
                0x33faff5c        0x0 board/tekkamanninja/mini2440/libmini2440.a(flash.o)
 .janus_2cc_veneer
                0x33faff5c        0x0 lib_generic/libgeneric.a(crc16.o)
 .janus_2cc_veneer
                0x33faff5c        0x0 lib_generic/libgeneric.a(crc32.o)
 .janus_2cc_veneer
                0x33faff5c        0x0 lib_generic/libgeneric.a(ctype.o)
 .janus_2cc_veneer
                0x33faff5c        0x0 lib_generic/libgeneric.a(display_options.o)
 .janus_2cc_veneer
                0x33faff5c        0x0 lib_generic/libgeneric.a(gunzip.o)
 .janus_2cc_veneer
                0x33faff5c        0x0 lib_generic/libgeneric.a(lmb.o)
 .janus_2cc_veneer
                0x33faff5c        0x0 lib_generic/libgeneric.a(string.o)
 .janus_2cc_veneer
                0x33faff5c        0x0 lib_generic/libgeneric.a(vsprintf.o)
 .janus_2cc_veneer
                0x33faff5c        0x0 lib_generic/libgeneric.a(zlib.o)
 .janus_2cc_veneer
                0x33faff5c        0x0 lib_generic/libgeneric.a(div64.o)
 .janus_2cc_veneer
                0x33faff5c        0x0 cpu/arm920t/s3c24x0/libs3c24x0.a(interrupts.o)
 .janus_2cc_veneer
                0x33faff5c        0x0 cpu/arm920t/s3c24x0/libs3c24x0.a(speed.o)
 .janus_2cc_veneer
                0x33faff5c        0x0 cpu/arm920t/s3c24x0/libs3c24x0.a(timer.o)
 .janus_2cc_veneer
                0x33faff5c        0x0 cpu/arm920t/s3c24x0/libs3c24x0.a(usb_ohci.o)
 .janus_2cc_veneer
                0x33faff5c        0x0 cpu/arm920t/s3c24x0/libs3c24x0.a(mmc.o)
 .janus_2cc_veneer
                0x33faff5c        0x0 lib_arm/libarm.a(bootm.o)
 .janus_2cc_veneer
                0x33faff5c        0x0 lib_arm/libarm.a(cache.o)
 .janus_2cc_veneer
                0x33faff5c        0x0 lib_arm/libarm.a(cache-cp15.o)
 .janus_2cc_veneer
                0x33faff5c        0x0 lib_arm/libarm.a(reset.o)
 .janus_2cc_veneer
                0x33faff5c        0x0 fs/fat/libfat.a(fat.o)
 .janus_2cc_veneer
                0x33faff5c        0x0 fs/jffs2/libjffs2.a(jffs2_1pass.o)
 .janus_2cc_veneer
                0x33faff5c        0x0 fs/jffs2/libjffs2.a(compr_rtime.o)
 .janus_2cc_veneer
                0x33faff5c        0x0 fs/jffs2/libjffs2.a(compr_rubin.o)
 .janus_2cc_veneer
                0x33faff5c        0x0 fs/jffs2/libjffs2.a(compr_zlib.o)
 .janus_2cc_veneer
                0x33faff5c        0x0 fs/jffs2/libjffs2.a(mini_inflate.o)
 .janus_2cc_veneer
                0x33faff5c        0x0 disk/libdisk.a(part.o)
 .janus_2cc_veneer
                0x33faff5c        0x0 disk/libdisk.a(part_dos.o)
 .janus_2cc_veneer
                0x33faff5c        0x0 drivers/mtd/libmtd.a(mtdcore.o)
 .janus_2cc_veneer
                0x33faff5c        0x0 drivers/mtd/nand/libnand.a(nand_util.o)
 .janus_2cc_veneer
                0x33faff5c        0x0 drivers/net/libnet.a(dm9000x.o)
 .janus_2cc_veneer
                0x33faff5c        0x0 drivers/rtc/librtc.a(date.o)
 .janus_2cc_veneer
                0x33faff5c        0x0 drivers/rtc/librtc.a(s3c24x0_rtc.o)
 .janus_2cc_veneer
                0x33faff5c        0x0 drivers/video/libvideo.a(cfb_console.o)
 .janus_2cc_veneer
                0x33faff5c        0x0 drivers/video/libvideo.a(s3c2410_fb.o)
 .janus_2cc_veneer
                0x33faff5c        0x0 drivers/video/libvideo.a(videomodes.o)
 .janus_2cc_veneer
                0x33faff5c        0x0 cpu/arm920t/libarm920t.a(cpu.o)
 .janus_2cc_veneer
                0x33faff5c        0x0 /home/bamboo/work/ok2440/u-boot_for_ok2440/lib_arm/eabi_compat.o
 .janus_2cc_veneer
                0x33faff5c        0x0 /home/bamboo/work/ok2440/cross_tools/4.3.2/bin/../lib/gcc/arm-none-linux-gnueabi/4.3.2/armv4t/libgcc.a(_udivsi3.o)
 .janus_2cc_veneer
                0x33faff5c        0x0 /home/bamboo/work/ok2440/cross_tools/4.3.2/bin/../lib/gcc/arm-none-linux-gnueabi/4.3.2/armv4t/libgcc.a(_divsi3.o)
 .janus_2cc_veneer
                0x33faff5c        0x0 /home/bamboo/work/ok2440/cross_tools/4.3.2/bin/../lib/gcc/arm-none-linux-gnueabi/4.3.2/armv4t/libgcc.a(_lshrdi3.o)
 .janus_2cc_veneer
                0x33faff5c        0x0 /home/bamboo/work/ok2440/cross_tools/4.3.2/bin/../lib/gcc/arm-none-linux-gnueabi/4.3.2/armv4t/libgcc.a(_ashrdi3.o)
 .janus_2cc_veneer
                0x33faff5c        0x0 /home/bamboo/work/ok2440/cross_tools/4.3.2/bin/../lib/gcc/arm-none-linux-gnueabi/4.3.2/armv4t/libgcc.a(_ashldi3.o)
 .janus_2cc_veneer
                0x33faff5c        0x0 /home/bamboo/work/ok2440/cross_tools/4.3.2/bin/../lib/gcc/arm-none-linux-gnueabi/4.3.2/armv4t/libgcc.a(_dvmd_lnx.o)

.v4_bx          0x33faff5c        0x0
 .v4_bx         0x33faff5c        0x0 cpu/arm920t/start.o
 .v4_bx         0x33faff5c        0x0 board/tekkamanninja/mini2440/lowlevel_init.o
 .v4_bx         0x33faff5c        0x0 board/tekkamanninja/mini2440/nand_read.o
 .v4_bx         0x33faff5c        0x0 lib_arm/libarm.a(board.o)
 .v4_bx         0x33faff5c        0x0 lib_arm/libarm.a(interrupts.o)
 .v4_bx         0x33faff5c        0x0 net/libnet.a(eth.o)
 .v4_bx         0x33faff5c        0x0 net/libnet.a(net.o)
 .v4_bx         0x33faff5c        0x0 net/libnet.a(nfs.o)
 .v4_bx         0x33faff5c        0x0 net/libnet.a(rarp.o)
 .v4_bx         0x33faff5c        0x0 net/libnet.a(tftp.o)
 .v4_bx         0x33faff5c        0x0 net/libnet.a(bootp.o)
 .v4_bx         0x33faff5c        0x0 drivers/i2c/libi2c.a(s3c24x0_i2c.o)
 .v4_bx         0x33faff5c        0x0 drivers/mtd/nand/libnand.a(nand.o)
 .v4_bx         0x33faff5c        0x0 drivers/mtd/nand/libnand.a(nand_base.o)
 .v4_bx         0x33faff5c        0x0 drivers/mtd/nand/libnand.a(nand_bbt.o)
 .v4_bx         0x33faff5c        0x0 drivers/mtd/nand/libnand.a(nand_ecc.o)
 .v4_bx         0x33faff5c        0x0 drivers/mtd/nand/libnand.a(nand_ids.o)
 .v4_bx         0x33faff5c        0x0 drivers/mtd/nand/libnand.a(s3c2410_nand.o)
 .v4_bx         0x33faff5c        0x0 drivers/serial/libserial.a(serial_s3c24x0.o)
 .v4_bx         0x33faff5c        0x0 drivers/usb/slave/libusb_slave.a(usbinit.o)
 .v4_bx         0x33faff5c        0x0 drivers/usb/slave/libusb_slave.a(interrupt.o)
 .v4_bx         0x33faff5c        0x0 drivers/usb/slave/libusb_slave.a(usblib.o)
 .v4_bx         0x33faff5c        0x0 drivers/usb/slave/libusb_slave.a(usbmain.o)
 .v4_bx         0x33faff5c        0x0 drivers/usb/slave/libusb_slave.a(usbout.o)
 .v4_bx         0x33faff5c        0x0 drivers/usb/slave/libusb_slave.a(usbsetup.o)
 .v4_bx         0x33faff5c        0x0 drivers/usb/slave/libusb_slave.a(usbin.o)
 .v4_bx         0x33faff5c        0x0 common/libcommon.a(cmd_bdinfo.o)
 .v4_bx         0x33faff5c        0x0 common/libcommon.a(cmd_bmp.o)
 .v4_bx         0x33faff5c        0x0 common/libcommon.a(cmd_boot.o)
 .v4_bx         0x33faff5c        0x0 common/libcommon.a(cmd_bootm.o)
 .v4_bx         0x33faff5c        0x0 common/libcommon.a(cmd_cache.o)
 .v4_bx         0x33faff5c        0x0 common/libcommon.a(cmd_console.o)
 .v4_bx         0x33faff5c        0x0 common/libcommon.a(cmd_date.o)
 .v4_bx         0x33faff5c        0x0 common/libcommon.a(cmd_eeprom.o)
 .v4_bx         0x33faff5c        0x0 common/libcommon.a(cmd_elf.o)
 .v4_bx         0x33faff5c        0x0 common/libcommon.a(cmd_fat.o)
 .v4_bx         0x33faff5c        0x0 common/libcommon.a(cmd_flash.o)
 .v4_bx         0x33faff5c        0x0 common/libcommon.a(cmd_i2c.o)
 .v4_bx         0x33faff5c        0x0 common/libcommon.a(cmd_itest.o)
 .v4_bx         0x33faff5c        0x0 common/libcommon.a(cmd_jffs2.o)
 .v4_bx         0x33faff5c        0x0 common/libcommon.a(cmd_load.o)
 .v4_bx         0x33faff5c        0x0 common/libcommon.a(cmd_mem.o)
 .v4_bx         0x33faff5c        0x0 common/libcommon.a(cmd_misc.o)
 .v4_bx         0x33faff5c        0x0 common/libcommon.a(cmd_mmc.o)
 .v4_bx         0x33faff5c        0x0 common/libcommon.a(cmd_mtdparts.o)
 .v4_bx         0x33faff5c        0x0 common/libcommon.a(cmd_nand.o)
 .v4_bx         0x33faff5c        0x0 common/libcommon.a(cmd_net.o)
 .v4_bx         0x33faff5c        0x0 common/libcommon.a(cmd_nvedit.o)
 .v4_bx         0x33faff5c        0x0 common/libcommon.a(cmd_reginfo.o)
 .v4_bx         0x33faff5c        0x0 common/libcommon.a(cmd_source.o)
 .v4_bx         0x33faff5c        0x0 common/libcommon.a(cmd_usb.o)
 .v4_bx         0x33faff5c        0x0 common/libcommon.a(cmd_usbslave.o)
 .v4_bx         0x33faff5c        0x0 common/libcommon.a(cmd_ximg.o)
 .v4_bx         0x33faff5c        0x0 common/libcommon.a(command.o)
 .v4_bx         0x33faff5c        0x0 common/libcommon.a(console.o)
 .v4_bx         0x33faff5c        0x0 common/libcommon.a(dlmalloc.o)
 .v4_bx         0x33faff5c        0x0 common/libcommon.a(env_common.o)
 .v4_bx         0x33faff5c        0x0 common/libcommon.a(env_nand.o)
 .v4_bx         0x33faff5c        0x0 common/libcommon.a(exports.o)
 .v4_bx         0x33faff5c        0x0 common/libcommon.a(flash.o)
 .v4_bx         0x33faff5c        0x0 common/libcommon.a(hush.o)
 .v4_bx         0x33faff5c        0x0 common/libcommon.a(image.o)
 .v4_bx         0x33faff5c        0x0 common/libcommon.a(main.o)
 .v4_bx         0x33faff5c        0x0 common/libcommon.a(s_record.o)
 .v4_bx         0x33faff5c        0x0 common/libcommon.a(stdio.o)
 .v4_bx         0x33faff5c        0x0 common/libcommon.a(usb.o)
 .v4_bx         0x33faff5c        0x0 common/libcommon.a(usb_storage.o)
 .v4_bx         0x33faff5c        0x0 common/libcommon.a(xyzModem.o)
 .v4_bx         0x33faff5c        0x0 board/tekkamanninja/mini2440/libmini2440.a(mini2440.o)
 .v4_bx         0x33faff5c        0x0 board/tekkamanninja/mini2440/libmini2440.a(flash.o)
 .v4_bx         0x33faff5c        0x0 lib_generic/libgeneric.a(crc16.o)
 .v4_bx         0x33faff5c        0x0 lib_generic/libgeneric.a(crc32.o)
 .v4_bx         0x33faff5c        0x0 lib_generic/libgeneric.a(ctype.o)
 .v4_bx         0x33faff5c        0x0 lib_generic/libgeneric.a(display_options.o)
 .v4_bx         0x33faff5c        0x0 lib_generic/libgeneric.a(gunzip.o)
 .v4_bx         0x33faff5c        0x0 lib_generic/libgeneric.a(lmb.o)
 .v4_bx         0x33faff5c        0x0 lib_generic/libgeneric.a(string.o)
 .v4_bx         0x33faff5c        0x0 lib_generic/libgeneric.a(vsprintf.o)
 .v4_bx         0x33faff5c        0x0 lib_generic/libgeneric.a(zlib.o)
 .v4_bx         0x33faff5c        0x0 lib_generic/libgeneric.a(div64.o)
 .v4_bx         0x33faff5c        0x0 cpu/arm920t/s3c24x0/libs3c24x0.a(interrupts.o)
 .v4_bx         0x33faff5c        0x0 cpu/arm920t/s3c24x0/libs3c24x0.a(speed.o)
 .v4_bx         0x33faff5c        0x0 cpu/arm920t/s3c24x0/libs3c24x0.a(timer.o)
 .v4_bx         0x33faff5c        0x0 cpu/arm920t/s3c24x0/libs3c24x0.a(usb_ohci.o)
 .v4_bx         0x33faff5c        0x0 cpu/arm920t/s3c24x0/libs3c24x0.a(mmc.o)
 .v4_bx         0x33faff5c        0x0 lib_arm/libarm.a(bootm.o)
 .v4_bx         0x33faff5c        0x0 lib_arm/libarm.a(cache.o)
 .v4_bx         0x33faff5c        0x0 lib_arm/libarm.a(cache-cp15.o)
 .v4_bx         0x33faff5c        0x0 lib_arm/libarm.a(reset.o)
 .v4_bx         0x33faff5c        0x0 fs/fat/libfat.a(fat.o)
 .v4_bx         0x33faff5c        0x0 fs/jffs2/libjffs2.a(jffs2_1pass.o)
 .v4_bx         0x33faff5c        0x0 fs/jffs2/libjffs2.a(compr_rtime.o)
 .v4_bx         0x33faff5c        0x0 fs/jffs2/libjffs2.a(compr_rubin.o)
 .v4_bx         0x33faff5c        0x0 fs/jffs2/libjffs2.a(compr_zlib.o)
 .v4_bx         0x33faff5c        0x0 fs/jffs2/libjffs2.a(mini_inflate.o)
 .v4_bx         0x33faff5c        0x0 disk/libdisk.a(part.o)
 .v4_bx         0x33faff5c        0x0 disk/libdisk.a(part_dos.o)
 .v4_bx         0x33faff5c        0x0 drivers/mtd/libmtd.a(mtdcore.o)
 .v4_bx         0x33faff5c        0x0 drivers/mtd/nand/libnand.a(nand_util.o)
 .v4_bx         0x33faff5c        0x0 drivers/net/libnet.a(dm9000x.o)
 .v4_bx         0x33faff5c        0x0 drivers/rtc/librtc.a(date.o)
 .v4_bx         0x33faff5c        0x0 drivers/rtc/librtc.a(s3c24x0_rtc.o)
 .v4_bx         0x33faff5c        0x0 drivers/video/libvideo.a(cfb_console.o)
 .v4_bx         0x33faff5c        0x0 drivers/video/libvideo.a(s3c2410_fb.o)
 .v4_bx         0x33faff5c        0x0 drivers/video/libvideo.a(videomodes.o)
 .v4_bx         0x33faff5c        0x0 cpu/arm920t/libarm920t.a(cpu.o)
 .v4_bx         0x33faff5c        0x0 /home/bamboo/work/ok2440/u-boot_for_ok2440/lib_arm/eabi_compat.o
 .v4_bx         0x33faff5c        0x0 /home/bamboo/work/ok2440/cross_tools/4.3.2/bin/../lib/gcc/arm-none-linux-gnueabi/4.3.2/armv4t/libgcc.a(_udivsi3.o)
 .v4_bx         0x33faff5c        0x0 /home/bamboo/work/ok2440/cross_tools/4.3.2/bin/../lib/gcc/arm-none-linux-gnueabi/4.3.2/armv4t/libgcc.a(_divsi3.o)
 .v4_bx         0x33faff5c        0x0 /home/bamboo/work/ok2440/cross_tools/4.3.2/bin/../lib/gcc/arm-none-linux-gnueabi/4.3.2/armv4t/libgcc.a(_lshrdi3.o)
 .v4_bx         0x33faff5c        0x0 /home/bamboo/work/ok2440/cross_tools/4.3.2/bin/../lib/gcc/arm-none-linux-gnueabi/4.3.2/armv4t/libgcc.a(_ashrdi3.o)
 .v4_bx         0x33faff5c        0x0 /home/bamboo/work/ok2440/cross_tools/4.3.2/bin/../lib/gcc/arm-none-linux-gnueabi/4.3.2/armv4t/libgcc.a(_ashldi3.o)
 .v4_bx         0x33faff5c        0x0 /home/bamboo/work/ok2440/cross_tools/4.3.2/bin/../lib/gcc/arm-none-linux-gnueabi/4.3.2/armv4t/libgcc.a(_dvmd_lnx.o)
                0x33faff5c                . = ALIGN (0x4)

.rodata         0x33faff5c     0xaae7
 *(SORT(.rodata*))
 .rodata        0x33faff5c       0x80 lib_arm/libarm.a(interrupts.o)
 .rodata        0x33faffdc       0x4c common/libcommon.a(cmd_bootm.o)
 .rodata        0x33fb0028        0x8 common/libcommon.a(cmd_mtdparts.o)
 .rodata        0x33fb0030       0x14 common/libcommon.a(cmd_nvedit.o)
 .rodata        0x33fb0044      0x400 lib_generic/libgeneric.a(crc32.o)
 .rodata        0x33fb0444      0x9cc lib_generic/libgeneric.a(zlib.o)
                0x33fb0de8                z_errmsg
 .rodata        0x33fb0e10       0x40 cpu/arm920t/s3c24x0/libs3c24x0.a(usb_ohci.o)
 .rodata        0x33fb0e50       0xc4 fs/jffs2/libjffs2.a(jffs2_1pass.o)
 .rodata        0x33fb0f14       0x18 disk/libdisk.a(part.o)
 .rodata        0x33fb0f2c       0x30 drivers/rtc/librtc.a(date.o)
 .rodata        0x33fb0f5c      0x220 drivers/video/libvideo.a(cfb_console.o)
 .rodata        0x33fb117c      0x224 drivers/video/libvideo.a(videomodes.o)
                0x33fb117c                res_mode_init
                0x33fb12b0                vesa_modes
 .rodata        0x33fb13a0      0x200 lib_generic/libgeneric.a(crc16.o)
 .rodata        0x33fb15a0       0x30 lib_arm/libarm.a(board.o)
                0x33fb15a0                version_string
 .rodata        0x33fb15d0        0x7 net/libnet.a(eth.o)
 .rodata        0x33fb15d7        0x7 net/libnet.a(net.o)
 .rodata        0x33fb15de        0x5 drivers/mtd/nand/libnand.a(nand.o)
 .rodata        0x33fb15e3       0x56 drivers/mtd/nand/libnand.a(nand_base.o)
 .rodata        0x33fb1639      0x100 drivers/mtd/nand/libnand.a(nand_ecc.o)
 .rodata        0x33fb1739       0x46 drivers/usb/slave/libusb_slave.a(usbsetup.o)
 .rodata        0x33fb177f       0x21 lib_generic/libgeneric.a(vsprintf.o)
                0x33fb177f                hex_asc
 .rodata        0x33fb17a0       0x13 fs/jffs2/libjffs2.a(mini_inflate.o)
 .rodata.str1.1
                0x33fb17b3      0x117 lib_arm/libarm.a(board.o)
                                0x11d (size before relaxing)
 .rodata.str1.1
                0x33fb18ca      0x264 lib_arm/libarm.a(interrupts.o)
                                0x268 (size before relaxing)
 .rodata.str1.1
                0x33fb1b2e       0xad net/libnet.a(eth.o)
                                 0xc7 (size before relaxing)
 .rodata.str1.1
                0x33fb1bdb      0x20c net/libnet.a(net.o)
                                0x217 (size before relaxing)
 .rodata.str1.1
                0x33fb1de7      0x193 net/libnet.a(nfs.o)
                                0x1a9 (size before relaxing)
 .rodata.str1.1
                0x33fb1f7a       0x20 net/libnet.a(rarp.o)
                                 0x47 (size before relaxing)
 .rodata.str1.1
                0x33fb1f9a      0x117 net/libnet.a(tftp.o)
                                0x1f6 (size before relaxing)
 .rodata.str1.1
                0x33fb20b1      0x100 net/libnet.a(bootp.o)
                                0x13d (size before relaxing)
 .rodata.str1.1
                0x33fb21b1       0x78 drivers/i2c/libi2c.a(s3c24x0_i2c.o)
 .rodata.str1.1
                0x33fb2229        0xf drivers/mtd/nand/libnand.a(nand.o)
 .rodata.str1.1
                0x33fb2238      0x2e3 drivers/mtd/nand/libnand.a(nand_base.o)
 .rodata.str1.1
                0x33fb251b      0x300 drivers/mtd/nand/libnand.a(nand_bbt.o)
 .rodata.str1.1
                0x33fb281b      0x31f drivers/mtd/nand/libnand.a(nand_ids.o)
                                0x335 (size before relaxing)
 .rodata.str1.1
                0x33fb2b3a      0x14d drivers/usb/slave/libusb_slave.a(usbinit.o)
 .rodata.str1.1
                0x33fb2c87       0x36 drivers/usb/slave/libusb_slave.a(interrupt.o)
 .rodata.str1.1
                0x33fb2cbd       0x17 drivers/usb/slave/libusb_slave.a(usbout.o)
 .rodata.str1.1
                0x33fb2cd4      0x102 drivers/usb/slave/libusb_slave.a(usbsetup.o)
                                0x10c (size before relaxing)
 .rodata.str1.1
                0x33fb2dd6       0xaa common/libcommon.a(cmd_bdinfo.o)
                                 0xb3 (size before relaxing)
 .rodata.str1.1
                0x33fb2e80      0x177 common/libcommon.a(cmd_bmp.o)
                                0x184 (size before relaxing)
 .rodata.str1.1
                0x33fb2ff7       0xef common/libcommon.a(cmd_boot.o)
                                 0xf0 (size before relaxing)
 .rodata.str1.1
                0x33fb30e6      0x86b common/libcommon.a(cmd_bootm.o)
                                0x8c8 (size before relaxing)
 .rodata.str1.1
                0x33fb3951       0xd9 common/libcommon.a(cmd_cache.o)
                                0x107 (size before relaxing)
 .rodata.str1.1
                0x33fb3a2a       0x5c common/libcommon.a(cmd_console.o)
                                 0x61 (size before relaxing)
 .rodata.str1.1
                0x33fb3a86      0x175 common/libcommon.a(cmd_date.o)
                                0x17b (size before relaxing)
 .rodata.str1.1
                0x33fb3bfb       0xc1 common/libcommon.a(cmd_eeprom.o)
                                 0xc7 (size before relaxing)
 .rodata.str1.1
                0x33fb3cbc      0x278 common/libcommon.a(cmd_elf.o)
                                0x29a (size before relaxing)
 .rodata.str1.1
                0x33fb3f34      0x396 common/libcommon.a(cmd_fat.o)
                                0x3a5 (size before relaxing)
 .rodata.str1.1
                0x33fb42ca      0x85d common/libcommon.a(cmd_flash.o)
                                0x871 (size before relaxing)
 .rodata.str1.1
                0x33fb4b27      0x357 common/libcommon.a(cmd_i2c.o)
                                0x387 (size before relaxing)
 .rodata.str1.1
                0x33fb4e7e       0xb3 common/libcommon.a(cmd_itest.o)
                                 0xb5 (size before relaxing)
 .rodata.str1.1
                0x33fb4f31      0x190 common/libcommon.a(cmd_jffs2.o)
                                0x1d6 (size before relaxing)
 .rodata.str1.1
                0x33fb50c1      0x3ae common/libcommon.a(cmd_load.o)
                                0x3c8 (size before relaxing)
 .rodata.str1.1
                0x33fb546f      0x4f2 common/libcommon.a(cmd_mem.o)
                                0x528 (size before relaxing)
 .rodata.str1.1
                0x33fb5961       0x5f common/libcommon.a(cmd_misc.o)
 .rodata.str1.1
                0x33fb59c0       0xc0 common/libcommon.a(cmd_mmc.o)