Archive member included because of file (symbol)

lib_arm/libarm.a(board.o)     cpu/arm920t/start.o (start_armboot)
lib_arm/libarm.a(interrupts.o)
                              lib_arm/libarm.a(board.o) (enable_interrupts)
net/libnet.a(eth.o)           lib_arm/libarm.a(board.o) (eth_initialize)
net/libnet.a(net.o)           lib_arm/libarm.a(board.o) (copy_filename)
net/libnet.a(nfs.o)           net/libnet.a(net.o) (NfsStart)
net/libnet.a(rarp.o)          net/libnet.a(net.o) (RarpRequest)
net/libnet.a(tftp.o)          net/libnet.a(net.o) (TftpStart)
net/libnet.a(bootp.o)         net/libnet.a(net.o) (BootpRequest)
drivers/i2c/libi2c.a(s3c24x0_i2c.o)
                              lib_arm/libarm.a(board.o) (i2c_init)
drivers/mtd/nand/libnand.a(nand.o)
                              lib_arm/libarm.a(board.o) (nand_init)
drivers/mtd/nand/libnand.a(nand_base.o)
                              drivers/mtd/nand/libnand.a(nand.o) (nand_scan)
drivers/mtd/nand/libnand.a(nand_bbt.o)
                              drivers/mtd/nand/libnand.a(nand_base.o) (nand_isbad_bbt)
drivers/mtd/nand/libnand.a(nand_ecc.o)
                              drivers/mtd/nand/libnand.a(nand_base.o) (nand_calculate_ecc)
drivers/mtd/nand/libnand.a(nand_ids.o)
                              drivers/mtd/nand/libnand.a(nand_base.o) (nand_flash_ids)
drivers/mtd/nand/libnand.a(s3c2410_nand.o)
                              drivers/mtd/nand/libnand.a(nand.o) (board_nand_init)
drivers/serial/libserial.a(serial_s3c24x0.o)
                              lib_arm/libarm.a(board.o) (serial_init)
drivers/usb/slave/libusb_slave.a(usbinit.o)
                              lib_arm/libarm.a(board.o) (usb_init_slave)
drivers/usb/slave/libusb_slave.a(interrupt.o)
                              drivers/usb/slave/libusb_slave.a(usbinit.o) (Timer_StartEx)
drivers/usb/slave/libusb_slave.a(usblib.o)
                              drivers/usb/slave/libusb_slave.a(usbinit.o) (ConfigEp3DmaMode)
drivers/usb/slave/libusb_slave.a(usbmain.o)
                              drivers/usb/slave/libusb_slave.a(interrupt.o) (IsrUsbd)
drivers/usb/slave/libusb_slave.a(usbout.o)
                              drivers/usb/slave/libusb_slave.a(usbmain.o) (Ep3Handler)
drivers/usb/slave/libusb_slave.a(usbsetup.o)
                              drivers/usb/slave/libusb_slave.a(usbmain.o) (InitDescriptorTable)
drivers/usb/slave/libusb_slave.a(usbin.o)
                              drivers/usb/slave/libusb_slave.a(usbmain.o) (PrepareEp1Fifo)
common/libcommon.a(cmd_bdinfo.o)
                              (__u_boot_cmd_bdinfo)
common/libcommon.a(cmd_bmp.o)
                              (__u_boot_cmd_bmp)
common/libcommon.a(cmd_boot.o)
                              (__u_boot_cmd_go)
common/libcommon.a(cmd_bootm.o)
                              lib_arm/libarm.a(board.o) (load_addr)
common/libcommon.a(cmd_cache.o)
                              (__u_boot_cmd_icache)
common/libcommon.a(cmd_console.o)
                              (__u_boot_cmd_coninfo)
common/libcommon.a(cmd_date.o)
                              (__u_boot_cmd_date)
common/libcommon.a(cmd_eeprom.o)
                              (__u_boot_cmd_eeprom)
common/libcommon.a(cmd_elf.o)
                              common/libcommon.a(cmd_bootm.o) (do_bootvx)
common/libcommon.a(cmd_fat.o)
                              (__u_boot_cmd_fatload)
common/libcommon.a(cmd_flash.o)
                              (__u_boot_cmd_flinfo)
common/libcommon.a(cmd_i2c.o)
                              (__u_boot_cmd_i2c)
common/libcommon.a(cmd_itest.o)
                              (__u_boot_cmd_itest)
common/libcommon.a(cmd_jffs2.o)
                              (__u_boot_cmd_fsload)
common/libcommon.a(cmd_load.o)
                              (__u_boot_cmd_loads)
common/libcommon.a(cmd_mem.o)
                              (__u_boot_cmd_md)
common/libcommon.a(cmd_misc.o)
                              (__u_boot_cmd_sleep)
common/libcommon.a(cmd_mmc.o)
                              (__u_boot_cmd_mmc)
common/libcommon.a(cmd_nand.o)
                              (__u_boot_cmd_nand)
common/libcommon.a(cmd_net.o)
                              (__u_boot_cmd_bootp)
common/libcommon.a(cmd_nvedit.o)
                              net/libnet.a(eth.o) (get_env_id)
common/libcommon.a(cmd_reginfo.o)
                              (__u_boot_cmd_reginfo)
common/libcommon.a(cmd_source.o)
                              (__u_boot_cmd_source)
common/libcommon.a(cmd_usb.o)
                              (__u_boot_cmd_usb)
common/libcommon.a(cmd_usbslave.o)
                              (__u_boot_cmd_usbslave)
common/libcommon.a(cmd_ximg.o)
                              (__u_boot_cmd_imxtract)
common/libcommon.a(command.o)
                              common/libcommon.a(cmd_i2c.o) (cmd_get_data_size)
common/libcommon.a(console.o)
                              lib_arm/libarm.a(board.o) (printf)
common/libcommon.a(dlmalloc.o)
[...]
Memory Configuration

Name             Origin             Length             Attributes
*default*        0x00000000         0xffffffff

Linker script and memory map

                0x00000000                . = 0x0
                0x00000000                . = ALIGN (0x4)

.text           0x33f80000    0x2ed74
 cpu/arm920t/start.o(.text)
 .text          0x33f80000      0x4e0 cpu/arm920t/start.o
                0x33f80050                IRQ_STACK_START
                0x33f80048                _bss_start
                0x33f8004c                _bss_end
                0x33f80044                _armboot_start
                0x33f80000                _start
                0x33f80054                FIQ_STACK_START
 board/tekkamanninja/mini2440/lowlevel_init.o(.text)
 .text          0x33f804e0       0x70 board/tekkamanninja/mini2440/lowlevel_init.o
                0x33f804e4                lowlevel_init
 board/tekkamanninja/mini2440/nand_read.o(.text)
 .text          0x33f80550      0x310 board/tekkamanninja/mini2440/nand_read.o
                0x33f80634                nand_read_ll
 *(.text)
 .text          0x33f80860      0x2dc lib_arm/libarm.a(board.o)
                0x33f80860                hang
                0x33f8093c                start_armboot
 .text          0x33f80b3c      0x298 lib_arm/libarm.a(interrupts.o)
                0x33f80cc8                do_fiq
                0x33f80da0                interrupt_init
                0x33f80d7c                do_undefined_instruction
                0x33f80b68                show_regs
                0x33f80ca4                bad_mode
                0x33f80d34                do_prefetch_abort
                0x33f80b4c                disable_interrupts
                0x33f80cec                do_not_used
                0x33f80d10                do_data_abort
                0x33f80d58                do_software_interrupt
                0x33f80b3c                enable_interrupts
 .text          0x33f80dd4      0x7f8 net/libnet.a(eth.o)
                0x33f80f54                eth_get_dev_by_name
                0x33f80e80                eth_halt
                0x33f80dd4                cpu_eth_init
                0x33f8112c                eth_register
                0x33f81258                eth_getenv_enetaddr
                0x33f80ddc                eth_get_dev
                0x33f811fc                eth_parse_enetaddr
                0x33f81070                eth_try_another
                0x33f812b0                eth_getenv_enetaddr_by_index
                0x33f813d4                eth_initialize
                0x33f80fac                eth_set_current
                0x33f80ef8                eth_rx
                0x33f80e2c                eth_get_dev_index
                0x33f812fc                eth_init
                0x33f811c4                eth_setenv_enetaddr
                0x33f80f34                eth_get_name
                0x33f80dec                eth_get_dev_by_index
                0x33f80eb0                eth_send
 .text          0x33f815cc     0x1628 net/libnet.a(net.o)
                0x33f817cc                getenv_IPaddr
                0x33f8166c                NetCksumOk
                0x33f818fc                NetSetTimeout
                0x33f81698                copy_filename
                0x33f817e4                NetEthHdrSize
                0x33f8188c                ip_to_string
                0x33f826a8                ArpTimeoutCheck
                0x33f81ba8                NetReceive
                0x33f8175c                string_to_ip
                0x33f823e4                NetSendUDPPacket
                0x33f81938                NetSetEther
                0x33f82730                NetLoop
                0x33f82134                ArpRequest
                0x33f818d8                random_port
                0x33f81830                VLAN_to_string
                0x33f81744                getenv_VLAN
                0x33f81628                NetCksum
                0x33f81a20                NetSetIP
                0x33f816e8                string_to_VLAN
                0x33f8257c                NetStartAgain
                0x33f81618                NetSetHandler
                0x33f8225c                PingSend
                0x33f81ba4                NetSendPacket
 .text          0x33f82bf4      0xe18 net/libnet.a(nfs.o)
                0x33f8320c                NfsStart
 .text          0x33f83a0c      0x1d0 net/libnet.a(rarp.o)
                0x33f83a0c                RarpRequest
 .text          0x33f83bdc      0x82c net/libnet.a(tftp.o)
                0x33f83da4                TftpStart
 .text          0x33f84408      0xa30 net/libnet.a(bootp.o)
                0x33f84a70                DhcpRequest
                0x33f84898                BootpRequest
 .text          0x33f84e38      0x67c drivers/i2c/libi2c.a(s3c24x0_i2c.o)
                0x33f851a8                i2c_write
                0x33f85314                i2c_probe
                0x33f85258                i2c_read
                0x33f85354                i2c_init
 .text          0x33f854b4       0xc4 drivers/mtd/nand/libnand.a(nand.o)
                0x33f854b4                nand_init
 .text          0x33f85578     0x3b60 drivers/mtd/nand/libnand.a(nand_base.o)
                0x33f880c8                nand_wait_ready
                0x33f86d98                nand_scan_ident
                0x33f87308                nand_scan
                0x33f87b50                nand_erase_nand
                0x33f866a4                nand_scan_tail
                0x33f8665c                nand_release
 .text          0x33f890d8     0x17ac drivers/mtd/nand/libnand.a(nand_bbt.o)
                0x33f891dc                nand_isbad_bbt
                0x33f8a7ac                nand_default_bbt
                0x33f8a05c                nand_update_bbt
                0x33f8a348                nand_scan_bbt
 .text          0x33f8a884      0x228 drivers/mtd/nand/libnand.a(nand_ecc.o)
                0x33f8a980                nand_correct_data
                0x33f8a884                nand_calculate_ecc
 .text          0x33f8aaac        0x0 drivers/mtd/nand/libnand.a(nand_ids.o)
 .text          0x33f8aaac       0xe4 drivers/mtd/nand/libnand.a(s3c2410_nand.o)
                0x33f8ab24                board_nand_init
 .text          0x33f8ab90      0x124 drivers/serial/libserial.a(serial_s3c24x0.o)
                0x33f8ac38                _serial_setbrg
                0x33f8ac9c                serial_setbrg
                0x33f8abe4                _serial_tstc
                0x33f8aca4                serial_tstc
                0x33f8abb4                serial_putc
                0x33f8abf8                _serial_puts
                0x33f8ac60                serial_init
                0x33f8ac30                serial_puts
                0x33f8ab90                _serial_getc
                0x33f8abac                serial_getc
                0x33f8abbc                _serial_putc
 .text          0x33f8acb4      0x420 drivers/usb/slave/libusb_slave.a(usbinit.o)
                0x33f8acc8                HaltDabort
                0x33f8acf8                HaltSwi
                0x33f8ad10                HaltUndef
                0x33f8ad28                awaitkey
                0x33f8acb4                udc_disconnect
                0x33f8b068                usb_init_slave
                0x33f8ace0                HaltPabort
                0x33f8ada0                usb_receive
 .text          0x33f8b0d4      0x278 drivers/usb/slave/libusb_slave.a(interrupt.o)
                0x33f8b194                Dummy_isr
                0x33f8b0d4                ClearPending_my
                0x33f8b1b8                Isr_Init
                0x33f8b2a8                IsrWatchdog
                0x33f8b240                Timer_InitEx
                0x33f8b2d8                Timer_StopEx
                0x33f8b0e4                Timer_StartEx
                0x33f8b148                IRQ_Handle
                0x33f8b284                IsrTimer4
 .text          0x33f8b34c      0x2b4 drivers/usb/slave/libusb_slave.a(usblib.o)
                0x33f8b470                RdPktEp0
                0x33f8b4fc                RdPktEp3
                0x33f8b574                ConfigEp3DmaMode
                0x33f8b424                ConfigUsbd
                0x33f8b524                WrPktEp2
                0x33f8b498                ConfigEp3IntMode
                0x33f8b4d4                RdPktEp4
                0x33f8b448                WrPktEp0
                0x33f8b54c                WrPktEp1
                0x33f8b34c                ReconfigUsbd
 .text          0x33f8b600      0x100 drivers/usb/slave/libusb_slave.a(usbmain.o)
                0x33f8b634                DbgPrintf
                0x33f8b6e4                UsbdMain
                0x33f8b600                _WrDbgStrFifo
                0x33f8b640                IsrUsbd
 .text          0x33f8b700      0x39c drivers/usb/slave/libusb_slave.a(usbout.o)
                0x33f8b74c                Ep3Handler
                0x33f8b8f4                ClearEp3OutPktReady
                0x33f8b914                IsrDma2
 .text          0x33f8ba9c      0xc34 drivers/usb/slave/libusb_slave.a(usbsetup.o)
                0x33f8bbe8                PrintEp0Pkt
                0x33f8ba9c                InitDescriptorTable
                0x33f8bc34                Ep0Handler
 .text          0x33f8c6d0       0xa8 drivers/usb/slave/libusb_slave.a(usbin.o)
                0x33f8c6d0                PrepareEp1Fifo
                0x33f8c73c                Ep1Handler
 .text          0x33f8c778       0xec common/libcommon.a(cmd_bdinfo.o)
                0x33f8c78c                do_bdinfo
 .text          0x33f8c864      0x2c8 common/libcommon.a(cmd_bmp.o)
                0x33f8c864                gunzip_bmp
                0x33f8c910                do_bmp
 .text          0x33f8cb2c       0xa8 common/libcommon.a(cmd_boot.o)
                0x33f8cb50                do_go
                0x33f8cb2c                do_go_exec
 .text          0x33f8cbd4      0xe6c common/libcommon.a(cmd_bootm.o)
                0x33f8cbfc                arch_lmb_reserve
                0x33f8ce30                do_bootd
                0x33f8cbfc                __arch_lmb_reserve
                0x33f8cc00                arch_preboot_os
                0x33f8d7a4                do_bootm
                0x33f8d5c0                do_bootm_subcommand
                0x33f8cbf8                board_lmb_reserve
                0x33f8cbf8                __board_lmb_reserve
                0x33f8cc00                __arch_preboot_os
                0x33f8cdc4                do_iminfo
 .text          0x33f8da40      0x144 common/libcommon.a(cmd_cache.o)
                0x33f8da84                do_dcache
                0x33f8db04                do_icache
 .text          0x33f8db84       0xcc common/libcommon.a(cmd_console.o)
                0x33f8db84                do_coninfo
 .text          0x33f8dc50      0x334 common/libcommon.a(cmd_date.o)
                0x33f8de60                do_date
                0x33f8dc94                mk_date
 .text          0x33f8df84      0x23c common/libcommon.a(cmd_eeprom.o)
                0x33f8e0a4                do_eeprom
                0x33f8dfa0                eeprom_write
                0x33f8e028                eeprom_read
                0x33f8df84                eeprom_init
                0x33f8df94                eeprom_probe
 .text          0x33f8e1c0      0x494 common/libcommon.a(cmd_elf.o)
                0x33f8e5a8                do_bootelf
                0x33f8e2c4                do_bootvx
                0x33f8e268                valid_elf_image
                0x33f8e550                do_bootelf_exec
                0x33f8e1c0                load_elf_image
 .text          0x33f8e654      0x378 common/libcommon.a(cmd_fat.o)
                0x33f8e848                do_fat_fsload
                0x33f8e654                do_fat_fsinfo
                0x33f8e738                do_fat_ls
 .text          0x33f8e9cc      0xb38 common/libcommon.a(cmd_flash.o)
                0x33f8f48c                do_flinfo
                0x33f8f22c                flash_sect_erase
                0x33f8ef7c                do_protect
                0x33f8f308                do_flerase
                0x33f8ec60                flash_sect_protect
                0x33f8e9cc                flash_sect_roundb
 .text          0x33f8f504      0xaec common/libcommon.a(cmd_i2c.o)
                0x33f8fddc                do_i2c
                0x33f8f528                __def_i2c_get_bus_speed
                0x33f8f534                __def_i2c_set_bus_speed
                0x33f8fc88                do_i2c_crc
                0x33f8f920                do_i2c_mw
                0x33f8f534                i2c_set_bus_speed
                0x33f8fa44                do_i2c_probe
                0x33f8f54c                do_i2c_bus_speed
                0x33f8fa90                do_i2c_md
                0x33f8f528                i2c_get_bus_speed
                0x33f8f5d4                do_i2c_loop
 .text          0x33f8fff0      0x2f0 common/libcommon.a(cmd_itest.o)
                0x33f90058                binary_test
                0x33f90244                do_itest
 .text          0x33f902e0      0x654 common/libcommon.a(cmd_jffs2.o)
                0x33f90384                mtdparts_init
                0x33f90728                do_jffs2_fsinfo
                0x33f9078c                do_jffs2_ls
                0x33f907ec                do_jffs2_fsload
 .text          0x33f90934      0xf7c common/libcommon.a(cmd_load.o)
                0x33f909d4                k_data_init
                0x33f90b34                s1_sendpacket
                0x33f90b60                handle_send_packet
                0x33f90a50                k_data_restore
                0x33f90d78                send_nack
                0x33f90e7c                do_load_serial_bin
                0x33f90a9c                k_data_char
                0x33f90954                chk1
                0x33f90a04                k_data_save
                0x33f90934                ktrans
                0x33f90b00                send_pad
                0x33f90de4                send_ack
                0x33f915bc                do_load_serial
 .text          0x33f918b0      0xb34 common/libcommon.a(cmd_mem.o)
                0x33f919ec                do_mem_base
                0x33f91e74                do_mem_mw
                0x33f91940                do_mem_crc
                0x33f9229c                do_mem_nm
                0x33f922c4                do_mem_mm
                0x33f918b0                do_unzip
                0x33f91f40                do_mem_cp
                0x33f91a38                do_mem_mtest
                0x33f91cd0                do_mem_cmp
                0x33f91be4                do_mem_loop
                0x33f922ec                do_mem_md
 .text          0x33f923e4       0x8c common/libcommon.a(cmd_misc.o)
                0x33f923e4                do_sleep
 .text          0x33f92470      0x144 common/libcommon.a(cmd_mmc.o)
                0x33f92470                do_mmc
 .text          0x33f925b4      0xf60 common/libcommon.a(cmd_nand.o)
                0x33f92750                do_nandboot
                0x33f92cc4                do_nand
 .text          0x33f93514      0x3dc common/libcommon.a(cmd_net.o)
                0x33f938cc                do_rarpb
                0x33f93514                do_ping
                0x33f938d8                do_tftpb
                0x33f938c0                do_dhcp
                0x33f938e4                do_bootp
                0x33f938b4                do_nfs
 .text          0x33f938f0      0xa38 common/libcommon.a(cmd_nvedit.o)
                0x33f93a4c                getenv
                0x33f93ab4                _do_setenv
                0x33f93f34                do_askenv
                0x33f93960                getenv_r
                0x33f94294                do_printenv
                0x33f940d0                setenv
                0x33f938f0                get_env_id
                0x33f93a18                do_saveenv
                0x33f94094                do_setenv
                0x33f9412c                do_editenv
                0x33f93900                envmatch
 .text          0x33f94328        0x8 common/libcommon.a(cmd_reginfo.o)
                0x33f94328                do_reginfo
 .text          0x33f94330      0x1a0 common/libcommon.a(cmd_source.o)
                0x33f94354                source
                0x33f94488                do_source
 .text          0x33f944d0     0x131c common/libcommon.a(cmd_usb.o)
                0x33f95210                usb_display_conf_desc
                0x33f94bf4                usb_show_tree_graph
                0x33f944d0                usb_get_class_desc
                0x33f94574                usb_display_ep_desc
                0x33f94f04                usb_display_desc
                0x33f9463c                usb_display_class_sub
                0x33f94ed0                usb_show_tree
                0x33f9513c                usb_display_string
                0x33f95178                usb_display_if_desc
                0x33f952c0                usb_display_config
                0x33f9484c                do_usbboot
                0x33f95348                do_usb
 .text          0x33f957ec      0x14c common/libcommon.a(cmd_usbslave.o)
                0x33f957ec                do_usbslave
 .text          0x33f95938      0x238 common/libcommon.a(cmd_ximg.o)
                0x33f95938                do_imgextract
 .text          0x33f95b70      0xe34 common/libcommon.a(command.o)
                0x33f95d6c                find_cmd_tbl
                0x33f95bf0                do_echo
                0x33f95c6c                cmd_usage
                0x33f95e30                cmd_auto_complete
                0x33f96518                do_exit
                0x33f95e08                find_cmd
                0x33f95b70                cmd_get_data_size
                0x33f96550                do_test
                0x33f96340                _do_help
                0x33f96300                install_auto_complete
                0x33f964c4                do_help
                0x33f95cf8                var_complete
                0x33f95cd0                do_version
 .text          0x33f969a4      0x620 common/libcommon.a(console.o)
                0x33f96de4                console_init_r
                0x33f96cdc                printf
                0x33f96c6c                console_assign
                0x33f96b7c                getc
                0x33f96c44                search_device
                0x33f96c28                puts
                0x33f96b60                dbg
                0x33f96f80                serial_printf
                0x33f96a8c                ftstc
                0x33f96f34                fprintf
                0x33f96b94                tstc
                0x33f96cac                vprintf
                0x33f96bac                ctrlc
                0x33f96c0c                putc
                0x33f96b24                disable_ctrlc
                0x33f96a54                fgetc
                0x33f96b3c                had_ctrlc
                0x33f96ac4                fputc
                0x33f96b6c                console_init_f
                0x33f96b4c                clear_ctrlc
                0x33f96d20                stdio_print_current_devices
                0x33f96af4                fputs
 .text          0x33f96fc4     0x1130 common/libcommon.a(dlmalloc.o)
                0x33f9733c                malloc
                0x33f97a7c                pvalloc
                0x33f97b58                calloc
                0x33f97aa0                malloc_usable_size
                0x33f97c40                mem_malloc_init
                0x33f97c80                realloc
                0x33f9700c                malloc_trim
                0x33f96fc4                sbrk
                0x33f97ae4                mallopt
                0x33f9796c                memalign
                0x33f97338                cfree
                0x33f97a94                valloc
                0x33f970e4                free
 .text          0x33f980f4      0x2a0 common/libcommon.a(env_common.o)
                0x33f98134                env_get_char
                0x33f98114                env_get_addr
                0x33f982f0                set_default_env
                0x33f9818c                env_complete
                0x33f98334                env_relocate
                0x33f982c4                env_crc_update
                0x33f980f4                env_get_char_memory
 .text          0x33f98394      0x2c4 common/libcommon.a(env_nand.o)
                0x33f98564                env_relocate_spec
                0x33f985b0                saveenv
                0x33f983ac                env_get_char_spec
                0x33f983b8                env_init
                0x33f983d4                writeenv
                0x33f9848c                readenv
 .text          0x33f98658      0x108 common/libcommon.a(exports.o)
                0x33f98664                jumptable_init
                0x33f9865c                get_version
 .text          0x33f98760      0x390 common/libcommon.a(flash.o)
                0x33f98980                flash_write
                0x33f98760                flash_protect
                0x33f98858                addr2info
                0x33f988a0                flash_perror
 .text          0x33f98af0     0x1e18 common/libcommon.a(hush.o)
                0x33f98d60                new_pipe
                0x33f98c1c                mapset
                0x33f9a02c                parse_string_outer
                0x33f999a8                update_ifs_map
                0x33f997f0                set_local_var
                0x33f99fe4                parse_file_outer
                0x33f98b0c                simple_itoa
                0x33f98fbc                unset_local_var
                0x33f98c4c                do_showvar
                0x33f992a0                reserved_word
                0x33f98d90                u_boot_hush_start
 .text          0x33f9a908      0x7e4 common/libcommon.a(image.o)
                0x33f9aba8                getenv_bootm_size
                0x33f9ac58                image_print_contents
                0x33f9aa34                genimg_get_comp_id
                0x33f9aa7c                genimg_get_os_id
                0x33f9a950                get_table_entry_name
                0x33f9a9dc                genimg_has_config
                0x33f9aa64                genimg_get_arch_id
                0x33f9a990                genimg_get_arch_name
                0x33f9aeb4                boot_get_ramdisk
                0x33f9ae60                image_check_hcrc
                0x33f9a978                genimg_get_os_name
                0x33f9a9a8                genimg_get_type_name
                0x33f9ab5c                genimg_get_format
                0x33f9a9c0                genimg_get_comp_name
                0x33f9ae1c                image_check_dcrc
                0x33f9ab78                genimg_print_size
                0x33f9abe8                getenv_bootm_low
                0x33f9a9d8                genimg_get_image
                0x33f9aa4c                genimg_get_type_id
                0x33f9a92c                image_multi_count
                0x33f9aba4                memmove_wd
                0x33f9a9e4                get_table_entry_id
                0x33f9aa94                image_multi_getimg
                0x33f9ac28                getenv_yesno
 .text          0x33f9b0ec     0x1100 common/libcommon.a(main.o)
                0x33f9b0ec                __show_boot_progress
                0x33f9b1e8                run_command
                0x33f9b17c                do_run
                0x33f9b0f0                parse_line
                0x33f9c0d0                readline
                0x33f9b0ec                show_boot_progress
                0x33f9c0e8                main_loop
                0x33f9b798                readline_into_buffer
 .text          0x33f9c1ec      0x2b4 common/libcommon.a(s_record.o)
                0x33f9c264                srec_decode
 .text          0x33f9c4a0      0x20c common/libcommon.a(stdio.o)
                0x33f9c4bc                stdio_clone
                0x33f9c4a8                nulldev_input
                0x33f9c4b0                stdio_get_list
                0x33f9c658                stdio_get_by_name
                0x33f9c4a0                nulldev_putc
                0x33f9c560                stdio_init
                0x33f9c4a4                nulldev_puts
                0x33f9c514                stdio_register
 .text          0x33f9c6ac     0x176c common/libcommon.a(usb.o)
                0x33f9d2a0                usb_set_idle
                0x33f9c6c4                usb_maxpacket
                0x33f9dbc4                usb_hub_probe
                0x33f9dddc                usb_stop
                0x33f9dd40                usb_init
                0x33f9c6ac                usb_disable_asynch
                0x33f9dca4                usb_clear_halt
                0x33f9ca44                usb_bulk_msg
                0x33f9d1b8                usb_get_class_descriptor
                0x33f9dc28                usb_scan_devices
                0x33f9cebc                usb_get_hub_descriptor
                0x33f9cbf8                usb_get_port_status
                0x33f9ca20                usb_submit_int_msg
                0x33f9c8cc                usb_parse_config
                0x33f9caac                usb_control_msg
                0x33f9d304                usb_set_protocol
                0x33f9d8c4                usb_hub_port_connect_change
                0x33f9d3d8                usb_set_interface
                0x33f9c7e4                usb_hub_allocate
                0x33f9d0bc                usb_string
                0x33f9d22c                usb_get_report
                0x33f9d4f8                usb_get_descriptor
                0x33f9d9b0                usb_hub_configure
                0x33f9cf20                usb_get_string
                0x33f9ca24                wait_ms
                0x33f9ce64                usb_clear_hub_feature
                0x33f9d568                usb_get_configuration_no
                0x33f9cd58                usb_clear_port_feature
                0x33f9ccb4                usb_set_port_feature
                0x33f9d618                usb_new_device
                0x33f9cc5c                usb_get_hub_status
                0x33f9d364                usb_set_configuration
                0x33f9c73c                usb_set_maxpacket
                0x33f9d4b0                usb_set_address
                0x33f9c834                usb_alloc_new_device
                0x33f9c7d0                usb_hub_reset
                0x33f9c7a8                usb_get_dev_index
 .text          0x33f9de18     0x13a8 common/libcommon.a(usb_storage.o)
                0x33f9e1d0                usb_storage_probe
                0x33f9ef5c                usb_stor_CB_transport
                0x33f9ec40                usb_stor_CB_comdat
                0x33f9de3c                usb_stor_get_dev
                0x33f9e62c                usb_stor_read
                0x33f9de78                usb_show_progress
                0x33f9e818                usb_stor_scan
                0x33f9e974                usb_stor_BBB_comdat
                0x33f9f144                usb_stor_info
                0x33f9df5c                usb_stor_get_info
                0x33f9e3f0                usb_stor_BBB_clear_endpt_stall
                0x33f9ee7c                usb_stor_CBI_get_status
                0x33f9ea6c                usb_stor_BBB_transport
 .text          0x33f9f1c0      0xa28 common/libcommon.a(xyzModem.o)
                0x33f9f304                xyzModem_error
                0x33f9f3a0                xyzModem_stream_close
                0x33f9f3fc                CYGACC_COMM_IF_GETC_TIMEOUT
                0x33f9f1c0                parse_num
                0x33f9f488                xyzModem_stream_terminate
                0x33f9fa80                xyzModem_stream_open
                0x33f9f3f4                CYGACC_COMM_IF_PUTC
                0x33f9f7f4                xyzModem_stream_read
 .text          0x33f9fbe8      0x1a4 board/tekkamanninja/mini2440/libmini2440.a(mini2440.o)
                0x33f9fc3c                dram_init
                0x33f9fbe8                board_video_init
                0x33f9fc5c                board_eth_init
                0x33f9fc60                board_init
 .text          0x33f9fd8c      0x5c8 board/tekkamanninja/mini2440/libmini2440.a(flash.o)
                0x33fa00f0                flash_erase
                0x33fa02a4                flash_init
                0x33f9ffb0                flash_print_info
                0x33f9fe38                write_buff
 .text          0x33fa0354       0x48 lib_generic/libgeneric.a(crc16.o)
                0x33fa0354                cyg_crc16
 .text          0x33fa039c      0x1f4 lib_generic/libgeneric.a(crc32.o)
                0x33fa039c                crc32
                0x33fa058c                crc32_wd
                0x33fa0498                crc32_no_comp
 .text          0x33fa0590        0x0 lib_generic/libgeneric.a(ctype.o)
 .text          0x33fa0590      0x258 lib_generic/libgeneric.a(display_options.o)
                0x33fa0684                print_buffer
                0x33fa065c                display_options
                0x33fa0590                print_size
 .text          0x33fa07e8      0x1e4 lib_generic/libgeneric.a(gunzip.o)
                0x33fa08e4                gunzip
                0x33fa09b4                zfree
                0x33fa07e8                zunzip
                0x33fa09bc                zalloc
 .text          0x33fa09cc      0x53c lib_generic/libgeneric.a(lmb.o)
                0x33fa0d18                lmb_overlaps_region
                0x33fa0c20                lmb_add
                0x33fa09cc                lmb_dump_all
                0x33fa0c24                lmb_free
                0x33fa0ed0                lmb_alloc_base
                0x33fa0f00                lmb_alloc
                0x33fa0d70                __lmb_alloc_base
                0x33fa0a38                lmb_init
                0x33fa0e70                lmb_is_reserved
                0x33fa0d10                lmb_reserve
 .text          0x33fa0f08      0x5c8 lib_generic/libgeneric.a(string.o)
                0x33fa0f08                strcpy
                0x33fa13dc                memscan
                0x33fa1358                memmove
                0x33fa12f8                memcpy
                0x33fa122c                strswab
                0x33fa10bc                strnlen
                0x33fa107c                strrchr
                0x33fa0f48                strcat
                0x33fa146c                memchr
                0x33fa1400                strstr
                0x33fa0fec                strncmp
                0x33fa0f20                strncpy
                0x33fa12cc                bcopy
                0x33fa1168                strtok
                0x33fa13a0                memcmp
                0x33fa0f74                strncat
                0x33fa1494                strdup
                0x33fa1278                memset
                0x33fa0fc0                strcmp
                0x33fa11f4                strsep
                0x33fa10e4                strspn
                0x33fa105c                strlen
                0x33fa1030                strchr
                0x33fa1128                strpbrk
 .text          0x33fa14d0      0xdc0 lib_generic/libgeneric.a(vsprintf.o)
                0x33fa1bf0                vsprintf
                0x33fa15e4                ustrtoul
                0x33fa15b0                simple_strtol
                0x33fa1778                panic
                0x33fa2260                sprintf
                0x33fa14f8                simple_strtoul
 .text          0x33fa2290     0x26d0 lib_generic/libgeneric.a(zlib.o)
                0x33fa326c                inflate
                0x33fa2290                inflate_fast
                0x33fa2ec8                inflateInit_
                0x33fa2f68                adler32
                0x33fa325c                zcfree
                0x33fa2d1c                inflateReset
                0x33fa3264                zcalloc
                0x33fa2ed8                inflateEnd
                0x33fa2dc0                inflateInit2_
                0x33fa2764                inflate_table
 .text          0x33fa4960      0x118 lib_generic/libgeneric.a(div64.o)
                0x33fa4960                __div64_32
 .text          0x33fa4a78       0x14 cpu/arm920t/s3c24x0/libs3c24x0.a(interrupts.o)
                0x33fa4a84                arch_interrupt_init
                0x33fa4a78                do_irq
 .text          0x33fa4a8c      0x174 cpu/arm920t/s3c24x0/libs3c24x0.a(speed.o)
                0x33fa4b28                get_HCLK
                0x33fa4bcc                get_PCLK
                0x33fa4b20                get_FCLK
                0x33fa4b18                get_UCLK
 .text          0x33fa4c00      0x2bc cpu/arm920t/s3c24x0/libs3c24x0.a(timer.o)
                0x33fa4c00                set_timer
                0x33fa4e8c                reset_timer
                0x33fa4dd0                get_tbclk
                0x33fa4d60                get_timer
                0x33fa4c10                reset_timer_masked
                0x33fa4df8                timer_init
                0x33fa4d24                get_timer_masked
                0x33fa4d74                udelay
                0x33fa4cb0                udelay_masked
                0x33fa4dd8                reset_cpu
                0x33fa4c40                get_ticks
 .text          0x33fa4ebc     0x1650 cpu/arm920t/s3c24x0/libs3c24x0.a(usb_ohci.o)
                0x33fa4fbc                rh_check_port_status
                0x33fa5170                usb_lowlevel_stop
                0x33fa51c4                sohci_submit_job
                0x33fa5010                submit_int_msg
                0x33fa5c48                submit_bulk_msg
                0x33fa5c68                submit_control_msg
                0x33fa62c0                usb_lowlevel_init
                0x33fa5730                submit_common_msg
 .text          0x33fa650c      0xab8 cpu/arm920t/s3c24x0/libs3c24x0.a(mmc.o)
                0x33fa6518                mmc_ident
                0x33fa6d48                mmc_write
                0x33fa6634                mmc_init
                0x33fa650c                mmc_get_dev
                0x33fa6520                mmc2info
                0x33fa6fa0                mmc_bread
                0x33fa6e94                mmc_read
 .text          0x33fa6fc4      0x1cc lib_arm/libarm.a(bootm.o)
                0x33fa6fc4                do_bootm_linux
 .text          0x33fa7190        0x4 lib_arm/libarm.a(cache.o)
                0x33fa7190                flush_cache
 .text          0x33fa7194       0xb8 lib_arm/libarm.a(cache-cp15.o)
                0x33fa721c                dcache_enable
                0x33fa720c                icache_enable
                0x33fa7214                icache_disable
                0x33fa722c                dcache_status
                0x33fa723c                icache_status
                0x33fa7224                dcache_disable
 .text          0x33fa724c       0x38 lib_arm/libarm.a(reset.o)
                0x33fa724c                do_reset
 .text          0x33fa7284     0x12c0 fs/fat/libfat.a(fat.o)
                0x33fa83ec                file_fat_read
                0x33fa7b04                do_fat_read
                0x33fa8424                file_fat_ls
                0x33fa79a4                file_fat_detectfs
                0x33fa72ac                disk_read
                0x33fa8434                fat_register_device
 .text          0x33fa8544     0x1cb8 fs/jffs2/libjffs2.a(jffs2_1pass.o)
                0x33fa9570                jffs2_1pass_load
                0x33fa9080                jffs2_1pass_info
                0x33fa9b88                jffs2_1pass_ls
                0x33fa8a38                jffs2_1pass_rescan_needed
                0x33fa8544                mkmodestr
                0x33fa876c                jffs2_free_cache
 .text          0x33faa1fc       0xdc fs/jffs2/libjffs2.a(compr_rtime.o)
                0x33faa1fc                rtime_decompress
 .text          0x33faa2d8      0x134 fs/jffs2/libjffs2.a(compr_rubin.o)
                0x33faa3c4                dynrubin_decompress
                0x33faa2d8                rubin_do_decompress
 .text          0x33faa40c       0x18 fs/jffs2/libjffs2.a(compr_zlib.o)
                0x33faa40c                zlib_decompress
 .text          0x33faa424      0x974 fs/jffs2/libjffs2.a(mini_inflate.o)
                0x33faa7c8                decompress_block
                0x33faa44c                pull_bits
                0x33faa4ac                pull_bit
                0x33faa424                cramfs_memset
 .text          0x33faad98      0x378 disk/libdisk.a(part.o)
                0x33faae74                dev_print
                0x33faad98                print_part
                0x33fab0b4                get_dev
                0x33fab06c                get_partition_info
                0x33fab098                init_part
 .text          0x33fab110      0x504 disk/libdisk.a(part_dos.o)
                0x33fab3dc                get_partition_info_dos
                0x33fab5e8                print_part_dos
                0x33fab15c                test_part_dos
 .text          0x33fab614      0x848 drivers/mtd/nand/libnand.a(nand_util.o)
                0x33fab89c                nand_write_skip_bad
                0x33fab6f0                nand_read_skip_bad
                0x33fabb18                nand_erase_opts
 .text          0x33fabe5c      0x924 drivers/net/libnet.a(dm9000x.o)
                0x33fabff4                dm9000_initialize
 .text          0x33fac780      0x29c drivers/rtc/librtc.a(date.o)
                0x33fac780                GregorianDay
                0x33fac980                mktime
                0x33fac874                to_tm
 .text          0x33faca1c      0x260 drivers/rtc/librtc.a(s3c24x0_rtc.o)
                0x33facbdc                rtc_set
                0x33facbb8                rtc_reset
                0x33faca84                rtc_get
 .text          0x33facc7c     0x167c drivers/video/libvideo.a(cfb_console.o)
                0x33fad4c4                video_puts
                0x33fad738                video_display_bitmap
                0x33fae02c                drv_video_init
                0x33fad4fc                logo_plot
                0x33fad4bc                __board_video_skip
                0x33fad29c                video_putc
                0x33fad4bc                board_video_skip
 .text          0x33fae2f8      0x2cc drivers/video/libvideo.a(s3c2410_fb.o)
                0x33fae2fc                video_hw_init
                0x33fae2f8                video_set_lut
 .text          0x33fae5c4      0x4a4 drivers/video/libvideo.a(videomodes.o)
                0x33fae5ec                video_get_params
 .text          0x33faea68       0x28 cpu/arm920t/libarm920t.a(cpu.o)
                0x33faea68                cleanup_before_linux
 .text          0x33faea90       0x24 /home/bamboo/work/ok2440/u-boot_for_ok2440/lib_arm/eabi_compat.o
                0x33faea90                raise
 .text          0x33faeab4      0x114 /home/bamboo/work/ok2440/cross_tools/4.1.2/bin/../lib/gcc/arm-angstrom-linux-gnueabi/4.1.2/libgcc.a(_udivsi3.o)
                0x33faeab4                __udivsi3
                0x33faeab4                __aeabi_uidiv
                0x33faebb0                __aeabi_uidivmod
 .text          0x33faebc8      0x144 /home/bamboo/work/ok2440/cross_tools/4.1.2/bin/../lib/gcc/arm-angstrom-linux-gnueabi/4.1.2/libgcc.a(_divsi3.o)
                0x33faebc8                __aeabi_idiv
                0x33faebc8                __divsi3
                0x33faecf4                __aeabi_idivmod
 .text          0x33faed0c       0x1c /home/bamboo/work/ok2440/cross_tools/4.1.2/bin/../lib/gcc/arm-angstrom-linux-gnueabi/4.1.2/libgcc.a(_lshrdi3.o)
                0x33faed0c                __aeabi_llsr
                0x33faed0c                __lshrdi3
 .text          0x33faed28       0x1c /home/bamboo/work/ok2440/cross_tools/4.1.2/bin/../lib/gcc/arm-angstrom-linux-gnueabi/4.1.2/libgcc.a(_ashrdi3.o)
                0x33faed28                __ashrdi3
                0x33faed28                __aeabi_lasr
 .text          0x33faed44       0x1c /home/bamboo/work/ok2440/cross_tools/4.1.2/bin/../lib/gcc/arm-angstrom-linux-gnueabi/4.1.2/libgcc.a(_ashldi3.o)
                0x33faed44                __ashldi3
                0x33faed44                __aeabi_llsl
 .text          0x33faed60       0x14 /home/bamboo/work/ok2440/cross_tools/4.1.2/bin/../lib/gcc/arm-angstrom-linux-gnueabi/4.1.2/libgcc.a(_dvmd_lnx.o)
                0x33faed60                __div0

.glue_7         0x33faed74        0x0
 .glue_7        0x33faed74        0x0 cpu/arm920t/start.o
 .glue_7        0x33faed74        0x0 board/tekkamanninja/mini2440/lowlevel_init.o
 .glue_7        0x33faed74        0x0 board/tekkamanninja/mini2440/nand_read.o
 .glue_7        0x33faed74        0x0 lib_arm/libarm.a(board.o)
 .glue_7        0x33faed74        0x0 lib_arm/libarm.a(interrupts.o)
 .glue_7        0x33faed74        0x0 net/libnet.a(eth.o)
 .glue_7        0x33faed74        0x0 net/libnet.a(net.o)
 .glue_7        0x33faed74        0x0 net/libnet.a(nfs.o)
 .glue_7        0x33faed74        0x0 net/libnet.a(rarp.o)
 .glue_7        0x33faed74        0x0 net/libnet.a(tftp.o)
 .glue_7        0x33faed74        0x0 net/libnet.a(bootp.o)
 .glue_7        0x33faed74        0x0 drivers/i2c/libi2c.a(s3c24x0_i2c.o)
 .glue_7        0x33faed74        0x0 drivers/mtd/nand/libnand.a(nand.o)
 .glue_7        0x33faed74        0x0 drivers/mtd/nand/libnand.a(nand_base.o)
 .glue_7        0x33faed74        0x0 drivers/mtd/nand/libnand.a(nand_bbt.o)
 .glue_7        0x33faed74        0x0 drivers/mtd/nand/libnand.a(nand_ecc.o)
 .glue_7        0x33faed74        0x0 drivers/mtd/nand/libnand.a(nand_ids.o)
 .glue_7        0x33faed74        0x0 drivers/mtd/nand/libnand.a(s3c2410_nand.o)
 .glue_7        0x33faed74        0x0 drivers/serial/libserial.a(serial_s3c24x0.o)
 .glue_7        0x33faed74        0x0 drivers/usb/slave/libusb_slave.a(usbinit.o)
 .glue_7        0x33faed74        0x0 drivers/usb/slave/libusb_slave.a(interrupt.o)
 .glue_7        0x33faed74        0x0 drivers/usb/slave/libusb_slave.a(usblib.o)
 .glue_7        0x33faed74        0x0 drivers/usb/slave/libusb_slave.a(usbmain.o)
 .glue_7        0x33faed74        0x0 drivers/usb/slave/libusb_slave.a(usbout.o)
 .glue_7        0x33faed74        0x0 drivers/usb/slave/libusb_slave.a(usbsetup.o)
 .glue_7        0x33faed74        0x0 drivers/usb/slave/libusb_slave.a(usbin.o)
 .glue_7        0x33faed74        0x0 common/libcommon.a(cmd_bdinfo.o)
 .glue_7        0x33faed74        0x0 common/libcommon.a(cmd_bmp.o)
 .glue_7        0x33faed74        0x0 common/libcommon.a(cmd_boot.o)
 .glue_7        0x33faed74        0x0 common/libcommon.a(cmd_bootm.o)
 .glue_7        0x33faed74        0x0 common/libcommon.a(cmd_cache.o)
 .glue_7        0x33faed74        0x0 common/libcommon.a(cmd_console.o)
 .glue_7        0x33faed74        0x0 common/libcommon.a(cmd_date.o)
 .glue_7        0x33faed74        0x0 common/libcommon.a(cmd_eeprom.o)
 .glue_7        0x33faed74        0x0 common/libcommon.a(cmd_elf.o)
 .glue_7        0x33faed74        0x0 common/libcommon.a(cmd_fat.o)
 .glue_7        0x33faed74        0x0 common/libcommon.a(cmd_flash.o)
 .glue_7        0x33faed74        0x0 common/libcommon.a(cmd_i2c.o)
 .glue_7        0x33faed74        0x0 common/libcommon.a(cmd_itest.o)
 .glue_7        0x33faed74        0x0 common/libcommon.a(cmd_jffs2.o)
 .glue_7        0x33faed74        0x0 common/libcommon.a(cmd_load.o)
 .glue_7        0x33faed74        0x0 common/libcommon.a(cmd_mem.o)
 .glue_7        0x33faed74        0x0 common/libcommon.a(cmd_misc.o)
 .glue_7        0x33faed74        0x0 common/libcommon.a(cmd_mmc.o)
 .glue_7        0x33faed74        0x0 common/libcommon.a(cmd_nand.o)
 .glue_7        0x33faed74        0x0 common/libcommon.a(cmd_net.o)
 .glue_7        0x33faed74        0x0 common/libcommon.a(cmd_nvedit.o)
 .glue_7        0x33faed74        0x0 common/libcommon.a(cmd_reginfo.o)
 .glue_7        0x33faed74        0x0 common/libcommon.a(cmd_source.o)
 .glue_7        0x33faed74        0x0 common/libcommon.a(cmd_usb.o)
 .glue_7        0x33faed74        0x0 common/libcommon.a(cmd_usbslave.o)
 .glue_7        0x33faed74        0x0 common/libcommon.a(cmd_ximg.o)
 .glue_7        0x33faed74        0x0 common/libcommon.a(command.o)
 .glue_7        0x33faed74        0x0 common/libcommon.a(console.o)
 .glue_7        0x33faed74        0x0 common/libcommon.a(dlmalloc.o)
 .glue_7        0x33faed74        0x0 common/libcommon.a(env_common.o)
 .glue_7        0x33faed74        0x0 common/libcommon.a(env_nand.o)
 .glue_7        0x33faed74        0x0 common/libcommon.a(exports.o)
 .glue_7        0x33faed74        0x0 common/libcommon.a(flash.o)
 .glue_7        0x33faed74        0x0 common/libcommon.a(hush.o)
 .glue_7        0x33faed74        0x0 common/libcommon.a(image.o)
 .glue_7        0x33faed74        0x0 common/libcommon.a(main.o)
 .glue_7        0x33faed74        0x0 common/libcommon.a(s_record.o)
 .glue_7        0x33faed74        0x0 common/libcommon.a(stdio.o)
 .glue_7        0x33faed74        0x0 common/libcommon.a(usb.o)
 .glue_7        0x33faed74        0x0 common/libcommon.a(usb_storage.o)
 .glue_7        0x33faed74        0x0 common/libcommon.a(xyzModem.o)
 .glue_7        0x33faed74        0x0 board/tekkamanninja/mini2440/libmini2440.a(mini2440.o)
 .glue_7        0x33faed74        0x0 board/tekkamanninja/mini2440/libmini2440.a(flash.o)
 .glue_7        0x33faed74        0x0 lib_generic/libgeneric.a(crc16.o)
 .glue_7        0x33faed74        0x0 lib_generic/libgeneric.a(crc32.o)
 .glue_7        0x33faed74        0x0 lib_generic/libgeneric.a(ctype.o)
 .glue_7        0x33faed74        0x0 lib_generic/libgeneric.a(display_options.o)
 .glue_7        0x33faed74        0x0 lib_generic/libgeneric.a(gunzip.o)
 .glue_7        0x33faed74        0x0 lib_generic/libgeneric.a(lmb.o)
 .glue_7        0x33faed74        0x0 lib_generic/libgeneric.a(string.o)
 .glue_7        0x33faed74        0x0 lib_generic/libgeneric.a(vsprintf.o)
 .glue_7        0x33faed74        0x0 lib_generic/libgeneric.a(zlib.o)
 .glue_7        0x33faed74        0x0 lib_generic/libgeneric.a(div64.o)
 .glue_7        0x33faed74        0x0 cpu/arm920t/s3c24x0/libs3c24x0.a(interrupts.o)
 .glue_7        0x33faed74        0x0 cpu/arm920t/s3c24x0/libs3c24x0.a(speed.o)
 .glue_7        0x33faed74        0x0 cpu/arm920t/s3c24x0/libs3c24x0.a(timer.o)
 .glue_7        0x33faed74        0x0 cpu/arm920t/s3c24x0/libs3c24x0.a(usb_ohci.o)
 .glue_7        0x33faed74        0x0 cpu/arm920t/s3c24x0/libs3c24x0.a(mmc.o)
 .glue_7        0x33faed74        0x0 lib_arm/libarm.a(bootm.o)
 .glue_7        0x33faed74        0x0 lib_arm/libarm.a(cache.o)
 .glue_7        0x33faed74        0x0 lib_arm/libarm.a(cache-cp15.o)
 .glue_7        0x33faed74        0x0 lib_arm/libarm.a(reset.o)
 .glue_7        0x33faed74        0x0 fs/fat/libfat.a(fat.o)
 .glue_7        0x33faed74        0x0 fs/jffs2/libjffs2.a(jffs2_1pass.o)
 .glue_7        0x33faed74        0x0 fs/jffs2/libjffs2.a(compr_rtime.o)
 .glue_7        0x33faed74        0x0 fs/jffs2/libjffs2.a(compr_rubin.o)
 .glue_7        0x33faed74        0x0 fs/jffs2/libjffs2.a(compr_zlib.o)
 .glue_7        0x33faed74        0x0 fs/jffs2/libjffs2.a(mini_inflate.o)
 .glue_7        0x33faed74        0x0 disk/libdisk.a(part.o)
 .glue_7        0x33faed74        0x0 disk/libdisk.a(part_dos.o)
 .glue_7        0x33faed74        0x0 drivers/mtd/nand/libnand.a(nand_util.o)
 .glue_7        0x33faed74        0x0 drivers/net/libnet.a(dm9000x.o)
 .glue_7        0x33faed74        0x0 drivers/rtc/librtc.a(date.o)
 .glue_7        0x33faed74        0x0 drivers/rtc/librtc.a(s3c24x0_rtc.o)
 .glue_7        0x33faed74        0x0 drivers/video/libvideo.a(cfb_console.o)
 .glue_7        0x33faed74        0x0 drivers/video/libvideo.a(s3c2410_fb.o)
 .glue_7        0x33faed74        0x0 drivers/video/libvideo.a(videomodes.o)
 .glue_7        0x33faed74        0x0 cpu/arm920t/libarm920t.a(cpu.o)
 .glue_7        0x33faed74        0x0 /home/bamboo/work/ok2440/u-boot_for_ok2440/lib_arm/eabi_compat.o
 .glue_7        0x33faed74        0x0 /home/bamboo/work/ok2440/cross_tools/4.1.2/bin/../lib/gcc/arm-angstrom-linux-gnueabi/4.1.2/libgcc.a(_udivsi3.o)
 .glue_7        0x33faed74        0x0 /home/bamboo/work/ok2440/cross_tools/4.1.2/bin/../lib/gcc/arm-angstrom-linux-gnueabi/4.1.2/libgcc.a(_divsi3.o)
 .glue_7        0x33faed74        0x0 /home/bamboo/work/ok2440/cross_tools/4.1.2/bin/../lib/gcc/arm-angstrom-linux-gnueabi/4.1.2/libgcc.a(_lshrdi3.o)
 .glue_7        0x33faed74        0x0 /home/bamboo/work/ok2440/cross_tools/4.1.2/bin/../lib/gcc/arm-angstrom-linux-gnueabi/4.1.2/libgcc.a(_ashrdi3.o)
 .glue_7        0x33faed74        0x0 /home/bamboo/work/ok2440/cross_tools/4.1.2/bin/../lib/gcc/arm-angstrom-linux-gnueabi/4.1.2/libgcc.a(_ashldi3.o)
 .glue_7        0x33faed74        0x0 /home/bamboo/work/ok2440/cross_tools/4.1.2/bin/../lib/gcc/arm-angstrom-linux-gnueabi/4.1.2/libgcc.a(_dvmd_lnx.o)

.glue_7t        0x33faed74        0x0
 .glue_7t       0x33faed74        0x0 cpu/arm920t/start.o
 .glue_7t       0x33faed74        0x0 board/tekkamanninja/mini2440/lowlevel_init.o
 .glue_7t       0x33faed74        0x0 board/tekkamanninja/mini2440/nand_read.o
 .glue_7t       0x33faed74        0x0 lib_arm/libarm.a(board.o)
 .glue_7t       0x33faed74        0x0 lib_arm/libarm.a(interrupts.o)
 .glue_7t       0x33faed74        0x0 net/libnet.a(eth.o)
 .glue_7t       0x33faed74        0x0 net/libnet.a(net.o)
 .glue_7t       0x33faed74        0x0 net/libnet.a(nfs.o)
 .glue_7t       0x33faed74        0x0 net/libnet.a(rarp.o)
 .glue_7t       0x33faed74        0x0 net/libnet.a(tftp.o)
 .glue_7t       0x33faed74        0x0 net/libnet.a(bootp.o)
 .glue_7t       0x33faed74        0x0 drivers/i2c/libi2c.a(s3c24x0_i2c.o)
 .glue_7t       0x33faed74        0x0 drivers/mtd/nand/libnand.a(nand.o)
 .glue_7t       0x33faed74        0x0 drivers/mtd/nand/libnand.a(nand_base.o)
 .glue_7t       0x33faed74        0x0 drivers/mtd/nand/libnand.a(nand_bbt.o)
 .glue_7t       0x33faed74        0x0 drivers/mtd/nand/libnand.a(nand_ecc.o)
 .glue_7t       0x33faed74        0x0 drivers/mtd/nand/libnand.a(nand_ids.o)
 .glue_7t       0x33faed74        0x0 drivers/mtd/nand/libnand.a(s3c2410_nand.o)
 .glue_7t       0x33faed74        0x0 drivers/serial/libserial.a(serial_s3c24x0.o)
 .glue_7t       0x33faed74        0x0 drivers/usb/slave/libusb_slave.a(usbinit.o)
 .glue_7t       0x33faed74        0x0 drivers/usb/slave/libusb_slave.a(interrupt.o)
 .glue_7t       0x33faed74        0x0 drivers/usb/slave/libusb_slave.a(usblib.o)
 .glue_7t       0x33faed74        0x0 drivers/usb/slave/libusb_slave.a(usbmain.o)
 .glue_7t       0x33faed74        0x0 drivers/usb/slave/libusb_slave.a(usbout.o)
 .glue_7t       0x33faed74        0x0 drivers/usb/slave/libusb_slave.a(usbsetup.o)
 .glue_7t       0x33faed74        0x0 drivers/usb/slave/libusb_slave.a(usbin.o)
 .glue_7t       0x33faed74        0x0 common/libcommon.a(cmd_bdinfo.o)
 .glue_7t       0x33faed74        0x0 common/libcommon.a(cmd_bmp.o)
 .glue_7t       0x33faed74        0x0 common/libcommon.a(cmd_boot.o)
 .glue_7t       0x33faed74        0x0 common/libcommon.a(cmd_bootm.o)
 .glue_7t       0x33faed74        0x0 common/libcommon.a(cmd_cache.o)
 .glue_7t       0x33faed74        0x0 common/libcommon.a(cmd_console.o)
 .glue_7t       0x33faed74        0x0 common/libcommon.a(cmd_date.o)
 .glue_7t       0x33faed74        0x0 common/libcommon.a(cmd_eeprom.o)
 .glue_7t       0x33faed74        0x0 common/libcommon.a(cmd_elf.o)
 .glue_7t       0x33faed74        0x0 common/libcommon.a(cmd_fat.o)
 .glue_7t       0x33faed74        0x0 common/libcommon.a(cmd_flash.o)
 .glue_7t       0x33faed74        0x0 common/libcommon.a(cmd_i2c.o)
 .glue_7t       0x33faed74        0x0 common/libcommon.a(cmd_itest.o)
 .glue_7t       0x33faed74        0x0 common/libcommon.a(cmd_jffs2.o)
 .glue_7t       0x33faed74        0x0 common/libcommon.a(cmd_load.o)
 .glue_7t       0x33faed74        0x0 common/libcommon.a(cmd_mem.o)
 .glue_7t       0x33faed74        0x0 common/libcommon.a(cmd_misc.o)
 .glue_7t       0x33faed74        0x0 common/libcommon.a(cmd_mmc.o)
 .glue_7t       0x33faed74        0x0 common/libcommon.a(cmd_nand.o)
 .glue_7t       0x33faed74        0x0 common/libcommon.a(cmd_net.o)
 .glue_7t       0x33faed74        0x0 common/libcommon.a(cmd_nvedit.o)
 .glue_7t       0x33faed74        0x0 common/libcommon.a(cmd_reginfo.o)
 .glue_7t       0x33faed74        0x0 common/libcommon.a(cmd_source.o)
 .glue_7t       0x33faed74        0x0 common/libcommon.a(cmd_usb.o)
 .glue_7t       0x33faed74        0x0 common/libcommon.a(cmd_usbslave.o)
 .glue_7t       0x33faed74        0x0 common/libcommon.a(cmd_ximg.o)
 .glue_7t       0x33faed74        0x0 common/libcommon.a(command.o)
 .glue_7t       0x33faed74        0x0 common/libcommon.a(console.o)
 .glue_7t       0x33faed74        0x0 common/libcommon.a(dlmalloc.o)
 .glue_7t       0x33faed74        0x0 common/libcommon.a(env_common.o)
 .glue_7t       0x33faed74        0x0 common/libcommon.a(env_nand.o)
 .glue_7t       0x33faed74        0x0 common/libcommon.a(exports.o)
 .glue_7t       0x33faed74        0x0 common/libcommon.a(flash.o)
 .glue_7t       0x33faed74        0x0 common/libcommon.a(hush.o)
 .glue_7t       0x33faed74        0x0 common/libcommon.a(image.o)
 .glue_7t       0x33faed74        0x0 common/libcommon.a(main.o)
 .glue_7t       0x33faed74        0x0 common/libcommon.a(s_record.o)
 .glue_7t       0x33faed74        0x0 common/libcommon.a(stdio.o)
 .glue_7t       0x33faed74        0x0 common/libcommon.a(usb.o)
 .glue_7t       0x33faed74        0x0 common/libcommon.a(usb_storage.o)
 .glue_7t       0x33faed74        0x0 common/libcommon.a(xyzModem.o)
 .glue_7t       0x33faed74        0x0 board/tekkamanninja/mini2440/libmini2440.a(mini2440.o)
 .glue_7t       0x33faed74        0x0 board/tekkamanninja/mini2440/libmini2440.a(flash.o)
 .glue_7t       0x33faed74        0x0 lib_generic/libgeneric.a(crc16.o)
 .glue_7t       0x33faed74        0x0 lib_generic/libgeneric.a(crc32.o)
 .glue_7t       0x33faed74        0x0 lib_generic/libgeneric.a(ctype.o)
 .glue_7t       0x33faed74        0x0 lib_generic/libgeneric.a(display_options.o)
 .glue_7t       0x33faed74        0x0 lib_generic/libgeneric.a(gunzip.o)
 .glue_7t       0x33faed74        0x0 lib_generic/libgeneric.a(lmb.o)
 .glue_7t       0x33faed74        0x0 lib_generic/libgeneric.a(string.o)
 .glue_7t       0x33faed74        0x0 lib_generic/libgeneric.a(vsprintf.o)
 .glue_7t       0x33faed74        0x0 lib_generic/libgeneric.a(zlib.o)
 .glue_7t       0x33faed74        0x0 lib_generic/libgeneric.a(div64.o)
 .glue_7t       0x33faed74        0x0 cpu/arm920t/s3c24x0/libs3c24x0.a(interrupts.o)
 .glue_7t       0x33faed74        0x0 cpu/arm920t/s3c24x0/libs3c24x0.a(speed.o)
 .glue_7t       0x33faed74        0x0 cpu/arm920t/s3c24x0/libs3c24x0.a(timer.o)
 .glue_7t       0x33faed74        0x0 cpu/arm920t/s3c24x0/libs3c24x0.a(usb_ohci.o)
 .glue_7t       0x33faed74        0x0 cpu/arm920t/s3c24x0/libs3c24x0.a(mmc.o)
 .glue_7t       0x33faed74        0x0 lib_arm/libarm.a(bootm.o)
 .glue_7t       0x33faed74        0x0 lib_arm/libarm.a(cache.o)
 .glue_7t       0x33faed74        0x0 lib_arm/libarm.a(cache-cp15.o)
 .glue_7t       0x33faed74        0x0 lib_arm/libarm.a(reset.o)
 .glue_7t       0x33faed74        0x0 fs/fat/libfat.a(fat.o)
 .glue_7t       0x33faed74        0x0 fs/jffs2/libjffs2.a(jffs2_1pass.o)
 .glue_7t       0x33faed74        0x0 fs/jffs2/libjffs2.a(compr_rtime.o)
 .glue_7t       0x33faed74        0x0 fs/jffs2/libjffs2.a(compr_rubin.o)
 .glue_7t       0x33faed74        0x0 fs/jffs2/libjffs2.a(compr_zlib.o)
 .glue_7t       0x33faed74        0x0 fs/jffs2/libjffs2.a(mini_inflate.o)
 .glue_7t       0x33faed74        0x0 disk/libdisk.a(part.o)
 .glue_7t       0x33faed74        0x0 disk/libdisk.a(part_dos.o)
 .glue_7t       0x33faed74        0x0 drivers/mtd/nand/libnand.a(nand_util.o)
 .glue_7t       0x33faed74        0x0 drivers/net/libnet.a(dm9000x.o)
 .glue_7t       0x33faed74        0x0 drivers/rtc/librtc.a(date.o)
 .glue_7t       0x33faed74        0x0 drivers/rtc/librtc.a(s3c24x0_rtc.o)
 .glue_7t       0x33faed74        0x0 drivers/video/libvideo.a(cfb_console.o)
 .glue_7t       0x33faed74        0x0 drivers/video/libvideo.a(s3c2410_fb.o)
 .glue_7t       0x33faed74        0x0 drivers/video/libvideo.a(videomodes.o)
 .glue_7t       0x33faed74        0x0 cpu/arm920t/libarm920t.a(cpu.o)
 .glue_7t       0x33faed74        0x0 /home/bamboo/work/ok2440/u-boot_for_ok2440/lib_arm/eabi_compat.o
 .glue_7t       0x33faed74        0x0 /home/bamboo/work/ok2440/cross_tools/4.1.2/bin/../lib/gcc/arm-angstrom-linux-gnueabi/4.1.2/libgcc.a(_udivsi3.o)
 .glue_7t       0x33faed74        0x0 /home/bamboo/work/ok2440/cross_tools/4.1.2/bin/../lib/gcc/arm-angstrom-linux-gnueabi/4.1.2/libgcc.a(_divsi3.o)
 .glue_7t       0x33faed74        0x0 /home/bamboo/work/ok2440/cross_tools/4.1.2/bin/../lib/gcc/arm-angstrom-linux-gnueabi/4.1.2/libgcc.a(_lshrdi3.o)
 .glue_7t       0x33faed74        0x0 /home/bamboo/work/ok2440/cross_tools/4.1.2/bin/../lib/gcc/arm-angstrom-linux-gnueabi/4.1.2/libgcc.a(_ashrdi3.o)
 .glue_7t       0x33faed74        0x0 /home/bamboo/work/ok2440/cross_tools/4.1.2/bin/../lib/gcc/arm-angstrom-linux-gnueabi/4.1.2/libgcc.a(_ashldi3.o)
 .glue_7t       0x33faed74        0x0 /home/bamboo/work/ok2440/cross_tools/4.1.2/bin/../lib/gcc/arm-angstrom-linux-gnueabi/4.1.2/libgcc.a(_dvmd_lnx.o)
                0x33faed74                . = ALIGN (0x4)

.rodata         0x33faed74     0xa711
 *(SORT(.rodata*))
 .rodata        0x33faed74       0x30 lib_arm/libarm.a(board.o)
                0x33faed74                version_string
 .rodata        0x33faeda4       0x80 lib_arm/libarm.a(interrupts.o)
 .rodata        0x33faee24        0x8 net/libnet.a(eth.o)
 .rodata        0x33faee2c        0x8 net/libnet.a(net.o)
 .rodata        0x33faee34        0x8 drivers/mtd/nand/libnand.a(nand.o)
 .rodata        0x33faee3c       0x5c drivers/mtd/nand/libnand.a(nand_base.o)
 .rodata        0x33faee98       0x4c common/libcommon.a(cmd_bootm.o)
 .rodata        0x33faeee4       0x20 common/libcommon.a(cmd_jffs2.o)
 .rodata        0x33faef04       0x14 common/libcommon.a(cmd_nvedit.o)
 .rodata        0x33faef18      0x400 lib_generic/libgeneric.a(crc32.o)
 .rodata        0x33faf318       0x24 lib_generic/libgeneric.a(vsprintf.o)
                0x33faf318                hex_asc
 .rodata        0x33faf33c      0x9cc lib_generic/libgeneric.a(zlib.o)
                0x33faf33c                z_errmsg
 .rodata        0x33fafd08       0x40 cpu/arm920t/s3c24x0/libs3c24x0.a(usb_ohci.o)
 .rodata        0x33fafd48       0xc4 fs/jffs2/libjffs2.a(jffs2_1pass.o)
 .rodata        0x33fafe0c       0x18 disk/libdisk.a(part.o)
 .rodata        0x33fafe24       0x30 drivers/rtc/librtc.a(date.o)
 .rodata        0x33fafe54      0x220 drivers/video/libvideo.a(cfb_console.o)
 .rodata        0x33fb0074      0x224 drivers/video/libvideo.a(videomodes.o)
                0x33fb0164                res_mode_init
                0x33fb0074                vesa_modes
 .rodata.str1.4
                0x33fb0298      0x128 lib_arm/libarm.a(board.o)
                                0x130 (size before relaxing)
 .rodata.str1.4
                0x33fb03c0      0x27f lib_arm/libarm.a(interrupts.o)
                                0x288 (size before relaxing)
 *fill*         0x33fb063f        0x1 00
 .rodata.str1.4
                0x33fb0640       0xd0 net/libnet.a(eth.o)
                                 0xd8 (size before relaxing)
 .rodata.str1.4
                0x33fb0710      0x241 net/libnet.a(net.o)
                                0x24c (size before relaxing)
 *fill*         0x33fb0951        0x3 00
 .rodata.str1.4
                0x33fb0954      0x1af net/libnet.a(nfs.o)
                                0x1c8 (size before relaxing)
 *fill*         0x33fb0b03        0x1 00
 .rodata.str1.4
                0x33fb0b04       0x24 net/libnet.a(rarp.o)
                                 0x4c (size before relaxing)
 .rodata.str1.4
                0x33fb0b28      0x161 net/libnet.a(tftp.o)
                                0x218 (size before relaxing)
 *fill*         0x33fb0c89        0x3 00
 .rodata.str1.4
                0x33fb0c8c      0x109 net/libnet.a(bootp.o)
                                0x150 (size before relaxing)
 *fill*         0x33fb0d95        0x3 00
 .rodata.str1.4
                0x33fb0d98       0x7d drivers/i2c/libi2c.a(s3c24x0_i2c.o)
                                 0x80 (size before relaxing)
 *fill*         0x33fb0e15        0x3 00
 .rodata.str1.4
                0x33fb0e18        0x8 drivers/mtd/nand/libnand.a(nand.o)
 .rodata.str1.4
                0x33fb0e20      0x301 drivers/mtd/nand/libnand.a(nand_base.o)
                                0x304 (size before relaxing)
 *fill*         0x33fb1121        0x3 00
 .rodata.str1.4
                0x33fb1124      0x318 drivers/mtd/nand/libnand.a(nand_bbt.o)
 .rodata.str1.4
                0x33fb143c      0x36c drivers/mtd/nand/libnand.a(nand_ids.o)
 .rodata.str1.4
                0x33fb17a8      0x15f drivers/usb/slave/libusb_slave.a(usbinit.o)
                                0x160 (size before relaxing)
 *fill*         0x33fb1907        0x1 00
 .rodata.str1.4
                0x33fb1908       0x36 drivers/usb/slave/libusb_slave.a(interrupt.o)
                                 0x38 (size before relaxing)
 *fill*         0x33fb193e        0x2 00
 .rodata.str1.4
                0x33fb1940       0x18 drivers/usb/slave/libusb_slave.a(usbout.o)
 .rodata.str1.4
                0x33fb1958      0x12b drivers/usb/slave/libusb_slave.a(usbsetup.o)
                                0x138 (size before relaxing)
 *fill*         0x33fb1a83        0x1 00
 .rodata.str1.4
                0x33fb1a84       0xb7 common/libcommon.a(cmd_bdinfo.o)
                                 0xc4 (size before relaxing)
 *fill*         0x33fb1b3b        0x1 00
 .rodata.str1.4
                0x33fb1b3c      0x198 common/libcommon.a(cmd_bmp.o)
 .rodata.str1.4
                0x33fb1cd4       0xf5 common/libcommon.a(cmd_boot.o)
                                 0xfc (size before relaxing)
 *fill*         0x33fb1dc9        0x3 00
 .rodata.str1.4
                0x33fb1dcc      0x8f6 common/libcommon.a(cmd_bootm.o)
                                0x930 (size before relaxing)
 *fill*         0x33fb26c2        0x2 00
 .rodata.str1.4
                0x33fb26c4       0xe8 common/libcommon.a(cmd_cache.o)
                                0x114 (size before relaxing)
 .rodata.str1.4
                0x33fb27ac       0x62 common/libcommon.a(cmd_console.o)
                                 0x68 (size before relaxing)
 *fill*         0x33fb280e        0x2 00
 .rodata.str1.4
                0x33fb2810      0x187 common/libcommon.a(cmd_date.o)
                                0x190 (size before relaxing)
 *fill*         0x33fb2997        0x1 00
 .rodata.str1.4
                0x33fb2998       0xd4 common/libcommon.a(cmd_eeprom.o)
 .rodata.str1.4
                0x33fb2a6c      0x2a0 common/libcommon.a(cmd_elf.o)
                                0x2cc (size before relaxing)
 .rodata.str1.4
                0x33fb2d0c      0x3b0 common/libcommon.a(cmd_fat.o)
                                0x3c4 (size before relaxing)
 .rodata.str1.4
                0x33fb30bc      0x74e common/libcommon.a(cmd_flash.o)
                                0x75c (size before relaxing)
 *fill*         0x33fb380a        0x2 00
 .rodata.str1.4
                0x33fb380c      0x39d common/libcommon.a(cmd_i2c.o)
                                0x3b8 (size before relaxing)
 *fill*         0x33fb3ba9        0x3 00
 .rodata.str1.4
                0x33fb3bac       0xc6 common/libcommon.a(cmd_itest.o)
                                 0xc8 (size before relaxing)
 *fill*         0x33fb3c72        0x2 00
 .rodata.str1.4
                0x33fb3c74      0x2ec common/libcommon.a(cmd_jffs2.o)
                                0x35c (size before relaxing)
 .rodata.str1.4
                0x33fb3f60      0x3c8 common/libcommon.a(cmd_load.o)
                                0x3e8 (size before relaxing)
 .rodata.str1.4
                0x33fb4328      0x54a common/libcommon.a(cmd_mem.o)
                                0x590 (size before relaxing)
 *fill*         0x33fb4872        0x2 00
 .rodata.str1.4
                0x33fb4874       0x63 common/libcommon.a(cmd_misc.o)
                                 0x64 (size before relaxing)
 *fill*         0x33fb48d7        0x1 00
 .rodata.str1.4
                0x33fb48d8       0xcb common/libcommon.a(cmd_mmc.o)
                                 0xd4 (size before relaxing)
 *fill*         0x33fb49a3        0x1 00
 .rodata.str1.4
                0x33fb49a4      0x894 common/libcommon.a(cmd_nand.o)
                                0x8dc (size before relaxing)
 .rodata.str1.4
                0x33fb5238      0x204 common/libcommon.a(cmd_net.o)
                                0x254 (size before relaxing)
 .rodata.str1.4
                0x33fb543c      0x506 common/libcommon.a(cmd_nvedit.o)
                                0x578 (size before relaxing)
 *fill*         0x33fb5942        0x2 00
 .rodata.str1.4
                0x33fb5944       0x23 common/libcommon.a(cmd_reginfo.o)
                                 0x28 (size before relaxing)
 *fill*         0x33fb5967        0x1 00
 .rodata.str1.4
                0x33fb5968      0x10e common/libcommon.a(cmd_source.o)
                                0x118 (size before relaxing)
 *fill*         0x33fb5a76        0x2 00
 .rodata.str1.4
                0x33fb5a78      0x84a common/libcommon.a(cmd_usb.o)
                                0x980 (size before relaxing)
 *fill*         0x33fb62c2        0x2 00
 .rodata.str1.4
                0x33fb62c4       0xad common/libcommon.a(cmd_usbslave.o)
                                 0xc0 (size before relaxing)
 *fill*         0x33fb6371        0x3 00
 .rodata.str1.4
                0x33fb6374      0x119 common/libcommon.a(cmd_ximg.o)
                                0x1bc (size before relaxing)
 *fill*         0x33fb648d        0x3 00
 .rodata.str1.4
                0x33fb6490      0x2fd common/libcommon.a(command.o)
                                0x348 (size before relaxing)
 *fill*         0x33fb678d        0x3 00
 .rodata.str1.4
                0x33fb6790       0x7f common/libcommon.a(console.o)
                                 0x9c (size before relaxing)
 *fill*         0x33fb680f        0x1 00
 .rodata.str1.4
                0x33fb6810       0x33 common/libcommon.a(env_common.o)
                                 0x38 (size before relaxing)
 *fill*         0x33fb6843        0x1 00
 .rodata.str1.4
                0x33fb6844       0x75 common/libcommon.a(env_nand.o)
                                 0x80 (size before relaxing)
 *fill*         0x33fb68b9        0x3 00
 .rodata.str1.4
                0x33fb68bc      0x108 common/libcommon.a(flash.o)
                                0x120 (size before relaxing)
 .rodata.str1.4
                0x33fb69c4      0x26d common/libcommon.a(hush.o)
                                0x2b4 (size before relaxing)
 *fill*         0x33fb6c31        0x3 00
 .rodata.str1.4
                0x33fb6c34      0x4fc common/libcommon.a(image.o)
                                0x59c (size before relaxing)
 .rodata.str1.4
                0x33fb7130       0x78 common/libcommon.a(main.o)
                                 0xe4 (size before relaxing)
 .rodata.str1.4
                0x33fb71a8        0x8 common/libcommon.a(stdio.o)
                                 0x28 (size before relaxing)
 .rodata.str1.4
                0x33fb71b0      0x2a4 common/libcommon.a(usb.o)
 .rodata.str1.4
                0x33fb7454      0x20e common/libcommon.a(usb_storage.o)
                                0x218 (size before relaxing)
 *fill*         0x33fb7662        0x2 00
 .rodata.str1.4
                0x33fb7664       0xf1 common/libcommon.a(xyzModem.o)
                                 0xf8 (size before relaxing)
 *fill*         0x33fb7755        0x3 00
 .rodata.str1.4
                0x33fb7758      0x121 board/tekkamanninja/mini2440/libmini2440.a(flash.o)
                                0x128 (size before relaxing)
 *fill*         0x33fb7879        0x3 00
 .rodata.str1.4
                0x33fb787c       0x17 lib_generic/libgeneric.a(display_options.o)
                                 0x48 (size before relaxing)
 *fill*         0x33fb7893        0x1 00
 .rodata.str1.4
                0x33fb7894       0x8d lib_generic/libgeneric.a(gunzip.o)
                                 0x90 (size before relaxing)
 *fill*         0x33fb7921        0x3 00
 .rodata.str1.4
                0x33fb7924       0x34 lib_generic/libgeneric.a(lmb.o)
 .rodata.str1.4
                0x33fb7958        0xf lib_generic/libgeneric.a(vsprintf.o)
                                 0x10 (size before relaxing)
 *fill*         0x33fb7967        0x1 00
 .rodata.str1.4
                0x33fb7968      0x23f lib_generic/libgeneric.a(zlib.o)
                                0x244 (size before relaxing)
 *fill*         0x33fb7ba7        0x1 00
 .rodata.str1.4
                0x33fb7ba8      0x2a4 cpu/arm920t/s3c24x0/libs3c24x0.a(usb_ohci.o)
 .rodata.str1.4
                0x33fb7e4c      0x339 cpu/arm920t/s3c24x0/libs3c24x0.a(mmc.o)
                                0x348 (size before relaxing)
 *fill*         0x33fb8185        0x3 00
 .rodata.str1.4
                0x33fb8188       0x43 lib_arm/libarm.a(bootm.o)
                                 0x50 (size before relaxing)
 *fill*         0x33fb81cb        0x1 00
 .rodata.str1.4
                0x33fb81cc        0xf lib_arm/libarm.a(reset.o)
                                 0x10 (size before relaxing)
 *fill*         0x33fb81db        0x1 00
 .rodata.str1.4
                0x33fb81dc      0x17b fs/fat/libfat.a(fat.o)
                                0x194 (size before relaxing)
 *fill*         0x33fb8357        0x1 00
 .rodata.str1.4
                0x33fb8358      0x450 fs/jffs2/libjffs2.a(jffs2_1pass.o)
                                0x46c (size before relaxing)
 .rodata.str1.4
                0x33fb87a8      0x1dd disk/libdisk.a(part.o)
                                0x210 (size before relaxing)
 *fill*         0x33fb8985        0x3 00
 .rodata.str1.4
                0x33fb8988       0xf9 disk/libdisk.a(part_dos.o)
                                0x10c (size before relaxing)
 *fill*         0x33fb8a81        0x3 00
 .rodata.str1.4
                0x33fb8a84      0x2d8 drivers/mtd/nand/libnand.a(nand_util.o)
                                0x2dc (size before relaxing)
 .rodata.str1.4
                0x33fb8d5c      0x1ff drivers/net/libnet.a(dm9000x.o)
                                0x208 (size before relaxing)
 *fill*         0x33fb8f5b        0x1 00
 .rodata.str1.4
                0x33fb8f5c      0x10c drivers/video/libvideo.a(cfb_console.o)
                                0x17c (size before relaxing)
 .rodata.str1.4
                0x33fb9068       0x56 drivers/video/libvideo.a(s3c2410_fb.o)
                                 0x5c (size before relaxing)
 *fill*         0x33fb90be        0x2 00
 .rodata.str1.4
                0x33fb90c0       0x4f drivers/video/libvideo.a(videomodes.o)
                                 0x54 (size before relaxing)
 *fill*         0x33fb910f        0x1 00
 .rodata.str1.4
                0x33fb9110       0x1c /home/bamboo/work/ok2440/u-boot_for_ok2440/lib_arm/eabi_compat.o
 .rodata        0x33fb912c      0x200 lib_generic/libgeneric.a(crc16.o)
 .rodata        0x33fb932c      0x100 drivers/mtd/nand/libnand.a(nand_ecc.o)
 .rodata        0x33fb942c       0x46 drivers/usb/slave/libusb_slave.a(usbsetup.o)
 .rodata        0x33fb9472       0x13 fs/jffs2/libjffs2.a(mini_inflate.o)
                0x33fb9488                . = ALIGN (0x4)

.data           0x33fb9488     0x6308
 *(.data)
 .data          0x33fb9488        0x0 cpu/arm920t/start.o
 .data          0x33fb9488        0x0 board/tekkamanninja/mini2440/lowlevel_init.o
 .data          0x33fb9488        0x0 board/tekkamanninja/mini2440/nand_read.o
 .data          0x33fb9488       0x30 lib_arm/libarm.a(board.o)
                0x33fb9488                init_sequence
 .data          0x33fb94b8        0x0 lib_arm/libarm.a(interrupts.o)
 .data          0x33fb94b8        0x0 net/libnet.a(eth.o)
 .data          0x33fb94b8        0xa net/libnet.a(net.o)
                0x33fb94b8                NetBcastAddr
                0x33fb94c0                NetOurNativeVLAN
                0x33fb94be                NetOurVLAN
 *fill*         0x33fb94c2        0x2 00
 .data          0x33fb94c4        0x4 net/libnet.a(nfs.o)
 .data          0x33fb94c8        0x0 net/libnet.a(rarp.o)
 .data          0x33fb94c8       0x18 net/libnet.a(tftp.o)
                0x33fb94c8                TftpRRQTimeoutMSecs
                0x33fb94cc                TftpRRQTimeoutCountMax
 .data          0x33fb94e0        0x0 net/libnet.a(bootp.o)
 .data          0x33fb94e0        0x0 drivers/i2c/libi2c.a(s3c24x0_i2c.o)
 .data          0x33fb94e0        0x4 drivers/mtd/nand/libnand.a(nand.o)
                0x33fb94e0                nand_curr_device
 .data          0x33fb94e4      0x520 drivers/mtd/nand/libnand.a(nand_base.o)
 .data          0x33fb9a04      0x10c drivers/mtd/nand/libnand.a(nand_bbt.o)
 .data          0x33fb9b10        0x0 drivers/mtd/nand/libnand.a(nand_ecc.o)
 .data          0x33fb9b10      0x4a0 drivers/mtd/nand/libnand.a(nand_ids.o)
                0x33fb9f60                nand_manuf_ids
                0x33fb9b10                nand_flash_ids
 .data          0x33fb9fb0        0x4 drivers/mtd/nand/libnand.a(s3c2410_nand.o)
                0x33fb9fb0                IO_ADDR_W
 .data          0x33fb9fb4        0x0 drivers/serial/libserial.a(serial_s3c24x0.o)
 .data          0x33fb9fb4        0x0 drivers/usb/slave/libusb_slave.a(usbinit.o)
 .data          0x33fb9fb4        0x0 drivers/usb/slave/libusb_slave.a(interrupt.o)
 .data          0x33fb9fb4        0x0 drivers/usb/slave/libusb_slave.a(usblib.o)
 .data          0x33fb9fb4        0x0 drivers/usb/slave/libusb_slave.a(usbmain.o)
 .data          0x33fb9fb4        0x0 drivers/usb/slave/libusb_slave.a(usbout.o)
 .data          0x33fb9fb4        0x2 drivers/usb/slave/libusb_slave.a(usbsetup.o)
                0x33fb9fb4                Configuration
                0x33fb9fb5                Selfpwr
 .data          0x33fb9fb6        0x0 drivers/usb/slave/libusb_slave.a(usbin.o)
 .data          0x33fb9fb6        0x0 common/libcommon.a(cmd_bdinfo.o)
 .data          0x33fb9fb6        0x0 common/libcommon.a(cmd_bmp.o)
 .data          0x33fb9fb6        0x0 common/libcommon.a(cmd_boot.o)
 *fill*         0x33fb9fb6        0x2 00
 .data          0x33fb9fb8       0xac common/libcommon.a(cmd_bootm.o)
                0x33fb9fb8                load_addr
                0x33fb9fbc                cmd_bootm_sub
 .data          0x33fba064        0x0 common/libcommon.a(cmd_cache.o)
 .data          0x33fba064        0x0 common/libcommon.a(cmd_console.o)
 .data          0x33fba064       0x1c common/libcommon.a(cmd_date.o)
                0x33fba064                weekdays
 .data          0x33fba080        0x0 common/libcommon.a(cmd_eeprom.o)
 .data          0x33fba080        0x0 common/libcommon.a(cmd_elf.o)
 .data          0x33fba080        0x0 common/libcommon.a(cmd_fat.o)
 .data          0x33fba080        0x0 common/libcommon.a(cmd_flash.o)
 .data          0x33fba080        0x4 common/libcommon.a(cmd_i2c.o)
 .data          0x33fba084       0x68 common/libcommon.a(cmd_itest.o)
                0x33fba084                op_table
 .data          0x33fba0ec        0x0 common/libcommon.a(cmd_jffs2.o)
 .data          0x33fba0ec        0x4 common/libcommon.a(cmd_load.o)
 .data          0x33fba0f0        0x4 common/libcommon.a(cmd_mem.o)
                0x33fba0f0                dp_last_length
 .data          0x33fba0f4        0x0 common/libcommon.a(cmd_misc.o)
 .data          0x33fba0f4        0x4 common/libcommon.a(cmd_mmc.o)
 .data          0x33fba0f8        0x0 common/libcommon.a(cmd_nand.o)
 .data          0x33fba0f8        0x0 common/libcommon.a(cmd_net.o)
 .data          0x33fba0f8        0x4 common/libcommon.a(cmd_nvedit.o)
 .data          0x33fba0fc        0x0 common/libcommon.a(cmd_reginfo.o)
 .data          0x33fba0fc        0x0 common/libcommon.a(cmd_source.o)
 .data          0x33fba0fc        0x4 common/libcommon.a(cmd_usb.o)
 .data          0x33fba100        0x4 common/libcommon.a(cmd_usbslave.o)
                0x33fba100                g_bUSBWait
 .data          0x33fba104        0x0 common/libcommon.a(cmd_ximg.o)
 .data          0x33fba104        0x0 common/libcommon.a(command.o)
 .data          0x33fba104        0x0 common/libcommon.a(console.o)
 .data          0x33fba104      0x414 common/libcommon.a(dlmalloc.o)
 .data          0x33fba518      0x1d4 common/libcommon.a(env_common.o)
                0x33fba518                default_environment
 .data          0x33fba6ec        0x4 common/libcommon.a(env_nand.o)
                0x33fba6ec                env_name_spec
 .data          0x33fba6f0        0x0 common/libcommon.a(exports.o)
 .data          0x33fba6f0        0x0 common/libcommon.a(flash.o)
 .data          0x33fba6f0       0x84 common/libcommon.a(hush.o)
 .data          0x33fba774      0x210 common/libcommon.a(image.o)
 .data          0x33fba984       0x14 common/libcommon.a(main.o)
 .data          0x33fba998        0x0 common/libcommon.a(s_record.o)
 .data          0x33fba998        0xc common/libcommon.a(stdio.o)
                0x33fba998                stdio_names
 .data          0x33fba9a4        0x0 common/libcommon.a(usb.o)
 .data          0x33fba9a4       0x20 common/libcommon.a(usb_storage.o)
                0x33fba9a4                us_direction
 .data          0x33fba9c4        0x0 common/libcommon.a(xyzModem.o)
 .data          0x33fba9c4        0x0 board/tekkamanninja/mini2440/libmini2440.a(mini2440.o)
 .data          0x33fba9c4        0x0 board/tekkamanninja/mini2440/libmini2440.a(flash.o)
 .data          0x33fba9c4        0x0 lib_generic/libgeneric.a(crc16.o)
 .data          0x33fba9c4        0x0 lib_generic/libgeneric.a(crc32.o)
 .data          0x33fba9c4      0x100 lib_generic/libgeneric.a(ctype.o)
                0x33fba9c4                _ctype
 .data          0x33fbaac4        0x0 lib_generic/libgeneric.a(display_options.o)
 .data          0x33fbaac4        0x0 lib_generic/libgeneric.a(gunzip.o)
 .data          0x33fbaac4        0x0 lib_generic/libgeneric.a(lmb.o)
 .data          0x33fbaac4        0x0 lib_generic/libgeneric.a(string.o)
 .data          0x33fbaac4        0x0 lib_generic/libgeneric.a(vsprintf.o)
 .data          0x33fbaac4        0x0 lib_generic/libgeneric.a(zlib.o)
 .data          0x33fbaac4        0x0 lib_generic/libgeneric.a(div64.o)
 .data          0x33fbaac4        0x0 cpu/arm920t/s3c24x0/libs3c24x0.a(interrupts.o)
 .data          0x33fbaac4        0x0 cpu/arm920t/s3c24x0/libs3c24x0.a(speed.o)
 .data          0x33fbaac4        0x0 cpu/arm920t/s3c24x0/libs3c24x0.a(timer.o)
 .data          0x33fbaac4       0x4b cpu/arm920t/s3c24x0/libs3c24x0.a(usb_ohci.o)
 *fill*         0x33fbab0f        0x1 00
 .data          0x33fbab10        0x2 cpu/arm920t/s3c24x0/libs3c24x0.a(mmc.o)
 .data          0x33fbab12        0x0 lib_arm/libarm.a(bootm.o)
 .data          0x33fbab12        0x0 lib_arm/libarm.a(cache.o)
 .data          0x33fbab12        0x0 lib_arm/libarm.a(cache-cp15.o)
 .data          0x33fbab12        0x0 lib_arm/libarm.a(reset.o)
 *fill*         0x33fbab12        0x2 00
 .data          0x33fbab14        0x4 fs/fat/libfat.a(fat.o)
 .data          0x33fbab18        0x4 fs/jffs2/libjffs2.a(jffs2_1pass.o)
 .data          0x33fbab1c        0x0 fs/jffs2/libjffs2.a(compr_rtime.o)
 .data          0x33fbab1c        0x0 fs/jffs2/libjffs2.a(compr_rubin.o)
 .data          0x33fbab1c        0x0 fs/jffs2/libjffs2.a(compr_zlib.o)
 .data          0x33fbab1c        0x0 fs/jffs2/libjffs2.a(mini_inflate.o)
 .data          0x33fbab1c        0x0 disk/libdisk.a(part.o)
 .data          0x33fbab1c        0x0 disk/libdisk.a(part_dos.o)
 .data          0x33fbab1c        0x0 drivers/mtd/nand/libnand.a(nand_util.o)
 .data          0x33fbab1c        0x0 drivers/net/libnet.a(dm9000x.o)
 .data          0x33fbab1c       0x30 drivers/rtc/librtc.a(date.o)
 .data          0x33fbab4c        0x0 drivers/rtc/librtc.a(s3c24x0_rtc.o)
 .data          0x33fbab4c     0x4c44 drivers/video/libvideo.a(cfb_console.o)
                0x33fbab8a                bmp_logo_bitmap
                0x33fbab4c                bmp_logo_palette
 .data          0x33fbf790        0x0 drivers/video/libvideo.a(s3c2410_fb.o)
 .data          0x33fbf790        0x0 drivers/video/libvideo.a(videomodes.o)
 .data          0x33fbf790        0x0 cpu/arm920t/libarm920t.a(cpu.o)
 .data          0x33fbf790        0x0 /home/bamboo/work/ok2440/u-boot_for_ok2440/lib_arm/eabi_compat.o
 .data          0x33fbf790        0x0 /home/bamboo/work/ok2440/cross_tools/4.1.2/bin/../lib/gcc/arm-angstrom-linux-gnueabi/4.1.2/libgcc.a(_udivsi3.o)
 .data          0x33fbf790        0x0 /home/bamboo/work/ok2440/cross_tools/4.1.2/bin/../lib/gcc/arm-angstrom-linux-gnueabi/4.1.2/libgcc.a(_divsi3.o)
 .data          0x33fbf790        0x0 /home/bamboo/work/ok2440/cross_tools/4.1.2/bin/../lib/gcc/arm-angstrom-linux-gnueabi/4.1.2/libgcc.a(_lshrdi3.o)
 .data          0x33fbf790        0x0 /home/bamboo/work/ok2440/cross_tools/4.1.2/bin/../lib/gcc/arm-angstrom-linux-gnueabi/4.1.2/libgcc.a(_ashrdi3.o)
 .data          0x33fbf790        0x0 /home/bamboo/work/ok2440/cross_tools/4.1.2/bin/../lib/gcc/arm-angstrom-linux-gnueabi/4.1.2/libgcc.a(_ashldi3.o)
 .data          0x33fbf790        0x0 /home/bamboo/work/ok2440/cross_tools/4.1.2/bin/../lib/gcc/arm-angstrom-linux-gnueabi/4.1.2/libgcc.a(_dvmd_lnx.o)
                0x33fbf790                . = ALIGN (0x4)

.got
 *(.got)
                0x33fbf790                . = .
                0x33fbf790                __u_boot_cmd_start = .

.u_boot_cmd     0x33fbf790      0x7c4
 *(.u_boot_cmd)
 .u_boot_cmd    0x33fbf790       0x1c common/libcommon.a(cmd_bdinfo.o)
                0x33fbf790                __u_boot_cmd_bdinfo
 .u_boot_cmd    0x33fbf7ac       0x1c common/libcommon.a(cmd_bmp.o)
                0x33fbf7ac                __u_boot_cmd_bmp
 .u_boot_cmd    0x33fbf7c8       0x38 common/libcommon.a(cmd_boot.o)
                0x33fbf7e4                __u_boot_cmd_reset
                0x33fbf7c8                __u_boot_cmd_go
 .u_boot_cmd    0x33fbf800       0x8c common/libcommon.a(cmd_bootm.o)
                0x33fbf800                __u_boot_cmd_bootm
                0x33fbf854                __u_boot_cmd_iminfo
                0x33fbf838                __u_boot_cmd_bootd
                0x33fbf81c                __u_boot_cmd_boot
                0x33fbf870                __u_boot_cmd_imls
 .u_boot_cmd    0x33fbf88c       0x38 common/libcommon.a(cmd_cache.o)
                0x33fbf8a8                __u_boot_cmd_dcache
                0x33fbf88c                __u_boot_cmd_icache
 .u_boot_cmd    0x33fbf8c4       0x1c common/libcommon.a(cmd_console.o)
                0x33fbf8c4                __u_boot_cmd_coninfo
 .u_boot_cmd    0x33fbf8e0       0x1c common/libcommon.a(cmd_date.o)
                0x33fbf8e0                __u_boot_cmd_date
 .u_boot_cmd    0x33fbf8fc       0x1c common/libcommon.a(cmd_eeprom.o)
                0x33fbf8fc                __u_boot_cmd_eeprom
 .u_boot_cmd    0x33fbf918       0x38 common/libcommon.a(cmd_elf.o)
                0x33fbf934                __u_boot_cmd_bootvx
                0x33fbf918                __u_boot_cmd_bootelf
 .u_boot_cmd    0x33fbf950       0x54 common/libcommon.a(cmd_fat.o)
                0x33fbf988                __u_boot_cmd_fatinfo
                0x33fbf950                __u_boot_cmd_fatload
                0x33fbf96c                __u_boot_cmd_fatls
 .u_boot_cmd    0x33fbf9a4       0x54 common/libcommon.a(cmd_flash.o)
                0x33fbf9a4                __u_boot_cmd_flinfo
                0x33fbf9c0                __u_boot_cmd_erase
                0x33fbf9dc                __u_boot_cmd_protect
 .u_boot_cmd    0x33fbf9f8       0x1c common/libcommon.a(cmd_i2c.o)
                0x33fbf9f8                __u_boot_cmd_i2c
 .u_boot_cmd    0x33fbfa14       0x1c common/libcommon.a(cmd_itest.o)
                0x33fbfa14                __u_boot_cmd_itest
 .u_boot_cmd    0x33fbfa30       0x54 common/libcommon.a(cmd_jffs2.o)
                0x33fbfa68                __u_boot_cmd_fsinfo
                0x33fbfa30                __u_boot_cmd_fsload
                0x33fbfa4c                __u_boot_cmd_ls
 .u_boot_cmd    0x33fbfa84       0x70 common/libcommon.a(cmd_load.o)
                0x33fbfad8                __u_boot_cmd_loady
                0x33fbfaa0                __u_boot_cmd_loadb
                0x33fbfa84                __u_boot_cmd_loads
                0x33fbfabc                __u_boot_cmd_loadx
 .u_boot_cmd    0x33fbfaf4      0x134 common/libcommon.a(cmd_mem.o)
                0x33fbfaf4                __u_boot_cmd_md
                0x33fbfb80                __u_boot_cmd_cmp
                0x33fbfb48                __u_boot_cmd_mw
                0x33fbfbd4                __u_boot_cmd_loop
                0x33fbfbb8                __u_boot_cmd_base
                0x33fbfb10                __u_boot_cmd_mm
                0x33fbfb9c                __u_boot_cmd_crc32
                0x33fbfb2c                __u_boot_cmd_nm
                0x33fbfc0c                __u_boot_cmd_unzip
                0x33fbfbf0                __u_boot_cmd_mtest
                0x33fbfb64                __u_boot_cmd_cp
 .u_boot_cmd    0x33fbfc28       0x1c common/libcommon.a(cmd_misc.o)
                0x33fbfc28                __u_boot_cmd_sleep
 .u_boot_cmd    0x33fbfc44       0x1c common/libcommon.a(cmd_mmc.o)
                0x33fbfc44                __u_boot_cmd_mmc
 .u_boot_cmd    0x33fbfc60       0x38 common/libcommon.a(cmd_nand.o)
                0x33fbfc60                __u_boot_cmd_nand
                0x33fbfc7c                __u_boot_cmd_nboot
 .u_boot_cmd    0x33fbfc98       0xa8 common/libcommon.a(cmd_net.o)
                0x33fbfd08                __u_boot_cmd_nfs
                0x33fbfd24                __u_boot_cmd_ping
                0x33fbfcd0                __u_boot_cmd_rarpboot
                0x33fbfcb4                __u_boot_cmd_tftpboot
                0x33fbfc98                __u_boot_cmd_bootp
                0x33fbfcec                __u_boot_cmd_dhcp
 .u_boot_cmd    0x33fbfd40       0xa8 common/libcommon.a(cmd_nvedit.o)
                0x33fbfd5c                __u_boot_cmd_editenv
                0x33fbfdcc                __u_boot_cmd_run
                0x33fbfd40                __u_boot_cmd_saveenv
                0x33fbfdb0                __u_boot_cmd_askenv
                0x33fbfd78                __u_boot_cmd_printenv
                0x33fbfd94                __u_boot_cmd_setenv
 .u_boot_cmd    0x33fbfde8       0x1c common/libcommon.a(cmd_reginfo.o)
                0x33fbfde8                __u_boot_cmd_reginfo
 .u_boot_cmd    0x33fbfe04       0x1c common/libcommon.a(cmd_source.o)
                0x33fbfe04                __u_boot_cmd_source
 .u_boot_cmd    0x33fbfe20       0x38 common/libcommon.a(cmd_usb.o)
                0x33fbfe20                __u_boot_cmd_usb
                0x33fbfe3c                __u_boot_cmd_usbboot
 .u_boot_cmd    0x33fbfe58       0x1c common/libcommon.a(cmd_usbslave.o)
                0x33fbfe58                __u_boot_cmd_usbslave
 .u_boot_cmd    0x33fbfe74       0x1c common/libcommon.a(cmd_ximg.o)
                0x33fbfe74                __u_boot_cmd_imxtract
 .u_boot_cmd    0x33fbfe90       0xa8 common/libcommon.a(command.o)
                0x33fbfee4                __u_boot_cmd_exit
                0x33fbfeac                __u_boot_cmd_echo
                0x33fbff1c                __u_boot_cmd_question_mark
                0x33fbfe90                __u_boot_cmd_version
                0x33fbff00                __u_boot_cmd_help
                0x33fbfec8                __u_boot_cmd_test
 .u_boot_cmd    0x33fbff38       0x1c common/libcommon.a(hush.o)
                0x33fbff38                __u_boot_cmd_showvar
                0x33fbff54                __u_boot_cmd_end = .
                0x33fbff54                . = ALIGN (0x4)
                0x33fbff54                __bss_start = .

.bss            0x33fc0000    0x45f4c
 *(.bss)
 .bss           0x33fc0000        0x0 cpu/arm920t/start.o
 .bss           0x33fc0000        0x0 board/tekkamanninja/mini2440/lowlevel_init.o
 .bss           0x33fc0000        0x0 board/tekkamanninja/mini2440/nand_read.o
 .bss           0x33fc0000        0x4 lib_arm/libarm.a(board.o)
                0x33fc0000                monitor_flash_len
 .bss           0x33fc0004        0x0 lib_arm/libarm.a(interrupts.o)
 .bss           0x33fc0004       0x14 net/libnet.a(eth.o)
 .bss           0x33fc0018     0x25e4 net/libnet.a(net.o)
                0x33fc25cc                NetArpWaitTry
                0x33fc1f9c                NetArpWaitPacketMAC
                0x33fc00c0                NetOurEther
                0x33fc00c8                NetOurIP
                0x33fc0170                NetPingIP
                0x33fc00cc                NetServerIP
                0x33fc1fa4                NetArpWaitTxPacketSize
                0x33fc1f98                NetArpWaitReplyIP
                0x33fc00d0                NetRxPackets
                0x33fc1fa0                NetArpWaitTxPacket
                0x33fc0024                NetOurNISDomain
                0x33fc1f94                NetArpWaitPacketIP
                0x33fc00ec                NetState
                0x33fc00f0                BootFile
                0x33fc00a6                NetServerEther
                0x33fc0018                NetOurSubnetMask
                0x33fc00a4                NetBootFileSize
                0x33fc00e8                NetIPID
                0x33fc00e0                NetRxPacket
                0x33fc0044                NetOurHostName
                0x33fc001c                NetOurGatewayIP
                0x33fc00ac                NetEtherNullAddr
                0x33fc00b4                NetRestartWrap
                0x33fc1fa8                NetArpWaitPacketBuf
                0x33fc00b8                NetTxPacket
                0x33fc00bc                NetBootFileXferSize
                0x33fc0020                NetOurDNSIP
                0x33fc00e4                NetRxPacketLen
                0x33fc0174                PktBuf
                0x33fc0064                NetOurRootPath
                0x33fc25c8                NetArpWaitTimerStart
 .bss           0x33fc25fc      0x8b0 net/libnet.a(nfs.o)
 .bss           0x33fc2eac        0x4 net/libnet.a(rarp.o)
                0x33fc2eac                RarpTry
 .bss           0x33fc2eb0       0xb4 net/libnet.a(tftp.o)
 .bss           0x33fc2f64       0x14 net/libnet.a(bootp.o)
                0x33fc2f6c                NetDHCPServerIP
                0x33fc2f64                dhcp_state
                0x33fc2f74                BootpTry
                0x33fc2f70                BootpID
                0x33fc2f68                dhcp_leasetime
 .bss           0x33fc2f78        0x0 drivers/i2c/libi2c.a(s3c24x0_i2c.o)
 .bss           0x33fc2f78      0x1c8 drivers/mtd/nand/libnand.a(nand.o)
                0x33fc2f78                nand_info
 .bss           0x33fc3140        0x0 drivers/mtd/nand/libnand.a(nand_base.o)
 .bss           0x33fc3140        0x0 drivers/mtd/nand/libnand.a(nand_bbt.o)
 .bss           0x33fc3140        0x0 drivers/mtd/nand/libnand.a(nand_ecc.o)
 .bss           0x33fc3140        0x0 drivers/mtd/nand/libnand.a(nand_ids.o)
 .bss           0x33fc3140        0x0 drivers/mtd/nand/libnand.a(s3c2410_nand.o)
 .bss           0x33fc3140        0x0 drivers/serial/libserial.a(serial_s3c24x0.o)
 .bss           0x33fc3140       0x4c drivers/usb/slave/libusb_slave.a(usbinit.o)
                0x33fc3178                dwWillDMACnt
                0x33fc316c                tempDownloadAddress
                0x33fc314c                menuUsed
                0x33fc3164                totalDmaCount
                0x33fc3150                downloadAddress
                0x33fc3148                download_run
                0x33fc315c                downloadFileSize
                0x33fc3174                dwUSBBufWritePtr
                0x33fc3144                err
                0x33fc3184                dwUSBBufSize
                0x33fc3188                consoleNum
                0x33fc3154                run
                0x33fc3160                checkSum
                0x33fc3140                restart
                0x33fc317c                bDMAPending
                0x33fc3170                dwUSBBufReadPtr
                0x33fc3168                isUsbdSetConfiguration