Archive member included because of file (symbol)

lib_arm/libarm.a(board.o)     cpu/arm920t/start.o (start_armboot)
lib_arm/libarm.a(interrupts.o)
                              lib_arm/libarm.a(board.o) (enable_interrupts)
net/libnet.a(eth.o)           lib_arm/libarm.a(board.o) (eth_initialize)
net/libnet.a(net.o)           lib_arm/libarm.a(board.o) (copy_filename)
net/libnet.a(nfs.o)           net/libnet.a(net.o) (NfsStart)
net/libnet.a(rarp.o)          net/libnet.a(net.o) (RarpRequest)
net/libnet.a(tftp.o)          net/libnet.a(net.o) (TftpStart)
net/libnet.a(bootp.o)         net/libnet.a(net.o) (BootpRequest)
drivers/i2c/libi2c.a(s3c24x0_i2c.o)
                              lib_arm/libarm.a(board.o) (i2c_init)
drivers/mtd/nand/libnand.a(nand.o)
                              lib_arm/libarm.a(board.o) (nand_init)
drivers/mtd/nand/libnand.a(nand_base.o)
                              drivers/mtd/nand/libnand.a(nand.o) (nand_scan)
drivers/mtd/nand/libnand.a(nand_bbt.o)
                              drivers/mtd/nand/libnand.a(nand_base.o) (nand_isbad_bbt)
drivers/mtd/nand/libnand.a(nand_ecc.o)
                              drivers/mtd/nand/libnand.a(nand_base.o) (nand_calculate_ecc)
drivers/mtd/nand/libnand.a(nand_ids.o)
                              drivers/mtd/nand/libnand.a(nand_base.o) (nand_flash_ids)
drivers/mtd/nand/libnand.a(s3c2410_nand.o)
                              drivers/mtd/nand/libnand.a(nand.o) (board_nand_init)
drivers/serial/libserial.a(serial_s3c24x0.o)
                              lib_arm/libarm.a(board.o) (serial_init)
drivers/usb/slave/libusb_slave.a(usbinit.o)
                              lib_arm/libarm.a(board.o) (usb_init_slave)
drivers/usb/slave/libusb_slave.a(interrupt.o)
                              drivers/usb/slave/libusb_slave.a(usbinit.o) (Timer_InitEx)
drivers/usb/slave/libusb_slave.a(usblib.o)
                              drivers/usb/slave/libusb_slave.a(usbinit.o) (ConfigEp3DmaMode)
drivers/usb/slave/libusb_slave.a(usbmain.o)
                              drivers/usb/slave/libusb_slave.a(interrupt.o) (IsrUsbd)
drivers/usb/slave/libusb_slave.a(usbout.o)
                              drivers/usb/slave/libusb_slave.a(usbinit.o) (ClearEp3OutPktReady)
drivers/usb/slave/libusb_slave.a(usbsetup.o)
                              drivers/usb/slave/libusb_slave.a(usbmain.o) (InitDescriptorTable)
drivers/usb/slave/libusb_slave.a(usbin.o)
                              drivers/usb/slave/libusb_slave.a(usbmain.o) (PrepareEp1Fifo)
common/libcommon.a(cmd_bdinfo.o)
                              (__u_boot_cmd_bdinfo)
common/libcommon.a(cmd_bmp.o)
                              (__u_boot_cmd_bmp)
common/libcommon.a(cmd_boot.o)
                              (__u_boot_cmd_go)
common/libcommon.a(cmd_bootm.o)
                              lib_arm/libarm.a(board.o) (load_addr)
common/libcommon.a(cmd_cache.o)
                              (__u_boot_cmd_icache)
common/libcommon.a(cmd_console.o)
                              (__u_boot_cmd_coninfo)
common/libcommon.a(cmd_date.o)
                              (__u_boot_cmd_date)
common/libcommon.a(cmd_eeprom.o)
                              (__u_boot_cmd_eeprom)
common/libcommon.a(cmd_elf.o)
                              common/libcommon.a(cmd_bootm.o) (do_bootvx)
common/libcommon.a(cmd_fat.o)
                              (__u_boot_cmd_fatload)
common/libcommon.a(cmd_flash.o)
                              (__u_boot_cmd_flinfo)
common/libcommon.a(cmd_i2c.o)
                              (__u_boot_cmd_i2c)
common/libcommon.a(cmd_itest.o)
                              (__u_boot_cmd_itest)
common/libcommon.a(cmd_jffs2.o)
                              (__u_boot_cmd_fsload)
common/libcommon.a(cmd_load.o)
                              (__u_boot_cmd_loads)
common/libcommon.a(cmd_mem.o)
                              (__u_boot_cmd_md)
common/libcommon.a(cmd_misc.o)
                              (__u_boot_cmd_sleep)
common/libcommon.a(cmd_mmc.o)
                              (__u_boot_cmd_mmc)
common/libcommon.a(cmd_nand.o)
                              (__u_boot_cmd_nand)
common/libcommon.a(cmd_net.o)
                              (__u_boot_cmd_bootp)
common/libcommon.a(cmd_nvedit.o)
                              net/libnet.a(eth.o) (get_env_id)
common/libcommon.a(cmd_reginfo.o)
                              (__u_boot_cmd_reginfo)
common/libcommon.a(cmd_source.o)
                              (__u_boot_cmd_source)
common/libcommon.a(cmd_usb.o)
                              (__u_boot_cmd_usb)
common/libcommon.a(cmd_usbslave.o)
                              (__u_boot_cmd_usbslave)
common/libcommon.a(cmd_ximg.o)
                              (__u_boot_cmd_imxtract)
common/libcommon.a(command.o)
                              common/libcommon.a(cmd_i2c.o) (cmd_get_data_size)
common/libcommon.a(console.o)
                              lib_arm/libarm.a(board.o) (printf)
common/libcommon.a(dlmalloc.o)
[...]
Memory Configuration

Name             Origin             Length             Attributes
*default*        0x00000000         0xffffffff

Linker script and memory map

                0x00000000                . = 0x0
                0x00000000                . = ALIGN (0x4)

.text           0x33f80000    0x2dde0
 cpu/arm920t/start.o(.text)
 .text          0x33f80000      0x4e0 cpu/arm920t/start.o
                0x33f80050                IRQ_STACK_START
                0x33f80048                _bss_start
                0x33f8004c                _bss_end
                0x33f80044                _armboot_start
                0x33f80000                _start
                0x33f80054                FIQ_STACK_START
 board/tekkamanninja/mini2440/lowlevel_init.o(.text)
 .text          0x33f804e0       0x70 board/tekkamanninja/mini2440/lowlevel_init.o
                0x33f804e4                lowlevel_init
 board/tekkamanninja/mini2440/nand_read.o(.text)
 .text          0x33f80550      0x304 board/tekkamanninja/mini2440/nand_read.o
                0x33f8062c                nand_read_ll
 *(.text)
 .text          0x33f80854      0x2c8 lib_arm/libarm.a(board.o)
                0x33f80854                hang
                0x33f8096c                start_armboot
 .text          0x33f80b1c      0x294 lib_arm/libarm.a(interrupts.o)
                0x33f80ca4                do_fiq
                0x33f80d7c                interrupt_init
                0x33f80d58                do_undefined_instruction
                0x33f80b48                show_regs
                0x33f80c88                bad_mode
                0x33f80d10                do_prefetch_abort
                0x33f80b2c                disable_interrupts
                0x33f80cc8                do_not_used
                0x33f80cec                do_data_abort
                0x33f80d34                do_software_interrupt
                0x33f80b1c                enable_interrupts
 .text          0x33f80db0      0x750 net/libnet.a(eth.o)
                0x33f80f08                eth_get_dev_by_name
                0x33f80e54                eth_halt
                0x33f80db0                cpu_eth_init
                0x33f810b0                eth_register
                0x33f811d0                eth_getenv_enetaddr
                0x33f80db8                eth_get_dev
                0x33f81174                eth_parse_enetaddr
                0x33f81000                eth_try_another
                0x33f81228                eth_getenv_enetaddr_by_index
                0x33f81330                eth_initialize
                0x33f80f5c                eth_set_current
                0x33f80ebc                eth_rx
                0x33f80e08                eth_get_dev_index
                0x33f81274                eth_init
                0x33f8113c                eth_setenv_enetaddr
                0x33f80ee8                eth_get_name
                0x33f80dc8                eth_get_dev_by_index
                0x33f80e88                eth_send
 .text          0x33f81500     0x13cc net/libnet.a(net.o)
                0x33f816e0                getenv_IPaddr
                0x33f815a4                NetCksumOk
                0x33f817e8                NetSetTimeout
                0x33f815c8                copy_filename
                0x33f816f0                NetEthHdrSize
                0x33f8178c                ip_to_string
                0x33f82424                ArpTimeoutCheck
                0x33f81a30                NetReceive
                0x33f8167c                string_to_ip
                0x33f821c4                NetSendUDPPacket
                0x33f81918                NetSetEther
                0x33f82498                NetLoop
                0x33f81f9c                ArpRequest
                0x33f817cc                random_port
                0x33f81734                VLAN_to_string
                0x33f8166c                getenv_VLAN
                0x33f8155c                NetCksum
                0x33f81820                NetSetIP
                0x33f81620                string_to_VLAN
                0x33f8231c                NetStartAgain
                0x33f8154c                NetSetHandler
                0x33f82088                PingSend
                0x33f81a2c                NetSendPacket
 .text          0x33f828cc      0xe98 net/libnet.a(nfs.o)
                0x33f830d0                NfsStart
 .text          0x33f83764      0x1ac net/libnet.a(rarp.o)
                0x33f83764                RarpRequest
 .text          0x33f83910      0x740 net/libnet.a(tftp.o)
                0x33f83aa8                TftpStart
 .text          0x33f84050      0x9e8 net/libnet.a(bootp.o)
                0x33f84694                DhcpRequest
                0x33f844cc                BootpRequest
 .text          0x33f84a38      0x678 drivers/i2c/libi2c.a(s3c24x0_i2c.o)
                0x33f84dc4                i2c_write
                0x33f84f1c                i2c_probe
                0x33f84e6c                i2c_read
                0x33f84f58                i2c_init
 .text          0x33f850b0       0xb8 drivers/mtd/nand/libnand.a(nand.o)
                0x33f850b0                nand_init
 .text          0x33f85168     0x3a74 drivers/mtd/nand/libnand.a(nand_base.o)
                0x33f87fdc                nand_wait_ready
                0x33f8647c                nand_scan_ident
                0x33f86f4c                nand_scan
                0x33f87b84                nand_erase_nand
                0x33f869ec                nand_scan_tail
                0x33f86434                nand_release
 .text          0x33f88bdc     0x17a8 drivers/mtd/nand/libnand.a(nand_bbt.o)
                0x33f88ce0                nand_isbad_bbt
                0x33f8a2c0                nand_default_bbt
                0x33f89b88                nand_update_bbt
                0x33f89e58                nand_scan_bbt
 .text          0x33f8a384      0x224 drivers/mtd/nand/libnand.a(nand_ecc.o)
                0x33f8a47c                nand_correct_data
                0x33f8a384                nand_calculate_ecc
 .text          0x33f8a5a8        0x0 drivers/mtd/nand/libnand.a(nand_ids.o)
 .text          0x33f8a5a8       0xf0 drivers/mtd/nand/libnand.a(s3c2410_nand.o)
                0x33f8a62c                board_nand_init
 .text          0x33f8a698      0x130 drivers/serial/libserial.a(serial_s3c24x0.o)
                0x33f8a758                _serial_setbrg
                0x33f8a7c0                serial_setbrg
                0x33f8a704                _serial_tstc
                0x33f8a718                serial_tstc
                0x33f8a6c8                serial_putc
                0x33f8a720                _serial_puts
                0x33f8a780                serial_init
                0x33f8a750                serial_puts
                0x33f8a6a4                _serial_getc
                0x33f8a6c0                serial_getc
                0x33f8a6d0                _serial_putc
 .text          0x33f8a7c8      0x37c drivers/usb/slave/libusb_slave.a(usbinit.o)
                0x33f8a7dc                HaltDabort
                0x33f8a804                HaltSwi
                0x33f8a818                HaltUndef
                0x33f8a890                awaitkey
                0x33f8a7c8                udc_disconnect
                0x33f8a82c                usb_init_slave
                0x33f8a7f0                HaltPabort
                0x33f8a900                usb_receive
 .text          0x33f8ab44      0x26c drivers/usb/slave/libusb_slave.a(interrupt.o)
                0x33f8acc0                Dummy_isr
                0x33f8ab44                ClearPending_my
                0x33f8abe8                Isr_Init
                0x33f8ab98                IsrWatchdog
                0x33f8ab54                Timer_InitEx
                0x33f8ace0                Timer_StopEx
                0x33f8ad54                Timer_StartEx
                0x33f8ac74                IRQ_Handle
                0x33f8abc8                IsrTimer4
 .text          0x33f8adb0      0x2ac drivers/usb/slave/libusb_slave.a(usblib.o)
                0x33f8aea4                RdPktEp0
                0x33f8af44                RdPktEp3
                0x33f8af94                ConfigEp3DmaMode
                0x33f8ae88                ConfigUsbd
                0x33f8af1c                WrPktEp2
                0x33f8b020                ConfigEp3IntMode
                0x33f8af6c                RdPktEp4
                0x33f8aecc                WrPktEp0
                0x33f8aef4                WrPktEp1
                0x33f8adb0                ReconfigUsbd
 .text          0x33f8b05c      0x11c drivers/usb/slave/libusb_slave.a(usbmain.o)
                0x33f8b08c                DbgPrintf
                0x33f8b164                UsbdMain
                0x33f8b05c                _WrDbgStrFifo
                0x33f8b098                IsrUsbd
 .text          0x33f8b178      0x39c drivers/usb/slave/libusb_slave.a(usbout.o)
                0x33f8b374                Ep3Handler
                0x33f8b1cc                ClearEp3OutPktReady
                0x33f8b1ec                IsrDma2
 .text          0x33f8b514      0xbf0 drivers/usb/slave/libusb_slave.a(usbsetup.o)
                0x33f8b638                PrintEp0Pkt
                0x33f8b514                InitDescriptorTable
                0x33f8b67c                Ep0Handler
 .text          0x33f8c104       0xa0 drivers/usb/slave/libusb_slave.a(usbin.o)
                0x33f8c104                PrepareEp1Fifo
                0x33f8c168                Ep1Handler
 .text          0x33f8c1a4       0xec common/libcommon.a(cmd_bdinfo.o)
                0x33f8c1b8                do_bdinfo
 .text          0x33f8c290      0x2d0 common/libcommon.a(cmd_bmp.o)
                0x33f8c290                gunzip_bmp
                0x33f8c334                do_bmp
 .text          0x33f8c560       0x94 common/libcommon.a(cmd_boot.o)
                0x33f8c57c                do_go
                0x33f8c560                do_go_exec
 .text          0x33f8c5f4      0xe08 common/libcommon.a(cmd_bootm.o)
                0x33f8c620                arch_lmb_reserve
                0x33f8c838                do_bootd
                0x33f8c620                __arch_lmb_reserve
                0x33f8c624                arch_preboot_os
                0x33f8d168                do_bootm
                0x33f8cf8c                do_bootm_subcommand
                0x33f8c61c                board_lmb_reserve
                0x33f8c61c                __board_lmb_reserve
                0x33f8c624                __arch_preboot_os
                0x33f8c7cc                do_iminfo
 .text          0x33f8d3fc      0x12c common/libcommon.a(cmd_cache.o)
                0x33f8d438                do_dcache
                0x33f8d4b0                do_icache
 .text          0x33f8d528       0xe4 common/libcommon.a(cmd_console.o)
                0x33f8d528                do_coninfo
 .text          0x33f8d60c      0x338 common/libcommon.a(cmd_date.o)
                0x33f8d820                do_date
                0x33f8d650                mk_date
 .text          0x33f8d944      0x21c common/libcommon.a(cmd_eeprom.o)
                0x33f8da4c                do_eeprom
                0x33f8d960                eeprom_write
                0x33f8d9d8                eeprom_read
                0x33f8d944                eeprom_init
                0x33f8d954                eeprom_probe
 .text          0x33f8db60      0x470 common/libcommon.a(cmd_elf.o)
                0x33f8df38                do_bootelf
                0x33f8dc6c                do_bootvx
                0x33f8dbf8                valid_elf_image
                0x33f8def8                do_bootelf_exec
                0x33f8db60                load_elf_image
 .text          0x33f8dfd0      0x35c common/libcommon.a(cmd_fat.o)
                0x33f8e1ac                do_fat_fsload
                0x33f8dfd0                do_fat_fsinfo
                0x33f8e0a8                do_fat_ls
 .text          0x33f8e32c      0xb08 common/libcommon.a(cmd_flash.o)
                0x33f8edb8                do_flinfo
                0x33f8eb54                flash_sect_erase
                0x33f8e8a8                do_protect
                0x33f8ec34                do_flerase
                0x33f8e5a0                flash_sect_protect
                0x33f8e32c                flash_sect_roundb
 .text          0x33f8ee34      0xa98 common/libcommon.a(cmd_i2c.o)
                0x33f8f6bc                do_i2c
                0x33f8ee54                __def_i2c_get_bus_speed
                0x33f8ee60                __def_i2c_set_bus_speed
                0x33f8f570                do_i2c_crc
                0x33f8f220                do_i2c_mw
                0x33f8ee60                i2c_set_bus_speed
                0x33f8f344                do_i2c_probe
                0x33f8ee78                do_i2c_bus_speed
                0x33f8f390                do_i2c_md
                0x33f8ee54                i2c_get_bus_speed
                0x33f8f114                do_i2c_loop
 .text          0x33f8f8cc      0x2e4 common/libcommon.a(cmd_itest.o)
                0x33f8f934                binary_test
                0x33f8fb14                do_itest
 .text          0x33f8fbb0      0x644 common/libcommon.a(cmd_jffs2.o)
                0x33f8fc50                mtdparts_init
                0x33f90004                do_jffs2_fsinfo
                0x33f90060                do_jffs2_ls
                0x33f900b8                do_jffs2_fsload
 .text          0x33f901f4      0xe54 common/libcommon.a(cmd_load.o)
                0x33f90280                k_data_init
                0x33f90360                s1_sendpacket
                0x33f9038c                handle_send_packet
                0x33f902c0                k_data_restore
                0x33f90550                send_nack
                0x33f908b0                do_load_serial_bin
                0x33f902e0                k_data_char
                0x33f90214                chk1
                0x33f902a0                k_data_save
                0x33f901f4                ktrans
                0x33f90330                send_pad
                0x33f905b0                send_ack
                0x33f90f6c                do_load_serial
 .text          0x33f91048      0xad0 common/libcommon.a(cmd_mem.o)
                0x33f91180                do_mem_base
                0x33f915fc                do_mem_mw
                0x33f910d4                do_mem_crc
                0x33f91a00                do_mem_nm
                0x33f91a20                do_mem_mm
                0x33f91048                do_unzip
                0x33f916c4                do_mem_cp
                0x33f911c4                do_mem_mtest
                0x33f91464                do_mem_cmp
                0x33f9136c                do_mem_loop
                0x33f91a40                do_mem_md
 .text          0x33f91b18       0x84 common/libcommon.a(cmd_misc.o)
                0x33f91b18                do_sleep
 .text          0x33f91b9c      0x13c common/libcommon.a(cmd_mmc.o)
                0x33f91b9c                do_mmc
 .text          0x33f91cd8      0xf14 common/libcommon.a(cmd_nand.o)
                0x33f91e54                do_nandboot
                0x33f923b4                do_nand
 .text          0x33f92bec      0x3c4 common/libcommon.a(cmd_net.o)
                0x33f92f8c                do_rarpb
                0x33f92bec                do_ping
                0x33f92f98                do_tftpb
                0x33f92f80                do_dhcp
                0x33f92fa4                do_bootp
                0x33f92f74                do_nfs
 .text          0x33f92fb0      0x9c0 common/libcommon.a(cmd_nvedit.o)
                0x33f930f0                getenv
                0x33f93158                _do_setenv
                0x33f9359c                do_askenv
                0x33f93020                getenv_r
                0x33f938dc                do_printenv
                0x33f93740                setenv
                0x33f92fb0                get_env_id
                0x33f930c4                do_saveenv
                0x33f93714                do_setenv
                0x33f9378c                do_editenv
                0x33f92fc0                envmatch
 .text          0x33f93970        0x8 common/libcommon.a(cmd_reginfo.o)
                0x33f93970                do_reginfo
 .text          0x33f93978      0x198 common/libcommon.a(cmd_source.o)
                0x33f93998                source
                0x33f93ac8                do_source
 .text          0x33f93b10     0x10c0 common/libcommon.a(cmd_usb.o)
                0x33f945f0                usb_display_conf_desc
                0x33f941a0                usb_show_tree_graph
                0x33f93b10                usb_get_class_desc
                0x33f93bb8                usb_display_ep_desc
                0x33f943fc                usb_display_desc
                0x33f93c80                usb_display_class_sub
                0x33f943c8                usb_show_tree
                0x33f9452c                usb_display_string
                0x33f94568                usb_display_if_desc
                0x33f9469c                usb_display_config
                0x33f93df4                do_usbboot
                0x33f9472c                do_usb
 .text          0x33f94bd0      0x14c common/libcommon.a(cmd_usbslave.o)
                0x33f94bd0                do_usbslave
 .text          0x33f94d1c      0x23c common/libcommon.a(cmd_ximg.o)
                0x33f94d1c                do_imgextract
 .text          0x33f94f58      0xe10 common/libcommon.a(command.o)
                0x33f95154                find_cmd_tbl
                0x33f94fd0                do_echo
                0x33f9504c                cmd_usage
                0x33f95214                cmd_auto_complete
                0x33f958bc                do_exit
                0x33f951ec                find_cmd
                0x33f94f58                cmd_get_data_size
                0x33f958ec                do_test
                0x33f956f4                _do_help
                0x33f956b4                install_auto_complete
                0x33f95870                do_help
                0x33f950cc                var_complete
                0x33f950ac                do_version
 .text          0x33f95d68      0x5cc common/libcommon.a(console.o)
                0x33f9615c                console_init_r
                0x33f96060                printf
                0x33f95ff0                console_assign
                0x33f95f10                getc
                0x33f95fc8                search_device
                0x33f95fac                puts
                0x33f95ef4                dbg
                0x33f962f0                serial_printf
                0x33f95e40                ftstc
                0x33f962a4                fprintf
                0x33f95f28                tstc
                0x33f96030                vprintf
                0x33f95f40                ctrlc
                0x33f95f90                putc
                0x33f95eb8                disable_ctrlc
                0x33f95e18                fgetc
                0x33f95ed0                had_ctrlc
                0x33f95e68                fputc
                0x33f95f00                console_init_f
                0x33f95ee0                clear_ctrlc
                0x33f960a4                stdio_print_current_devices
                0x33f95e90                fputs
 .text          0x33f96334     0x1098 common/libcommon.a(dlmalloc.o)
                0x33f96674                malloc
                0x33f96d7c                pvalloc
                0x33f96e50                calloc
                0x33f96da0                malloc_usable_size
                0x33f96f30                mem_malloc_init
                0x33f96f5c                realloc
                0x33f96368                malloc_trim
                0x33f96334                sbrk
                0x33f96de4                mallopt
                0x33f96c6c                memalign
                0x33f96670                cfree
                0x33f96d94                valloc
                0x33f96434                free
 .text          0x33f973cc      0x26c common/libcommon.a(env_common.o)
                0x33f9740c                env_get_char
                0x33f973ec                env_get_addr
                0x33f9759c                set_default_env
                0x33f9743c                env_complete
                0x33f975e0                env_relocate
                0x33f97570                env_crc_update
                0x33f973cc                env_get_char_memory
 .text          0x33f97638      0x29c common/libcommon.a(env_nand.o)
                0x33f977e8                env_relocate_spec
                0x33f97834                saveenv
                0x33f97648                env_get_char_spec
                0x33f97654                env_init
                0x33f97670                writeenv
                0x33f97720                readenv
 .text          0x33f978d4      0x108 common/libcommon.a(exports.o)
                0x33f978e0                jumptable_init
                0x33f978d8                get_version
 .text          0x33f979dc      0x384 common/libcommon.a(flash.o)
                0x33f97bfc                flash_write
                0x33f979dc                flash_protect
                0x33f97ad4                addr2info
                0x33f97b1c                flash_perror
 .text          0x33f97d60     0x1d6c common/libcommon.a(hush.o)
                0x33f9802c                new_pipe
                0x33f97e9c                mapset
                0x33f9925c                parse_string_outer
                0x33f98bcc                update_ifs_map
                0x33f98a1c                set_local_var
                0x33f99218                parse_file_outer
                0x33f97d7c                simple_itoa
                0x33f9832c                unset_local_var
                0x33f97ed4                do_showvar
                0x33f984f0                reserved_word
                0x33f97fbc                u_boot_hush_start
 .text          0x33f99acc      0x7f4 common/libcommon.a(image.o)
                0x33f99d6c                getenv_bootm_size
                0x33f99df8                image_print_contents
                0x33f99c10                genimg_get_comp_id
                0x33f99c58                genimg_get_os_id
                0x33f99b30                get_table_entry_name
                0x33f99bbc                genimg_has_config
                0x33f99c40                genimg_get_arch_id
                0x33f99b70                genimg_get_arch_name
                0x33f9a074                boot_get_ramdisk
                0x33f9a020                image_check_hcrc
                0x33f99b58                genimg_get_os_name
                0x33f99b88                genimg_get_type_name
                0x33f99c94                genimg_get_format
                0x33f99ba0                genimg_get_comp_name
                0x33f99fd8                image_check_dcrc
                0x33f99d3c                genimg_print_size
                0x33f99da0                getenv_bootm_low
                0x33f99bb8                genimg_get_image
                0x33f99c28                genimg_get_type_id
                0x33f99b08                image_multi_count
                0x33f99d68                memmove_wd
                0x33f99bc4                get_table_entry_id
                0x33f99cb8                image_multi_getimg
                0x33f99dd4                getenv_yesno
 .text          0x33f9a2c0     0x1154 common/libcommon.a(main.o)
                0x33f9a2c0                __show_boot_progress
                0x33f9a3c0                run_command
                0x33f9a350                do_run
                0x33f9a2c4                parse_line
                0x33f9b2f8                readline
                0x33f9a2c0                show_boot_progress
                0x33f9b314                main_loop
                0x33f9a9c8                readline_into_buffer
 .text          0x33f9b414      0x2dc common/libcommon.a(s_record.o)
                0x33f9b480                srec_decode
 .text          0x33f9b6f0      0x1f0 common/libcommon.a(stdio.o)
                0x33f9b70c                stdio_clone
                0x33f9b6f8                nulldev_input
                0x33f9b700                stdio_get_list
                0x33f9b88c                stdio_get_by_name
                0x33f9b6f0                nulldev_putc
                0x33f9b794                stdio_init
                0x33f9b6f4                nulldev_puts
                0x33f9b754                stdio_register
 .text          0x33f9b8e0     0x1664 common/libcommon.a(usb.o)
                0x33f9c378                usb_set_idle
                0x33f9b8f8                usb_maxpacket
                0x33f9cb4c                usb_hub_probe
                0x33f9bc50                usb_stop
                0x33f9cec8                usb_init
                0x33f9b8e0                usb_disable_asynch
                0x33f9c6b8                usb_clear_halt
                0x33f9bcb0                usb_bulk_msg
                0x33f9c298                usb_get_class_descriptor
                0x33f9ce4c                usb_scan_devices
                0x33f9bfac                usb_get_hub_descriptor
                0x33f9bde4                usb_get_port_status
                0x33f9bc4c                usb_submit_int_msg
                0x33f9baf8                usb_parse_config
                0x33f9bd14                usb_control_msg
                0x33f9c3dc                usb_set_protocol
                0x33f9c850                usb_hub_port_connect_change
                0x33f9c4a4                usb_set_interface
                0x33f9ba14                usb_hub_allocate
                0x33f9c198                usb_string
                0x33f9c308                usb_get_report
                0x33f9c5b4                usb_get_descriptor
                0x33f9c944                usb_hub_configure
                0x33f9c008                usb_get_string
                0x33f9bc8c                wait_ms
                0x33f9bf58                usb_clear_hub_feature
                0x33f9c620                usb_get_configuration_no
                0x33f9bef8                usb_clear_port_feature
                0x33f9be98                usb_set_port_feature
                0x33f9cbac                usb_new_device
                0x33f9be44                usb_get_hub_status
                0x33f9c43c                usb_set_configuration
                0x33f9b96c                usb_set_maxpacket
                0x33f9c570                usb_set_address
                0x33f9ba58                usb_alloc_new_device
                0x33f9ba00                usb_hub_reset
                0x33f9b9d0                usb_get_dev_index
 .text          0x33f9cf44     0x139c common/libcommon.a(usb_storage.o)
                0x33f9d330                usb_storage_probe
                0x33f9e07c                usb_stor_CB_transport
                0x33f9dad4                usb_stor_CB_comdat
                0x33f9cf64                usb_stor_get_dev
                0x33f9d780                usb_stor_read
                0x33f9cfa0                usb_show_progress
                0x33f9d98c                usb_stor_scan
                0x33f9dd04                usb_stor_BBB_comdat
                0x33f9e270                usb_stor_info
                0x33f9d084                usb_stor_get_info
                0x33f9d560                usb_stor_BBB_clear_endpt_stall
                0x33f9dfac                usb_stor_CBI_get_status
                0x33f9dde0                usb_stor_BBB_transport
 .text          0x33f9e2e0      0x9e0 common/libcommon.a(xyzModem.o)
                0x33f9e408                xyzModem_error
                0x33f9e4a4                xyzModem_stream_close
                0x33f9e4f8                CYGACC_COMM_IF_GETC_TIMEOUT
                0x33f9e2e0                parse_num
                0x33f9e574                xyzModem_stream_terminate
                0x33f9eb5c                xyzModem_stream_open
                0x33f9e4f0                CYGACC_COMM_IF_PUTC
                0x33f9e8d0                xyzModem_stream_read
 .text          0x33f9ecc0      0x1a8 board/tekkamanninja/mini2440/libmini2440.a(mini2440.o)
                0x33f9ed20                dram_init
                0x33f9eccc                board_video_init
                0x33f9ed40                board_eth_init
                0x33f9ed44                board_init
 .text          0x33f9ee68      0x594 board/tekkamanninja/mini2440/libmini2440.a(flash.o)
                0x33f9f1b4                flash_erase
                0x33f9f354                flash_init
                0x33f9f07c                flash_print_info
                0x33f9ef08                write_buff
 .text          0x33f9f3fc       0x48 lib_generic/libgeneric.a(crc16.o)
                0x33f9f3fc                cyg_crc16
 .text          0x33f9f444      0x224 lib_generic/libgeneric.a(crc32.o)
                0x33f9f444                crc32
                0x33f9f664                crc32_wd
                0x33f9f558                crc32_no_comp
 .text          0x33f9f668        0x0 lib_generic/libgeneric.a(ctype.o)
 .text          0x33f9f668      0x248 lib_generic/libgeneric.a(display_options.o)
                0x33f9f750                print_buffer
                0x33f9f730                display_options
                0x33f9f668                print_size
 .text          0x33f9f8b0      0x1d4 lib_generic/libgeneric.a(gunzip.o)
                0x33f9f9a4                gunzip
                0x33f9fa6c                zfree
                0x33f9f8b0                zunzip
                0x33f9fa74                zalloc
 .text          0x33f9fa84      0x570 lib_generic/libgeneric.a(lmb.o)
                0x33f9fde4                lmb_overlaps_region
                0x33f9fcd8                lmb_add
                0x33f9fa84                lmb_dump_all
                0x33f9fcdc                lmb_free
                0x33f9ffbc                lmb_alloc_base
                0x33f9ffec                lmb_alloc
                0x33f9fe4c                __lmb_alloc_base
                0x33f9fae8                lmb_init
                0x33f9ff5c                lmb_is_reserved
                0x33f9fddc                lmb_reserve
 .text          0x33f9fff4      0x648 lib_generic/libgeneric.a(string.o)
                0x33f9fff4                strcpy
                0x33fa0548                memscan
                0x33fa04ac                memmove
                0x33fa0430                memcpy
                0x33fa033c                strswab
                0x33fa01dc                strnlen
                0x33fa01a4                strrchr
                0x33fa0038                strcat
                0x33fa05dc                memchr
                0x33fa0578                strstr
                0x33fa0108                strncmp
                0x33fa0010                strncpy
                0x33fa0404                bcopy
                0x33fa0288                strtok
                0x33fa0508                memcmp
                0x33fa006c                strncat
                0x33fa060c                strdup
                0x33fa0388                memset
                0x33fa00d0                strcmp
                0x33fa0308                strsep
                0x33fa0204                strspn
                0x33fa0184                strlen
                0x33fa0158                strchr
                0x33fa0248                strpbrk
 .text          0x33fa063c      0xdcc lib_generic/libgeneric.a(vsprintf.o)
                0x33fa0d64                vsprintf
                0x33fa0744                ustrtoul
                0x33fa071c                simple_strtol
                0x33fa08cc                panic
                0x33fa13e0                sprintf
                0x33fa0664                simple_strtoul
 .text          0x33fa1408     0x27e4 lib_generic/libgeneric.a(zlib.o)
                0x33fa24a8                inflate
                0x33fa1408                inflate_fast
                0x33fa20c4                inflateInit_
                0x33fa215c                adler32
                0x33fa2498                zcfree
                0x33fa1f1c                inflateReset
                0x33fa24a0                zcalloc
                0x33fa20d4                inflateEnd
                0x33fa1fbc                inflateInit2_
                0x33fa1988                inflate_table
 .text          0x33fa3bec       0xf4 lib_generic/libgeneric.a(div64.o)
                0x33fa3bec                __div64_32
 .text          0x33fa3ce0       0x14 cpu/arm920t/s3c24x0/libs3c24x0.a(interrupts.o)
                0x33fa3cec                arch_interrupt_init
                0x33fa3ce0                do_irq
 .text          0x33fa3cf4      0x154 cpu/arm920t/s3c24x0/libs3c24x0.a(speed.o)
                0x33fa3d7c                get_HCLK
                0x33fa3e20                get_PCLK
                0x33fa3d74                get_FCLK
                0x33fa3d6c                get_UCLK
 .text          0x33fa3e48      0x244 cpu/arm920t/s3c24x0/libs3c24x0.a(timer.o)
                0x33fa3e5c                set_timer
                0x33fa3e8c                reset_timer
                0x33fa3fe8                get_tbclk
                0x33fa3f80                get_timer
                0x33fa3e6c                reset_timer_masked
                0x33fa4010                timer_init
                0x33fa3f50                get_timer_masked
                0x33fa3f94                udelay
                0x33fa3edc                udelay_masked
                0x33fa3ff0                reset_cpu
                0x33fa3e90                get_ticks
 .text          0x33fa408c     0x15fc cpu/arm920t/s3c24x0/libs3c24x0.a(usb_ohci.o)
                0x33fa4198                rh_check_port_status
                0x33fa4340                usb_lowlevel_stop
                0x33fa4578                sohci_submit_job
                0x33fa41ec                submit_int_msg
                0x33fa5020                submit_bulk_msg
                0x33fa5038                submit_control_msg
                0x33fa4388                usb_lowlevel_init
                0x33fa4b24                submit_common_msg
 .text          0x33fa5688      0xb1c cpu/arm920t/s3c24x0/libs3c24x0.a(mmc.o)
                0x33fa5694                mmc_ident
                0x33fa5f30                mmc_write
                0x33fa579c                mmc_init
                0x33fa5688                mmc_get_dev
                0x33fa569c                mmc2info
                0x33fa6180                mmc_bread
                0x33fa6074                mmc_read
 .text          0x33fa61a4      0x1cc lib_arm/libarm.a(bootm.o)
                0x33fa61a4                do_bootm_linux
 .text          0x33fa6370        0x4 lib_arm/libarm.a(cache.o)
                0x33fa6370                flush_cache
 .text          0x33fa6374       0xc8 lib_arm/libarm.a(cache-cp15.o)
                0x33fa6418                dcache_enable
                0x33fa63f4                icache_enable
                0x33fa63fc                icache_disable
                0x33fa6428                dcache_status
                0x33fa6404                icache_status
                0x33fa6420                dcache_disable
 .text          0x33fa643c       0x30 lib_arm/libarm.a(reset.o)
                0x33fa643c                do_reset
 .text          0x33fa646c     0x12fc fs/fat/libfat.a(fat.o)
                0x33fa7630                file_fat_read
                0x33fa6cd4                do_fat_read
                0x33fa7668                file_fat_ls
                0x33fa6b74                file_fat_detectfs
                0x33fa6498                disk_read
                0x33fa7678                fat_register_device
 .text          0x33fa7768     0x1cbc fs/jffs2/libjffs2.a(jffs2_1pass.o)
                0x33fa877c                jffs2_1pass_load
                0x33fa8294                jffs2_1pass_info
                0x33fa93d0                jffs2_1pass_ls
                0x33fa7c48                jffs2_1pass_rescan_needed
                0x33fa7768                mkmodestr
                0x33fa79ac                jffs2_free_cache
 .text          0x33fa9424       0xd8 fs/jffs2/libjffs2.a(compr_rtime.o)
                0x33fa9424                rtime_decompress
 .text          0x33fa94fc      0x13c fs/jffs2/libjffs2.a(compr_rubin.o)
                0x33fa95f8                dynrubin_decompress
                0x33fa94fc                rubin_do_decompress
 .text          0x33fa9638       0x18 fs/jffs2/libjffs2.a(compr_zlib.o)
                0x33fa9638                zlib_decompress
 .text          0x33fa9650      0x914 fs/jffs2/libjffs2.a(mini_inflate.o)
                0x33fa99d4                decompress_block
                0x33fa9674                pull_bits
                0x33fa96d0                pull_bit
                0x33fa9650                cramfs_memset
 .text          0x33fa9f64      0x374 disk/libdisk.a(part.o)
                0x33faa040                dev_print
                0x33fa9f64                print_part
                0x33faa27c                get_dev
                0x33faa23c                get_partition_info
                0x33faa260                init_part
 .text          0x33faa2d8      0x4c8 disk/libdisk.a(part_dos.o)
                0x33faa59c                get_partition_info_dos
                0x33faa774                print_part_dos
                0x33faa320                test_part_dos
 .text          0x33faa7a0      0x834 drivers/mtd/nand/libnand.a(nand_util.o)
                0x33faaa1c                nand_write_skip_bad
                0x33faa870                nand_read_skip_bad
                0x33faaca0                nand_erase_opts
 .text          0x33faafd4      0x890 drivers/net/libnet.a(dm9000x.o)
                0x33fab1a4                dm9000_initialize
 .text          0x33fab864      0x298 drivers/rtc/librtc.a(date.o)
                0x33fab864                GregorianDay
                0x33faba68                mktime
                0x33fab958                to_tm
 .text          0x33fabafc      0x240 drivers/rtc/librtc.a(s3c24x0_rtc.o)
                0x33fabc78                rtc_set
                0x33fabd18                rtc_reset
                0x33fabb74                rtc_get
 .text          0x33fabd3c     0x16d8 drivers/video/libvideo.a(cfb_console.o)
                0x33fac564                video_puts
                0x33fac7ac                video_display_bitmap
                0x33fad170                drv_video_init
                0x33fac594                logo_plot
                0x33fac55c                __board_video_skip
                0x33fac380                video_putc
                0x33fac55c                board_video_skip
 .text          0x33fad414      0x240 drivers/video/libvideo.a(s3c2410_fb.o)
                0x33fad418                video_hw_init
                0x33fad414                video_set_lut
 .text          0x33fad654      0x48c drivers/video/libvideo.a(videomodes.o)
                0x33fad67c                video_get_params
 .text          0x33fadae0       0x20 cpu/arm920t/libarm920t.a(cpu.o)
                0x33fadae0                cleanup_before_linux
 .text          0x33fadb00       0x1c /home/bamboo/work/ok2440/u-boot_for_ok2440/lib_arm/eabi_compat.o
                0x33fadb00                raise
 .text          0x33fadb1c      0x114 /home/bamboo/work/ok2440/cross_tools/4.3.2/bin/../lib/gcc/arm-none-linux-gnueabi/4.3.2/armv4t/libgcc.a(_udivsi3.o)
                0x33fadb1c                __udivsi3
                0x33fadb1c                __aeabi_uidiv
                0x33fadc10                __aeabi_uidivmod
 .text          0x33fadc30      0x148 /home/bamboo/work/ok2440/cross_tools/4.3.2/bin/../lib/gcc/arm-none-linux-gnueabi/4.3.2/armv4t/libgcc.a(_divsi3.o)
                0x33fadc30                __aeabi_idiv
                0x33fadc30                __divsi3
                0x33fadd58                __aeabi_idivmod
 .text          0x33fadd78       0x1c /home/bamboo/work/ok2440/cross_tools/4.3.2/bin/../lib/gcc/arm-none-linux-gnueabi/4.3.2/armv4t/libgcc.a(_lshrdi3.o)
                0x33fadd78                __aeabi_llsr
                0x33fadd78                __lshrdi3
 .text          0x33fadd94       0x1c /home/bamboo/work/ok2440/cross_tools/4.3.2/bin/../lib/gcc/arm-none-linux-gnueabi/4.3.2/armv4t/libgcc.a(_ashrdi3.o)
                0x33fadd94                __ashrdi3
                0x33fadd94                __aeabi_lasr
 .text          0x33faddb0       0x1c /home/bamboo/work/ok2440/cross_tools/4.3.2/bin/../lib/gcc/arm-none-linux-gnueabi/4.3.2/armv4t/libgcc.a(_ashldi3.o)
                0x33faddb0                __ashldi3
                0x33faddb0                __aeabi_llsl
 .text          0x33faddcc       0x14 /home/bamboo/work/ok2440/cross_tools/4.3.2/bin/../lib/gcc/arm-none-linux-gnueabi/4.3.2/armv4t/libgcc.a(_dvmd_lnx.o)
                0x33faddcc                __aeabi_ldiv0
                0x33faddcc                __aeabi_idiv0

.glue_7         0x33fadde0        0x0
 .glue_7        0x33fadde0        0x0 cpu/arm920t/start.o
 .glue_7        0x33fadde0        0x0 board/tekkamanninja/mini2440/lowlevel_init.o
 .glue_7        0x33fadde0        0x0 board/tekkamanninja/mini2440/nand_read.o
 .glue_7        0x33fadde0        0x0 lib_arm/libarm.a(board.o)
 .glue_7        0x33fadde0        0x0 lib_arm/libarm.a(interrupts.o)
 .glue_7        0x33fadde0        0x0 net/libnet.a(eth.o)
 .glue_7        0x33fadde0        0x0 net/libnet.a(net.o)
 .glue_7        0x33fadde0        0x0 net/libnet.a(nfs.o)
 .glue_7        0x33fadde0        0x0 net/libnet.a(rarp.o)
 .glue_7        0x33fadde0        0x0 net/libnet.a(tftp.o)
 .glue_7        0x33fadde0        0x0 net/libnet.a(bootp.o)
 .glue_7        0x33fadde0        0x0 drivers/i2c/libi2c.a(s3c24x0_i2c.o)
 .glue_7        0x33fadde0        0x0 drivers/mtd/nand/libnand.a(nand.o)
 .glue_7        0x33fadde0        0x0 drivers/mtd/nand/libnand.a(nand_base.o)
 .glue_7        0x33fadde0        0x0 drivers/mtd/nand/libnand.a(nand_bbt.o)
 .glue_7        0x33fadde0        0x0 drivers/mtd/nand/libnand.a(nand_ecc.o)
 .glue_7        0x33fadde0        0x0 drivers/mtd/nand/libnand.a(nand_ids.o)
 .glue_7        0x33fadde0        0x0 drivers/mtd/nand/libnand.a(s3c2410_nand.o)
 .glue_7        0x33fadde0        0x0 drivers/serial/libserial.a(serial_s3c24x0.o)
 .glue_7        0x33fadde0        0x0 drivers/usb/slave/libusb_slave.a(usbinit.o)
 .glue_7        0x33fadde0        0x0 drivers/usb/slave/libusb_slave.a(interrupt.o)
 .glue_7        0x33fadde0        0x0 drivers/usb/slave/libusb_slave.a(usblib.o)
 .glue_7        0x33fadde0        0x0 drivers/usb/slave/libusb_slave.a(usbmain.o)
 .glue_7        0x33fadde0        0x0 drivers/usb/slave/libusb_slave.a(usbout.o)
 .glue_7        0x33fadde0        0x0 drivers/usb/slave/libusb_slave.a(usbsetup.o)
 .glue_7        0x33fadde0        0x0 drivers/usb/slave/libusb_slave.a(usbin.o)
 .glue_7        0x33fadde0        0x0 common/libcommon.a(cmd_bdinfo.o)
 .glue_7        0x33fadde0        0x0 common/libcommon.a(cmd_bmp.o)
 .glue_7        0x33fadde0        0x0 common/libcommon.a(cmd_boot.o)
 .glue_7        0x33fadde0        0x0 common/libcommon.a(cmd_bootm.o)
 .glue_7        0x33fadde0        0x0 common/libcommon.a(cmd_cache.o)
 .glue_7        0x33fadde0        0x0 common/libcommon.a(cmd_console.o)
 .glue_7        0x33fadde0        0x0 common/libcommon.a(cmd_date.o)
 .glue_7        0x33fadde0        0x0 common/libcommon.a(cmd_eeprom.o)
 .glue_7        0x33fadde0        0x0 common/libcommon.a(cmd_elf.o)
 .glue_7        0x33fadde0        0x0 common/libcommon.a(cmd_fat.o)
 .glue_7        0x33fadde0        0x0 common/libcommon.a(cmd_flash.o)
 .glue_7        0x33fadde0        0x0 common/libcommon.a(cmd_i2c.o)
 .glue_7        0x33fadde0        0x0 common/libcommon.a(cmd_itest.o)
 .glue_7        0x33fadde0        0x0 common/libcommon.a(cmd_jffs2.o)
 .glue_7        0x33fadde0        0x0 common/libcommon.a(cmd_load.o)
 .glue_7        0x33fadde0        0x0 common/libcommon.a(cmd_mem.o)
 .glue_7        0x33fadde0        0x0 common/libcommon.a(cmd_misc.o)
 .glue_7        0x33fadde0        0x0 common/libcommon.a(cmd_mmc.o)
 .glue_7        0x33fadde0        0x0 common/libcommon.a(cmd_nand.o)
 .glue_7        0x33fadde0        0x0 common/libcommon.a(cmd_net.o)
 .glue_7        0x33fadde0        0x0 common/libcommon.a(cmd_nvedit.o)
 .glue_7        0x33fadde0        0x0 common/libcommon.a(cmd_reginfo.o)
 .glue_7        0x33fadde0        0x0 common/libcommon.a(cmd_source.o)
 .glue_7        0x33fadde0        0x0 common/libcommon.a(cmd_usb.o)
 .glue_7        0x33fadde0        0x0 common/libcommon.a(cmd_usbslave.o)
 .glue_7        0x33fadde0        0x0 common/libcommon.a(cmd_ximg.o)
 .glue_7        0x33fadde0        0x0 common/libcommon.a(command.o)
 .glue_7        0x33fadde0        0x0 common/libcommon.a(console.o)
 .glue_7        0x33fadde0        0x0 common/libcommon.a(dlmalloc.o)
 .glue_7        0x33fadde0        0x0 common/libcommon.a(env_common.o)
 .glue_7        0x33fadde0        0x0 common/libcommon.a(env_nand.o)
 .glue_7        0x33fadde0        0x0 common/libcommon.a(exports.o)
 .glue_7        0x33fadde0        0x0 common/libcommon.a(flash.o)
 .glue_7        0x33fadde0        0x0 common/libcommon.a(hush.o)
 .glue_7        0x33fadde0        0x0 common/libcommon.a(image.o)
 .glue_7        0x33fadde0        0x0 common/libcommon.a(main.o)
 .glue_7        0x33fadde0        0x0 common/libcommon.a(s_record.o)
 .glue_7        0x33fadde0        0x0 common/libcommon.a(stdio.o)
 .glue_7        0x33fadde0        0x0 common/libcommon.a(usb.o)
 .glue_7        0x33fadde0        0x0 common/libcommon.a(usb_storage.o)
 .glue_7        0x33fadde0        0x0 common/libcommon.a(xyzModem.o)
 .glue_7        0x33fadde0        0x0 board/tekkamanninja/mini2440/libmini2440.a(mini2440.o)
 .glue_7        0x33fadde0        0x0 board/tekkamanninja/mini2440/libmini2440.a(flash.o)
 .glue_7        0x33fadde0        0x0 lib_generic/libgeneric.a(crc16.o)
 .glue_7        0x33fadde0        0x0 lib_generic/libgeneric.a(crc32.o)
 .glue_7        0x33fadde0        0x0 lib_generic/libgeneric.a(ctype.o)
 .glue_7        0x33fadde0        0x0 lib_generic/libgeneric.a(display_options.o)
 .glue_7        0x33fadde0        0x0 lib_generic/libgeneric.a(gunzip.o)
 .glue_7        0x33fadde0        0x0 lib_generic/libgeneric.a(lmb.o)
 .glue_7        0x33fadde0        0x0 lib_generic/libgeneric.a(string.o)
 .glue_7        0x33fadde0        0x0 lib_generic/libgeneric.a(vsprintf.o)
 .glue_7        0x33fadde0        0x0 lib_generic/libgeneric.a(zlib.o)
 .glue_7        0x33fadde0        0x0 lib_generic/libgeneric.a(div64.o)
 .glue_7        0x33fadde0        0x0 cpu/arm920t/s3c24x0/libs3c24x0.a(interrupts.o)
 .glue_7        0x33fadde0        0x0 cpu/arm920t/s3c24x0/libs3c24x0.a(speed.o)
 .glue_7        0x33fadde0        0x0 cpu/arm920t/s3c24x0/libs3c24x0.a(timer.o)
 .glue_7        0x33fadde0        0x0 cpu/arm920t/s3c24x0/libs3c24x0.a(usb_ohci.o)
 .glue_7        0x33fadde0        0x0 cpu/arm920t/s3c24x0/libs3c24x0.a(mmc.o)
 .glue_7        0x33fadde0        0x0 lib_arm/libarm.a(bootm.o)
 .glue_7        0x33fadde0        0x0 lib_arm/libarm.a(cache.o)
 .glue_7        0x33fadde0        0x0 lib_arm/libarm.a(cache-cp15.o)
 .glue_7        0x33fadde0        0x0 lib_arm/libarm.a(reset.o)
 .glue_7        0x33fadde0        0x0 fs/fat/libfat.a(fat.o)
 .glue_7        0x33fadde0        0x0 fs/jffs2/libjffs2.a(jffs2_1pass.o)
 .glue_7        0x33fadde0        0x0 fs/jffs2/libjffs2.a(compr_rtime.o)
 .glue_7        0x33fadde0        0x0 fs/jffs2/libjffs2.a(compr_rubin.o)
 .glue_7        0x33fadde0        0x0 fs/jffs2/libjffs2.a(compr_zlib.o)
 .glue_7        0x33fadde0        0x0 fs/jffs2/libjffs2.a(mini_inflate.o)
 .glue_7        0x33fadde0        0x0 disk/libdisk.a(part.o)
 .glue_7        0x33fadde0        0x0 disk/libdisk.a(part_dos.o)
 .glue_7        0x33fadde0        0x0 drivers/mtd/nand/libnand.a(nand_util.o)
 .glue_7        0x33fadde0        0x0 drivers/net/libnet.a(dm9000x.o)
 .glue_7        0x33fadde0        0x0 drivers/rtc/librtc.a(date.o)
 .glue_7        0x33fadde0        0x0 drivers/rtc/librtc.a(s3c24x0_rtc.o)
 .glue_7        0x33fadde0        0x0 drivers/video/libvideo.a(cfb_console.o)
 .glue_7        0x33fadde0        0x0 drivers/video/libvideo.a(s3c2410_fb.o)
 .glue_7        0x33fadde0        0x0 drivers/video/libvideo.a(videomodes.o)
 .glue_7        0x33fadde0        0x0 cpu/arm920t/libarm920t.a(cpu.o)
 .glue_7        0x33fadde0        0x0 /home/bamboo/work/ok2440/u-boot_for_ok2440/lib_arm/eabi_compat.o
 .glue_7        0x33fadde0        0x0 /home/bamboo/work/ok2440/cross_tools/4.3.2/bin/../lib/gcc/arm-none-linux-gnueabi/4.3.2/armv4t/libgcc.a(_udivsi3.o)
 .glue_7        0x33fadde0        0x0 /home/bamboo/work/ok2440/cross_tools/4.3.2/bin/../lib/gcc/arm-none-linux-gnueabi/4.3.2/armv4t/libgcc.a(_divsi3.o)
 .glue_7        0x33fadde0        0x0 /home/bamboo/work/ok2440/cross_tools/4.3.2/bin/../lib/gcc/arm-none-linux-gnueabi/4.3.2/armv4t/libgcc.a(_lshrdi3.o)
 .glue_7        0x33fadde0        0x0 /home/bamboo/work/ok2440/cross_tools/4.3.2/bin/../lib/gcc/arm-none-linux-gnueabi/4.3.2/armv4t/libgcc.a(_ashrdi3.o)
 .glue_7        0x33fadde0        0x0 /home/bamboo/work/ok2440/cross_tools/4.3.2/bin/../lib/gcc/arm-none-linux-gnueabi/4.3.2/armv4t/libgcc.a(_ashldi3.o)
 .glue_7        0x33fadde0        0x0 /home/bamboo/work/ok2440/cross_tools/4.3.2/bin/../lib/gcc/arm-none-linux-gnueabi/4.3.2/armv4t/libgcc.a(_dvmd_lnx.o)

.glue_7t        0x33fadde0        0x0
 .glue_7t       0x33fadde0        0x0 cpu/arm920t/start.o
 .glue_7t       0x33fadde0        0x0 board/tekkamanninja/mini2440/lowlevel_init.o
 .glue_7t       0x33fadde0        0x0 board/tekkamanninja/mini2440/nand_read.o
 .glue_7t       0x33fadde0        0x0 lib_arm/libarm.a(board.o)
 .glue_7t       0x33fadde0        0x0 lib_arm/libarm.a(interrupts.o)
 .glue_7t       0x33fadde0        0x0 net/libnet.a(eth.o)
 .glue_7t       0x33fadde0        0x0 net/libnet.a(net.o)
 .glue_7t       0x33fadde0        0x0 net/libnet.a(nfs.o)
 .glue_7t       0x33fadde0        0x0 net/libnet.a(rarp.o)
 .glue_7t       0x33fadde0        0x0 net/libnet.a(tftp.o)
 .glue_7t       0x33fadde0        0x0 net/libnet.a(bootp.o)
 .glue_7t       0x33fadde0        0x0 drivers/i2c/libi2c.a(s3c24x0_i2c.o)
 .glue_7t       0x33fadde0        0x0 drivers/mtd/nand/libnand.a(nand.o)
 .glue_7t       0x33fadde0        0x0 drivers/mtd/nand/libnand.a(nand_base.o)
 .glue_7t       0x33fadde0        0x0 drivers/mtd/nand/libnand.a(nand_bbt.o)
 .glue_7t       0x33fadde0        0x0 drivers/mtd/nand/libnand.a(nand_ecc.o)
 .glue_7t       0x33fadde0        0x0 drivers/mtd/nand/libnand.a(nand_ids.o)
 .glue_7t       0x33fadde0        0x0 drivers/mtd/nand/libnand.a(s3c2410_nand.o)
 .glue_7t       0x33fadde0        0x0 drivers/serial/libserial.a(serial_s3c24x0.o)
 .glue_7t       0x33fadde0        0x0 drivers/usb/slave/libusb_slave.a(usbinit.o)
 .glue_7t       0x33fadde0        0x0 drivers/usb/slave/libusb_slave.a(interrupt.o)
 .glue_7t       0x33fadde0        0x0 drivers/usb/slave/libusb_slave.a(usblib.o)
 .glue_7t       0x33fadde0        0x0 drivers/usb/slave/libusb_slave.a(usbmain.o)
 .glue_7t       0x33fadde0        0x0 drivers/usb/slave/libusb_slave.a(usbout.o)
 .glue_7t       0x33fadde0        0x0 drivers/usb/slave/libusb_slave.a(usbsetup.o)
 .glue_7t       0x33fadde0        0x0 drivers/usb/slave/libusb_slave.a(usbin.o)
 .glue_7t       0x33fadde0        0x0 common/libcommon.a(cmd_bdinfo.o)
 .glue_7t       0x33fadde0        0x0 common/libcommon.a(cmd_bmp.o)
 .glue_7t       0x33fadde0        0x0 common/libcommon.a(cmd_boot.o)
 .glue_7t       0x33fadde0        0x0 common/libcommon.a(cmd_bootm.o)
 .glue_7t       0x33fadde0        0x0 common/libcommon.a(cmd_cache.o)
 .glue_7t       0x33fadde0        0x0 common/libcommon.a(cmd_console.o)
 .glue_7t       0x33fadde0        0x0 common/libcommon.a(cmd_date.o)
 .glue_7t       0x33fadde0        0x0 common/libcommon.a(cmd_eeprom.o)
 .glue_7t       0x33fadde0        0x0 common/libcommon.a(cmd_elf.o)
 .glue_7t       0x33fadde0        0x0 common/libcommon.a(cmd_fat.o)
 .glue_7t       0x33fadde0        0x0 common/libcommon.a(cmd_flash.o)
 .glue_7t       0x33fadde0        0x0 common/libcommon.a(cmd_i2c.o)
 .glue_7t       0x33fadde0        0x0 common/libcommon.a(cmd_itest.o)
 .glue_7t       0x33fadde0        0x0 common/libcommon.a(cmd_jffs2.o)
 .glue_7t       0x33fadde0        0x0 common/libcommon.a(cmd_load.o)
 .glue_7t       0x33fadde0        0x0 common/libcommon.a(cmd_mem.o)
 .glue_7t       0x33fadde0        0x0 common/libcommon.a(cmd_misc.o)
 .glue_7t       0x33fadde0        0x0 common/libcommon.a(cmd_mmc.o)
 .glue_7t       0x33fadde0        0x0 common/libcommon.a(cmd_nand.o)
 .glue_7t       0x33fadde0        0x0 common/libcommon.a(cmd_net.o)
 .glue_7t       0x33fadde0        0x0 common/libcommon.a(cmd_nvedit.o)
 .glue_7t       0x33fadde0        0x0 common/libcommon.a(cmd_reginfo.o)
 .glue_7t       0x33fadde0        0x0 common/libcommon.a(cmd_source.o)
 .glue_7t       0x33fadde0        0x0 common/libcommon.a(cmd_usb.o)
 .glue_7t       0x33fadde0        0x0 common/libcommon.a(cmd_usbslave.o)
 .glue_7t       0x33fadde0        0x0 common/libcommon.a(cmd_ximg.o)
 .glue_7t       0x33fadde0        0x0 common/libcommon.a(command.o)
 .glue_7t       0x33fadde0        0x0 common/libcommon.a(console.o)
 .glue_7t       0x33fadde0        0x0 common/libcommon.a(dlmalloc.o)
 .glue_7t       0x33fadde0        0x0 common/libcommon.a(env_common.o)
 .glue_7t       0x33fadde0        0x0 common/libcommon.a(env_nand.o)
 .glue_7t       0x33fadde0        0x0 common/libcommon.a(exports.o)
 .glue_7t       0x33fadde0        0x0 common/libcommon.a(flash.o)
 .glue_7t       0x33fadde0        0x0 common/libcommon.a(hush.o)
 .glue_7t       0x33fadde0        0x0 common/libcommon.a(image.o)
 .glue_7t       0x33fadde0        0x0 common/libcommon.a(main.o)
 .glue_7t       0x33fadde0        0x0 common/libcommon.a(s_record.o)
 .glue_7t       0x33fadde0        0x0 common/libcommon.a(stdio.o)
 .glue_7t       0x33fadde0        0x0 common/libcommon.a(usb.o)
 .glue_7t       0x33fadde0        0x0 common/libcommon.a(usb_storage.o)
 .glue_7t       0x33fadde0        0x0 common/libcommon.a(xyzModem.o)
 .glue_7t       0x33fadde0        0x0 board/tekkamanninja/mini2440/libmini2440.a(mini2440.o)
 .glue_7t       0x33fadde0        0x0 board/tekkamanninja/mini2440/libmini2440.a(flash.o)
 .glue_7t       0x33fadde0        0x0 lib_generic/libgeneric.a(crc16.o)
 .glue_7t       0x33fadde0        0x0 lib_generic/libgeneric.a(crc32.o)
 .glue_7t       0x33fadde0        0x0 lib_generic/libgeneric.a(ctype.o)
 .glue_7t       0x33fadde0        0x0 lib_generic/libgeneric.a(display_options.o)
 .glue_7t       0x33fadde0        0x0 lib_generic/libgeneric.a(gunzip.o)
 .glue_7t       0x33fadde0        0x0 lib_generic/libgeneric.a(lmb.o)
 .glue_7t       0x33fadde0        0x0 lib_generic/libgeneric.a(string.o)
 .glue_7t       0x33fadde0        0x0 lib_generic/libgeneric.a(vsprintf.o)
 .glue_7t       0x33fadde0        0x0 lib_generic/libgeneric.a(zlib.o)
 .glue_7t       0x33fadde0        0x0 lib_generic/libgeneric.a(div64.o)
 .glue_7t       0x33fadde0        0x0 cpu/arm920t/s3c24x0/libs3c24x0.a(interrupts.o)
 .glue_7t       0x33fadde0        0x0 cpu/arm920t/s3c24x0/libs3c24x0.a(speed.o)
 .glue_7t       0x33fadde0        0x0 cpu/arm920t/s3c24x0/libs3c24x0.a(timer.o)
 .glue_7t       0x33fadde0        0x0 cpu/arm920t/s3c24x0/libs3c24x0.a(usb_ohci.o)
 .glue_7t       0x33fadde0        0x0 cpu/arm920t/s3c24x0/libs3c24x0.a(mmc.o)
 .glue_7t       0x33fadde0        0x0 lib_arm/libarm.a(bootm.o)
 .glue_7t       0x33fadde0        0x0 lib_arm/libarm.a(cache.o)
 .glue_7t       0x33fadde0        0x0 lib_arm/libarm.a(cache-cp15.o)
 .glue_7t       0x33fadde0        0x0 lib_arm/libarm.a(reset.o)
 .glue_7t       0x33fadde0        0x0 fs/fat/libfat.a(fat.o)
 .glue_7t       0x33fadde0        0x0 fs/jffs2/libjffs2.a(jffs2_1pass.o)
 .glue_7t       0x33fadde0        0x0 fs/jffs2/libjffs2.a(compr_rtime.o)
 .glue_7t       0x33fadde0        0x0 fs/jffs2/libjffs2.a(compr_rubin.o)
 .glue_7t       0x33fadde0        0x0 fs/jffs2/libjffs2.a(compr_zlib.o)
 .glue_7t       0x33fadde0        0x0 fs/jffs2/libjffs2.a(mini_inflate.o)
 .glue_7t       0x33fadde0        0x0 disk/libdisk.a(part.o)
 .glue_7t       0x33fadde0        0x0 disk/libdisk.a(part_dos.o)
 .glue_7t       0x33fadde0        0x0 drivers/mtd/nand/libnand.a(nand_util.o)
 .glue_7t       0x33fadde0        0x0 drivers/net/libnet.a(dm9000x.o)
 .glue_7t       0x33fadde0        0x0 drivers/rtc/librtc.a(date.o)
 .glue_7t       0x33fadde0        0x0 drivers/rtc/librtc.a(s3c24x0_rtc.o)
 .glue_7t       0x33fadde0        0x0 drivers/video/libvideo.a(cfb_console.o)
 .glue_7t       0x33fadde0        0x0 drivers/video/libvideo.a(s3c2410_fb.o)
 .glue_7t       0x33fadde0        0x0 drivers/video/libvideo.a(videomodes.o)
 .glue_7t       0x33fadde0        0x0 cpu/arm920t/libarm920t.a(cpu.o)
 .glue_7t       0x33fadde0        0x0 /home/bamboo/work/ok2440/u-boot_for_ok2440/lib_arm/eabi_compat.o
 .glue_7t       0x33fadde0        0x0 /home/bamboo/work/ok2440/cross_tools/4.3.2/bin/../lib/gcc/arm-none-linux-gnueabi/4.3.2/armv4t/libgcc.a(_udivsi3.o)
 .glue_7t       0x33fadde0        0x0 /home/bamboo/work/ok2440/cross_tools/4.3.2/bin/../lib/gcc/arm-none-linux-gnueabi/4.3.2/armv4t/libgcc.a(_divsi3.o)
 .glue_7t       0x33fadde0        0x0 /home/bamboo/work/ok2440/cross_tools/4.3.2/bin/../lib/gcc/arm-none-linux-gnueabi/4.3.2/armv4t/libgcc.a(_lshrdi3.o)
 .glue_7t       0x33fadde0        0x0 /home/bamboo/work/ok2440/cross_tools/4.3.2/bin/../lib/gcc/arm-none-linux-gnueabi/4.3.2/armv4t/libgcc.a(_ashrdi3.o)
 .glue_7t       0x33fadde0        0x0 /home/bamboo/work/ok2440/cross_tools/4.3.2/bin/../lib/gcc/arm-none-linux-gnueabi/4.3.2/armv4t/libgcc.a(_ashldi3.o)
 .glue_7t       0x33fadde0        0x0 /home/bamboo/work/ok2440/cross_tools/4.3.2/bin/../lib/gcc/arm-none-linux-gnueabi/4.3.2/armv4t/libgcc.a(_dvmd_lnx.o)

.vfp11_veneer   0x33fadde0        0x0
 .vfp11_veneer  0x33fadde0        0x0 cpu/arm920t/start.o
 .vfp11_veneer  0x33fadde0        0x0 board/tekkamanninja/mini2440/lowlevel_init.o
 .vfp11_veneer  0x33fadde0        0x0 board/tekkamanninja/mini2440/nand_read.o
 .vfp11_veneer  0x33fadde0        0x0 lib_arm/libarm.a(board.o)
 .vfp11_veneer  0x33fadde0        0x0 lib_arm/libarm.a(interrupts.o)
 .vfp11_veneer  0x33fadde0        0x0 net/libnet.a(eth.o)
 .vfp11_veneer  0x33fadde0        0x0 net/libnet.a(net.o)
 .vfp11_veneer  0x33fadde0        0x0 net/libnet.a(nfs.o)
 .vfp11_veneer  0x33fadde0        0x0 net/libnet.a(rarp.o)
 .vfp11_veneer  0x33fadde0        0x0 net/libnet.a(tftp.o)
 .vfp11_veneer  0x33fadde0        0x0 net/libnet.a(bootp.o)
 .vfp11_veneer  0x33fadde0        0x0 drivers/i2c/libi2c.a(s3c24x0_i2c.o)
 .vfp11_veneer  0x33fadde0        0x0 drivers/mtd/nand/libnand.a(nand.o)
 .vfp11_veneer  0x33fadde0        0x0 drivers/mtd/nand/libnand.a(nand_base.o)
 .vfp11_veneer  0x33fadde0        0x0 drivers/mtd/nand/libnand.a(nand_bbt.o)
 .vfp11_veneer  0x33fadde0        0x0 drivers/mtd/nand/libnand.a(nand_ecc.o)
 .vfp11_veneer  0x33fadde0        0x0 drivers/mtd/nand/libnand.a(nand_ids.o)
 .vfp11_veneer  0x33fadde0        0x0 drivers/mtd/nand/libnand.a(s3c2410_nand.o)
 .vfp11_veneer  0x33fadde0        0x0 drivers/serial/libserial.a(serial_s3c24x0.o)
 .vfp11_veneer  0x33fadde0        0x0 drivers/usb/slave/libusb_slave.a(usbinit.o)
 .vfp11_veneer  0x33fadde0        0x0 drivers/usb/slave/libusb_slave.a(interrupt.o)
 .vfp11_veneer  0x33fadde0        0x0 drivers/usb/slave/libusb_slave.a(usblib.o)
 .vfp11_veneer  0x33fadde0        0x0 drivers/usb/slave/libusb_slave.a(usbmain.o)
 .vfp11_veneer  0x33fadde0        0x0 drivers/usb/slave/libusb_slave.a(usbout.o)
 .vfp11_veneer  0x33fadde0        0x0 drivers/usb/slave/libusb_slave.a(usbsetup.o)
 .vfp11_veneer  0x33fadde0        0x0 drivers/usb/slave/libusb_slave.a(usbin.o)
 .vfp11_veneer  0x33fadde0        0x0 common/libcommon.a(cmd_bdinfo.o)
 .vfp11_veneer  0x33fadde0        0x0 common/libcommon.a(cmd_bmp.o)
 .vfp11_veneer  0x33fadde0        0x0 common/libcommon.a(cmd_boot.o)
 .vfp11_veneer  0x33fadde0        0x0 common/libcommon.a(cmd_bootm.o)
 .vfp11_veneer  0x33fadde0        0x0 common/libcommon.a(cmd_cache.o)
 .vfp11_veneer  0x33fadde0        0x0 common/libcommon.a(cmd_console.o)
 .vfp11_veneer  0x33fadde0        0x0 common/libcommon.a(cmd_date.o)
 .vfp11_veneer  0x33fadde0        0x0 common/libcommon.a(cmd_eeprom.o)
 .vfp11_veneer  0x33fadde0        0x0 common/libcommon.a(cmd_elf.o)
 .vfp11_veneer  0x33fadde0        0x0 common/libcommon.a(cmd_fat.o)
 .vfp11_veneer  0x33fadde0        0x0 common/libcommon.a(cmd_flash.o)
 .vfp11_veneer  0x33fadde0        0x0 common/libcommon.a(cmd_i2c.o)
 .vfp11_veneer  0x33fadde0        0x0 common/libcommon.a(cmd_itest.o)
 .vfp11_veneer  0x33fadde0        0x0 common/libcommon.a(cmd_jffs2.o)
 .vfp11_veneer  0x33fadde0        0x0 common/libcommon.a(cmd_load.o)
 .vfp11_veneer  0x33fadde0        0x0 common/libcommon.a(cmd_mem.o)
 .vfp11_veneer  0x33fadde0        0x0 common/libcommon.a(cmd_misc.o)
 .vfp11_veneer  0x33fadde0        0x0 common/libcommon.a(cmd_mmc.o)
 .vfp11_veneer  0x33fadde0        0x0 common/libcommon.a(cmd_nand.o)
 .vfp11_veneer  0x33fadde0        0x0 common/libcommon.a(cmd_net.o)
 .vfp11_veneer  0x33fadde0        0x0 common/libcommon.a(cmd_nvedit.o)
 .vfp11_veneer  0x33fadde0        0x0 common/libcommon.a(cmd_reginfo.o)
 .vfp11_veneer  0x33fadde0        0x0 common/libcommon.a(cmd_source.o)
 .vfp11_veneer  0x33fadde0        0x0 common/libcommon.a(cmd_usb.o)
 .vfp11_veneer  0x33fadde0        0x0 common/libcommon.a(cmd_usbslave.o)
 .vfp11_veneer  0x33fadde0        0x0 common/libcommon.a(cmd_ximg.o)
 .vfp11_veneer  0x33fadde0        0x0 common/libcommon.a(command.o)
 .vfp11_veneer  0x33fadde0        0x0 common/libcommon.a(console.o)
 .vfp11_veneer  0x33fadde0        0x0 common/libcommon.a(dlmalloc.o)
 .vfp11_veneer  0x33fadde0        0x0 common/libcommon.a(env_common.o)
 .vfp11_veneer  0x33fadde0        0x0 common/libcommon.a(env_nand.o)
 .vfp11_veneer  0x33fadde0        0x0 common/libcommon.a(exports.o)
 .vfp11_veneer  0x33fadde0        0x0 common/libcommon.a(flash.o)
 .vfp11_veneer  0x33fadde0        0x0 common/libcommon.a(hush.o)
 .vfp11_veneer  0x33fadde0        0x0 common/libcommon.a(image.o)
 .vfp11_veneer  0x33fadde0        0x0 common/libcommon.a(main.o)
 .vfp11_veneer  0x33fadde0        0x0 common/libcommon.a(s_record.o)
 .vfp11_veneer  0x33fadde0        0x0 common/libcommon.a(stdio.o)
 .vfp11_veneer  0x33fadde0        0x0 common/libcommon.a(usb.o)
 .vfp11_veneer  0x33fadde0        0x0 common/libcommon.a(usb_storage.o)
 .vfp11_veneer  0x33fadde0        0x0 common/libcommon.a(xyzModem.o)
 .vfp11_veneer  0x33fadde0        0x0 board/tekkamanninja/mini2440/libmini2440.a(mini2440.o)
 .vfp11_veneer  0x33fadde0        0x0 board/tekkamanninja/mini2440/libmini2440.a(flash.o)
 .vfp11_veneer  0x33fadde0        0x0 lib_generic/libgeneric.a(crc16.o)
 .vfp11_veneer  0x33fadde0        0x0 lib_generic/libgeneric.a(crc32.o)
 .vfp11_veneer  0x33fadde0        0x0 lib_generic/libgeneric.a(ctype.o)
 .vfp11_veneer  0x33fadde0        0x0 lib_generic/libgeneric.a(display_options.o)
 .vfp11_veneer  0x33fadde0        0x0 lib_generic/libgeneric.a(gunzip.o)
 .vfp11_veneer  0x33fadde0        0x0 lib_generic/libgeneric.a(lmb.o)
 .vfp11_veneer  0x33fadde0        0x0 lib_generic/libgeneric.a(string.o)
 .vfp11_veneer  0x33fadde0        0x0 lib_generic/libgeneric.a(vsprintf.o)
 .vfp11_veneer  0x33fadde0        0x0 lib_generic/libgeneric.a(zlib.o)
 .vfp11_veneer  0x33fadde0        0x0 lib_generic/libgeneric.a(div64.o)
 .vfp11_veneer  0x33fadde0        0x0 cpu/arm920t/s3c24x0/libs3c24x0.a(interrupts.o)
 .vfp11_veneer  0x33fadde0        0x0 cpu/arm920t/s3c24x0/libs3c24x0.a(speed.o)
 .vfp11_veneer  0x33fadde0        0x0 cpu/arm920t/s3c24x0/libs3c24x0.a(timer.o)
 .vfp11_veneer  0x33fadde0        0x0 cpu/arm920t/s3c24x0/libs3c24x0.a(usb_ohci.o)
 .vfp11_veneer  0x33fadde0        0x0 cpu/arm920t/s3c24x0/libs3c24x0.a(mmc.o)
 .vfp11_veneer  0x33fadde0        0x0 lib_arm/libarm.a(bootm.o)
 .vfp11_veneer  0x33fadde0        0x0 lib_arm/libarm.a(cache.o)
 .vfp11_veneer  0x33fadde0        0x0 lib_arm/libarm.a(cache-cp15.o)
 .vfp11_veneer  0x33fadde0        0x0 lib_arm/libarm.a(reset.o)
 .vfp11_veneer  0x33fadde0        0x0 fs/fat/libfat.a(fat.o)
 .vfp11_veneer  0x33fadde0        0x0 fs/jffs2/libjffs2.a(jffs2_1pass.o)
 .vfp11_veneer  0x33fadde0        0x0 fs/jffs2/libjffs2.a(compr_rtime.o)
 .vfp11_veneer  0x33fadde0        0x0 fs/jffs2/libjffs2.a(compr_rubin.o)
 .vfp11_veneer  0x33fadde0        0x0 fs/jffs2/libjffs2.a(compr_zlib.o)
 .vfp11_veneer  0x33fadde0        0x0 fs/jffs2/libjffs2.a(mini_inflate.o)
 .vfp11_veneer  0x33fadde0        0x0 disk/libdisk.a(part.o)
 .vfp11_veneer  0x33fadde0        0x0 disk/libdisk.a(part_dos.o)
 .vfp11_veneer  0x33fadde0        0x0 drivers/mtd/nand/libnand.a(nand_util.o)
 .vfp11_veneer  0x33fadde0        0x0 drivers/net/libnet.a(dm9000x.o)
 .vfp11_veneer  0x33fadde0        0x0 drivers/rtc/librtc.a(date.o)
 .vfp11_veneer  0x33fadde0        0x0 drivers/rtc/librtc.a(s3c24x0_rtc.o)
 .vfp11_veneer  0x33fadde0        0x0 drivers/video/libvideo.a(cfb_console.o)
 .vfp11_veneer  0x33fadde0        0x0 drivers/video/libvideo.a(s3c2410_fb.o)
 .vfp11_veneer  0x33fadde0        0x0 drivers/video/libvideo.a(videomodes.o)
 .vfp11_veneer  0x33fadde0        0x0 cpu/arm920t/libarm920t.a(cpu.o)
 .vfp11_veneer  0x33fadde0        0x0 /home/bamboo/work/ok2440/u-boot_for_ok2440/lib_arm/eabi_compat.o
 .vfp11_veneer  0x33fadde0        0x0 /home/bamboo/work/ok2440/cross_tools/4.3.2/bin/../lib/gcc/arm-none-linux-gnueabi/4.3.2/armv4t/libgcc.a(_udivsi3.o)
 .vfp11_veneer  0x33fadde0        0x0 /home/bamboo/work/ok2440/cross_tools/4.3.2/bin/../lib/gcc/arm-none-linux-gnueabi/4.3.2/armv4t/libgcc.a(_divsi3.o)
 .vfp11_veneer  0x33fadde0        0x0 /home/bamboo/work/ok2440/cross_tools/4.3.2/bin/../lib/gcc/arm-none-linux-gnueabi/4.3.2/armv4t/libgcc.a(_lshrdi3.o)
 .vfp11_veneer  0x33fadde0        0x0 /home/bamboo/work/ok2440/cross_tools/4.3.2/bin/../lib/gcc/arm-none-linux-gnueabi/4.3.2/armv4t/libgcc.a(_ashrdi3.o)
 .vfp11_veneer  0x33fadde0        0x0 /home/bamboo/work/ok2440/cross_tools/4.3.2/bin/../lib/gcc/arm-none-linux-gnueabi/4.3.2/armv4t/libgcc.a(_ashldi3.o)
 .vfp11_veneer  0x33fadde0        0x0 /home/bamboo/work/ok2440/cross_tools/4.3.2/bin/../lib/gcc/arm-none-linux-gnueabi/4.3.2/armv4t/libgcc.a(_dvmd_lnx.o)

.janus_2cc_veneer
                0x33fadde0        0x0
 .janus_2cc_veneer
                0x33fadde0        0x0 cpu/arm920t/start.o
 .janus_2cc_veneer
                0x33fadde0        0x0 board/tekkamanninja/mini2440/lowlevel_init.o
 .janus_2cc_veneer
                0x33fadde0        0x0 board/tekkamanninja/mini2440/nand_read.o
 .janus_2cc_veneer
                0x33fadde0        0x0 lib_arm/libarm.a(board.o)
 .janus_2cc_veneer
                0x33fadde0        0x0 lib_arm/libarm.a(interrupts.o)
 .janus_2cc_veneer
                0x33fadde0        0x0 net/libnet.a(eth.o)
 .janus_2cc_veneer
                0x33fadde0        0x0 net/libnet.a(net.o)
 .janus_2cc_veneer
                0x33fadde0        0x0 net/libnet.a(nfs.o)
 .janus_2cc_veneer
                0x33fadde0        0x0 net/libnet.a(rarp.o)
 .janus_2cc_veneer
                0x33fadde0        0x0 net/libnet.a(tftp.o)
 .janus_2cc_veneer
                0x33fadde0        0x0 net/libnet.a(bootp.o)
 .janus_2cc_veneer
                0x33fadde0        0x0 drivers/i2c/libi2c.a(s3c24x0_i2c.o)
 .janus_2cc_veneer
                0x33fadde0        0x0 drivers/mtd/nand/libnand.a(nand.o)
 .janus_2cc_veneer
                0x33fadde0        0x0 drivers/mtd/nand/libnand.a(nand_base.o)
 .janus_2cc_veneer
                0x33fadde0        0x0 drivers/mtd/nand/libnand.a(nand_bbt.o)
 .janus_2cc_veneer
                0x33fadde0        0x0 drivers/mtd/nand/libnand.a(nand_ecc.o)
 .janus_2cc_veneer
                0x33fadde0        0x0 drivers/mtd/nand/libnand.a(nand_ids.o)
 .janus_2cc_veneer
                0x33fadde0        0x0 drivers/mtd/nand/libnand.a(s3c2410_nand.o)
 .janus_2cc_veneer
                0x33fadde0        0x0 drivers/serial/libserial.a(serial_s3c24x0.o)
 .janus_2cc_veneer
                0x33fadde0        0x0 drivers/usb/slave/libusb_slave.a(usbinit.o)
 .janus_2cc_veneer
                0x33fadde0        0x0 drivers/usb/slave/libusb_slave.a(interrupt.o)
 .janus_2cc_veneer
                0x33fadde0        0x0 drivers/usb/slave/libusb_slave.a(usblib.o)
 .janus_2cc_veneer
                0x33fadde0        0x0 drivers/usb/slave/libusb_slave.a(usbmain.o)
 .janus_2cc_veneer
                0x33fadde0        0x0 drivers/usb/slave/libusb_slave.a(usbout.o)
 .janus_2cc_veneer
                0x33fadde0        0x0 drivers/usb/slave/libusb_slave.a(usbsetup.o)
 .janus_2cc_veneer
                0x33fadde0        0x0 drivers/usb/slave/libusb_slave.a(usbin.o)
 .janus_2cc_veneer
                0x33fadde0        0x0 common/libcommon.a(cmd_bdinfo.o)
 .janus_2cc_veneer
                0x33fadde0        0x0 common/libcommon.a(cmd_bmp.o)
 .janus_2cc_veneer
                0x33fadde0        0x0 common/libcommon.a(cmd_boot.o)
 .janus_2cc_veneer
                0x33fadde0        0x0 common/libcommon.a(cmd_bootm.o)
 .janus_2cc_veneer
                0x33fadde0        0x0 common/libcommon.a(cmd_cache.o)
 .janus_2cc_veneer
                0x33fadde0        0x0 common/libcommon.a(cmd_console.o)
 .janus_2cc_veneer
                0x33fadde0        0x0 common/libcommon.a(cmd_date.o)
 .janus_2cc_veneer
                0x33fadde0        0x0 common/libcommon.a(cmd_eeprom.o)
 .janus_2cc_veneer
                0x33fadde0        0x0 common/libcommon.a(cmd_elf.o)
 .janus_2cc_veneer
                0x33fadde0        0x0 common/libcommon.a(cmd_fat.o)
 .janus_2cc_veneer
                0x33fadde0        0x0 common/libcommon.a(cmd_flash.o)
 .janus_2cc_veneer
                0x33fadde0        0x0 common/libcommon.a(cmd_i2c.o)
 .janus_2cc_veneer
                0x33fadde0        0x0 common/libcommon.a(cmd_itest.o)
 .janus_2cc_veneer
                0x33fadde0        0x0 common/libcommon.a(cmd_jffs2.o)
 .janus_2cc_veneer
                0x33fadde0        0x0 common/libcommon.a(cmd_load.o)
 .janus_2cc_veneer
                0x33fadde0        0x0 common/libcommon.a(cmd_mem.o)
 .janus_2cc_veneer
                0x33fadde0        0x0 common/libcommon.a(cmd_misc.o)
 .janus_2cc_veneer
                0x33fadde0        0x0 common/libcommon.a(cmd_mmc.o)
 .janus_2cc_veneer
                0x33fadde0        0x0 common/libcommon.a(cmd_nand.o)
 .janus_2cc_veneer
                0x33fadde0        0x0 common/libcommon.a(cmd_net.o)
 .janus_2cc_veneer
                0x33fadde0        0x0 common/libcommon.a(cmd_nvedit.o)
 .janus_2cc_veneer
                0x33fadde0        0x0 common/libcommon.a(cmd_reginfo.o)
 .janus_2cc_veneer
                0x33fadde0        0x0 common/libcommon.a(cmd_source.o)
 .janus_2cc_veneer
                0x33fadde0        0x0 common/libcommon.a(cmd_usb.o)
 .janus_2cc_veneer
                0x33fadde0        0x0 common/libcommon.a(cmd_usbslave.o)
 .janus_2cc_veneer
                0x33fadde0        0x0 common/libcommon.a(cmd_ximg.o)
 .janus_2cc_veneer
                0x33fadde0        0x0 common/libcommon.a(command.o)
 .janus_2cc_veneer
                0x33fadde0        0x0 common/libcommon.a(console.o)
 .janus_2cc_veneer
                0x33fadde0        0x0 common/libcommon.a(dlmalloc.o)
 .janus_2cc_veneer
                0x33fadde0        0x0 common/libcommon.a(env_common.o)
 .janus_2cc_veneer
                0x33fadde0        0x0 common/libcommon.a(env_nand.o)
 .janus_2cc_veneer
                0x33fadde0        0x0 common/libcommon.a(exports.o)
 .janus_2cc_veneer
                0x33fadde0        0x0 common/libcommon.a(flash.o)
 .janus_2cc_veneer
                0x33fadde0        0x0 common/libcommon.a(hush.o)
 .janus_2cc_veneer
                0x33fadde0        0x0 common/libcommon.a(image.o)
 .janus_2cc_veneer
                0x33fadde0        0x0 common/libcommon.a(main.o)
 .janus_2cc_veneer
                0x33fadde0        0x0 common/libcommon.a(s_record.o)
 .janus_2cc_veneer
                0x33fadde0        0x0 common/libcommon.a(stdio.o)
 .janus_2cc_veneer
                0x33fadde0        0x0 common/libcommon.a(usb.o)
 .janus_2cc_veneer
                0x33fadde0        0x0 common/libcommon.a(usb_storage.o)
 .janus_2cc_veneer
                0x33fadde0        0x0 common/libcommon.a(xyzModem.o)
 .janus_2cc_veneer
                0x33fadde0        0x0 board/tekkamanninja/mini2440/libmini2440.a(mini2440.o)
 .janus_2cc_veneer
                0x33fadde0        0x0 board/tekkamanninja/mini2440/libmini2440.a(flash.o)
 .janus_2cc_veneer
                0x33fadde0        0x0 lib_generic/libgeneric.a(crc16.o)
 .janus_2cc_veneer
                0x33fadde0        0x0 lib_generic/libgeneric.a(crc32.o)
 .janus_2cc_veneer
                0x33fadde0        0x0 lib_generic/libgeneric.a(ctype.o)
 .janus_2cc_veneer
                0x33fadde0        0x0 lib_generic/libgeneric.a(display_options.o)
 .janus_2cc_veneer
                0x33fadde0        0x0 lib_generic/libgeneric.a(gunzip.o)
 .janus_2cc_veneer
                0x33fadde0        0x0 lib_generic/libgeneric.a(lmb.o)
 .janus_2cc_veneer
                0x33fadde0        0x0 lib_generic/libgeneric.a(string.o)
 .janus_2cc_veneer
                0x33fadde0        0x0 lib_generic/libgeneric.a(vsprintf.o)
 .janus_2cc_veneer
                0x33fadde0        0x0 lib_generic/libgeneric.a(zlib.o)
 .janus_2cc_veneer
                0x33fadde0        0x0 lib_generic/libgeneric.a(div64.o)
 .janus_2cc_veneer
                0x33fadde0        0x0 cpu/arm920t/s3c24x0/libs3c24x0.a(interrupts.o)
 .janus_2cc_veneer
                0x33fadde0        0x0 cpu/arm920t/s3c24x0/libs3c24x0.a(speed.o)
 .janus_2cc_veneer
                0x33fadde0        0x0 cpu/arm920t/s3c24x0/libs3c24x0.a(timer.o)
 .janus_2cc_veneer
                0x33fadde0        0x0 cpu/arm920t/s3c24x0/libs3c24x0.a(usb_ohci.o)
 .janus_2cc_veneer
                0x33fadde0        0x0 cpu/arm920t/s3c24x0/libs3c24x0.a(mmc.o)
 .janus_2cc_veneer
                0x33fadde0        0x0 lib_arm/libarm.a(bootm.o)
 .janus_2cc_veneer
                0x33fadde0        0x0 lib_arm/libarm.a(cache.o)
 .janus_2cc_veneer
                0x33fadde0        0x0 lib_arm/libarm.a(cache-cp15.o)
 .janus_2cc_veneer
                0x33fadde0        0x0 lib_arm/libarm.a(reset.o)
 .janus_2cc_veneer
                0x33fadde0        0x0 fs/fat/libfat.a(fat.o)
 .janus_2cc_veneer
                0x33fadde0        0x0 fs/jffs2/libjffs2.a(jffs2_1pass.o)
 .janus_2cc_veneer
                0x33fadde0        0x0 fs/jffs2/libjffs2.a(compr_rtime.o)
 .janus_2cc_veneer
                0x33fadde0        0x0 fs/jffs2/libjffs2.a(compr_rubin.o)
 .janus_2cc_veneer
                0x33fadde0        0x0 fs/jffs2/libjffs2.a(compr_zlib.o)
 .janus_2cc_veneer
                0x33fadde0        0x0 fs/jffs2/libjffs2.a(mini_inflate.o)
 .janus_2cc_veneer
                0x33fadde0        0x0 disk/libdisk.a(part.o)
 .janus_2cc_veneer
                0x33fadde0        0x0 disk/libdisk.a(part_dos.o)
 .janus_2cc_veneer
                0x33fadde0        0x0 drivers/mtd/nand/libnand.a(nand_util.o)
 .janus_2cc_veneer
                0x33fadde0        0x0 drivers/net/libnet.a(dm9000x.o)
 .janus_2cc_veneer
                0x33fadde0        0x0 drivers/rtc/librtc.a(date.o)
 .janus_2cc_veneer
                0x33fadde0        0x0 drivers/rtc/librtc.a(s3c24x0_rtc.o)
 .janus_2cc_veneer
                0x33fadde0        0x0 drivers/video/libvideo.a(cfb_console.o)
 .janus_2cc_veneer
                0x33fadde0        0x0 drivers/video/libvideo.a(s3c2410_fb.o)
 .janus_2cc_veneer
                0x33fadde0        0x0 drivers/video/libvideo.a(videomodes.o)
 .janus_2cc_veneer
                0x33fadde0        0x0 cpu/arm920t/libarm920t.a(cpu.o)
 .janus_2cc_veneer
                0x33fadde0        0x0 /home/bamboo/work/ok2440/u-boot_for_ok2440/lib_arm/eabi_compat.o
 .janus_2cc_veneer
                0x33fadde0        0x0 /home/bamboo/work/ok2440/cross_tools/4.3.2/bin/../lib/gcc/arm-none-linux-gnueabi/4.3.2/armv4t/libgcc.a(_udivsi3.o)
 .janus_2cc_veneer
                0x33fadde0        0x0 /home/bamboo/work/ok2440/cross_tools/4.3.2/bin/../lib/gcc/arm-none-linux-gnueabi/4.3.2/armv4t/libgcc.a(_divsi3.o)
 .janus_2cc_veneer
                0x33fadde0        0x0 /home/bamboo/work/ok2440/cross_tools/4.3.2/bin/../lib/gcc/arm-none-linux-gnueabi/4.3.2/armv4t/libgcc.a(_lshrdi3.o)
 .janus_2cc_veneer
                0x33fadde0        0x0 /home/bamboo/work/ok2440/cross_tools/4.3.2/bin/../lib/gcc/arm-none-linux-gnueabi/4.3.2/armv4t/libgcc.a(_ashrdi3.o)
 .janus_2cc_veneer
                0x33fadde0        0x0 /home/bamboo/work/ok2440/cross_tools/4.3.2/bin/../lib/gcc/arm-none-linux-gnueabi/4.3.2/armv4t/libgcc.a(_ashldi3.o)
 .janus_2cc_veneer
                0x33fadde0        0x0 /home/bamboo/work/ok2440/cross_tools/4.3.2/bin/../lib/gcc/arm-none-linux-gnueabi/4.3.2/armv4t/libgcc.a(_dvmd_lnx.o)

.v4_bx          0x33fadde0        0x0
 .v4_bx         0x33fadde0        0x0 cpu/arm920t/start.o
 .v4_bx         0x33fadde0        0x0 board/tekkamanninja/mini2440/lowlevel_init.o
 .v4_bx         0x33fadde0        0x0 board/tekkamanninja/mini2440/nand_read.o
 .v4_bx         0x33fadde0        0x0 lib_arm/libarm.a(board.o)
 .v4_bx         0x33fadde0        0x0 lib_arm/libarm.a(interrupts.o)
 .v4_bx         0x33fadde0        0x0 net/libnet.a(eth.o)
 .v4_bx         0x33fadde0        0x0 net/libnet.a(net.o)
 .v4_bx         0x33fadde0        0x0 net/libnet.a(nfs.o)
 .v4_bx         0x33fadde0        0x0 net/libnet.a(rarp.o)
 .v4_bx         0x33fadde0        0x0 net/libnet.a(tftp.o)
 .v4_bx         0x33fadde0        0x0 net/libnet.a(bootp.o)
 .v4_bx         0x33fadde0        0x0 drivers/i2c/libi2c.a(s3c24x0_i2c.o)
 .v4_bx         0x33fadde0        0x0 drivers/mtd/nand/libnand.a(nand.o)
 .v4_bx         0x33fadde0        0x0 drivers/mtd/nand/libnand.a(nand_base.o)
 .v4_bx         0x33fadde0        0x0 drivers/mtd/nand/libnand.a(nand_bbt.o)
 .v4_bx         0x33fadde0        0x0 drivers/mtd/nand/libnand.a(nand_ecc.o)
 .v4_bx         0x33fadde0        0x0 drivers/mtd/nand/libnand.a(nand_ids.o)
 .v4_bx         0x33fadde0        0x0 drivers/mtd/nand/libnand.a(s3c2410_nand.o)
 .v4_bx         0x33fadde0        0x0 drivers/serial/libserial.a(serial_s3c24x0.o)
 .v4_bx         0x33fadde0        0x0 drivers/usb/slave/libusb_slave.a(usbinit.o)
 .v4_bx         0x33fadde0        0x0 drivers/usb/slave/libusb_slave.a(interrupt.o)
 .v4_bx         0x33fadde0        0x0 drivers/usb/slave/libusb_slave.a(usblib.o)
 .v4_bx         0x33fadde0        0x0 drivers/usb/slave/libusb_slave.a(usbmain.o)
 .v4_bx         0x33fadde0        0x0 drivers/usb/slave/libusb_slave.a(usbout.o)
 .v4_bx         0x33fadde0        0x0 drivers/usb/slave/libusb_slave.a(usbsetup.o)
 .v4_bx         0x33fadde0        0x0 drivers/usb/slave/libusb_slave.a(usbin.o)
 .v4_bx         0x33fadde0        0x0 common/libcommon.a(cmd_bdinfo.o)
 .v4_bx         0x33fadde0        0x0 common/libcommon.a(cmd_bmp.o)
 .v4_bx         0x33fadde0        0x0 common/libcommon.a(cmd_boot.o)
 .v4_bx         0x33fadde0        0x0 common/libcommon.a(cmd_bootm.o)
 .v4_bx         0x33fadde0        0x0 common/libcommon.a(cmd_cache.o)
 .v4_bx         0x33fadde0        0x0 common/libcommon.a(cmd_console.o)
 .v4_bx         0x33fadde0        0x0 common/libcommon.a(cmd_date.o)
 .v4_bx         0x33fadde0        0x0 common/libcommon.a(cmd_eeprom.o)
 .v4_bx         0x33fadde0        0x0 common/libcommon.a(cmd_elf.o)
 .v4_bx         0x33fadde0        0x0 common/libcommon.a(cmd_fat.o)
 .v4_bx         0x33fadde0        0x0 common/libcommon.a(cmd_flash.o)
 .v4_bx         0x33fadde0        0x0 common/libcommon.a(cmd_i2c.o)
 .v4_bx         0x33fadde0        0x0 common/libcommon.a(cmd_itest.o)
 .v4_bx         0x33fadde0        0x0 common/libcommon.a(cmd_jffs2.o)
 .v4_bx         0x33fadde0        0x0 common/libcommon.a(cmd_load.o)
 .v4_bx         0x33fadde0        0x0 common/libcommon.a(cmd_mem.o)
 .v4_bx         0x33fadde0        0x0 common/libcommon.a(cmd_misc.o)
 .v4_bx         0x33fadde0        0x0 common/libcommon.a(cmd_mmc.o)
 .v4_bx         0x33fadde0        0x0 common/libcommon.a(cmd_nand.o)
 .v4_bx         0x33fadde0        0x0 common/libcommon.a(cmd_net.o)
 .v4_bx         0x33fadde0        0x0 common/libcommon.a(cmd_nvedit.o)
 .v4_bx         0x33fadde0        0x0 common/libcommon.a(cmd_reginfo.o)
 .v4_bx         0x33fadde0        0x0 common/libcommon.a(cmd_source.o)
 .v4_bx         0x33fadde0        0x0 common/libcommon.a(cmd_usb.o)
 .v4_bx         0x33fadde0        0x0 common/libcommon.a(cmd_usbslave.o)
 .v4_bx         0x33fadde0        0x0 common/libcommon.a(cmd_ximg.o)
 .v4_bx         0x33fadde0        0x0 common/libcommon.a(command.o)
 .v4_bx         0x33fadde0        0x0 common/libcommon.a(console.o)
 .v4_bx         0x33fadde0        0x0 common/libcommon.a(dlmalloc.o)
 .v4_bx         0x33fadde0        0x0 common/libcommon.a(env_common.o)
 .v4_bx         0x33fadde0        0x0 common/libcommon.a(env_nand.o)
 .v4_bx         0x33fadde0        0x0 common/libcommon.a(exports.o)
 .v4_bx         0x33fadde0        0x0 common/libcommon.a(flash.o)
 .v4_bx         0x33fadde0        0x0 common/libcommon.a(hush.o)
 .v4_bx         0x33fadde0        0x0 common/libcommon.a(image.o)
 .v4_bx         0x33fadde0        0x0 common/libcommon.a(main.o)
 .v4_bx         0x33fadde0        0x0 common/libcommon.a(s_record.o)
 .v4_bx         0x33fadde0        0x0 common/libcommon.a(stdio.o)
 .v4_bx         0x33fadde0        0x0 common/libcommon.a(usb.o)
 .v4_bx         0x33fadde0        0x0 common/libcommon.a(usb_storage.o)
 .v4_bx         0x33fadde0        0x0 common/libcommon.a(xyzModem.o)
 .v4_bx         0x33fadde0        0x0 board/tekkamanninja/mini2440/libmini2440.a(mini2440.o)
 .v4_bx         0x33fadde0        0x0 board/tekkamanninja/mini2440/libmini2440.a(flash.o)
 .v4_bx         0x33fadde0        0x0 lib_generic/libgeneric.a(crc16.o)
 .v4_bx         0x33fadde0        0x0 lib_generic/libgeneric.a(crc32.o)
 .v4_bx         0x33fadde0        0x0 lib_generic/libgeneric.a(ctype.o)
 .v4_bx         0x33fadde0        0x0 lib_generic/libgeneric.a(display_options.o)
 .v4_bx         0x33fadde0        0x0 lib_generic/libgeneric.a(gunzip.o)
 .v4_bx         0x33fadde0        0x0 lib_generic/libgeneric.a(lmb.o)
 .v4_bx         0x33fadde0        0x0 lib_generic/libgeneric.a(string.o)
 .v4_bx         0x33fadde0        0x0 lib_generic/libgeneric.a(vsprintf.o)
 .v4_bx         0x33fadde0        0x0 lib_generic/libgeneric.a(zlib.o)
 .v4_bx         0x33fadde0        0x0 lib_generic/libgeneric.a(div64.o)
 .v4_bx         0x33fadde0        0x0 cpu/arm920t/s3c24x0/libs3c24x0.a(interrupts.o)
 .v4_bx         0x33fadde0        0x0 cpu/arm920t/s3c24x0/libs3c24x0.a(speed.o)
 .v4_bx         0x33fadde0        0x0 cpu/arm920t/s3c24x0/libs3c24x0.a(timer.o)
 .v4_bx         0x33fadde0        0x0 cpu/arm920t/s3c24x0/libs3c24x0.a(usb_ohci.o)
 .v4_bx         0x33fadde0        0x0 cpu/arm920t/s3c24x0/libs3c24x0.a(mmc.o)
 .v4_bx         0x33fadde0        0x0 lib_arm/libarm.a(bootm.o)
 .v4_bx         0x33fadde0        0x0 lib_arm/libarm.a(cache.o)
 .v4_bx         0x33fadde0        0x0 lib_arm/libarm.a(cache-cp15.o)
 .v4_bx         0x33fadde0        0x0 lib_arm/libarm.a(reset.o)
 .v4_bx         0x33fadde0        0x0 fs/fat/libfat.a(fat.o)
 .v4_bx         0x33fadde0        0x0 fs/jffs2/libjffs2.a(jffs2_1pass.o)
 .v4_bx         0x33fadde0        0x0 fs/jffs2/libjffs2.a(compr_rtime.o)
 .v4_bx         0x33fadde0        0x0 fs/jffs2/libjffs2.a(compr_rubin.o)
 .v4_bx         0x33fadde0        0x0 fs/jffs2/libjffs2.a(compr_zlib.o)
 .v4_bx         0x33fadde0        0x0 fs/jffs2/libjffs2.a(mini_inflate.o)
 .v4_bx         0x33fadde0        0x0 disk/libdisk.a(part.o)
 .v4_bx         0x33fadde0        0x0 disk/libdisk.a(part_dos.o)
 .v4_bx         0x33fadde0        0x0 drivers/mtd/nand/libnand.a(nand_util.o)
 .v4_bx         0x33fadde0        0x0 drivers/net/libnet.a(dm9000x.o)
 .v4_bx         0x33fadde0        0x0 drivers/rtc/librtc.a(date.o)
 .v4_bx         0x33fadde0        0x0 drivers/rtc/librtc.a(s3c24x0_rtc.o)
 .v4_bx         0x33fadde0        0x0 drivers/video/libvideo.a(cfb_console.o)
 .v4_bx         0x33fadde0        0x0 drivers/video/libvideo.a(s3c2410_fb.o)
 .v4_bx         0x33fadde0        0x0 drivers/video/libvideo.a(videomodes.o)
 .v4_bx         0x33fadde0        0x0 cpu/arm920t/libarm920t.a(cpu.o)
 .v4_bx         0x33fadde0        0x0 /home/bamboo/work/ok2440/u-boot_for_ok2440/lib_arm/eabi_compat.o
 .v4_bx         0x33fadde0        0x0 /home/bamboo/work/ok2440/cross_tools/4.3.2/bin/../lib/gcc/arm-none-linux-gnueabi/4.3.2/armv4t/libgcc.a(_udivsi3.o)
 .v4_bx         0x33fadde0        0x0 /home/bamboo/work/ok2440/cross_tools/4.3.2/bin/../lib/gcc/arm-none-linux-gnueabi/4.3.2/armv4t/libgcc.a(_divsi3.o)
 .v4_bx         0x33fadde0        0x0 /home/bamboo/work/ok2440/cross_tools/4.3.2/bin/../lib/gcc/arm-none-linux-gnueabi/4.3.2/armv4t/libgcc.a(_lshrdi3.o)
 .v4_bx         0x33fadde0        0x0 /home/bamboo/work/ok2440/cross_tools/4.3.2/bin/../lib/gcc/arm-none-linux-gnueabi/4.3.2/armv4t/libgcc.a(_ashrdi3.o)
 .v4_bx         0x33fadde0        0x0 /home/bamboo/work/ok2440/cross_tools/4.3.2/bin/../lib/gcc/arm-none-linux-gnueabi/4.3.2/armv4t/libgcc.a(_ashldi3.o)
 .v4_bx         0x33fadde0        0x0 /home/bamboo/work/ok2440/cross_tools/4.3.2/bin/../lib/gcc/arm-none-linux-gnueabi/4.3.2/armv4t/libgcc.a(_dvmd_lnx.o)
                0x33fadde0                . = ALIGN (0x4)

.rodata         0x33fadde0     0x9d7e
 *(SORT(.rodata*))
 .rodata        0x33fadde0       0x80 lib_arm/libarm.a(interrupts.o)
 .rodata        0x33fade60       0x4c common/libcommon.a(cmd_bootm.o)
 .rodata        0x33fadeac       0x14 common/libcommon.a(cmd_nvedit.o)
 .rodata        0x33fadec0      0x400 lib_generic/libgeneric.a(crc32.o)
 .rodata        0x33fae2c0      0x9cc lib_generic/libgeneric.a(zlib.o)
                0x33faec64                z_errmsg
 .rodata        0x33faec8c       0x40 cpu/arm920t/s3c24x0/libs3c24x0.a(usb_ohci.o)
 .rodata        0x33faeccc       0xc4 fs/jffs2/libjffs2.a(jffs2_1pass.o)
 .rodata        0x33faed90       0x18 disk/libdisk.a(part.o)
 .rodata        0x33faeda8       0x30 drivers/rtc/librtc.a(date.o)
 .rodata        0x33faedd8      0x220 drivers/video/libvideo.a(cfb_console.o)
 .rodata        0x33faeff8      0x224 drivers/video/libvideo.a(videomodes.o)
                0x33faeff8                res_mode_init
                0x33faf12c                vesa_modes
 .rodata        0x33faf21c      0x200 lib_generic/libgeneric.a(crc16.o)
 .rodata        0x33faf41c       0x30 lib_arm/libarm.a(board.o)
                0x33faf41c                version_string
 .rodata        0x33faf44c        0x7 net/libnet.a(eth.o)
 .rodata        0x33faf453        0x7 net/libnet.a(net.o)
 .rodata        0x33faf45a        0x5 drivers/mtd/nand/libnand.a(nand.o)
 .rodata        0x33faf45f       0x56 drivers/mtd/nand/libnand.a(nand_base.o)
 .rodata        0x33faf4b5      0x100 drivers/mtd/nand/libnand.a(nand_ecc.o)
 .rodata        0x33faf5b5       0x46 drivers/usb/slave/libusb_slave.a(usbsetup.o)
 .rodata        0x33faf5fb       0x1d common/libcommon.a(cmd_jffs2.o)
 .rodata        0x33faf618       0x21 lib_generic/libgeneric.a(vsprintf.o)
                0x33faf618                hex_asc
 .rodata        0x33faf639       0x13 fs/jffs2/libjffs2.a(mini_inflate.o)
 .rodata.str1.1
                0x33faf64c      0x117 lib_arm/libarm.a(board.o)
                                0x11d (size before relaxing)
 .rodata.str1.1
                0x33faf763      0x264 lib_arm/libarm.a(interrupts.o)
                                0x268 (size before relaxing)
 .rodata.str1.1
                0x33faf9c7       0xad net/libnet.a(eth.o)
                                 0xc7 (size before relaxing)
 .rodata.str1.1
                0x33fafa74      0x20c net/libnet.a(net.o)
                                0x217 (size before relaxing)
 .rodata.str1.1
                0x33fafc80      0x193 net/libnet.a(nfs.o)
                                0x1a9 (size before relaxing)
 .rodata.str1.1
                0x33fafe13       0x20 net/libnet.a(rarp.o)
                                 0x47 (size before relaxing)
 .rodata.str1.1
                0x33fafe33      0x117 net/libnet.a(tftp.o)
                                0x1f6 (size before relaxing)
 .rodata.str1.1
                0x33faff4a      0x100 net/libnet.a(bootp.o)
                                0x13d (size before relaxing)
 .rodata.str1.1
                0x33fb004a       0x78 drivers/i2c/libi2c.a(s3c24x0_i2c.o)
 .rodata.str1.1
                0x33fb00c2        0x8 drivers/mtd/nand/libnand.a(nand.o)
 .rodata.str1.1
                0x33fb00ca      0x2e3 drivers/mtd/nand/libnand.a(nand_base.o)
 .rodata.str1.1
                0x33fb03ad      0x300 drivers/mtd/nand/libnand.a(nand_bbt.o)
 .rodata.str1.1
                0x33fb06ad      0x31f drivers/mtd/nand/libnand.a(nand_ids.o)
                                0x335 (size before relaxing)
 .rodata.str1.1
                0x33fb09cc      0x14d drivers/usb/slave/libusb_slave.a(usbinit.o)
 .rodata.str1.1
                0x33fb0b19       0x36 drivers/usb/slave/libusb_slave.a(interrupt.o)
 .rodata.str1.1
                0x33fb0b4f       0x17 drivers/usb/slave/libusb_slave.a(usbout.o)
 .rodata.str1.1
                0x33fb0b66      0x102 drivers/usb/slave/libusb_slave.a(usbsetup.o)
                                0x10c (size before relaxing)
 .rodata.str1.1
                0x33fb0c68       0xaa common/libcommon.a(cmd_bdinfo.o)
                                 0xb3 (size before relaxing)
 .rodata.str1.1
                0x33fb0d12      0x177 common/libcommon.a(cmd_bmp.o)
                                0x184 (size before relaxing)
 .rodata.str1.1
                0x33fb0e89       0xef common/libcommon.a(cmd_boot.o)
                                 0xf0 (size before relaxing)
 .rodata.str1.1
                0x33fb0f78      0x86b common/libcommon.a(cmd_bootm.o)
                                0x8c8 (size before relaxing)
 .rodata.str1.1
                0x33fb17e3       0xd9 common/libcommon.a(cmd_cache.o)
                                0x107 (size before relaxing)
 .rodata.str1.1
                0x33fb18bc       0x5c common/libcommon.a(cmd_console.o)
                                 0x61 (size before relaxing)
 .rodata.str1.1
                0x33fb1918      0x175 common/libcommon.a(cmd_date.o)
                                0x17b (size before relaxing)
 .rodata.str1.1
                0x33fb1a8d       0xc1 common/libcommon.a(cmd_eeprom.o)
                                 0xc7 (size before relaxing)
 .rodata.str1.1
                0x33fb1b4e      0x278 common/libcommon.a(cmd_elf.o)
                                0x29a (size before relaxing)
 .rodata.str1.1
                0x33fb1dc6      0x396 common/libcommon.a(cmd_fat.o)
                                0x3a5 (size before relaxing)
 .rodata.str1.1
                0x33fb215c      0x723 common/libcommon.a(cmd_flash.o)
                                0x730 (size before relaxing)
 .rodata.str1.1
                0x33fb287f      0x357 common/libcommon.a(cmd_i2c.o)
                                0x387 (size before relaxing)
 .rodata.str1.1
                0x33fb2bd6       0xb3 common/libcommon.a(cmd_itest.o)
                                 0xb5 (size before relaxing)
 .rodata.str1.1
                0x33fb2c89      0x2bd common/libcommon.a(cmd_jffs2.o)
                                0x325 (size before relaxing)
 .rodata.str1.1
                0x33fb2f46      0x3ae common/libcommon.a(cmd_load.o)
                                0x3c8 (size before relaxing)
 .rodata.str1.1
                0x33fb32f4      0x4f2 common/libcommon.a(cmd_mem.o)
                                0x528 (size before relaxing)
 .rodata.str1.1
                0x33fb37e6       0x5f common/libcommon.a(cmd_misc.o)
 .rodata.str1.1
                0x33fb3845       0xc0 common/libcommon.a(cmd_mmc.o)
                                 0xc7 (size before relaxing)
 .rodata.str1.1
                0x33fb3905      0x821 common/libcommon.a(cmd_nand.o)
                                0x880 (size before relaxing)
 .rodata.str1.1
                0x33fb4126      0x1e1 common/libcommon.a(cmd_net.o)
                                0x223 (size before relaxing)
 .rodata.str1.1
                0x33fb4307      0x4db common/libcommon.a(cmd_nvedit.o)
                                0x541 (size before relaxing)
 .rodata.str1.1
                0x33fb47e2       0x23 common/libcommon.a(cmd_reginfo.o)
                                 0x24 (size before relaxing)
 .rodata.str1.1
                0x33fb4805      0x101 common/libcommon.a(cmd_source.o)
                                0x108 (size before relaxing)
 .rodata.str1.1
                0x33fb4906      0x791 common/libcommon.a(cmd_usb.o)
                                0x8c9 (size before relaxing)
 .rodata.str1.1
                0x33fb5097       0xa8 common/libcommon.a(cmd_usbslave.o)
                                 0xb4 (size before relaxing)
 .rodata.str1.1
                0x33fb513f      0x10e common/libcommon.a(cmd_ximg.o)
                                0x19c (size before relaxing)
 .rodata.str1.1
                0x33fb524d      0x29f common/libcommon.a(command.o)
                                0x2fe (size before relaxing)
 .rodata.str1.1
                0x33fb54ec       0x77 common/libcommon.a(console.o)